c:/Users/TChyn/Downloads/SDK_25_06_00_EVK-MIMX8MP/CMSIS/Core/Include/core_cm7.h:2013:22:__NVIC_EnableIRQ	16	static
c:/Users/TChyn/Downloads/SDK_25_06_00_EVK-MIMX8MP/devices/MIMX8ML8/drivers/fsl_common_arm.h:672:24:EnableIRQ	24	static
c:/Users/TChyn/Downloads/SDK_25_06_00_EVK-MIMX8MP/devices/MIMX8ML8/drivers/fsl_gpt.h:304:20:GPT_StartTimer	16	static
c:/Users/TChyn/Downloads/SDK_25_06_00_EVK-MIMX8MP/devices/MIMX8ML8/drivers/fsl_gpt.h:349:20:GPT_SetInputOperationMode	16	static
c:/Users/TChyn/Downloads/SDK_25_06_00_EVK-MIMX8MP/devices/MIMX8ML8/drivers/fsl_gpt.h:381:24:GPT_GetInputCaptureValue	16	static
c:/Users/TChyn/Downloads/SDK_25_06_00_EVK-MIMX8MP/devices/MIMX8ML8/drivers/fsl_gpt.h:476:20:GPT_EnableInterrupts	16	static
c:/Users/TChyn/Downloads/SDK_25_06_00_EVK-MIMX8MP/devices/MIMX8ML8/drivers/fsl_gpt.h:530:20:GPT_ClearStatusFlags	16	static
C:/Users/TChyn/Desktop/Chyn/firmware-and-dts/M7/gpt_capture2/gpt_capture.c:31:6:GPT1_IRQHandler	8	static
C:/Users/TChyn/Desktop/Chyn/firmware-and-dts/M7/gpt_capture2/gpt_capture.c:45:5:main	32	static
