c:/Users/TChyn/Downloads/SDK_25_06_00_MIMX8ML8xxxKZ/devices/MIMX8ML8/utilities/debug_console_lite/fsl_debug_console.c:298:16:DbgConsole_ConvertRadixNumToString.isra	16	static
c:/Users/TChyn/Downloads/SDK_25_06_00_MIMX8ML8xxxKZ/devices/MIMX8ML8/utilities/debug_console_lite/fsl_debug_console.c:73:10:DbgConsole_Init	40	static
c:/Users/TChyn/Downloads/SDK_25_06_00_MIMX8ML8xxxKZ/devices/MIMX8ML8/utilities/debug_console_lite/fsl_debug_console.c:108:10:DbgConsole_Deinit	8	static
c:/Users/TChyn/Downloads/SDK_25_06_00_MIMX8ML8xxxKZ/devices/MIMX8ML8/utilities/debug_console_lite/fsl_debug_console.c:122:10:DbgConsole_EnterLowpower	8	static
c:/Users/TChyn/Downloads/SDK_25_06_00_MIMX8ML8xxxKZ/devices/MIMX8ML8/utilities/debug_console_lite/fsl_debug_console.c:133:10:DbgConsole_ExitLowpower	8	static
c:/Users/TChyn/Downloads/SDK_25_06_00_MIMX8ML8xxxKZ/devices/MIMX8ML8/utilities/debug_console_lite/fsl_debug_console.c:176:5:DbgConsole_Putchar	16	static
c:/Users/TChyn/Downloads/SDK_25_06_00_MIMX8ML8xxxKZ/devices/MIMX8ML8/utilities/debug_console_lite/fsl_debug_console.c:160:5:DbgConsole_Vprintf	96	static
c:/Users/TChyn/Downloads/SDK_25_06_00_MIMX8ML8xxxKZ/devices/MIMX8ML8/utilities/debug_console_lite/fsl_debug_console.c:147:5:DbgConsole_Printf	16	static
c:/Users/TChyn/Downloads/SDK_25_06_00_MIMX8ML8xxxKZ/devices/MIMX8ML8/utilities/debug_console_lite/fsl_debug_console.c:248:5:DbgConsole_Getchar	16	static
c:/Users/TChyn/Downloads/SDK_25_06_00_MIMX8ML8xxxKZ/devices/MIMX8ML8/utilities/debug_console_lite/fsl_debug_console.c:189:5:DbgConsole_Scanf	40	static
