Archive member included to satisfy reference by file (symbol)

C:/NXP/MCUXpressoIDE_24.12.148/ide/tools/bin/../lib/gcc/arm-none-eabi/13.2.1/thumb/v7e-m+dp/hard\libgcc.a(_aeabi_uldivmod.o)
                              CMakeFiles/sdma_scatter_gather_cm7.elf.dir/c_/Users/TChyn/Downloads/SDK_25_06_00_EVK-MIMX8MP/devices/MIMX8ML8/system_MIMX8ML8_cm7.c.obj (__aeabi_uldivmod)
C:/NXP/MCUXpressoIDE_24.12.148/ide/tools/bin/../lib/gcc/arm-none-eabi/13.2.1/thumb/v7e-m+dp/hard\libgcc.a(_udivmoddi4.o)
                              C:/NXP/MCUXpressoIDE_24.12.148/ide/tools/bin/../lib/gcc/arm-none-eabi/13.2.1/thumb/v7e-m+dp/hard\libgcc.a(_aeabi_uldivmod.o) (__udivmoddi4)
C:/NXP/MCUXpressoIDE_24.12.148/ide/tools/bin/../lib/gcc/arm-none-eabi/13.2.1/thumb/v7e-m+dp/hard\libgcc.a(_dvmd_tls.o)
                              C:/NXP/MCUXpressoIDE_24.12.148/ide/tools/bin/../lib/gcc/arm-none-eabi/13.2.1/thumb/v7e-m+dp/hard\libgcc.a(_aeabi_uldivmod.o) (__aeabi_ldiv0)
C:/NXP/MCUXpressoIDE_24.12.148/ide/tools/bin/../lib/gcc/arm-none-eabi/13.2.1/thumb/v7e-m+dp/hard\libc_nano.a(libc_a-exit.o)
                              C:/NXP/MCUXpressoIDE_24.12.148/ide/tools/bin/../lib/gcc/arm-none-eabi/13.2.1/thumb/v7e-m+dp/hard/crt0.o (exit)
C:/NXP/MCUXpressoIDE_24.12.148/ide/tools/bin/../lib/gcc/arm-none-eabi/13.2.1/thumb/v7e-m+dp/hard\libc_nano.a(libc_a-malloc.o)
                              CMakeFiles/sdma_scatter_gather_cm7.elf.dir/c_/Users/TChyn/Downloads/SDK_25_06_00_EVK-MIMX8MP/devices/MIMX8ML8/drivers/fsl_common.c.obj (malloc)
C:/NXP/MCUXpressoIDE_24.12.148/ide/tools/bin/../lib/gcc/arm-none-eabi/13.2.1/thumb/v7e-m+dp/hard\libc_nano.a(libc_a-mallocr.o)
                              C:/NXP/MCUXpressoIDE_24.12.148/ide/tools/bin/../lib/gcc/arm-none-eabi/13.2.1/thumb/v7e-m+dp/hard\libc_nano.a(libc_a-malloc.o) (_malloc_r)
C:/NXP/MCUXpressoIDE_24.12.148/ide/tools/bin/../lib/gcc/arm-none-eabi/13.2.1/thumb/v7e-m+dp/hard\libc_nano.a(libc_a-mlock.o)
                              C:/NXP/MCUXpressoIDE_24.12.148/ide/tools/bin/../lib/gcc/arm-none-eabi/13.2.1/thumb/v7e-m+dp/hard\libc_nano.a(libc_a-mallocr.o) (__malloc_lock)
C:/NXP/MCUXpressoIDE_24.12.148/ide/tools/bin/../lib/gcc/arm-none-eabi/13.2.1/thumb/v7e-m+dp/hard\libc_nano.a(libc_a-strtoul.o)
                              CMakeFiles/sdma_scatter_gather_cm7.elf.dir/c_/Users/TChyn/Downloads/SDK_25_06_00_EVK-MIMX8MP/devices/MIMX8ML8/utilities/str/fsl_str.c.obj (strtoul)
C:/NXP/MCUXpressoIDE_24.12.148/ide/tools/bin/../lib/gcc/arm-none-eabi/13.2.1/thumb/v7e-m+dp/hard\libc_nano.a(libc_a-ctype_.o)
                              C:/NXP/MCUXpressoIDE_24.12.148/ide/tools/bin/../lib/gcc/arm-none-eabi/13.2.1/thumb/v7e-m+dp/hard\libc_nano.a(libc_a-strtoul.o) (_ctype_)
C:/NXP/MCUXpressoIDE_24.12.148/ide/tools/bin/../lib/gcc/arm-none-eabi/13.2.1/thumb/v7e-m+dp/hard\libc_nano.a(libc_a-findfp.o)
                              C:/NXP/MCUXpressoIDE_24.12.148/ide/tools/bin/../lib/gcc/arm-none-eabi/13.2.1/thumb/v7e-m+dp/hard\libc_nano.a(libc_a-exit.o) (__stdio_exit_handler)
C:/NXP/MCUXpressoIDE_24.12.148/ide/tools/bin/../lib/gcc/arm-none-eabi/13.2.1/thumb/v7e-m+dp/hard\libc_nano.a(libc_a-fwalk.o)
                              C:/NXP/MCUXpressoIDE_24.12.148/ide/tools/bin/../lib/gcc/arm-none-eabi/13.2.1/thumb/v7e-m+dp/hard\libc_nano.a(libc_a-findfp.o) (_fwalk_sglue)
C:/NXP/MCUXpressoIDE_24.12.148/ide/tools/bin/../lib/gcc/arm-none-eabi/13.2.1/thumb/v7e-m+dp/hard\libc_nano.a(libc_a-stdio.o)
                              C:/NXP/MCUXpressoIDE_24.12.148/ide/tools/bin/../lib/gcc/arm-none-eabi/13.2.1/thumb/v7e-m+dp/hard\libc_nano.a(libc_a-findfp.o) (__sread)
C:/NXP/MCUXpressoIDE_24.12.148/ide/tools/bin/../lib/gcc/arm-none-eabi/13.2.1/thumb/v7e-m+dp/hard\libc_nano.a(libc_a-memset.o)
                              C:/NXP/MCUXpressoIDE_24.12.148/ide/tools/bin/../lib/gcc/arm-none-eabi/13.2.1/thumb/v7e-m+dp/hard/crt0.o (memset)
C:/NXP/MCUXpressoIDE_24.12.148/ide/tools/bin/../lib/gcc/arm-none-eabi/13.2.1/thumb/v7e-m+dp/hard\libc_nano.a(libc_a-closer.o)
                              C:/NXP/MCUXpressoIDE_24.12.148/ide/tools/bin/../lib/gcc/arm-none-eabi/13.2.1/thumb/v7e-m+dp/hard\libc_nano.a(libc_a-stdio.o) (_close_r)
C:/NXP/MCUXpressoIDE_24.12.148/ide/tools/bin/../lib/gcc/arm-none-eabi/13.2.1/thumb/v7e-m+dp/hard\libc_nano.a(libc_a-reent.o)
                              C:/NXP/MCUXpressoIDE_24.12.148/ide/tools/bin/../lib/gcc/arm-none-eabi/13.2.1/thumb/v7e-m+dp/hard\libc_nano.a(libc_a-closer.o) (errno)
C:/NXP/MCUXpressoIDE_24.12.148/ide/tools/bin/../lib/gcc/arm-none-eabi/13.2.1/thumb/v7e-m+dp/hard\libc_nano.a(libc_a-impure.o)
                              C:/NXP/MCUXpressoIDE_24.12.148/ide/tools/bin/../lib/gcc/arm-none-eabi/13.2.1/thumb/v7e-m+dp/hard\libc_nano.a(libc_a-malloc.o) (_impure_ptr)
C:/NXP/MCUXpressoIDE_24.12.148/ide/tools/bin/../lib/gcc/arm-none-eabi/13.2.1/thumb/v7e-m+dp/hard\libc_nano.a(libc_a-lseekr.o)
[...]
Memory Configuration

Name             Origin             Length             Attributes
m_interrupts     0x00000000         0x00000400         xr
m_text           0x00000400         0x0001fc00         xr
m_data           0x20000000         0x00020000         rw
m_data2          0x80000000         0x01000000         rw
*default*        0x00000000         0xffffffff

Linker script and memory map

LOAD C:/NXP/MCUXpressoIDE_24.12.148/ide/tools/bin/../lib/gcc/arm-none-eabi/13.2.1/thumb/v7e-m+dp/hard/crti.o
LOAD C:/NXP/MCUXpressoIDE_24.12.148/ide/tools/bin/../lib/gcc/arm-none-eabi/13.2.1/thumb/v7e-m+dp/hard/crtbegin.o
LOAD C:/NXP/MCUXpressoIDE_24.12.148/ide/tools/bin/../lib/gcc/arm-none-eabi/13.2.1/thumb/v7e-m+dp/hard/crt0.o
LOAD CMakeFiles/sdma_scatter_gather_cm7.elf.dir/C_/Users/TChyn/Desktop/Chyn/firmware-and-dts/M7/sdma_scatter_gather/sdma_scatter_gather.c.obj
LOAD CMakeFiles/sdma_scatter_gather_cm7.elf.dir/C_/Users/TChyn/Desktop/Chyn/firmware-and-dts/M7/sdma_scatter_gather/empty_rsc_table.c.obj
LOAD CMakeFiles/sdma_scatter_gather_cm7.elf.dir/C_/Users/TChyn/Desktop/Chyn/firmware-and-dts/M7/sdma_scatter_gather/board.c.obj
LOAD CMakeFiles/sdma_scatter_gather_cm7.elf.dir/C_/Users/TChyn/Desktop/Chyn/firmware-and-dts/M7/sdma_scatter_gather/clock_config.c.obj
LOAD CMakeFiles/sdma_scatter_gather_cm7.elf.dir/C_/Users/TChyn/Desktop/Chyn/firmware-and-dts/M7/sdma_scatter_gather/pin_mux.c.obj
LOAD CMakeFiles/sdma_scatter_gather_cm7.elf.dir/C_/Users/TChyn/Desktop/Chyn/firmware-and-dts/M7/sdma_scatter_gather/hardware_init.c.obj
LOAD CMakeFiles/sdma_scatter_gather_cm7.elf.dir/c_/Users/TChyn/Downloads/SDK_25_06_00_EVK-MIMX8MP/components/uart/fsl_adapter_iuart.c.obj
LOAD CMakeFiles/sdma_scatter_gather_cm7.elf.dir/c_/Users/TChyn/Downloads/SDK_25_06_00_EVK-MIMX8MP/devices/MIMX8ML8/gcc/startup_MIMX8ML8_cm7.S.obj
LOAD CMakeFiles/sdma_scatter_gather_cm7.elf.dir/c_/Users/TChyn/Downloads/SDK_25_06_00_EVK-MIMX8MP/devices/MIMX8ML8/system_MIMX8ML8_cm7.c.obj
LOAD CMakeFiles/sdma_scatter_gather_cm7.elf.dir/c_/Users/TChyn/Downloads/SDK_25_06_00_EVK-MIMX8MP/devices/MIMX8ML8/drivers/fsl_audiomix.c.obj
LOAD CMakeFiles/sdma_scatter_gather_cm7.elf.dir/c_/Users/TChyn/Downloads/SDK_25_06_00_EVK-MIMX8MP/devices/MIMX8ML8/drivers/fsl_clock.c.obj
LOAD CMakeFiles/sdma_scatter_gather_cm7.elf.dir/c_/Users/TChyn/Downloads/SDK_25_06_00_EVK-MIMX8MP/devices/MIMX8ML8/drivers/fsl_common.c.obj
LOAD CMakeFiles/sdma_scatter_gather_cm7.elf.dir/c_/Users/TChyn/Downloads/SDK_25_06_00_EVK-MIMX8MP/devices/MIMX8ML8/drivers/fsl_common_arm.c.obj
LOAD CMakeFiles/sdma_scatter_gather_cm7.elf.dir/c_/Users/TChyn/Downloads/SDK_25_06_00_EVK-MIMX8MP/devices/MIMX8ML8/drivers/fsl_gpio.c.obj
LOAD CMakeFiles/sdma_scatter_gather_cm7.elf.dir/c_/Users/TChyn/Downloads/SDK_25_06_00_EVK-MIMX8MP/devices/MIMX8ML8/drivers/fsl_uart.c.obj
LOAD CMakeFiles/sdma_scatter_gather_cm7.elf.dir/c_/Users/TChyn/Downloads/SDK_25_06_00_EVK-MIMX8MP/devices/MIMX8ML8/drivers/fsl_rdc.c.obj
LOAD CMakeFiles/sdma_scatter_gather_cm7.elf.dir/c_/Users/TChyn/Downloads/SDK_25_06_00_EVK-MIMX8MP/devices/MIMX8ML8/drivers/fsl_sdma.c.obj
LOAD CMakeFiles/sdma_scatter_gather_cm7.elf.dir/c_/Users/TChyn/Downloads/SDK_25_06_00_EVK-MIMX8MP/devices/MIMX8ML8/utilities/fsl_syscall_stub.c.obj
LOAD CMakeFiles/sdma_scatter_gather_cm7.elf.dir/c_/Users/TChyn/Downloads/SDK_25_06_00_EVK-MIMX8MP/devices/MIMX8ML8/utilities/fsl_sbrk.c.obj
LOAD CMakeFiles/sdma_scatter_gather_cm7.elf.dir/c_/Users/TChyn/Downloads/SDK_25_06_00_EVK-MIMX8MP/devices/MIMX8ML8/utilities/fsl_memcpy.S.obj
LOAD CMakeFiles/sdma_scatter_gather_cm7.elf.dir/c_/Users/TChyn/Downloads/SDK_25_06_00_EVK-MIMX8MP/devices/MIMX8ML8/utilities/debug_console_lite/fsl_assert.c.obj
LOAD CMakeFiles/sdma_scatter_gather_cm7.elf.dir/c_/Users/TChyn/Downloads/SDK_25_06_00_EVK-MIMX8MP/devices/MIMX8ML8/utilities/debug_console_lite/fsl_debug_console.c.obj
LOAD CMakeFiles/sdma_scatter_gather_cm7.elf.dir/c_/Users/TChyn/Downloads/SDK_25_06_00_EVK-MIMX8MP/devices/MIMX8ML8/utilities/str/fsl_str.c.obj
START GROUP
LOAD C:/NXP/MCUXpressoIDE_24.12.148/ide/tools/bin/../lib/gcc/arm-none-eabi/13.2.1/thumb/v7e-m+dp/hard\libgcc.a
LOAD C:/NXP/MCUXpressoIDE_24.12.148/ide/tools/bin/../lib/gcc/arm-none-eabi/13.2.1/thumb/v7e-m+dp/hard\libc_nano.a
LOAD C:/NXP/MCUXpressoIDE_24.12.148/ide/tools/bin/../lib/gcc/arm-none-eabi/13.2.1/thumb/v7e-m+dp/hard\libm.a
LOAD C:/NXP/MCUXpressoIDE_24.12.148/ide/tools/bin/../lib/gcc/arm-none-eabi/13.2.1/../../../../arm-none-eabi/lib/thumb/v7e-m+dp/hard\libcr_newlib_nohost.a
END GROUP
START GROUP
LOAD C:/NXP/MCUXpressoIDE_24.12.148/ide/tools/bin/../lib/gcc/arm-none-eabi/13.2.1/thumb/v7e-m+dp/hard\libgcc.a
LOAD C:/NXP/MCUXpressoIDE_24.12.148/ide/tools/bin/../lib/gcc/arm-none-eabi/13.2.1/thumb/v7e-m+dp/hard\libg_nano.a
LOAD C:/NXP/MCUXpressoIDE_24.12.148/ide/tools/bin/../lib/gcc/arm-none-eabi/13.2.1/thumb/v7e-m+dp/hard\libc_nano.a
END GROUP
START GROUP
LOAD C:/NXP/MCUXpressoIDE_24.12.148/ide/tools/bin/../lib/gcc/arm-none-eabi/13.2.1/thumb/v7e-m+dp/hard\libgcc.a
LOAD C:/NXP/MCUXpressoIDE_24.12.148/ide/tools/bin/../lib/gcc/arm-none-eabi/13.2.1/thumb/v7e-m+dp/hard\libc_nano.a
LOAD C:/NXP/MCUXpressoIDE_24.12.148/ide/tools/bin/../lib/gcc/arm-none-eabi/13.2.1/thumb/v7e-m+dp/hard\libnosys.a
END GROUP
START GROUP
LOAD C:/NXP/MCUXpressoIDE_24.12.148/ide/tools/bin/../lib/gcc/arm-none-eabi/13.2.1/thumb/v7e-m+dp/hard\libgcc.a
LOAD C:/NXP/MCUXpressoIDE_24.12.148/ide/tools/bin/../lib/gcc/arm-none-eabi/13.2.1/thumb/v7e-m+dp/hard\libc_nano.a
LOAD C:/NXP/MCUXpressoIDE_24.12.148/ide/tools/bin/../lib/gcc/arm-none-eabi/13.2.1/thumb/v7e-m+dp/hard\libnosys.a
END GROUP
LOAD C:/NXP/MCUXpressoIDE_24.12.148/ide/tools/bin/../lib/gcc/arm-none-eabi/13.2.1/thumb/v7e-m+dp/hard/crtend.o
LOAD C:/NXP/MCUXpressoIDE_24.12.148/ide/tools/bin/../lib/gcc/arm-none-eabi/13.2.1/thumb/v7e-m+dp/hard/crtn.o
                0x00000400                        HEAP_SIZE = DEFINED (__heap_size__)?__heap_size__:0x400
                0x00000400                        STACK_SIZE = DEFINED (__stack_size__)?__stack_size__:0x400

.interrupts     0x00000000      0x2a8
                0x00000000                        __VECTOR_TABLE = .
                0x00000000                        __Vectors = .
                0x00000000                        . = ALIGN (0x4)
 *(.isr_vector)
 .isr_vector    0x00000000      0x2a8 CMakeFiles/sdma_scatter_gather_cm7.elf.dir/c_/Users/TChyn/Downloads/SDK_25_06_00_EVK-MIMX8MP/devices/MIMX8ML8/gcc/startup_MIMX8ML8_cm7.S.obj
                0x00000000                __isr_vector
                0x000002a8                        . = ALIGN (0x4)

.resource_table
                0x00000400       0x10
                0x00000400                        . = ALIGN (0x8)
 *(.resource_table)
 .resource_table
                0x00000400       0x10 CMakeFiles/sdma_scatter_gather_cm7.elf.dir/C_/Users/TChyn/Desktop/Chyn/firmware-and-dts/M7/sdma_scatter_gather/empty_rsc_table.c.obj
                0x00000400                resource_table
                0x00000410                        . = ALIGN (0x8)

.text           0x00000410     0x5790
                0x00000410                        . = ALIGN (0x4)
 *(.text)
 .text          0x00000410       0x7c C:/NXP/MCUXpressoIDE_24.12.148/ide/tools/bin/../lib/gcc/arm-none-eabi/13.2.1/thumb/v7e-m+dp/hard/crt0.o
                0x00000410                _stack_init
                0x00000418                _start
                0x00000418                _mainCRTStartup
 .text          0x0000048c      0x588 CMakeFiles/sdma_scatter_gather_cm7.elf.dir/c_/Users/TChyn/Downloads/SDK_25_06_00_EVK-MIMX8MP/devices/MIMX8ML8/gcc/startup_MIMX8ML8_cm7.S.obj
                0x0000048c                Reset_Handler
                0x00000518                PWM2_DriverIRQHandler
                0x00000518                SRC_Combined_DriverIRQHandler
                0x00000518                ISI_CH1_DriverIRQHandler
                0x00000518                CAAM_ERROR_DriverIRQHandler
                0x00000518                GPIO1_INT1_DriverIRQHandler
                0x00000518                DebugMon_Handler
                0x00000518                EDMA1_0_15_DriverIRQHandler
                0x00000518                CPU_Error_AXI_DriverIRQHandler
                0x00000518                GPIO1_INT6_DriverIRQHandler
                0x00000518                BCH_DriverIRQHandler
                0x00000518                AUDIO_XCVR0_DriverIRQHandler
                0x00000518                VPU_G1_DriverIRQHandler
                0x00000518                PWM3_DriverIRQHandler
                0x00000518                MU2_AUDIO_DriverIRQHandler
                0x00000518                MU1_M7_DriverIRQHandler
                0x00000518                SNVS_Consolidated_DriverIRQHandler
                0x00000518                PDM_HWVAD_EVENT_DriverIRQHandler
                0x00000518                MIPI_CSI1_DriverIRQHandler
                0x00000518                CPU_CTI_Trigger_DriverIRQHandler
                0x00000518                ENET1_MAC0_Rx_Tx_Done2_DriverIRQHandler
                0x00000518                CCM_IRQ1_DriverIRQHandler
                0x00000518                PCIE_CTRL1_DriverIRQHandler
                0x00000518                PDM_HWVAD_ERROR_DriverIRQHandler
                0x00000518                GPU3D_DriverIRQHandler
                0x00000518                ENET1_1588_Timer_DriverIRQHandler
                0x00000518                BusFault_Handler
                0x00000518                CAN_FD2_ERROR_DriverIRQHandler
                0x00000518                MECC_ERR_DriverIRQHandler
                0x00000518                PWM4_DriverIRQHandler
                0x00000518                ASRC_DriverIRQHandler
                0x00000518                PCIE_CTRL1_ERR_DriverIRQHandler
                0x00000518                GPIO5_Combined_16_31_DriverIRQHandler
                0x00000518                ISP1_DriverIRQHandler
                0x00000518                GPIO4_Combined_16_31_DriverIRQHandler
                0x00000518                LCDIF1_DriverIRQHandler
                0x00000518                I2C5_DriverIRQHandler
                0x00000518                GPIO4_Combined_0_15_DriverIRQHandler
                0x00000518                USB2_DriverIRQHandler
                0x00000518                RDC_DriverIRQHandler
                0x00000518                GPIO3_Combined_0_15_DriverIRQHandler
                0x00000518                USB2_WAKEUP_DriverIRQHandler
                0x00000518                MECC_S_ERR_DriverIRQHandler
                0x00000518                ANAMIX_DriverIRQHandler
                0x00000518                DDR_ERR_DriverIRQHandler
                0x00000518                WDOG2_DriverIRQHandler
                0x00000518                I2S2_DriverIRQHandler
                0x00000518                LCDIF2_DriverIRQHandler
                0x00000518                PCIE_CTRL1_0_DriverIRQHandler
                0x00000518                CCM_IRQ2_DriverIRQHandler
                0x00000518                I2C3_DriverIRQHandler
                0x00000518                CAN_FD2_DriverIRQHandler
                0x00000518                HS_CP0_DriverIRQHandler
                0x00000518                GPT3_DriverIRQHandler
                0x00000518                GPMI_DriverIRQHandler
                0x00000518                GPIO2_Combined_0_15_DriverIRQHandler
                0x00000518                GPC_DriverIRQHandler
                0x00000518                ENET1_MAC0_Rx_Tx_Done1_DriverIRQHandler
                0x00000518                APBHDMA_DriverIRQHandler
                0x00000518                PCIE_CTRL1_1_DriverIRQHandler
                0x00000518                MECC_S_DriverIRQHandler
                0x00000518                MECC_DriverIRQHandler
                0x00000518                GPIO1_INT3_DriverIRQHandler
                0x00000518                ISP2_DriverIRQHandler
                0x00000518                MU3_AUDIO_DriverIRQHandler
                0x00000518                ISI_DriverIRQHandler
                0x00000518                I2C2_DriverIRQHandler
                0x00000518                ENET1_DriverIRQHandler
                0x00000518                I2C6_DriverIRQHandler
                0x00000518                ENET_QOS_DriverIRQHandler
                0x00000518                ENET_QOS_PMT_DriverIRQHandler
                0x00000518                Reserved16_DriverIRQHandler
                0x00000518                MIPI_CSI2_DriverIRQHandler
                0x00000518                GPIO2_Combined_16_31_DriverIRQHandler
                0x00000518                PERFMON1_DriverIRQHandler
                0x00000518                UsageFault_Handler
                0x00000518                DAP_DriverIRQHandler
                0x00000518                SCTR_IRQ0_DriverIRQHandler
                0x00000518                ECSPI1_DriverIRQHandler
                0x00000518                CM7_CTI_DriverIRQHandler
                0x00000518                CAAM_IRQ0_DriverIRQHandler
                0x00000518                DDR_PerformanceMonitor_DriverIRQHandler
                0x00000518                DefaultISR
                0x00000518                CPU_PerformanceUnit_DriverIRQHandler
                0x00000518                AUDIO_XCVR_DriverIRQHandler
                0x00000518                CAN_FD1_DriverIRQHandler
                0x00000518                CPU_Error_L2RAM_DriverIRQHandler
                0x00000518                I2S3_DriverIRQHandler
                0x00000518                SRC_DriverIRQHandler
                0x00000518                I2C1_DriverIRQHandler
                0x00000518                GPIO1_INT4_DriverIRQHandler
                0x00000518                MU2_A53_DriverIRQHandler
                0x00000518                GPT4_DriverIRQHandler
                0x00000518                HS_CP1_DriverIRQHandler
                0x00000518                PCIE_CTRL1_3_DriverIRQHandler
                0x00000518                MU3_M7_DriverIRQHandler
                0x00000518                USDHC1_DriverIRQHandler
                0x00000518                PWM1_DriverIRQHandler
                0x00000518                AUDIO_XCVR1_DriverIRQHandler
                0x00000518                GPIO3_Combined_16_31_DriverIRQHandler
                0x00000518                USB1_DriverIRQHandler
                0x00000518                I2C4_DriverIRQHandler
                0x00000518                PDM_EVENT_DriverIRQHandler
                0x00000518                USB1_WAKEUP_DriverIRQHandler
                0x00000518                MemManage_Handler
                0x00000518                WDOG3_DriverIRQHandler
                0x00000518                ECSPI3_DriverIRQHandler
                0x00000518                USDHC2_DriverIRQHandler
                0x00000518                GPIO1_Combined_0_15_DriverIRQHandler
                0x00000518                WDOG1_DriverIRQHandler
                0x00000518                DEWARP_DriverIRQHandler
                0x00000518                FlexSPI_DriverIRQHandler
                0x00000518                HDMI_TX_DriverIRQHandler
                0x00000518                ECSPI2_DriverIRQHandler
                0x00000518                QOS_DriverIRQHandler
                0x00000518                GPIO1_INT5_DriverIRQHandler
                0x00000518                USDHC3_DriverIRQHandler
                0x00000518                CSU_DriverIRQHandler
                0x00000518                VPU_G2_DriverIRQHandler
                0x00000518                GPIO1_Combined_16_31_DriverIRQHandler
                0x00000518                GPIO1_INT7_DriverIRQHandler
                0x00000518                SNVS_DriverIRQHandler
                0x00000518                CAAM_IRQ2_DriverIRQHandler
                0x00000518                MIPI_DSI_DriverIRQHandler
                0x00000518                TZASC_DriverIRQHandler
                0x00000518                GPT1_DriverIRQHandler
                0x00000518                DDR_DriverIRQHandler
                0x00000518                GPT5_DriverIRQHandler
                0x00000518                GPIO5_Combined_0_15_DriverIRQHandler
                0x00000518                GPIO1_INT0_DriverIRQHandler
                0x00000518                GPIO1_INT2_DriverIRQHandler
                0x00000518                GPU2D_DriverIRQHandler
                0x00000518                EDMA1_16_31_DriverIRQHandler
                0x00000518                RTIC_DriverIRQHandler
                0x00000518                GPT6_DriverIRQHandler
                0x00000518                CAN_FD1_ERROR_DriverIRQHandler
                0x00000518                PERFMON2_DriverIRQHandler
                0x00000518                PCIE_CTRL1_2_DriverIRQHandler
                0x00000518                EDMA1_ERR_DriverIRQHandler
                0x00000518                CAAM_IRQ1_DriverIRQHandler
                0x00000518                GPT2_DriverIRQHandler
                0x00000518                SCTR_IRQ1_DriverIRQHandler
                0x00000518                VPU_DriverIRQHandler
                0x00000518                SJC_DriverIRQHandler
                0x00000518                ML_DriverIRQHandler
                0x00000518                I2S56_DriverIRQHandler
                0x00000518                PDM_ERROR_DriverIRQHandler
                0x00000518                I2S1_DriverIRQHandler
                0x00000518                SNVS_Security_DriverIRQHandler
                0x00000518                I2S7_DriverIRQHandler
                0x00000518                AUD2HTX_DriverIRQHandler
                0x00000518                PCIE_EDMA_DriverIRQHandler
                0x00000518                MU1_A53_DriverIRQHandler
                0x0000051c                NMI_Handler
                0x00000520                HardFault_Handler
                0x00000524                SVC_Handler
                0x00000528                PendSV_Handler
                0x0000052c                SysTick_Handler
                0x00000530                Reserved16_IRQHandler
                0x00000534                DAP_IRQHandler
                0x00000538                SDMA1_IRQHandler
                0x0000053c                GPU3D_IRQHandler
                0x00000540                SNVS_IRQHandler
                0x00000544                LCDIF1_IRQHandler
                0x00000548                LCDIF2_IRQHandler
                0x0000054c                VPU_G1_IRQHandler
                0x00000550                VPU_G2_IRQHandler
                0x00000554                QOS_IRQHandler
                0x00000558                WDOG3_IRQHandler
                0x0000055c                HS_CP1_IRQHandler
                0x00000560                APBHDMA_IRQHandler
                0x00000564                ML_IRQHandler
                0x00000568                BCH_IRQHandler
                0x0000056c                GPMI_IRQHandler
                0x00000570                ISI_IRQHandler
                0x00000574                MIPI_CSI1_IRQHandler
                0x00000578                MIPI_DSI_IRQHandler
                0x0000057c                SNVS_Consolidated_IRQHandler
                0x00000580                SNVS_Security_IRQHandler
                0x00000584                CSU_IRQHandler
                0x00000588                USDHC1_IRQHandler
                0x0000058c                USDHC2_IRQHandler
                0x00000590                USDHC3_IRQHandler
                0x00000594                GPU2D_IRQHandler
                0x00000598                UART1_IRQHandler
                0x0000059c                UART2_IRQHandler
                0x000005a0                UART3_IRQHandler
                0x000005a4                UART4_IRQHandler
                0x000005a8                VPU_IRQHandler
                0x000005ac                ECSPI1_IRQHandler
                0x000005b0                ECSPI2_IRQHandler
                0x000005b4                ECSPI3_IRQHandler
                0x000005b8                SDMA3_IRQHandler
                0x000005bc                I2C1_IRQHandler
                0x000005c0                I2C2_IRQHandler
                0x000005c4                I2C3_IRQHandler
                0x000005c8                I2C4_IRQHandler
                0x000005cc                RDC_IRQHandler
                0x000005d0                USB1_IRQHandler
                0x000005d4                USB2_IRQHandler
                0x000005d8                ISI_CH1_IRQHandler
                0x000005dc                HDMI_TX_IRQHandler
                0x000005e0                PDM_HWVAD_EVENT_IRQHandler
                0x000005e4                PDM_HWVAD_ERROR_IRQHandler
                0x000005e8                GPT6_IRQHandler
                0x000005ec                SCTR_IRQ0_IRQHandler
                0x000005f0                SCTR_IRQ1_IRQHandler
                0x000005f4                ANAMIX_IRQHandler
                0x000005f8                I2S3_IRQHandler
                0x000005fc                GPT5_IRQHandler
                0x00000600                GPT4_IRQHandler
                0x00000604                GPT3_IRQHandler
                0x00000608                GPT2_IRQHandler
                0x0000060c                GPT1_IRQHandler
                0x00000610                GPIO1_INT7_IRQHandler
                0x00000614                GPIO1_INT6_IRQHandler
                0x00000618                GPIO1_INT5_IRQHandler
                0x0000061c                GPIO1_INT4_IRQHandler
                0x00000620                GPIO1_INT3_IRQHandler
                0x00000624                GPIO1_INT2_IRQHandler
                0x00000628                GPIO1_INT1_IRQHandler
                0x0000062c                GPIO1_INT0_IRQHandler
                0x00000630                GPIO1_Combined_0_15_IRQHandler
                0x00000634                GPIO1_Combined_16_31_IRQHandler
                0x00000638                GPIO2_Combined_0_15_IRQHandler
                0x0000063c                GPIO2_Combined_16_31_IRQHandler
                0x00000640                GPIO3_Combined_0_15_IRQHandler
                0x00000644                GPIO3_Combined_16_31_IRQHandler
                0x00000648                GPIO4_Combined_0_15_IRQHandler
                0x0000064c                GPIO4_Combined_16_31_IRQHandler
                0x00000650                GPIO5_Combined_0_15_IRQHandler
                0x00000654                GPIO5_Combined_16_31_IRQHandler
                0x00000658                ISP1_IRQHandler
                0x0000065c                ISP2_IRQHandler
                0x00000660                I2C5_IRQHandler
                0x00000664                I2C6_IRQHandler
                0x00000668                WDOG1_IRQHandler
                0x0000066c                WDOG2_IRQHandler
                0x00000670                MIPI_CSI2_IRQHandler
                0x00000674                PWM1_IRQHandler
                0x00000678                PWM2_IRQHandler
                0x0000067c                PWM3_IRQHandler
                0x00000680                PWM4_IRQHandler
                0x00000684                CCM_IRQ1_IRQHandler
                0x00000688                CCM_IRQ2_IRQHandler
                0x0000068c                GPC_IRQHandler
                0x00000690                MU1_A53_IRQHandler
                0x00000694                SRC_IRQHandler
                0x00000698                I2S56_IRQHandler
                0x0000069c                RTIC_IRQHandler
                0x000006a0                CPU_PerformanceUnit_IRQHandler
                0x000006a4                CPU_CTI_Trigger_IRQHandler
                0x000006a8                SRC_Combined_IRQHandler
                0x000006ac                I2S1_IRQHandler
                0x000006b0                I2S2_IRQHandler
                0x000006b4                MU1_M7_IRQHandler
                0x000006b8                DDR_PerformanceMonitor_IRQHandler
                0x000006bc                DDR_IRQHandler
                0x000006c0                DEWARP_IRQHandler
                0x000006c4                CPU_Error_AXI_IRQHandler
                0x000006c8                CPU_Error_L2RAM_IRQHandler
                0x000006cc                SDMA2_IRQHandler
                0x000006d0                SJC_IRQHandler
                0x000006d4                CAAM_IRQ0_IRQHandler
                0x000006d8                CAAM_IRQ1_IRQHandler
                0x000006dc                FlexSPI_IRQHandler
                0x000006e0                TZASC_IRQHandler
                0x000006e4                PDM_EVENT_IRQHandler
                0x000006e8                PDM_ERROR_IRQHandler
                0x000006ec                I2S7_IRQHandler
                0x000006f0                PERFMON1_IRQHandler
                0x000006f4                PERFMON2_IRQHandler
                0x000006f8                CAAM_IRQ2_IRQHandler
                0x000006fc                CAAM_ERROR_IRQHandler
                0x00000700                HS_CP0_IRQHandler
                0x00000704                CM7_CTI_IRQHandler
                0x00000708                ENET1_MAC0_Rx_Tx_Done1_IRQHandler
                0x0000070c                ENET1_MAC0_Rx_Tx_Done2_IRQHandler
                0x00000710                ENET1_IRQHandler
                0x00000714                ENET1_1588_Timer_IRQHandler
                0x00000718                ASRC_IRQHandler
                0x0000071c                PCIE_CTRL1_0_IRQHandler
                0x00000720                PCIE_CTRL1_1_IRQHandler
                0x00000724                PCIE_CTRL1_2_IRQHandler
                0x00000728                PCIE_CTRL1_3_IRQHandler
                0x0000072c                PCIE_EDMA_IRQHandler
                0x00000730                AUDIO_XCVR0_IRQHandler
                0x00000734                AUDIO_XCVR1_IRQHandler
                0x00000738                AUD2HTX_IRQHandler
                0x0000073c                EDMA1_ERR_IRQHandler
                0x00000740                EDMA1_0_15_IRQHandler
                0x00000744                EDMA1_16_31_IRQHandler
                0x00000748                ENET_QOS_PMT_IRQHandler
                0x0000074c                ENET_QOS_IRQHandler
                0x00000750                MU2_A53_IRQHandler
                0x00000754                MU2_AUDIO_IRQHandler
                0x00000758                MU3_M7_IRQHandler
                0x0000075c                MU3_AUDIO_IRQHandler
                0x00000760                PCIE_CTRL1_IRQHandler
                0x00000764                PCIE_CTRL1_ERR_IRQHandler
                0x00000768                CAN_FD1_IRQHandler
                0x0000076c                CAN_FD1_ERROR_IRQHandler
                0x00000770                CAN_FD2_IRQHandler
                0x00000774                CAN_FD2_ERROR_IRQHandler
                0x00000778                AUDIO_XCVR_IRQHandler
                0x0000077c                DDR_ERR_IRQHandler
                0x00000780                USB1_WAKEUP_IRQHandler
                0x00000784                USB2_WAKEUP_IRQHandler
                0x00000788                MECC_IRQHandler
                0x0000078c                MECC_ERR_IRQHandler
                0x00000790                MECC_S_IRQHandler
                0x00000794                MECC_S_ERR_IRQHandler
 .text          0x00000a14       0xa0 CMakeFiles/sdma_scatter_gather_cm7.elf.dir/c_/Users/TChyn/Downloads/SDK_25_06_00_EVK-MIMX8MP/devices/MIMX8ML8/utilities/fsl_memcpy.S.obj
                0x00000a14                memcpy
 .text          0x00000ab4       0x30 C:/NXP/MCUXpressoIDE_24.12.148/ide/tools/bin/../lib/gcc/arm-none-eabi/13.2.1/thumb/v7e-m+dp/hard\libgcc.a(_aeabi_uldivmod.o)
                0x00000ab4                __aeabi_uldivmod
 .text          0x00000ae4        0x4 C:/NXP/MCUXpressoIDE_24.12.148/ide/tools/bin/../lib/gcc/arm-none-eabi/13.2.1/thumb/v7e-m+dp/hard\libgcc.a(_dvmd_tls.o)
                0x00000ae4                __aeabi_idiv0
                0x00000ae4                __aeabi_ldiv0
 .text          0x00000ae8       0x10 C:/NXP/MCUXpressoIDE_24.12.148/ide/tools/bin/../lib/gcc/arm-none-eabi/13.2.1/thumb/v7e-m+dp/hard\libc_nano.a(libc_a-strlen.o)
                0x00000ae8                strlen
 *(.text*)
 .text.deregister_tm_clones
                0x00000af8       0x1c C:/NXP/MCUXpressoIDE_24.12.148/ide/tools/bin/../lib/gcc/arm-none-eabi/13.2.1/thumb/v7e-m+dp/hard/crtbegin.o
 .text.register_tm_clones
                0x00000b14       0x24 C:/NXP/MCUXpressoIDE_24.12.148/ide/tools/bin/../lib/gcc/arm-none-eabi/13.2.1/thumb/v7e-m+dp/hard/crtbegin.o
 .text.__do_global_dtors_aux
                0x00000b38       0x28 C:/NXP/MCUXpressoIDE_24.12.148/ide/tools/bin/../lib/gcc/arm-none-eabi/13.2.1/thumb/v7e-m+dp/hard/crtbegin.o
 .text.frame_dummy
                0x00000b60       0x24 C:/NXP/MCUXpressoIDE_24.12.148/ide/tools/bin/../lib/gcc/arm-none-eabi/13.2.1/thumb/v7e-m+dp/hard/crtbegin.o
 .text.SDMA_SetChannelPriority
                0x00000b84       0x26 CMakeFiles/sdma_scatter_gather_cm7.elf.dir/C_/Users/TChyn/Desktop/Chyn/firmware-and-dts/M7/sdma_scatter_gather/sdma_scatter_gather.c.obj
 *fill*         0x00000baa        0x2 
 .text.sdma_Callback
                0x00000bac       0x2c CMakeFiles/sdma_scatter_gather_cm7.elf.dir/C_/Users/TChyn/Desktop/Chyn/firmware-and-dts/M7/sdma_scatter_gather/sdma_scatter_gather.c.obj
                0x00000bac                sdma_Callback
 .text.main     0x00000bd8      0x1d4 CMakeFiles/sdma_scatter_gather_cm7.elf.dir/C_/Users/TChyn/Desktop/Chyn/firmware-and-dts/M7/sdma_scatter_gather/sdma_scatter_gather.c.obj
                0x00000bd8                main
 .text.ARM_MPU_Enable
                0x00000dac       0x44 CMakeFiles/sdma_scatter_gather_cm7.elf.dir/C_/Users/TChyn/Desktop/Chyn/firmware-and-dts/M7/sdma_scatter_gather/board.c.obj
 .text.ARM_MPU_Disable
                0x00000df0       0x40 CMakeFiles/sdma_scatter_gather_cm7.elf.dir/C_/Users/TChyn/Desktop/Chyn/firmware-and-dts/M7/sdma_scatter_gather/board.c.obj
 .text.CLOCK_GetRootPreDivider
                0x00000e30       0x20 CMakeFiles/sdma_scatter_gather_cm7.elf.dir/C_/Users/TChyn/Desktop/Chyn/firmware-and-dts/M7/sdma_scatter_gather/board.c.obj
 .text.CLOCK_GetRootPostDivider
                0x00000e50       0x1e CMakeFiles/sdma_scatter_gather_cm7.elf.dir/C_/Users/TChyn/Desktop/Chyn/firmware-and-dts/M7/sdma_scatter_gather/board.c.obj
 .text.CLOCK_ControlGate
                0x00000e6e       0x1e CMakeFiles/sdma_scatter_gather_cm7.elf.dir/C_/Users/TChyn/Desktop/Chyn/firmware-and-dts/M7/sdma_scatter_gather/board.c.obj
 .text.RDC_GetPeriphAccessPolicy
                0x00000e8c       0x54 CMakeFiles/sdma_scatter_gather_cm7.elf.dir/C_/Users/TChyn/Desktop/Chyn/firmware-and-dts/M7/sdma_scatter_gather/board.c.obj
 .text.RDC_GetCurrentMasterDomainId
                0x00000ee0       0x20 CMakeFiles/sdma_scatter_gather_cm7.elf.dir/C_/Users/TChyn/Desktop/Chyn/firmware-and-dts/M7/sdma_scatter_gather/board.c.obj
 .text.BOARD_InitDebugConsole
                0x00000f00       0x54 CMakeFiles/sdma_scatter_gather_cm7.elf.dir/C_/Users/TChyn/Desktop/Chyn/firmware-and-dts/M7/sdma_scatter_gather/board.c.obj
                0x00000f00                BOARD_InitDebugConsole
 .text.BOARD_InitMemory
                0x00000f54      0x2f8 CMakeFiles/sdma_scatter_gather_cm7.elf.dir/C_/Users/TChyn/Desktop/Chyn/firmware-and-dts/M7/sdma_scatter_gather/board.c.obj
                0x00000f54                BOARD_InitMemory
 .text.BOARD_RdcInit
                0x0000124c       0xec CMakeFiles/sdma_scatter_gather_cm7.elf.dir/C_/Users/TChyn/Desktop/Chyn/firmware-and-dts/M7/sdma_scatter_gather/board.c.obj
                0x0000124c                BOARD_RdcInit
 .text.CLOCK_SetRootMux
                0x00001338       0x2c CMakeFiles/sdma_scatter_gather_cm7.elf.dir/C_/Users/TChyn/Desktop/Chyn/firmware-and-dts/M7/sdma_scatter_gather/clock_config.c.obj
 .text.BOARD_BootClockRUN
                0x00001364      0x158 CMakeFiles/sdma_scatter_gather_cm7.elf.dir/C_/Users/TChyn/Desktop/Chyn/firmware-and-dts/M7/sdma_scatter_gather/clock_config.c.obj
                0x00001364                BOARD_BootClockRUN
 .text.IOMUXC_SetPinMux
                0x000014bc       0x3e CMakeFiles/sdma_scatter_gather_cm7.elf.dir/C_/Users/TChyn/Desktop/Chyn/firmware-and-dts/M7/sdma_scatter_gather/pin_mux.c.obj
 .text.IOMUXC_SetPinConfig
                0x000014fa       0x26 CMakeFiles/sdma_scatter_gather_cm7.elf.dir/C_/Users/TChyn/Desktop/Chyn/firmware-and-dts/M7/sdma_scatter_gather/pin_mux.c.obj
 .text.BOARD_InitBootPins
                0x00001520        0xc CMakeFiles/sdma_scatter_gather_cm7.elf.dir/C_/Users/TChyn/Desktop/Chyn/firmware-and-dts/M7/sdma_scatter_gather/pin_mux.c.obj
                0x00001520                BOARD_InitBootPins
 .text.BOARD_InitPins
                0x0000152c       0x74 CMakeFiles/sdma_scatter_gather_cm7.elf.dir/C_/Users/TChyn/Desktop/Chyn/firmware-and-dts/M7/sdma_scatter_gather/pin_mux.c.obj
                0x0000152c                BOARD_InitPins
 .text.BOARD_InitHardware
                0x000015a0       0x1c CMakeFiles/sdma_scatter_gather_cm7.elf.dir/C_/Users/TChyn/Desktop/Chyn/firmware-and-dts/M7/sdma_scatter_gather/hardware_init.c.obj
                0x000015a0                BOARD_InitHardware
 .text.HAL_UartGetStatus
                0x000015bc       0x22 CMakeFiles/sdma_scatter_gather_cm7.elf.dir/c_/Users/TChyn/Downloads/SDK_25_06_00_EVK-MIMX8MP/components/uart/fsl_adapter_iuart.c.obj
 *fill*         0x000015de        0x2 
 .text.HAL_UartInit
                0x000015e0      0x120 CMakeFiles/sdma_scatter_gather_cm7.elf.dir/c_/Users/TChyn/Downloads/SDK_25_06_00_EVK-MIMX8MP/components/uart/fsl_adapter_iuart.c.obj
                0x000015e0                HAL_UartInit
 .text.HAL_UartReceiveBlocking
                0x00001700       0x8c CMakeFiles/sdma_scatter_gather_cm7.elf.dir/c_/Users/TChyn/Downloads/SDK_25_06_00_EVK-MIMX8MP/components/uart/fsl_adapter_iuart.c.obj
                0x00001700                HAL_UartReceiveBlocking
 .text.HAL_UartSendBlocking
                0x0000178c       0x84 CMakeFiles/sdma_scatter_gather_cm7.elf.dir/c_/Users/TChyn/Downloads/SDK_25_06_00_EVK-MIMX8MP/components/uart/fsl_adapter_iuart.c.obj
                0x0000178c                HAL_UartSendBlocking
 .text.GetFracPllFreq
                0x00001810      0x148 CMakeFiles/sdma_scatter_gather_cm7.elf.dir/c_/Users/TChyn/Downloads/SDK_25_06_00_EVK-MIMX8MP/devices/MIMX8ML8/system_MIMX8ML8_cm7.c.obj
                0x00001810                GetFracPllFreq
 .text.GetIntegerPllFreq
                0x00001958       0xfc CMakeFiles/sdma_scatter_gather_cm7.elf.dir/c_/Users/TChyn/Downloads/SDK_25_06_00_EVK-MIMX8MP/devices/MIMX8ML8/system_MIMX8ML8_cm7.c.obj
                0x00001958                GetIntegerPllFreq
 .text.SystemInit
                0x00001a54       0x20 CMakeFiles/sdma_scatter_gather_cm7.elf.dir/c_/Users/TChyn/Downloads/SDK_25_06_00_EVK-MIMX8MP/devices/MIMX8ML8/system_MIMX8ML8_cm7.c.obj
                0x00001a54                SystemInit
 .text.SystemCoreClockUpdate
                0x00001a74      0x108 CMakeFiles/sdma_scatter_gather_cm7.elf.dir/c_/Users/TChyn/Downloads/SDK_25_06_00_EVK-MIMX8MP/devices/MIMX8ML8/system_MIMX8ML8_cm7.c.obj
                0x00001a74                SystemCoreClockUpdate
 .text.SystemInitHook
                0x00001b7c        0xe CMakeFiles/sdma_scatter_gather_cm7.elf.dir/c_/Users/TChyn/Downloads/SDK_25_06_00_EVK-MIMX8MP/devices/MIMX8ML8/system_MIMX8ML8_cm7.c.obj
                0x00001b7c                SystemInitHook
 *fill*         0x00001b8a        0x2 
 .text.AUDIOMIX_InitAudioPll
                0x00001b8c       0xbc CMakeFiles/sdma_scatter_gather_cm7.elf.dir/c_/Users/TChyn/Downloads/SDK_25_06_00_EVK-MIMX8MP/devices/MIMX8ML8/drivers/fsl_audiomix.c.obj
                0x00001b8c                AUDIOMIX_InitAudioPll
 .text.CLOCK_SetPllBypass
                0x00001c48       0x68 CMakeFiles/sdma_scatter_gather_cm7.elf.dir/c_/Users/TChyn/Downloads/SDK_25_06_00_EVK-MIMX8MP/devices/MIMX8ML8/drivers/fsl_clock.c.obj
 .text.CLOCK_IsPllBypassed
                0x00001cb0       0x38 CMakeFiles/sdma_scatter_gather_cm7.elf.dir/c_/Users/TChyn/Downloads/SDK_25_06_00_EVK-MIMX8MP/devices/MIMX8ML8/drivers/fsl_clock.c.obj
 .text.CLOCK_IsPllLocked
                0x00001ce8       0x24 CMakeFiles/sdma_scatter_gather_cm7.elf.dir/c_/Users/TChyn/Downloads/SDK_25_06_00_EVK-MIMX8MP/devices/MIMX8ML8/drivers/fsl_clock.c.obj
 .text.CLOCK_EnableAnalogClock
                0x00001d0c       0x38 CMakeFiles/sdma_scatter_gather_cm7.elf.dir/c_/Users/TChyn/Downloads/SDK_25_06_00_EVK-MIMX8MP/devices/MIMX8ML8/drivers/fsl_clock.c.obj
 .text.CLOCK_GetPllRefClkFreq
                0x00001d44       0x78 CMakeFiles/sdma_scatter_gather_cm7.elf.dir/c_/Users/TChyn/Downloads/SDK_25_06_00_EVK-MIMX8MP/devices/MIMX8ML8/drivers/fsl_clock.c.obj
                0x00001d44                CLOCK_GetPllRefClkFreq
 .text.CLOCK_GetPllFreq
                0x00001dbc      0x18c CMakeFiles/sdma_scatter_gather_cm7.elf.dir/c_/Users/TChyn/Downloads/SDK_25_06_00_EVK-MIMX8MP/devices/MIMX8ML8/drivers/fsl_clock.c.obj
                0x00001dbc                CLOCK_GetPllFreq
 .text.CLOCK_InitAudioPll1
                0x00001f48       0x68 CMakeFiles/sdma_scatter_gather_cm7.elf.dir/c_/Users/TChyn/Downloads/SDK_25_06_00_EVK-MIMX8MP/devices/MIMX8ML8/drivers/fsl_clock.c.obj
                0x00001f48                CLOCK_InitAudioPll1
 .text.CLOCK_InitAudioPll2
                0x00001fb0       0x74 CMakeFiles/sdma_scatter_gather_cm7.elf.dir/c_/Users/TChyn/Downloads/SDK_25_06_00_EVK-MIMX8MP/devices/MIMX8ML8/drivers/fsl_clock.c.obj
                0x00001fb0                CLOCK_InitAudioPll2
 .text.CLOCK_InitFracPll
                0x00002024      0x160 CMakeFiles/sdma_scatter_gather_cm7.elf.dir/c_/Users/TChyn/Downloads/SDK_25_06_00_EVK-MIMX8MP/devices/MIMX8ML8/drivers/fsl_clock.c.obj
                0x00002024                CLOCK_InitFracPll
 .text.CLOCK_GetFracPllFreq
                0x00002184      0x144 CMakeFiles/sdma_scatter_gather_cm7.elf.dir/c_/Users/TChyn/Downloads/SDK_25_06_00_EVK-MIMX8MP/devices/MIMX8ML8/drivers/fsl_clock.c.obj
                0x00002184                CLOCK_GetFracPllFreq
 .text.CLOCK_GetIntegerPllFreq
                0x000022c8      0x10c CMakeFiles/sdma_scatter_gather_cm7.elf.dir/c_/Users/TChyn/Downloads/SDK_25_06_00_EVK-MIMX8MP/devices/MIMX8ML8/drivers/fsl_clock.c.obj
                0x000022c8                CLOCK_GetIntegerPllFreq
 .text.CLOCK_SetRootDivider
                0x000023d4       0x80 CMakeFiles/sdma_scatter_gather_cm7.elf.dir/c_/Users/TChyn/Downloads/SDK_25_06_00_EVK-MIMX8MP/devices/MIMX8ML8/drivers/fsl_clock.c.obj
                0x000023d4                CLOCK_SetRootDivider
 .text.CLOCK_EnableClock
                0x00002454       0xa0 CMakeFiles/sdma_scatter_gather_cm7.elf.dir/c_/Users/TChyn/Downloads/SDK_25_06_00_EVK-MIMX8MP/devices/MIMX8ML8/drivers/fsl_clock.c.obj
                0x00002454                CLOCK_EnableClock
 .text.UART_SoftwareReset
                0x000024f4       0x36 CMakeFiles/sdma_scatter_gather_cm7.elf.dir/c_/Users/TChyn/Downloads/SDK_25_06_00_EVK-MIMX8MP/devices/MIMX8ML8/drivers/fsl_uart.c.obj
 .text.UART_Enable
                0x0000252a       0x24 CMakeFiles/sdma_scatter_gather_cm7.elf.dir/c_/Users/TChyn/Downloads/SDK_25_06_00_EVK-MIMX8MP/devices/MIMX8ML8/drivers/fsl_uart.c.obj
 .text.UART_Disable
                0x0000254e       0x24 CMakeFiles/sdma_scatter_gather_cm7.elf.dir/c_/Users/TChyn/Downloads/SDK_25_06_00_EVK-MIMX8MP/devices/MIMX8ML8/drivers/fsl_uart.c.obj
 .text.UART_WriteByte
                0x00002572       0x1e CMakeFiles/sdma_scatter_gather_cm7.elf.dir/c_/Users/TChyn/Downloads/SDK_25_06_00_EVK-MIMX8MP/devices/MIMX8ML8/drivers/fsl_uart.c.obj
 .text.UART_ReadByte
                0x00002590       0x1a CMakeFiles/sdma_scatter_gather_cm7.elf.dir/c_/Users/TChyn/Downloads/SDK_25_06_00_EVK-MIMX8MP/devices/MIMX8ML8/drivers/fsl_uart.c.obj
 *fill*         0x000025aa        0x2 
 .text.UART_SetTxFifoWatermark
                0x000025ac       0x54 CMakeFiles/sdma_scatter_gather_cm7.elf.dir/c_/Users/TChyn/Downloads/SDK_25_06_00_EVK-MIMX8MP/devices/MIMX8ML8/drivers/fsl_uart.c.obj
 .text.UART_SetRxRTSWatermark
                0x00002600       0x4c CMakeFiles/sdma_scatter_gather_cm7.elf.dir/c_/Users/TChyn/Downloads/SDK_25_06_00_EVK-MIMX8MP/devices/MIMX8ML8/drivers/fsl_uart.c.obj
 .text.UART_SetRxFifoWatermark
                0x0000264c       0x4c CMakeFiles/sdma_scatter_gather_cm7.elf.dir/c_/Users/TChyn/Downloads/SDK_25_06_00_EVK-MIMX8MP/devices/MIMX8ML8/drivers/fsl_uart.c.obj
 .text.UART_EnableAutoBaudRate
                0x00002698       0x50 CMakeFiles/sdma_scatter_gather_cm7.elf.dir/c_/Users/TChyn/Downloads/SDK_25_06_00_EVK-MIMX8MP/devices/MIMX8ML8/drivers/fsl_uart.c.obj
 .text.UART_GetInstance
                0x000026e8       0x60 CMakeFiles/sdma_scatter_gather_cm7.elf.dir/c_/Users/TChyn/Downloads/SDK_25_06_00_EVK-MIMX8MP/devices/MIMX8ML8/drivers/fsl_uart.c.obj
                0x000026e8                UART_GetInstance
 .text.UART_Init
                0x00002748      0x1a0 CMakeFiles/sdma_scatter_gather_cm7.elf.dir/c_/Users/TChyn/Downloads/SDK_25_06_00_EVK-MIMX8MP/devices/MIMX8ML8/drivers/fsl_uart.c.obj
                0x00002748                UART_Init
 .text.UART_GetDefaultConfig
                0x000028e8       0x84 CMakeFiles/sdma_scatter_gather_cm7.elf.dir/c_/Users/TChyn/Downloads/SDK_25_06_00_EVK-MIMX8MP/devices/MIMX8ML8/drivers/fsl_uart.c.obj
                0x000028e8                UART_GetDefaultConfig
 .text.UART_SetBaudRate
                0x0000296c      0x3b0 CMakeFiles/sdma_scatter_gather_cm7.elf.dir/c_/Users/TChyn/Downloads/SDK_25_06_00_EVK-MIMX8MP/devices/MIMX8ML8/drivers/fsl_uart.c.obj
                0x0000296c                UART_SetBaudRate
 .text.UART_ClearStatusFlag
                0x00002d1c       0x3c CMakeFiles/sdma_scatter_gather_cm7.elf.dir/c_/Users/TChyn/Downloads/SDK_25_06_00_EVK-MIMX8MP/devices/MIMX8ML8/drivers/fsl_uart.c.obj
                0x00002d1c                UART_ClearStatusFlag
 .text.UART_WriteBlocking
                0x00002d58       0x70 CMakeFiles/sdma_scatter_gather_cm7.elf.dir/c_/Users/TChyn/Downloads/SDK_25_06_00_EVK-MIMX8MP/devices/MIMX8ML8/drivers/fsl_uart.c.obj
                0x00002d58                UART_WriteBlocking
 .text.UART_ReadBlocking
                0x00002dc8       0xdc CMakeFiles/sdma_scatter_gather_cm7.elf.dir/c_/Users/TChyn/Downloads/SDK_25_06_00_EVK-MIMX8MP/devices/MIMX8ML8/drivers/fsl_uart.c.obj
                0x00002dc8                UART_ReadBlocking
 .text.UART1_DriverIRQHandler
                0x00002ea4       0x28 CMakeFiles/sdma_scatter_gather_cm7.elf.dir/c_/Users/TChyn/Downloads/SDK_25_06_00_EVK-MIMX8MP/devices/MIMX8ML8/drivers/fsl_uart.c.obj
                0x00002ea4                UART1_DriverIRQHandler
 .text.UART2_DriverIRQHandler
                0x00002ecc       0x28 CMakeFiles/sdma_scatter_gather_cm7.elf.dir/c_/Users/TChyn/Downloads/SDK_25_06_00_EVK-MIMX8MP/devices/MIMX8ML8/drivers/fsl_uart.c.obj
                0x00002ecc                UART2_DriverIRQHandler
 .text.UART3_DriverIRQHandler
                0x00002ef4       0x28 CMakeFiles/sdma_scatter_gather_cm7.elf.dir/c_/Users/TChyn/Downloads/SDK_25_06_00_EVK-MIMX8MP/devices/MIMX8ML8/drivers/fsl_uart.c.obj
                0x00002ef4                UART3_DriverIRQHandler
 .text.UART4_DriverIRQHandler
                0x00002f1c       0x28 CMakeFiles/sdma_scatter_gather_cm7.elf.dir/c_/Users/TChyn/Downloads/SDK_25_06_00_EVK-MIMX8MP/devices/MIMX8ML8/drivers/fsl_uart.c.obj
                0x00002f1c                UART4_DriverIRQHandler
 .text.RDC_SetMasterDomainAssignment
                0x00002f44       0x48 CMakeFiles/sdma_scatter_gather_cm7.elf.dir/c_/Users/TChyn/Downloads/SDK_25_06_00_EVK-MIMX8MP/devices/MIMX8ML8/drivers/fsl_rdc.c.obj
                0x00002f44                RDC_SetMasterDomainAssignment
 .text.__NVIC_EnableIRQ
                0x00002f8c       0x3c CMakeFiles/sdma_scatter_gather_cm7.elf.dir/c_/Users/TChyn/Downloads/SDK_25_06_00_EVK-MIMX8MP/devices/MIMX8ML8/drivers/fsl_sdma.c.obj
 .text.EnableIRQ
                0x00002fc8       0x32 CMakeFiles/sdma_scatter_gather_cm7.elf.dir/c_/Users/TChyn/Downloads/SDK_25_06_00_EVK-MIMX8MP/devices/MIMX8ML8/drivers/fsl_sdma.c.obj
 .text.SDMA_SetChannelPriority
                0x00002ffa       0x26 CMakeFiles/sdma_scatter_gather_cm7.elf.dir/c_/Users/TChyn/Downloads/SDK_25_06_00_EVK-MIMX8MP/devices/MIMX8ML8/drivers/fsl_sdma.c.obj
 .text.SDMA_SetSourceChannel
                0x00003020       0x24 CMakeFiles/sdma_scatter_gather_cm7.elf.dir/c_/Users/TChyn/Downloads/SDK_25_06_00_EVK-MIMX8MP/devices/MIMX8ML8/drivers/fsl_sdma.c.obj
 .text.SDMA_StartChannelSoftware
                0x00003044       0x20 CMakeFiles/sdma_scatter_gather_cm7.elf.dir/c_/Users/TChyn/Downloads/SDK_25_06_00_EVK-MIMX8MP/devices/MIMX8ML8/drivers/fsl_sdma.c.obj
 .text.SDMA_ClearChannelInterruptStatus
                0x00003064       0x1c CMakeFiles/sdma_scatter_gather_cm7.elf.dir/c_/Users/TChyn/Downloads/SDK_25_06_00_EVK-MIMX8MP/devices/MIMX8ML8/drivers/fsl_sdma.c.obj
 .text.SDMA_ClearChannelStopStatus
                0x00003080       0x1c CMakeFiles/sdma_scatter_gather_cm7.elf.dir/c_/Users/TChyn/Downloads/SDK_25_06_00_EVK-MIMX8MP/devices/MIMX8ML8/drivers/fsl_sdma.c.obj
 .text.SDMA_ClearChannelPendStatus
                0x0000309c       0x1c CMakeFiles/sdma_scatter_gather_cm7.elf.dir/c_/Users/TChyn/Downloads/SDK_25_06_00_EVK-MIMX8MP/devices/MIMX8ML8/drivers/fsl_sdma.c.obj
 .text.MEMORY_ConvertMemoryMapAddress
                0x000030b8      0x120 CMakeFiles/sdma_scatter_gather_cm7.elf.dir/c_/Users/TChyn/Downloads/SDK_25_06_00_EVK-MIMX8MP/devices/MIMX8ML8/drivers/fsl_sdma.c.obj
 .text.SDMA_GetInstance
                0x000031d8       0x58 CMakeFiles/sdma_scatter_gather_cm7.elf.dir/c_/Users/TChyn/Downloads/SDK_25_06_00_EVK-MIMX8MP/devices/MIMX8ML8/drivers/fsl_sdma.c.obj
 .text.SDMA_RunChannel0
                0x00003230       0x36 CMakeFiles/sdma_scatter_gather_cm7.elf.dir/c_/Users/TChyn/Downloads/SDK_25_06_00_EVK-MIMX8MP/devices/MIMX8ML8/drivers/fsl_sdma.c.obj
 *fill*         0x00003266        0x2 
 .text.SDMA_GetScriptAddr
                0x00003268      0x11c CMakeFiles/sdma_scatter_gather_cm7.elf.dir/c_/Users/TChyn/Downloads/SDK_25_06_00_EVK-MIMX8MP/devices/MIMX8ML8/drivers/fsl_sdma.c.obj
 .text.SDMA_LoadContext
                0x00003384      0x190 CMakeFiles/sdma_scatter_gather_cm7.elf.dir/c_/Users/TChyn/Downloads/SDK_25_06_00_EVK-MIMX8MP/devices/MIMX8ML8/drivers/fsl_sdma.c.obj
 .text.SDMA_LoadScript
                0x00003514       0xa8 CMakeFiles/sdma_scatter_gather_cm7.elf.dir/c_/Users/TChyn/Downloads/SDK_25_06_00_EVK-MIMX8MP/devices/MIMX8ML8/drivers/fsl_sdma.c.obj
                0x00003514                SDMA_LoadScript
 .text.SDMA_Init
                0x000035bc      0x158 CMakeFiles/sdma_scatter_gather_cm7.elf.dir/c_/Users/TChyn/Downloads/SDK_25_06_00_EVK-MIMX8MP/devices/MIMX8ML8/drivers/fsl_sdma.c.obj
                0x000035bc                SDMA_Init
 .text.SDMA_GetDefaultConfig
                0x00003714       0x44 CMakeFiles/sdma_scatter_gather_cm7.elf.dir/c_/Users/TChyn/Downloads/SDK_25_06_00_EVK-MIMX8MP/devices/MIMX8ML8/drivers/fsl_sdma.c.obj
                0x00003714                SDMA_GetDefaultConfig
 .text.SDMA_ResetModule
                0x00003758       0x98 CMakeFiles/sdma_scatter_gather_cm7.elf.dir/c_/Users/TChyn/Downloads/SDK_25_06_00_EVK-MIMX8MP/devices/MIMX8ML8/drivers/fsl_sdma.c.obj
                0x00003758                SDMA_ResetModule
 .text.SDMA_ConfigBufferDescriptor
                0x000037f0       0xd0 CMakeFiles/sdma_scatter_gather_cm7.elf.dir/c_/Users/TChyn/Downloads/SDK_25_06_00_EVK-MIMX8MP/devices/MIMX8ML8/drivers/fsl_sdma.c.obj
                0x000037f0                SDMA_ConfigBufferDescriptor
 .text.SDMA_SetContextSwitchMode
                0x000038c0       0x30 CMakeFiles/sdma_scatter_gather_cm7.elf.dir/c_/Users/TChyn/Downloads/SDK_25_06_00_EVK-MIMX8MP/devices/MIMX8ML8/drivers/fsl_sdma.c.obj
                0x000038c0                SDMA_SetContextSwitchMode
 .text.SDMA_CreateHandle
                0x000038f0      0x118 CMakeFiles/sdma_scatter_gather_cm7.elf.dir/c_/Users/TChyn/Downloads/SDK_25_06_00_EVK-MIMX8MP/devices/MIMX8ML8/drivers/fsl_sdma.c.obj
                0x000038f0                SDMA_CreateHandle
 .text.SDMA_InstallBDMemory
                0x00003a08       0xac CMakeFiles/sdma_scatter_gather_cm7.elf.dir/c_/Users/TChyn/Downloads/SDK_25_06_00_EVK-MIMX8MP/devices/MIMX8ML8/drivers/fsl_sdma.c.obj
                0x00003a08                SDMA_InstallBDMemory
 .text.SDMA_SetCallback
                0x00003ab4       0x40 CMakeFiles/sdma_scatter_gather_cm7.elf.dir/c_/Users/TChyn/Downloads/SDK_25_06_00_EVK-MIMX8MP/devices/MIMX8ML8/drivers/fsl_sdma.c.obj
                0x00003ab4                SDMA_SetCallback
 .text.SDMA_PrepareTransfer
                0x00003af4      0x1f4 CMakeFiles/sdma_scatter_gather_cm7.elf.dir/c_/Users/TChyn/Downloads/SDK_25_06_00_EVK-MIMX8MP/devices/MIMX8ML8/drivers/fsl_sdma.c.obj
                0x00003af4                SDMA_PrepareTransfer
 .text.SDMA_SubmitTransfer
                0x00003ce8      0x2cc CMakeFiles/sdma_scatter_gather_cm7.elf.dir/c_/Users/TChyn/Downloads/SDK_25_06_00_EVK-MIMX8MP/devices/MIMX8ML8/drivers/fsl_sdma.c.obj
                0x00003ce8                SDMA_SubmitTransfer
 .text.SDMA_StartTransfer
                0x00003fb4       0xa0 CMakeFiles/sdma_scatter_gather_cm7.elf.dir/c_/Users/TChyn/Downloads/SDK_25_06_00_EVK-MIMX8MP/devices/MIMX8ML8/drivers/fsl_sdma.c.obj
                0x00003fb4                SDMA_StartTransfer
 .text.SDMA_HandleIRQ
                0x00004054       0xb4 CMakeFiles/sdma_scatter_gather_cm7.elf.dir/c_/Users/TChyn/Downloads/SDK_25_06_00_EVK-MIMX8MP/devices/MIMX8ML8/drivers/fsl_sdma.c.obj
                0x00004054                SDMA_HandleIRQ
 .text.SDMA1_DriverIRQHandler
                0x00004108       0x74 CMakeFiles/sdma_scatter_gather_cm7.elf.dir/c_/Users/TChyn/Downloads/SDK_25_06_00_EVK-MIMX8MP/devices/MIMX8ML8/drivers/fsl_sdma.c.obj
                0x00004108                SDMA1_DriverIRQHandler
 .text.SDMA2_DriverIRQHandler
                0x0000417c       0x78 CMakeFiles/sdma_scatter_gather_cm7.elf.dir/c_/Users/TChyn/Downloads/SDK_25_06_00_EVK-MIMX8MP/devices/MIMX8ML8/drivers/fsl_sdma.c.obj
                0x0000417c                SDMA2_DriverIRQHandler
 .text.SDMA3_DriverIRQHandler
                0x000041f4       0x78 CMakeFiles/sdma_scatter_gather_cm7.elf.dir/c_/Users/TChyn/Downloads/SDK_25_06_00_EVK-MIMX8MP/devices/MIMX8ML8/drivers/fsl_sdma.c.obj
                0x000041f4                SDMA3_DriverIRQHandler
 .text.fsl_assert_hook
                0x0000426c       0x1a CMakeFiles/sdma_scatter_gather_cm7.elf.dir/c_/Users/TChyn/Downloads/SDK_25_06_00_EVK-MIMX8MP/devices/MIMX8ML8/utilities/debug_console_lite/fsl_assert.c.obj
                0x0000426c                fsl_assert_hook
 *fill*         0x00004286        0x2 
 .text.__assert_func
                0x00004288       0x30 CMakeFiles/sdma_scatter_gather_cm7.elf.dir/c_/Users/TChyn/Downloads/SDK_25_06_00_EVK-MIMX8MP/devices/MIMX8ML8/utilities/debug_console_lite/fsl_assert.c.obj
                0x00004288                __assert_func
 .text.DbgConsole_Init
                0x000042b8       0x88 CMakeFiles/sdma_scatter_gather_cm7.elf.dir/c_/Users/TChyn/Downloads/SDK_25_06_00_EVK-MIMX8MP/devices/MIMX8ML8/utilities/debug_console_lite/fsl_debug_console.c.obj
                0x000042b8                DbgConsole_Init
 .text.DbgConsole_Printf
                0x00004340       0x2c CMakeFiles/sdma_scatter_gather_cm7.elf.dir/c_/Users/TChyn/Downloads/SDK_25_06_00_EVK-MIMX8MP/devices/MIMX8ML8/utilities/debug_console_lite/fsl_debug_console.c.obj
                0x00004340                DbgConsole_Printf
 .text.DbgConsole_Vprintf
                0x0000436c       0x3c CMakeFiles/sdma_scatter_gather_cm7.elf.dir/c_/Users/TChyn/Downloads/SDK_25_06_00_EVK-MIMX8MP/devices/MIMX8ML8/utilities/debug_console_lite/fsl_debug_console.c.obj
                0x0000436c                DbgConsole_Vprintf
 .text.DbgConsole_Putchar
                0x000043a8       0x30 CMakeFiles/sdma_scatter_gather_cm7.elf.dir/c_/Users/TChyn/Downloads/SDK_25_06_00_EVK-MIMX8MP/devices/MIMX8ML8/utilities/debug_console_lite/fsl_debug_console.c.obj
                0x000043a8                DbgConsole_Putchar
 .text.DbgConsole_PrintfPaddingCharacter
                0x000043d8       0x40 CMakeFiles/sdma_scatter_gather_cm7.elf.dir/c_/Users/TChyn/Downloads/SDK_25_06_00_EVK-MIMX8MP/devices/MIMX8ML8/utilities/debug_console_lite/fsl_debug_console.c.obj
 .text.DbgConsole_ConvertRadixNumToString
                0x00004418       0xc2 CMakeFiles/sdma_scatter_gather_cm7.elf.dir/c_/Users/TChyn/Downloads/SDK_25_06_00_EVK-MIMX8MP/devices/MIMX8ML8/utilities/debug_console_lite/fsl_debug_console.c.obj
 *fill*         0x000044da        0x2 
 .text.DbgConsole_PrintfFormattedData
                0x000044dc      0x3e0 CMakeFiles/sdma_scatter_gather_cm7.elf.dir/c_/Users/TChyn/Downloads/SDK_25_06_00_EVK-MIMX8MP/devices/MIMX8ML8/utilities/debug_console_lite/fsl_debug_console.c.obj
 .text.__udivmoddi4
                0x000048bc      0x2bc C:/NXP/MCUXpressoIDE_24.12.148/ide/tools/bin/../lib/gcc/arm-none-eabi/13.2.1/thumb/v7e-m+dp/hard\libgcc.a(_udivmoddi4.o)
                0x000048bc                __udivmoddi4
 .text.exit     0x00004b78       0x24 C:/NXP/MCUXpressoIDE_24.12.148/ide/tools/bin/../lib/gcc/arm-none-eabi/13.2.1/thumb/v7e-m+dp/hard\libc_nano.a(libc_a-exit.o)
                0x00004b78                exit
 .text.memset   0x00004b9c       0x10 C:/NXP/MCUXpressoIDE_24.12.148/ide/tools/bin/../lib/gcc/arm-none-eabi/13.2.1/thumb/v7e-m+dp/hard\libc_nano.a(libc_a-memset.o)
                0x00004b9c                memset
 .text.__libc_init_array
                0x00004bac       0x48 C:/NXP/MCUXpressoIDE_24.12.148/ide/tools/bin/../lib/gcc/arm-none-eabi/13.2.1/thumb/v7e-m+dp/hard\libc_nano.a(libc_a-init.o)
                0x00004bac                __libc_init_array
 .text._exit    0x00004bf4        0x2 C:/NXP/MCUXpressoIDE_24.12.148/ide/tools/bin/../lib/gcc/arm-none-eabi/13.2.1/../../../../arm-none-eabi/lib/thumb/v7e-m+dp/hard\libcr_newlib_nohost.a(_exit.o)
                0x00004bf4                _exit
 *(.rodata)
 *fill*         0x00004bf6        0x2 
 .rodata        0x00004bf8       0x81 CMakeFiles/sdma_scatter_gather_cm7.elf.dir/C_/Users/TChyn/Desktop/Chyn/firmware-and-dts/M7/sdma_scatter_gather/sdma_scatter_gather.c.obj
 *fill*         0x00004c79        0x3 
 .rodata        0x00004c7c      0x11f CMakeFiles/sdma_scatter_gather_cm7.elf.dir/C_/Users/TChyn/Desktop/Chyn/firmware-and-dts/M7/sdma_scatter_gather/board.c.obj
 *fill*         0x00004d9b        0x1 
 .rodata        0x00004d9c       0xf3 CMakeFiles/sdma_scatter_gather_cm7.elf.dir/c_/Users/TChyn/Downloads/SDK_25_06_00_EVK-MIMX8MP/components/uart/fsl_adapter_iuart.c.obj
 *fill*         0x00004e8f        0x1 
 .rodata        0x00004e90       0x6a CMakeFiles/sdma_scatter_gather_cm7.elf.dir/c_/Users/TChyn/Downloads/SDK_25_06_00_EVK-MIMX8MP/devices/MIMX8ML8/drivers/fsl_audiomix.c.obj
 *fill*         0x00004efa        0x2 
 .rodata        0x00004efc      0x186 CMakeFiles/sdma_scatter_gather_cm7.elf.dir/c_/Users/TChyn/Downloads/SDK_25_06_00_EVK-MIMX8MP/devices/MIMX8ML8/drivers/fsl_clock.c.obj
 *fill*         0x00005082        0x2 
 .rodata        0x00005084      0x296 CMakeFiles/sdma_scatter_gather_cm7.elf.dir/c_/Users/TChyn/Downloads/SDK_25_06_00_EVK-MIMX8MP/devices/MIMX8ML8/drivers/fsl_uart.c.obj
 *fill*         0x0000531a        0x2 
 .rodata        0x0000531c      0x13e CMakeFiles/sdma_scatter_gather_cm7.elf.dir/c_/Users/TChyn/Downloads/SDK_25_06_00_EVK-MIMX8MP/devices/MIMX8ML8/drivers/fsl_rdc.c.obj
 *fill*         0x0000545a        0x2 
 .rodata        0x0000545c      0x394 CMakeFiles/sdma_scatter_gather_cm7.elf.dir/c_/Users/TChyn/Downloads/SDK_25_06_00_EVK-MIMX8MP/devices/MIMX8ML8/drivers/fsl_sdma.c.obj
 .rodata        0x000057f0       0x3e CMakeFiles/sdma_scatter_gather_cm7.elf.dir/c_/Users/TChyn/Downloads/SDK_25_06_00_EVK-MIMX8MP/devices/MIMX8ML8/utilities/debug_console_lite/fsl_assert.c.obj
 *(.rodata*)
 *fill*         0x0000582e        0x2 
 .rodata.__func__.1
                0x00005830       0x11 CMakeFiles/sdma_scatter_gather_cm7.elf.dir/C_/Users/TChyn/Desktop/Chyn/firmware-and-dts/M7/sdma_scatter_gather/board.c.obj
 *fill*         0x00005841        0x3 
 .rodata.__func__.0
                0x00005844       0x1a CMakeFiles/sdma_scatter_gather_cm7.elf.dir/C_/Users/TChyn/Desktop/Chyn/firmware-and-dts/M7/sdma_scatter_gather/board.c.obj
 *fill*         0x0000585e        0x2 
 .rodata.g_audioPll1Config
                0x00005860       0x10 CMakeFiles/sdma_scatter_gather_cm7.elf.dir/C_/Users/TChyn/Desktop/Chyn/firmware-and-dts/M7/sdma_scatter_gather/clock_config.c.obj
                0x00005860                g_audioPll1Config
 .rodata.g_audioPll2Config
                0x00005870       0x10 CMakeFiles/sdma_scatter_gather_cm7.elf.dir/C_/Users/TChyn/Desktop/Chyn/firmware-and-dts/M7/sdma_scatter_gather/clock_config.c.obj
                0x00005870                g_audioPll2Config
 .rodata.g_saiPLLConfig
                0x00005880       0x10 CMakeFiles/sdma_scatter_gather_cm7.elf.dir/C_/Users/TChyn/Desktop/Chyn/firmware-and-dts/M7/sdma_scatter_gather/clock_config.c.obj
                0x00005880                g_saiPLLConfig
 .rodata.s_UartAdapterBase
                0x00005890       0x14 CMakeFiles/sdma_scatter_gather_cm7.elf.dir/c_/Users/TChyn/Downloads/SDK_25_06_00_EVK-MIMX8MP/components/uart/fsl_adapter_iuart.c.obj
 .rodata.__func__.5
                0x000058a4        0xd CMakeFiles/sdma_scatter_gather_cm7.elf.dir/c_/Users/TChyn/Downloads/SDK_25_06_00_EVK-MIMX8MP/components/uart/fsl_adapter_iuart.c.obj
 *fill*         0x000058b1        0x3 
 .rodata.__func__.3
                0x000058b4       0x18 CMakeFiles/sdma_scatter_gather_cm7.elf.dir/c_/Users/TChyn/Downloads/SDK_25_06_00_EVK-MIMX8MP/components/uart/fsl_adapter_iuart.c.obj
 .rodata.__func__.2
                0x000058cc       0x15 CMakeFiles/sdma_scatter_gather_cm7.elf.dir/c_/Users/TChyn/Downloads/SDK_25_06_00_EVK-MIMX8MP/components/uart/fsl_adapter_iuart.c.obj
 *fill*         0x000058e1        0x3 
 .rodata.__func__.0
                0x000058e4       0x16 CMakeFiles/sdma_scatter_gather_cm7.elf.dir/c_/Users/TChyn/Downloads/SDK_25_06_00_EVK-MIMX8MP/devices/MIMX8ML8/drivers/fsl_audiomix.c.obj
 *fill*         0x000058fa        0x2 
 .rodata.__func__.11
                0x000058fc       0x14 CMakeFiles/sdma_scatter_gather_cm7.elf.dir/c_/Users/TChyn/Downloads/SDK_25_06_00_EVK-MIMX8MP/devices/MIMX8ML8/drivers/fsl_clock.c.obj
 .rodata.__func__.10
                0x00005910       0x14 CMakeFiles/sdma_scatter_gather_cm7.elf.dir/c_/Users/TChyn/Downloads/SDK_25_06_00_EVK-MIMX8MP/devices/MIMX8ML8/drivers/fsl_clock.c.obj
 .rodata.__func__.5
                0x00005924       0x12 CMakeFiles/sdma_scatter_gather_cm7.elf.dir/c_/Users/TChyn/Downloads/SDK_25_06_00_EVK-MIMX8MP/devices/MIMX8ML8/drivers/fsl_clock.c.obj
 *fill*         0x00005936        0x2 
 .rodata.__func__.4
                0x00005938       0x15 CMakeFiles/sdma_scatter_gather_cm7.elf.dir/c_/Users/TChyn/Downloads/SDK_25_06_00_EVK-MIMX8MP/devices/MIMX8ML8/drivers/fsl_clock.c.obj
 *fill*         0x0000594d        0x3 
 .rodata.__func__.2
                0x00005950       0x18 CMakeFiles/sdma_scatter_gather_cm7.elf.dir/c_/Users/TChyn/Downloads/SDK_25_06_00_EVK-MIMX8MP/devices/MIMX8ML8/drivers/fsl_clock.c.obj
 .rodata.__func__.1
                0x00005968       0x15 CMakeFiles/sdma_scatter_gather_cm7.elf.dir/c_/Users/TChyn/Downloads/SDK_25_06_00_EVK-MIMX8MP/devices/MIMX8ML8/drivers/fsl_clock.c.obj
 *fill*         0x0000597d        0x3 
 .rodata.s_uartBases
                0x00005980       0x14 CMakeFiles/sdma_scatter_gather_cm7.elf.dir/c_/Users/TChyn/Downloads/SDK_25_06_00_EVK-MIMX8MP/devices/MIMX8ML8/drivers/fsl_uart.c.obj
 .rodata.s_uartClock
                0x00005994       0x14 CMakeFiles/sdma_scatter_gather_cm7.elf.dir/c_/Users/TChyn/Downloads/SDK_25_06_00_EVK-MIMX8MP/devices/MIMX8ML8/drivers/fsl_uart.c.obj
 .rodata.__func__.24
                0x000059a8       0x11 CMakeFiles/sdma_scatter_gather_cm7.elf.dir/c_/Users/TChyn/Downloads/SDK_25_06_00_EVK-MIMX8MP/devices/MIMX8ML8/drivers/fsl_uart.c.obj
 *fill*         0x000059b9        0x3 
 .rodata.__func__.21
                0x000059bc        0xa CMakeFiles/sdma_scatter_gather_cm7.elf.dir/c_/Users/TChyn/Downloads/SDK_25_06_00_EVK-MIMX8MP/devices/MIMX8ML8/drivers/fsl_uart.c.obj
 *fill*         0x000059c6        0x2 
 .rodata.__func__.20
                0x000059c8       0x18 CMakeFiles/sdma_scatter_gather_cm7.elf.dir/c_/Users/TChyn/Downloads/SDK_25_06_00_EVK-MIMX8MP/devices/MIMX8ML8/drivers/fsl_uart.c.obj
 .rodata.__func__.19
                0x000059e0       0x18 CMakeFiles/sdma_scatter_gather_cm7.elf.dir/c_/Users/TChyn/Downloads/SDK_25_06_00_EVK-MIMX8MP/devices/MIMX8ML8/drivers/fsl_uart.c.obj
 .rodata.__func__.18
                0x000059f8       0x17 CMakeFiles/sdma_scatter_gather_cm7.elf.dir/c_/Users/TChyn/Downloads/SDK_25_06_00_EVK-MIMX8MP/devices/MIMX8ML8/drivers/fsl_uart.c.obj
 *fill*         0x00005a0f        0x1 
 .rodata.__func__.17
                0x00005a10       0x16 CMakeFiles/sdma_scatter_gather_cm7.elf.dir/c_/Users/TChyn/Downloads/SDK_25_06_00_EVK-MIMX8MP/devices/MIMX8ML8/drivers/fsl_uart.c.obj
 *fill*         0x00005a26        0x2 
 .rodata.__func__.13
                0x00005a28       0x13 CMakeFiles/sdma_scatter_gather_cm7.elf.dir/c_/Users/TChyn/Downloads/SDK_25_06_00_EVK-MIMX8MP/devices/MIMX8ML8/drivers/fsl_uart.c.obj
 *fill*         0x00005a3b        0x1 
 .rodata.__func__.12
                0x00005a3c       0x12 CMakeFiles/sdma_scatter_gather_cm7.elf.dir/c_/Users/TChyn/Downloads/SDK_25_06_00_EVK-MIMX8MP/devices/MIMX8ML8/drivers/fsl_uart.c.obj
 *fill*         0x00005a4e        0x2 
 .rodata.__func__.6
                0x00005a50       0x1e CMakeFiles/sdma_scatter_gather_cm7.elf.dir/c_/Users/TChyn/Downloads/SDK_25_06_00_EVK-MIMX8MP/devices/MIMX8ML8/drivers/fsl_rdc.c.obj
 *fill*         0x00005a6e        0x2 
 .rodata.s_sdmaBases
                0x00005a70        0xc CMakeFiles/sdma_scatter_gather_cm7.elf.dir/c_/Users/TChyn/Downloads/SDK_25_06_00_EVK-MIMX8MP/devices/MIMX8ML8/drivers/fsl_sdma.c.obj
 .rodata.s_sdmaClockName
                0x00005a7c        0xc CMakeFiles/sdma_scatter_gather_cm7.elf.dir/c_/Users/TChyn/Downloads/SDK_25_06_00_EVK-MIMX8MP/devices/MIMX8ML8/drivers/fsl_sdma.c.obj
 .rodata.s_sdmaIRQNumber
                0x00005a88        0x6 CMakeFiles/sdma_scatter_gather_cm7.elf.dir/c_/Users/TChyn/Downloads/SDK_25_06_00_EVK-MIMX8MP/devices/MIMX8ML8/drivers/fsl_sdma.c.obj
 *fill*         0x00005a8e        0x2 
 .rodata.__func__.17
                0x00005a90       0x11 CMakeFiles/sdma_scatter_gather_cm7.elf.dir/c_/Users/TChyn/Downloads/SDK_25_06_00_EVK-MIMX8MP/devices/MIMX8ML8/drivers/fsl_sdma.c.obj
 *fill*         0x00005aa1        0x3 
 .rodata.__func__.16
                0x00005aa4       0x13 CMakeFiles/sdma_scatter_gather_cm7.elf.dir/c_/Users/TChyn/Downloads/SDK_25_06_00_EVK-MIMX8MP/devices/MIMX8ML8/drivers/fsl_sdma.c.obj
 *fill*         0x00005ab7        0x1 
 .rodata.__func__.15
                0x00005ab8        0xa CMakeFiles/sdma_scatter_gather_cm7.elf.dir/c_/Users/TChyn/Downloads/SDK_25_06_00_EVK-MIMX8MP/devices/MIMX8ML8/drivers/fsl_sdma.c.obj
 *fill*         0x00005ac2        0x2 
 .rodata.__func__.14
                0x00005ac4       0x16 CMakeFiles/sdma_scatter_gather_cm7.elf.dir/c_/Users/TChyn/Downloads/SDK_25_06_00_EVK-MIMX8MP/devices/MIMX8ML8/drivers/fsl_sdma.c.obj
 *fill*         0x00005ada        0x2 
 .rodata.__func__.13
                0x00005adc       0x1c CMakeFiles/sdma_scatter_gather_cm7.elf.dir/c_/Users/TChyn/Downloads/SDK_25_06_00_EVK-MIMX8MP/devices/MIMX8ML8/drivers/fsl_sdma.c.obj
 .rodata.__func__.12
                0x00005af8       0x12 CMakeFiles/sdma_scatter_gather_cm7.elf.dir/c_/Users/TChyn/Downloads/SDK_25_06_00_EVK-MIMX8MP/devices/MIMX8ML8/drivers/fsl_sdma.c.obj
 *fill*         0x00005b0a        0x2 
 .rodata.__func__.11
                0x00005b0c       0x15 CMakeFiles/sdma_scatter_gather_cm7.elf.dir/c_/Users/TChyn/Downloads/SDK_25_06_00_EVK-MIMX8MP/devices/MIMX8ML8/drivers/fsl_sdma.c.obj
 *fill*         0x00005b21        0x3 
 .rodata.__func__.10
                0x00005b24       0x11 CMakeFiles/sdma_scatter_gather_cm7.elf.dir/c_/Users/TChyn/Downloads/SDK_25_06_00_EVK-MIMX8MP/devices/MIMX8ML8/drivers/fsl_sdma.c.obj
 *fill*         0x00005b35        0x3 
 .rodata.__func__.6
                0x00005b38       0x15 CMakeFiles/sdma_scatter_gather_cm7.elf.dir/c_/Users/TChyn/Downloads/SDK_25_06_00_EVK-MIMX8MP/devices/MIMX8ML8/drivers/fsl_sdma.c.obj
 *fill*         0x00005b4d        0x3 
 .rodata.__func__.4
                0x00005b50       0x14 CMakeFiles/sdma_scatter_gather_cm7.elf.dir/c_/Users/TChyn/Downloads/SDK_25_06_00_EVK-MIMX8MP/devices/MIMX8ML8/drivers/fsl_sdma.c.obj
 .rodata.__func__.3
                0x00005b64       0x13 CMakeFiles/sdma_scatter_gather_cm7.elf.dir/c_/Users/TChyn/Downloads/SDK_25_06_00_EVK-MIMX8MP/devices/MIMX8ML8/drivers/fsl_sdma.c.obj
 *fill*         0x00005b77        0x1 
 .rodata.__func__.0
                0x00005b78        0xf CMakeFiles/sdma_scatter_gather_cm7.elf.dir/c_/Users/TChyn/Downloads/SDK_25_06_00_EVK-MIMX8MP/devices/MIMX8ML8/drivers/fsl_sdma.c.obj
 *(.glue_7)
 .glue_7        0x00005b87        0x0 linker stubs
 *(.glue_7t)
 .glue_7t       0x00005b87        0x0 linker stubs
 *(.eh_frame)
 *fill*         0x00005b87        0x1 
 .eh_frame      0x00005b88        0x0 C:/NXP/MCUXpressoIDE_24.12.148/ide/tools/bin/../lib/gcc/arm-none-eabi/13.2.1/thumb/v7e-m+dp/hard/crtbegin.o
 *(.init)
 .init          0x00005b88        0x4 C:/NXP/MCUXpressoIDE_24.12.148/ide/tools/bin/../lib/gcc/arm-none-eabi/13.2.1/thumb/v7e-m+dp/hard/crti.o
                0x00005b88                _init
 .init          0x00005b8c        0x8 C:/NXP/MCUXpressoIDE_24.12.148/ide/tools/bin/../lib/gcc/arm-none-eabi/13.2.1/thumb/v7e-m+dp/hard/crtn.o
 *(.fini)
 .fini          0x00005b94        0x4 C:/NXP/MCUXpressoIDE_24.12.148/ide/tools/bin/../lib/gcc/arm-none-eabi/13.2.1/thumb/v7e-m+dp/hard/crti.o
                0x00005b94                _fini
 .fini          0x00005b98        0x8 C:/NXP/MCUXpressoIDE_24.12.148/ide/tools/bin/../lib/gcc/arm-none-eabi/13.2.1/thumb/v7e-m+dp/hard/crtn.o
                0x00005ba0                        . = ALIGN (0x4)

.vfp11_veneer   0x00005ba0        0x0
 .vfp11_veneer  0x00005ba0        0x0 linker stubs

.v4_bx          0x00005ba0        0x0
 .v4_bx         0x00005ba0        0x0 linker stubs

.iplt           0x00005ba0        0x0
 .iplt          0x00005ba0        0x0 C:/NXP/MCUXpressoIDE_24.12.148/ide/tools/bin/../lib/gcc/arm-none-eabi/13.2.1/thumb/v7e-m+dp/hard/crtbegin.o

.ARM.extab
 *(.ARM.extab* .gnu.linkonce.armextab.*)

.ARM            0x00005ba0        0x8
                0x00005ba0                        __exidx_start = .
 *(.ARM.exidx*)
 .ARM.exidx     0x00005ba0        0x8 C:/NXP/MCUXpressoIDE_24.12.148/ide/tools/bin/../lib/gcc/arm-none-eabi/13.2.1/thumb/v7e-m+dp/hard/crt0.o
                                 0x10 (size before relaxing)
 .ARM.exidx     0x00005ba8        0x0 C:/NXP/MCUXpressoIDE_24.12.148/ide/tools/bin/../lib/gcc/arm-none-eabi/13.2.1/thumb/v7e-m+dp/hard\libc_nano.a(libc_a-strlen.o)
                                  0x8 (size before relaxing)
 .ARM.exidx.text.__udivmoddi4
                0x00005ba8        0x0 C:/NXP/MCUXpressoIDE_24.12.148/ide/tools/bin/../lib/gcc/arm-none-eabi/13.2.1/thumb/v7e-m+dp/hard\libgcc.a(_udivmoddi4.o)
                                  0x8 (size before relaxing)
                0x00005ba8                        __exidx_end = .

.rel.dyn        0x00005ba8        0x0
 .rel.iplt      0x00005ba8        0x0 C:/NXP/MCUXpressoIDE_24.12.148/ide/tools/bin/../lib/gcc/arm-none-eabi/13.2.1/thumb/v7e-m+dp/hard/crtbegin.o

.ctors          0x00005ba8        0x0
                0x00005ba8                        __CTOR_LIST__ = .
 *crtbegin.o(.ctors)
 *crtbegin?.o(.ctors)
 *(EXCLUDE_FILE(*crtend.o *crtend?.o) .ctors)
 *(SORT_BY_NAME(.ctors.*))
 *(.ctors)
                0x00005ba8                        __CTOR_END__ = .

.dtors          0x00005ba8        0x0
                0x00005ba8                        __DTOR_LIST__ = .
 *crtbegin.o(.dtors)
 *crtbegin?.o(.dtors)
 *(EXCLUDE_FILE(*crtend.o *crtend?.o) .dtors)
 *(SORT_BY_NAME(.dtors.*))
 *(.dtors)
                0x00005ba8                        __DTOR_END__ = .

.preinit_array  0x00005ba8        0x0
                0x00005ba8                        PROVIDE (__preinit_array_start = .)
 *(.preinit_array*)
                0x00005ba8                        PROVIDE (__preinit_array_end = .)

.init_array     0x00005ba8        0x4
                0x00005ba8                        PROVIDE (__init_array_start = .)
 *(SORT_BY_NAME(.init_array.*))
 *(.init_array*)
 .init_array    0x00005ba8        0x4 C:/NXP/MCUXpressoIDE_24.12.148/ide/tools/bin/../lib/gcc/arm-none-eabi/13.2.1/thumb/v7e-m+dp/hard/crtbegin.o
                0x00005bac                        PROVIDE (__init_array_end = .)

.fini_array     0x00005bac        0x4
                [!provide]                        PROVIDE (__fini_array_start = .)
 *(SORT_BY_NAME(.fini_array.*))
 *(.fini_array*)
 .fini_array    0x00005bac        0x4 C:/NXP/MCUXpressoIDE_24.12.148/ide/tools/bin/../lib/gcc/arm-none-eabi/13.2.1/thumb/v7e-m+dp/hard/crtbegin.o
                [!provide]                        PROVIDE (__fini_array_end = .)
                0x00005bb0                        __etext = .
                0x00005bb0                        __DATA_ROM = .

.data           0x20000000      0xbac load address 0x00005bb0
                0x20000000                        . = ALIGN (0x4)
                0x20000000                        __DATA_RAM = .
                0x20000000                        __data_start__ = .
 *(.data)
 *(.data*)
 .data.SystemCoreClock
                0x20000000        0x4 CMakeFiles/sdma_scatter_gather_cm7.elf.dir/c_/Users/TChyn/Downloads/SDK_25_06_00_EVK-MIMX8MP/devices/MIMX8ML8/system_MIMX8ML8_cm7.c.obj
                0x20000000                SystemCoreClock
 .data.s_sdma_multi_fifo_script
                0x20000004      0xba6 CMakeFiles/sdma_scatter_gather_cm7.elf.dir/c_/Users/TChyn/Downloads/SDK_25_06_00_EVK-MIMX8MP/devices/MIMX8ML8/drivers/fsl_sdma.c.obj
 *(.jcr*)
                0x20000bac                        . = ALIGN (0x4)
 *fill*         0x20000baa        0x2 
                0x20000bac                        __data_end__ = .
                0x00000000                        __CACHE_REGION_START = ORIGIN (m_interrupts)
                0x00000000                        __CACHE_REGION_SIZE = 0x0
                0x0000675c                        __NDATA_ROM = (__DATA_ROM + SIZEOF (.data))

.tm_clone_table
                0x20000bac        0x0 load address 0x0000675c
 .tm_clone_table
                0x20000bac        0x0 C:/NXP/MCUXpressoIDE_24.12.148/ide/tools/bin/../lib/gcc/arm-none-eabi/13.2.1/thumb/v7e-m+dp/hard/crtbegin.o
 .tm_clone_table
                0x20000bac        0x0 C:/NXP/MCUXpressoIDE_24.12.148/ide/tools/bin/../lib/gcc/arm-none-eabi/13.2.1/thumb/v7e-m+dp/hard/crtend.o

.igot.plt       0x20000bac        0x0 load address 0x0000675c
 .igot.plt      0x20000bac        0x0 C:/NXP/MCUXpressoIDE_24.12.148/ide/tools/bin/../lib/gcc/arm-none-eabi/13.2.1/thumb/v7e-m+dp/hard/crtbegin.o

.ncache.init    0x80000000        0x0 load address 0x0000675c
                0x80000000                        __noncachedata_start__ = .
 *(NonCacheable.init)
                0x80000000                        . = ALIGN (0x4)
                0x80000000                        __noncachedata_init_end__ = .
                0x80000000                        . = __noncachedata_init_end__

.ncache         0x80000000      0xb98
 *(NonCacheable)
 NonCacheable   0x80000000      0x118 CMakeFiles/sdma_scatter_gather_cm7.elf.dir/C_/Users/TChyn/Desktop/Chyn/firmware-and-dts/M7/sdma_scatter_gather/sdma_scatter_gather.c.obj
                0x80000000                srcAddr
                0x80000040                destAddr
                0x80000080                bd
                0x80000098                context
 NonCacheable   0x80000118      0xa80 CMakeFiles/sdma_scatter_gather_cm7.elf.dir/c_/Users/TChyn/Downloads/SDK_25_06_00_EVK-MIMX8MP/devices/MIMX8ML8/drivers/fsl_sdma.c.obj
                0x80000b98                        . = ALIGN (0x4)
                0x80000b98                        __noncachedata_end__ = .
                0x0000675c                        __DATA_END = (__DATA_ROM + (__data_end__ - __data_start__))
                0x00020000                        text_end = (ORIGIN (m_text) + LENGTH (m_text))
                0x00000001                        ASSERT ((__DATA_END <= text_end), region m_text overflowed with text and data)

.bss            0x20000bac      0x1fc load address 0x0000675c
                0x20000bac                        . = ALIGN (0x4)
                0x20000bac                        __START_BSS = .
                0x20000bac                        __bss_start__ = .
 *(.bss)
 *(.bss*)
 .bss.completed.1
                0x20000bac        0x1 C:/NXP/MCUXpressoIDE_24.12.148/ide/tools/bin/../lib/gcc/arm-none-eabi/13.2.1/thumb/v7e-m+dp/hard/crtbegin.o
 *fill*         0x20000bad        0x3 
 .bss.object.0  0x20000bb0       0x18 C:/NXP/MCUXpressoIDE_24.12.148/ide/tools/bin/../lib/gcc/arm-none-eabi/13.2.1/thumb/v7e-m+dp/hard/crtbegin.o
 .bss.g_sdma_Handle
                0x20000bc8       0x28 CMakeFiles/sdma_scatter_gather_cm7.elf.dir/C_/Users/TChyn/Desktop/Chyn/firmware-and-dts/M7/sdma_scatter_gather/sdma_scatter_gather.c.obj
                0x20000bc8                g_sdma_Handle
 .bss.g_Transfer_Done
                0x20000bf0        0x1 CMakeFiles/sdma_scatter_gather_cm7.elf.dir/C_/Users/TChyn/Desktop/Chyn/firmware-and-dts/M7/sdma_scatter_gather/sdma_scatter_gather.c.obj
                0x20000bf0                g_Transfer_Done
 *fill*         0x20000bf1        0x3 
 .bss.s_uartIsr
                0x20000bf4        0x4 CMakeFiles/sdma_scatter_gather_cm7.elf.dir/c_/Users/TChyn/Downloads/SDK_25_06_00_EVK-MIMX8MP/devices/MIMX8ML8/drivers/fsl_uart.c.obj
                0x20000bf4                s_uartIsr
 .bss.s_uartHandle
                0x20000bf8       0x14 CMakeFiles/sdma_scatter_gather_cm7.elf.dir/c_/Users/TChyn/Downloads/SDK_25_06_00_EVK-MIMX8MP/devices/MIMX8ML8/drivers/fsl_uart.c.obj
                0x20000bf8                s_uartHandle
 .bss.s_SDMAHandle
                0x20000c0c      0x180 CMakeFiles/sdma_scatter_gather_cm7.elf.dir/c_/Users/TChyn/Downloads/SDK_25_06_00_EVK-MIMX8MP/devices/MIMX8ML8/drivers/fsl_sdma.c.obj
 .bss.s_ramScriptLoaded
                0x20000d8c        0x1 CMakeFiles/sdma_scatter_gather_cm7.elf.dir/c_/Users/TChyn/Downloads/SDK_25_06_00_EVK-MIMX8MP/devices/MIMX8ML8/drivers/fsl_sdma.c.obj
 *fill*         0x20000d8d        0x3 
 .bss.s_debugConsole
                0x20000d90       0x14 CMakeFiles/sdma_scatter_gather_cm7.elf.dir/c_/Users/TChyn/Downloads/SDK_25_06_00_EVK-MIMX8MP/devices/MIMX8ML8/utilities/debug_console_lite/fsl_debug_console.c.obj
 .bss.__stdio_exit_handler
                0x20000da4        0x4 C:/NXP/MCUXpressoIDE_24.12.148/ide/tools/bin/../lib/gcc/arm-none-eabi/13.2.1/thumb/v7e-m+dp/hard\libc_nano.a(libc_a-findfp.o)
                0x20000da4                __stdio_exit_handler
 *(COMMON)
                0x20000da8                        . = ALIGN (0x4)
                0x20000da8                        __bss_end__ = .
                0x20000da8                        __END_BSS = .

.heap           0x20000da8      0x400 load address 0x00006958
                0x20000da8                        . = ALIGN (0x8)
                0x20000da8                        __end__ = .
                0x20000da8                        PROVIDE (end = .)
                0x20000da8                        __HeapBase = .
                0x200011a8                        . = (. + HEAP_SIZE)
 *fill*         0x20000da8      0x400 
                0x200011a8                        __HeapLimit = .
                0x200011a8                        __heap_limit = .

.stack          0x200011a8      0x400 load address 0x00006d58
                0x200011a8                        . = ALIGN (0x8)
                0x200015a8                        . = (. + STACK_SIZE)
 *fill*         0x200011a8      0x400 
                0x20020000                        __StackTop = (ORIGIN (m_data) + LENGTH (m_data))
                0x2001fc00                        __StackLimit = (__StackTop - STACK_SIZE)
                0x20020000                        PROVIDE (__stack = __StackTop)

.ARM.attributes
                0x00000000       0x2e
 *(.ARM.attributes)
 .ARM.attributes
                0x00000000       0x20 C:/NXP/MCUXpressoIDE_24.12.148/ide/tools/bin/../lib/gcc/arm-none-eabi/13.2.1/thumb/v7e-m+dp/hard/crti.o
 .ARM.attributes
                0x00000020       0x32 C:/NXP/MCUXpressoIDE_24.12.148/ide/tools/bin/../lib/gcc/arm-none-eabi/13.2.1/thumb/v7e-m+dp/hard/crtbegin.o
 .ARM.attributes
                0x00000052       0x1e C:/NXP/MCUXpressoIDE_24.12.148/ide/tools/bin/../lib/gcc/arm-none-eabi/13.2.1/thumb/v7e-m+dp/hard/crt0.o
 .ARM.attributes
                0x00000070       0x32 CMakeFiles/sdma_scatter_gather_cm7.elf.dir/C_/Users/TChyn/Desktop/Chyn/firmware-and-dts/M7/sdma_scatter_gather/sdma_scatter_gather.c.obj
 .ARM.attributes
                0x000000a2       0x32 CMakeFiles/sdma_scatter_gather_cm7.elf.dir/C_/Users/TChyn/Desktop/Chyn/firmware-and-dts/M7/sdma_scatter_gather/empty_rsc_table.c.obj
 .ARM.attributes
                0x000000d4       0x32 CMakeFiles/sdma_scatter_gather_cm7.elf.dir/C_/Users/TChyn/Desktop/Chyn/firmware-and-dts/M7/sdma_scatter_gather/board.c.obj
 .ARM.attributes
                0x00000106       0x32 CMakeFiles/sdma_scatter_gather_cm7.elf.dir/C_/Users/TChyn/Desktop/Chyn/firmware-and-dts/M7/sdma_scatter_gather/clock_config.c.obj
 .ARM.attributes
                0x00000138       0x32 CMakeFiles/sdma_scatter_gather_cm7.elf.dir/C_/Users/TChyn/Desktop/Chyn/firmware-and-dts/M7/sdma_scatter_gather/pin_mux.c.obj
 .ARM.attributes
                0x0000016a       0x32 CMakeFiles/sdma_scatter_gather_cm7.elf.dir/C_/Users/TChyn/Desktop/Chyn/firmware-and-dts/M7/sdma_scatter_gather/hardware_init.c.obj
 .ARM.attributes
                0x0000019c       0x32 CMakeFiles/sdma_scatter_gather_cm7.elf.dir/c_/Users/TChyn/Downloads/SDK_25_06_00_EVK-MIMX8MP/components/uart/fsl_adapter_iuart.c.obj
 .ARM.attributes
                0x000001ce       0x1d CMakeFiles/sdma_scatter_gather_cm7.elf.dir/c_/Users/TChyn/Downloads/SDK_25_06_00_EVK-MIMX8MP/devices/MIMX8ML8/gcc/startup_MIMX8ML8_cm7.S.obj
 .ARM.attributes
                0x000001eb       0x32 CMakeFiles/sdma_scatter_gather_cm7.elf.dir/c_/Users/TChyn/Downloads/SDK_25_06_00_EVK-MIMX8MP/devices/MIMX8ML8/system_MIMX8ML8_cm7.c.obj
 .ARM.attributes
                0x0000021d       0x32 CMakeFiles/sdma_scatter_gather_cm7.elf.dir/c_/Users/TChyn/Downloads/SDK_25_06_00_EVK-MIMX8MP/devices/MIMX8ML8/drivers/fsl_audiomix.c.obj
 .ARM.attributes
                0x0000024f       0x32 CMakeFiles/sdma_scatter_gather_cm7.elf.dir/c_/Users/TChyn/Downloads/SDK_25_06_00_EVK-MIMX8MP/devices/MIMX8ML8/drivers/fsl_clock.c.obj
 .ARM.attributes
                0x00000281       0x32 CMakeFiles/sdma_scatter_gather_cm7.elf.dir/c_/Users/TChyn/Downloads/SDK_25_06_00_EVK-MIMX8MP/devices/MIMX8ML8/drivers/fsl_uart.c.obj
 .ARM.attributes
                0x000002b3       0x32 CMakeFiles/sdma_scatter_gather_cm7.elf.dir/c_/Users/TChyn/Downloads/SDK_25_06_00_EVK-MIMX8MP/devices/MIMX8ML8/drivers/fsl_rdc.c.obj
 .ARM.attributes
                0x000002e5       0x32 CMakeFiles/sdma_scatter_gather_cm7.elf.dir/c_/Users/TChyn/Downloads/SDK_25_06_00_EVK-MIMX8MP/devices/MIMX8ML8/drivers/fsl_sdma.c.obj
 .ARM.attributes
                0x00000317       0x1e CMakeFiles/sdma_scatter_gather_cm7.elf.dir/c_/Users/TChyn/Downloads/SDK_25_06_00_EVK-MIMX8MP/devices/MIMX8ML8/utilities/fsl_memcpy.S.obj
 .ARM.attributes
                0x00000335       0x32 CMakeFiles/sdma_scatter_gather_cm7.elf.dir/c_/Users/TChyn/Downloads/SDK_25_06_00_EVK-MIMX8MP/devices/MIMX8ML8/utilities/debug_console_lite/fsl_assert.c.obj
 .ARM.attributes
                0x00000367       0x32 CMakeFiles/sdma_scatter_gather_cm7.elf.dir/c_/Users/TChyn/Downloads/SDK_25_06_00_EVK-MIMX8MP/devices/MIMX8ML8/utilities/debug_console_lite/fsl_debug_console.c.obj
 .ARM.attributes
                0x00000399       0x20 C:/NXP/MCUXpressoIDE_24.12.148/ide/tools/bin/../lib/gcc/arm-none-eabi/13.2.1/thumb/v7e-m+dp/hard\libgcc.a(_aeabi_uldivmod.o)
 .ARM.attributes
                0x000003b9       0x32 C:/NXP/MCUXpressoIDE_24.12.148/ide/tools/bin/../lib/gcc/arm-none-eabi/13.2.1/thumb/v7e-m+dp/hard\libgcc.a(_udivmoddi4.o)
 .ARM.attributes
                0x000003eb       0x20 C:/NXP/MCUXpressoIDE_24.12.148/ide/tools/bin/../lib/gcc/arm-none-eabi/13.2.1/thumb/v7e-m+dp/hard\libgcc.a(_dvmd_tls.o)
 .ARM.attributes
                0x0000040b       0x32 C:/NXP/MCUXpressoIDE_24.12.148/ide/tools/bin/../lib/gcc/arm-none-eabi/13.2.1/thumb/v7e-m+dp/hard\libc_nano.a(libc_a-exit.o)
 .ARM.attributes
                0x0000043d       0x32 C:/NXP/MCUXpressoIDE_24.12.148/ide/tools/bin/../lib/gcc/arm-none-eabi/13.2.1/thumb/v7e-m+dp/hard\libc_nano.a(libc_a-findfp.o)
 .ARM.attributes
                0x0000046f       0x32 C:/NXP/MCUXpressoIDE_24.12.148/ide/tools/bin/../lib/gcc/arm-none-eabi/13.2.1/thumb/v7e-m+dp/hard\libc_nano.a(libc_a-memset.o)
 .ARM.attributes
                0x000004a1       0x32 C:/NXP/MCUXpressoIDE_24.12.148/ide/tools/bin/../lib/gcc/arm-none-eabi/13.2.1/thumb/v7e-m+dp/hard\libc_nano.a(libc_a-init.o)
 .ARM.attributes
                0x000004d3       0x17 C:/NXP/MCUXpressoIDE_24.12.148/ide/tools/bin/../lib/gcc/arm-none-eabi/13.2.1/thumb/v7e-m+dp/hard\libc_nano.a(libc_a-strlen.o)
 .ARM.attributes
                0x000004ea       0x32 C:/NXP/MCUXpressoIDE_24.12.148/ide/tools/bin/../lib/gcc/arm-none-eabi/13.2.1/../../../../arm-none-eabi/lib/thumb/v7e-m+dp/hard\libcr_newlib_nohost.a(_exit.o)
 .ARM.attributes
                0x0000051c       0x32 C:/NXP/MCUXpressoIDE_24.12.148/ide/tools/bin/../lib/gcc/arm-none-eabi/13.2.1/thumb/v7e-m+dp/hard/crtend.o
 .ARM.attributes
                0x0000054e       0x20 C:/NXP/MCUXpressoIDE_24.12.148/ide/tools/bin/../lib/gcc/arm-none-eabi/13.2.1/thumb/v7e-m+dp/hard/crtn.o
                0x00000001                        ASSERT ((__StackLimit >= __HeapLimit), region m_data overflowed with stack and heap)
OUTPUT(sdma_scatter_gather_cm7.elf elf32-littlearm)
LOAD linker stubs

.debug_line_str
                0x00000000      0x39f
 .debug_line_str
                0x00000000      0x39f C:/NXP/MCUXpressoIDE_24.12.148/ide/tools/bin/../lib/gcc/arm-none-eabi/13.2.1/thumb/v7e-m+dp/hard/crt0.o
                                 0xd6 (size before relaxing)
 .debug_line_str
                0x0000039f       0xaf CMakeFiles/sdma_scatter_gather_cm7.elf.dir/c_/Users/TChyn/Downloads/SDK_25_06_00_EVK-MIMX8MP/devices/MIMX8ML8/gcc/startup_MIMX8ML8_cm7.S.obj
 .debug_line_str
                0x0000039f       0xab CMakeFiles/sdma_scatter_gather_cm7.elf.dir/c_/Users/TChyn/Downloads/SDK_25_06_00_EVK-MIMX8MP/devices/MIMX8ML8/utilities/fsl_memcpy.S.obj
 .debug_line_str
                0x0000039f       0xc9 C:/NXP/MCUXpressoIDE_24.12.148/ide/tools/bin/../lib/gcc/arm-none-eabi/13.2.1/thumb/v7e-m+dp/hard\libgcc.a(_aeabi_uldivmod.o)
 .debug_line_str
                0x0000039f       0xcd C:/NXP/MCUXpressoIDE_24.12.148/ide/tools/bin/../lib/gcc/arm-none-eabi/13.2.1/thumb/v7e-m+dp/hard\libgcc.a(_dvmd_tls.o)
 .debug_line_str
                0x0000039f       0xeb C:/NXP/MCUXpressoIDE_24.12.148/ide/tools/bin/../lib/gcc/arm-none-eabi/13.2.1/thumb/v7e-m+dp/hard\libc_nano.a(libc_a-strlen.o)

.debug_info     0x00000000     0xfcce
 .debug_info    0x00000000      0xece CMakeFiles/sdma_scatter_gather_cm7.elf.dir/C_/Users/TChyn/Desktop/Chyn/firmware-and-dts/M7/sdma_scatter_gather/sdma_scatter_gather.c.obj
 .debug_info    0x00000ece       0xa9 CMakeFiles/sdma_scatter_gather_cm7.elf.dir/C_/Users/TChyn/Desktop/Chyn/firmware-and-dts/M7/sdma_scatter_gather/empty_rsc_table.c.obj
 .debug_info    0x00000f77     0x1851 CMakeFiles/sdma_scatter_gather_cm7.elf.dir/C_/Users/TChyn/Desktop/Chyn/firmware-and-dts/M7/sdma_scatter_gather/board.c.obj
 .debug_info    0x000027c8     0x1329 CMakeFiles/sdma_scatter_gather_cm7.elf.dir/C_/Users/TChyn/Desktop/Chyn/firmware-and-dts/M7/sdma_scatter_gather/clock_config.c.obj
 .debug_info    0x00003af1      0x1a4 CMakeFiles/sdma_scatter_gather_cm7.elf.dir/C_/Users/TChyn/Desktop/Chyn/firmware-and-dts/M7/sdma_scatter_gather/pin_mux.c.obj
 .debug_info    0x00003c95       0xa9 CMakeFiles/sdma_scatter_gather_cm7.elf.dir/C_/Users/TChyn/Desktop/Chyn/firmware-and-dts/M7/sdma_scatter_gather/hardware_init.c.obj
 .debug_info    0x00003d3e      0xbe8 CMakeFiles/sdma_scatter_gather_cm7.elf.dir/c_/Users/TChyn/Downloads/SDK_25_06_00_EVK-MIMX8MP/components/uart/fsl_adapter_iuart.c.obj
 .debug_info    0x00004926      0xf1c CMakeFiles/sdma_scatter_gather_cm7.elf.dir/c_/Users/TChyn/Downloads/SDK_25_06_00_EVK-MIMX8MP/devices/MIMX8ML8/gcc/startup_MIMX8ML8_cm7.S.obj
 .debug_info    0x00005842      0xb73 CMakeFiles/sdma_scatter_gather_cm7.elf.dir/c_/Users/TChyn/Downloads/SDK_25_06_00_EVK-MIMX8MP/devices/MIMX8ML8/system_MIMX8ML8_cm7.c.obj
 .debug_info    0x000063b5      0x834 CMakeFiles/sdma_scatter_gather_cm7.elf.dir/c_/Users/TChyn/Downloads/SDK_25_06_00_EVK-MIMX8MP/devices/MIMX8ML8/drivers/fsl_audiomix.c.obj
 .debug_info    0x00006be9     0x1ff6 CMakeFiles/sdma_scatter_gather_cm7.elf.dir/c_/Users/TChyn/Downloads/SDK_25_06_00_EVK-MIMX8MP/devices/MIMX8ML8/drivers/fsl_clock.c.obj
 .debug_info    0x00008bdf     0x2379 CMakeFiles/sdma_scatter_gather_cm7.elf.dir/c_/Users/TChyn/Downloads/SDK_25_06_00_EVK-MIMX8MP/devices/MIMX8ML8/drivers/fsl_uart.c.obj
 .debug_info    0x0000af58     0x15c3 CMakeFiles/sdma_scatter_gather_cm7.elf.dir/c_/Users/TChyn/Downloads/SDK_25_06_00_EVK-MIMX8MP/devices/MIMX8ML8/drivers/fsl_rdc.c.obj
 .debug_info    0x0000c51b     0x28c6 CMakeFiles/sdma_scatter_gather_cm7.elf.dir/c_/Users/TChyn/Downloads/SDK_25_06_00_EVK-MIMX8MP/devices/MIMX8ML8/drivers/fsl_sdma.c.obj
 .debug_info    0x0000ede1       0x25 CMakeFiles/sdma_scatter_gather_cm7.elf.dir/c_/Users/TChyn/Downloads/SDK_25_06_00_EVK-MIMX8MP/devices/MIMX8ML8/utilities/fsl_memcpy.S.obj
 .debug_info    0x0000ee06      0x126 CMakeFiles/sdma_scatter_gather_cm7.elf.dir/c_/Users/TChyn/Downloads/SDK_25_06_00_EVK-MIMX8MP/devices/MIMX8ML8/utilities/debug_console_lite/fsl_assert.c.obj
 .debug_info    0x0000ef2c      0xcff CMakeFiles/sdma_scatter_gather_cm7.elf.dir/c_/Users/TChyn/Downloads/SDK_25_06_00_EVK-MIMX8MP/devices/MIMX8ML8/utilities/debug_console_lite/fsl_debug_console.c.obj
 .debug_info    0x0000fc2b       0xa3 C:/NXP/MCUXpressoIDE_24.12.148/ide/tools/bin/../lib/gcc/arm-none-eabi/13.2.1/../../../../arm-none-eabi/lib/thumb/v7e-m+dp/hard\libcr_newlib_nohost.a(_exit.o)

.debug_abbrev   0x00000000     0x1ffa
 .debug_abbrev  0x00000000      0x28e CMakeFiles/sdma_scatter_gather_cm7.elf.dir/C_/Users/TChyn/Desktop/Chyn/firmware-and-dts/M7/sdma_scatter_gather/sdma_scatter_gather.c.obj
 .debug_abbrev  0x0000028e       0x61 CMakeFiles/sdma_scatter_gather_cm7.elf.dir/C_/Users/TChyn/Desktop/Chyn/firmware-and-dts/M7/sdma_scatter_gather/empty_rsc_table.c.obj
 .debug_abbrev  0x000002ef      0x36f CMakeFiles/sdma_scatter_gather_cm7.elf.dir/C_/Users/TChyn/Desktop/Chyn/firmware-and-dts/M7/sdma_scatter_gather/board.c.obj
 .debug_abbrev  0x0000065e      0x1dd CMakeFiles/sdma_scatter_gather_cm7.elf.dir/C_/Users/TChyn/Desktop/Chyn/firmware-and-dts/M7/sdma_scatter_gather/clock_config.c.obj
 .debug_abbrev  0x0000083b       0x96 CMakeFiles/sdma_scatter_gather_cm7.elf.dir/C_/Users/TChyn/Desktop/Chyn/firmware-and-dts/M7/sdma_scatter_gather/pin_mux.c.obj
 .debug_abbrev  0x000008d1       0x57 CMakeFiles/sdma_scatter_gather_cm7.elf.dir/C_/Users/TChyn/Desktop/Chyn/firmware-and-dts/M7/sdma_scatter_gather/hardware_init.c.obj
 .debug_abbrev  0x00000928      0x1e1 CMakeFiles/sdma_scatter_gather_cm7.elf.dir/c_/Users/TChyn/Downloads/SDK_25_06_00_EVK-MIMX8MP/components/uart/fsl_adapter_iuart.c.obj
 .debug_abbrev  0x00000b09       0x26 CMakeFiles/sdma_scatter_gather_cm7.elf.dir/c_/Users/TChyn/Downloads/SDK_25_06_00_EVK-MIMX8MP/devices/MIMX8ML8/gcc/startup_MIMX8ML8_cm7.S.obj
 .debug_abbrev  0x00000b2f      0x1f5 CMakeFiles/sdma_scatter_gather_cm7.elf.dir/c_/Users/TChyn/Downloads/SDK_25_06_00_EVK-MIMX8MP/devices/MIMX8ML8/system_MIMX8ML8_cm7.c.obj
 .debug_abbrev  0x00000d24      0x1be CMakeFiles/sdma_scatter_gather_cm7.elf.dir/c_/Users/TChyn/Downloads/SDK_25_06_00_EVK-MIMX8MP/devices/MIMX8ML8/drivers/fsl_audiomix.c.obj
 .debug_abbrev  0x00000ee2      0x309 CMakeFiles/sdma_scatter_gather_cm7.elf.dir/c_/Users/TChyn/Downloads/SDK_25_06_00_EVK-MIMX8MP/devices/MIMX8ML8/drivers/fsl_clock.c.obj
 .debug_abbrev  0x000011eb      0x3cd CMakeFiles/sdma_scatter_gather_cm7.elf.dir/c_/Users/TChyn/Downloads/SDK_25_06_00_EVK-MIMX8MP/devices/MIMX8ML8/drivers/fsl_uart.c.obj
 .debug_abbrev  0x000015b8      0x2dd CMakeFiles/sdma_scatter_gather_cm7.elf.dir/c_/Users/TChyn/Downloads/SDK_25_06_00_EVK-MIMX8MP/devices/MIMX8ML8/drivers/fsl_rdc.c.obj
 .debug_abbrev  0x00001895      0x3e6 CMakeFiles/sdma_scatter_gather_cm7.elf.dir/c_/Users/TChyn/Downloads/SDK_25_06_00_EVK-MIMX8MP/devices/MIMX8ML8/drivers/fsl_sdma.c.obj
 .debug_abbrev  0x00001c7b       0x14 CMakeFiles/sdma_scatter_gather_cm7.elf.dir/c_/Users/TChyn/Downloads/SDK_25_06_00_EVK-MIMX8MP/devices/MIMX8ML8/utilities/fsl_memcpy.S.obj
 .debug_abbrev  0x00001c8f       0xa8 CMakeFiles/sdma_scatter_gather_cm7.elf.dir/c_/Users/TChyn/Downloads/SDK_25_06_00_EVK-MIMX8MP/devices/MIMX8ML8/utilities/debug_console_lite/fsl_assert.c.obj
 .debug_abbrev  0x00001d37      0x25c CMakeFiles/sdma_scatter_gather_cm7.elf.dir/c_/Users/TChyn/Downloads/SDK_25_06_00_EVK-MIMX8MP/devices/MIMX8ML8/utilities/debug_console_lite/fsl_debug_console.c.obj
 .debug_abbrev  0x00001f93       0x67 C:/NXP/MCUXpressoIDE_24.12.148/ide/tools/bin/../lib/gcc/arm-none-eabi/13.2.1/../../../../arm-none-eabi/lib/thumb/v7e-m+dp/hard\libcr_newlib_nohost.a(_exit.o)

.debug_aranges  0x00000000      0x778
 .debug_aranges
                0x00000000       0x30 CMakeFiles/sdma_scatter_gather_cm7.elf.dir/C_/Users/TChyn/Desktop/Chyn/firmware-and-dts/M7/sdma_scatter_gather/sdma_scatter_gather.c.obj
 .debug_aranges
                0x00000030       0x18 CMakeFiles/sdma_scatter_gather_cm7.elf.dir/C_/Users/TChyn/Desktop/Chyn/firmware-and-dts/M7/sdma_scatter_gather/empty_rsc_table.c.obj
 .debug_aranges
                0x00000048       0x68 CMakeFiles/sdma_scatter_gather_cm7.elf.dir/C_/Users/TChyn/Desktop/Chyn/firmware-and-dts/M7/sdma_scatter_gather/board.c.obj
 .debug_aranges
                0x000000b0       0x30 CMakeFiles/sdma_scatter_gather_cm7.elf.dir/C_/Users/TChyn/Desktop/Chyn/firmware-and-dts/M7/sdma_scatter_gather/clock_config.c.obj
 .debug_aranges
                0x000000e0       0x38 CMakeFiles/sdma_scatter_gather_cm7.elf.dir/C_/Users/TChyn/Desktop/Chyn/firmware-and-dts/M7/sdma_scatter_gather/pin_mux.c.obj
 .debug_aranges
                0x00000118       0x20 CMakeFiles/sdma_scatter_gather_cm7.elf.dir/C_/Users/TChyn/Desktop/Chyn/firmware-and-dts/M7/sdma_scatter_gather/hardware_init.c.obj
 .debug_aranges
                0x00000138       0x50 CMakeFiles/sdma_scatter_gather_cm7.elf.dir/c_/Users/TChyn/Downloads/SDK_25_06_00_EVK-MIMX8MP/components/uart/fsl_adapter_iuart.c.obj
 .debug_aranges
                0x00000188       0x20 CMakeFiles/sdma_scatter_gather_cm7.elf.dir/c_/Users/TChyn/Downloads/SDK_25_06_00_EVK-MIMX8MP/devices/MIMX8ML8/gcc/startup_MIMX8ML8_cm7.S.obj
 .debug_aranges
                0x000001a8       0x40 CMakeFiles/sdma_scatter_gather_cm7.elf.dir/c_/Users/TChyn/Downloads/SDK_25_06_00_EVK-MIMX8MP/devices/MIMX8ML8/system_MIMX8ML8_cm7.c.obj
 .debug_aranges
                0x000001e8       0x38 CMakeFiles/sdma_scatter_gather_cm7.elf.dir/c_/Users/TChyn/Downloads/SDK_25_06_00_EVK-MIMX8MP/devices/MIMX8ML8/drivers/fsl_audiomix.c.obj
 .debug_aranges
                0x00000220      0x148 CMakeFiles/sdma_scatter_gather_cm7.elf.dir/c_/Users/TChyn/Downloads/SDK_25_06_00_EVK-MIMX8MP/devices/MIMX8ML8/drivers/fsl_clock.c.obj
 .debug_aranges
                0x00000368      0x160 CMakeFiles/sdma_scatter_gather_cm7.elf.dir/c_/Users/TChyn/Downloads/SDK_25_06_00_EVK-MIMX8MP/devices/MIMX8ML8/drivers/fsl_uart.c.obj
 .debug_aranges
                0x000004c8       0x70 CMakeFiles/sdma_scatter_gather_cm7.elf.dir/c_/Users/TChyn/Downloads/SDK_25_06_00_EVK-MIMX8MP/devices/MIMX8ML8/drivers/fsl_rdc.c.obj
 .debug_aranges
                0x00000538      0x160 CMakeFiles/sdma_scatter_gather_cm7.elf.dir/c_/Users/TChyn/Downloads/SDK_25_06_00_EVK-MIMX8MP/devices/MIMX8ML8/drivers/fsl_sdma.c.obj
 .debug_aranges
                0x00000698       0x20 CMakeFiles/sdma_scatter_gather_cm7.elf.dir/c_/Users/TChyn/Downloads/SDK_25_06_00_EVK-MIMX8MP/devices/MIMX8ML8/utilities/fsl_memcpy.S.obj
 .debug_aranges
                0x000006b8       0x28 CMakeFiles/sdma_scatter_gather_cm7.elf.dir/c_/Users/TChyn/Downloads/SDK_25_06_00_EVK-MIMX8MP/devices/MIMX8ML8/utilities/debug_console_lite/fsl_assert.c.obj
 .debug_aranges
                0x000006e0       0x78 CMakeFiles/sdma_scatter_gather_cm7.elf.dir/c_/Users/TChyn/Downloads/SDK_25_06_00_EVK-MIMX8MP/devices/MIMX8ML8/utilities/debug_console_lite/fsl_debug_console.c.obj
 .debug_aranges
                0x00000758       0x20 C:/NXP/MCUXpressoIDE_24.12.148/ide/tools/bin/../lib/gcc/arm-none-eabi/13.2.1/../../../../arm-none-eabi/lib/thumb/v7e-m+dp/hard\libcr_newlib_nohost.a(_exit.o)

.debug_rnglists
                0x00000000      0x538
 .debug_rnglists
                0x00000000       0x20 CMakeFiles/sdma_scatter_gather_cm7.elf.dir/C_/Users/TChyn/Desktop/Chyn/firmware-and-dts/M7/sdma_scatter_gather/sdma_scatter_gather.c.obj
 .debug_rnglists