c:/Users/TChyn/Downloads/SDK_25_06_00_MIMX8ML8xxxKZ/middleware/multicore/rpmsg-lite/lib/virtio/virtqueue.c:648:13:vq_ring_update_avail	8	static
c:/Users/TChyn/Downloads/SDK_25_06_00_MIMX8ML8xxxKZ/middleware/multicore/rpmsg-lite/lib/virtio/virtqueue.c:683:13:vq_ring_update_used	16	static
c:/Users/TChyn/Downloads/SDK_25_06_00_MIMX8ML8xxxKZ/middleware/multicore/rpmsg-lite/lib/virtio/virtqueue.c:121:9:virtqueue_create	40	static
c:/Users/TChyn/Downloads/SDK_25_06_00_MIMX8ML8xxxKZ/middleware/multicore/rpmsg-lite/lib/virtio/virtqueue.c:182:9:virtqueue_add_buffer	16	static
c:/Users/TChyn/Downloads/SDK_25_06_00_MIMX8ML8xxxKZ/middleware/multicore/rpmsg-lite/lib/virtio/virtqueue.c:215:9:virtqueue_fill_avail_buffers	40	static
c:/Users/TChyn/Downloads/SDK_25_06_00_MIMX8ML8xxxKZ/middleware/multicore/rpmsg-lite/lib/virtio/virtqueue.c:260:7:virtqueue_get_buffer	24	static
c:/Users/TChyn/Downloads/SDK_25_06_00_MIMX8ML8xxxKZ/middleware/multicore/rpmsg-lite/lib/virtio/virtqueue.c:311:10:virtqueue_get_buffer_length	0	static
c:/Users/TChyn/Downloads/SDK_25_06_00_MIMX8ML8xxxKZ/middleware/multicore/rpmsg-lite/lib/virtio/virtqueue.c:343:6:virtqueue_free	0	static
c:/Users/TChyn/Downloads/SDK_25_06_00_MIMX8ML8xxxKZ/middleware/multicore/rpmsg-lite/lib/virtio/virtqueue.c:368:7:virtqueue_get_available_buffer	16	static
c:/Users/TChyn/Downloads/SDK_25_06_00_MIMX8ML8xxxKZ/middleware/multicore/rpmsg-lite/lib/virtio/virtqueue.c:412:9:virtqueue_add_consumed_buffer	8	static
c:/Users/TChyn/Downloads/SDK_25_06_00_MIMX8ML8xxxKZ/middleware/multicore/rpmsg-lite/lib/virtio/virtqueue.c:435:9:virtqueue_fill_used_buffers	32	static
c:/Users/TChyn/Downloads/SDK_25_06_00_MIMX8ML8xxxKZ/middleware/multicore/rpmsg-lite/lib/virtio/virtqueue.c:464:9:virtqueue_enable_cb	8	static
c:/Users/TChyn/Downloads/SDK_25_06_00_MIMX8ML8xxxKZ/middleware/multicore/rpmsg-lite/lib/virtio/virtqueue.c:477:6:virtqueue_disable_cb	0	static
c:/Users/TChyn/Downloads/SDK_25_06_00_MIMX8ML8xxxKZ/middleware/multicore/rpmsg-lite/lib/virtio/virtqueue.c:503:6:virtqueue_kick	8	static
c:/Users/TChyn/Downloads/SDK_25_06_00_MIMX8ML8xxxKZ/middleware/multicore/rpmsg-lite/lib/virtio/virtqueue.c:524:6:virtqueue_dump	48	static
c:/Users/TChyn/Downloads/SDK_25_06_00_MIMX8ML8xxxKZ/middleware/multicore/rpmsg-lite/lib/virtio/virtqueue.c:553:10:virtqueue_get_desc_size	0	static
c:/Users/TChyn/Downloads/SDK_25_06_00_MIMX8ML8xxxKZ/middleware/multicore/rpmsg-lite/lib/virtio/virtqueue.c:628:6:vq_ring_init	0	static
c:/Users/TChyn/Downloads/SDK_25_06_00_MIMX8ML8xxxKZ/middleware/multicore/rpmsg-lite/lib/virtio/virtqueue.c:758:6:virtqueue_notification	0	static
