C:/Users/TChyn/Desktop/Chyn/M7/evkmimx8mp_rpmsg_lite_str_echo_rtos_remote_cm7/main.c:53:13:wake_task	16	static
C:/Users/TChyn/Desktop/Chyn/M7/evkmimx8mp_rpmsg_lite_str_echo_rtos_remote_cm7/main.c:75:6:app_destroy_task	8	static
C:/Users/TChyn/Desktop/Chyn/M7/evkmimx8mp_rpmsg_lite_str_echo_rtos_remote_cm7/main.c:109:6:app_task	56	static
C:/Users/TChyn/Desktop/Chyn/M7/evkmimx8mp_rpmsg_lite_str_echo_rtos_remote_cm7/main.c:183:6:app_create_task	16	static
C:/Users/TChyn/Desktop/Chyn/M7/evkmimx8mp_rpmsg_lite_str_echo_rtos_remote_cm7/main.c:196:5:main	8	static
