c:/Users/TChyn/Downloads/SDK_25_06_00_MIMX8ML8xxxKZ (1)/CMSIS/Core/Include/core_cm7.h:2013:22:__NVIC_EnableIRQ	16	static
c:/Users/TChyn/Downloads/SDK_25_06_00_MIMX8ML8xxxKZ (1)/devices/MIMX8ML8/drivers/fsl_common_arm.h:672:24:EnableIRQ	24	static
c:/Users/TChyn/Downloads/SDK_25_06_00_MIMX8ML8xxxKZ (1)/devices/MIMX8ML8/drivers/fsl_uart.h:274:20:UART_SoftwareReset	16	static
c:/Users/TChyn/Downloads/SDK_25_06_00_MIMX8ML8xxxKZ (1)/devices/MIMX8ML8/drivers/fsl_uart.h:366:20:UART_Enable	16	static
c:/Users/TChyn/Downloads/SDK_25_06_00_MIMX8ML8xxxKZ (1)/devices/MIMX8ML8/drivers/fsl_uart.h:387:20:UART_Disable	16	static
c:/Users/TChyn/Downloads/SDK_25_06_00_MIMX8ML8xxxKZ (1)/devices/MIMX8ML8/drivers/fsl_uart.h:536:20:UART_WriteByte	16	static
c:/Users/TChyn/Downloads/SDK_25_06_00_MIMX8ML8xxxKZ (1)/devices/MIMX8ML8/drivers/fsl_uart.h:551:23:UART_ReadByte	16	static
c:/Users/TChyn/Downloads/SDK_25_06_00_MIMX8ML8xxxKZ (1)/devices/MIMX8ML8/drivers/fsl_uart.h:832:20:UART_SetTxFifoWatermark	16	static
c:/Users/TChyn/Downloads/SDK_25_06_00_MIMX8ML8xxxKZ (1)/devices/MIMX8ML8/drivers/fsl_uart.h:847:20:UART_SetRxRTSWatermark	16	static
c:/Users/TChyn/Downloads/SDK_25_06_00_MIMX8ML8xxxKZ (1)/devices/MIMX8ML8/drivers/fsl_uart.h:861:20:UART_SetRxFifoWatermark	16	static
c:/Users/TChyn/Downloads/SDK_25_06_00_MIMX8ML8xxxKZ (1)/devices/MIMX8ML8/drivers/fsl_uart.h:883:20:UART_EnableAutoBaudRate	16	static
c:/Users/TChyn/Downloads/SDK_25_06_00_MIMX8ML8xxxKZ (1)/devices/MIMX8ML8/drivers/fsl_uart.c:103:10:UART_GetInstance	24	static
c:/Users/TChyn/Downloads/SDK_25_06_00_MIMX8ML8xxxKZ (1)/devices/MIMX8ML8/drivers/fsl_uart.c:127:8:UART_TransferGetRxRingBufferLength	24	static
c:/Users/TChyn/Downloads/SDK_25_06_00_MIMX8ML8xxxKZ (1)/devices/MIMX8ML8/drivers/fsl_uart.c:145:13:UART_TransferIsRxRingBufferFull	24	static
c:/Users/TChyn/Downloads/SDK_25_06_00_MIMX8ML8xxxKZ (1)/devices/MIMX8ML8/drivers/fsl_uart.c:191:10:UART_Init	24	static
c:/Users/TChyn/Downloads/SDK_25_06_00_MIMX8ML8xxxKZ (1)/devices/MIMX8ML8/drivers/fsl_uart.c:272:6:UART_Deinit	16	static
c:/Users/TChyn/Downloads/SDK_25_06_00_MIMX8ML8xxxKZ (1)/devices/MIMX8ML8/drivers/fsl_uart.c:307:6:UART_GetDefaultConfig	16	static
c:/Users/TChyn/Downloads/SDK_25_06_00_MIMX8ML8xxxKZ (1)/devices/MIMX8ML8/drivers/fsl_uart.c:352:10:UART_SetBaudRate	192	static
c:/Users/TChyn/Downloads/SDK_25_06_00_MIMX8ML8xxxKZ (1)/devices/MIMX8ML8/drivers/fsl_uart.c:474:6:UART_EnableInterrupts	16	static
c:/Users/TChyn/Downloads/SDK_25_06_00_MIMX8ML8xxxKZ (1)/devices/MIMX8ML8/drivers/fsl_uart.c:531:6:UART_DisableInterrupts	16	static
c:/Users/TChyn/Downloads/SDK_25_06_00_MIMX8ML8xxxKZ (1)/devices/MIMX8ML8/drivers/fsl_uart.c:595:10:UART_GetEnabledInterrupts	24	static
c:/Users/TChyn/Downloads/SDK_25_06_00_MIMX8ML8xxxKZ (1)/devices/MIMX8ML8/drivers/fsl_uart.c:642:6:UART_GetStatusFlag	24	static
c:/Users/TChyn/Downloads/SDK_25_06_00_MIMX8ML8xxxKZ (1)/devices/MIMX8ML8/drivers/fsl_uart.c:658:6:UART_ClearStatusFlag	24	static
c:/Users/TChyn/Downloads/SDK_25_06_00_MIMX8ML8xxxKZ (1)/devices/MIMX8ML8/drivers/fsl_uart.c:681:10:UART_WriteBlocking	24	static
c:/Users/TChyn/Downloads/SDK_25_06_00_MIMX8ML8xxxKZ (1)/devices/MIMX8ML8/drivers/fsl_uart.c:740:10:UART_ReadBlocking	40	static
c:/Users/TChyn/Downloads/SDK_25_06_00_MIMX8ML8xxxKZ (1)/devices/MIMX8ML8/drivers/fsl_uart.c:801:13:UART_WriteNonBlocking	32	static
c:/Users/TChyn/Downloads/SDK_25_06_00_MIMX8ML8xxxKZ (1)/devices/MIMX8ML8/drivers/fsl_uart.c:817:13:UART_ReadNonBlocking	32	static
c:/Users/TChyn/Downloads/SDK_25_06_00_MIMX8ML8xxxKZ (1)/devices/MIMX8ML8/drivers/fsl_uart.c:845:6:UART_TransferCreateHandle	32	static
c:/Users/TChyn/Downloads/SDK_25_06_00_MIMX8ML8xxxKZ (1)/devices/MIMX8ML8/drivers/fsl_uart.c:894:6:UART_TransferStartRingBuffer	24	static
c:/Users/TChyn/Downloads/SDK_25_06_00_MIMX8ML8xxxKZ (1)/devices/MIMX8ML8/drivers/fsl_uart.c:919:6:UART_TransferStopRingBuffer	16	static
c:/Users/TChyn/Downloads/SDK_25_06_00_MIMX8ML8xxxKZ (1)/devices/MIMX8ML8/drivers/fsl_uart.c:955:10:UART_TransferSendNonBlocking	32	static
c:/Users/TChyn/Downloads/SDK_25_06_00_MIMX8ML8xxxKZ (1)/devices/MIMX8ML8/drivers/fsl_uart.c:993:6:UART_TransferAbortSend	16	static
c:/Users/TChyn/Downloads/SDK_25_06_00_MIMX8ML8xxxKZ (1)/devices/MIMX8ML8/drivers/fsl_uart.c:1016:10:UART_TransferGetSendCount	24	static
c:/Users/TChyn/Downloads/SDK_25_06_00_MIMX8ML8xxxKZ (1)/devices/MIMX8ML8/drivers/fsl_uart.c:1057:10:UART_TransferReceiveNonBlocking	56	static
c:/Users/TChyn/Downloads/SDK_25_06_00_MIMX8ML8xxxKZ (1)/devices/MIMX8ML8/drivers/fsl_uart.c:1184:6:UART_TransferAbortReceive	16	static
c:/Users/TChyn/Downloads/SDK_25_06_00_MIMX8ML8xxxKZ (1)/devices/MIMX8ML8/drivers/fsl_uart.c:1213:10:UART_TransferGetReceiveCount	24	static
c:/Users/TChyn/Downloads/SDK_25_06_00_MIMX8ML8xxxKZ (1)/devices/MIMX8ML8/drivers/fsl_uart.c:1241:6:UART_TransferHandleIRQ	32	static
c:/Users/TChyn/Downloads/SDK_25_06_00_MIMX8ML8xxxKZ (1)/devices/MIMX8ML8/drivers/fsl_uart.c:1532:6:UART1_DriverIRQHandler	8	static
c:/Users/TChyn/Downloads/SDK_25_06_00_MIMX8ML8xxxKZ (1)/devices/MIMX8ML8/drivers/fsl_uart.c:1541:6:UART2_DriverIRQHandler	8	static
c:/Users/TChyn/Downloads/SDK_25_06_00_MIMX8ML8xxxKZ (1)/devices/MIMX8ML8/drivers/fsl_uart.c:1550:6:UART3_DriverIRQHandler	8	static
c:/Users/TChyn/Downloads/SDK_25_06_00_MIMX8ML8xxxKZ (1)/devices/MIMX8ML8/drivers/fsl_uart.c:1559:6:UART4_DriverIRQHandler	8	static
