c:/Users/TChyn/Downloads/SDK_25_06_00_MIMX8ML8xxxKZ/middleware/multicore/rpmsg-lite/lib/rpmsg_lite/rpmsg_ns.c:71:16:rpmsg_ns_rx_cb	8	static
c:/Users/TChyn/Downloads/SDK_25_06_00_MIMX8ML8xxxKZ/middleware/multicore/rpmsg-lite/lib/rpmsg_lite/rpmsg_ns.c:93:17:rpmsg_ns_bind	24	static
c:/Users/TChyn/Downloads/SDK_25_06_00_MIMX8ML8xxxKZ/middleware/multicore/rpmsg-lite/lib/rpmsg_lite/rpmsg_ns.c:148:9:rpmsg_ns_unbind	16	static
c:/Users/TChyn/Downloads/SDK_25_06_00_MIMX8ML8xxxKZ/middleware/multicore/rpmsg-lite/lib/rpmsg_lite/rpmsg_ns.c:166:9:rpmsg_ns_announce	64	static
