c:/Users/TChyn/Downloads/SDK_25_06_00_MIMX8ML8xxxKZ/middleware/multicore/rpmsg-lite/lib/rpmsg_lite/rpmsg_lite.c:475:13:virtqueue_notify	0	static
c:/Users/TChyn/Downloads/SDK_25_06_00_MIMX8ML8xxxKZ/middleware/multicore/rpmsg-lite/lib/rpmsg_lite/rpmsg_lite.c:442:13:vq_rx_free_master	8	static
c:/Users/TChyn/Downloads/SDK_25_06_00_MIMX8ML8xxxKZ/middleware/multicore/rpmsg-lite/lib/rpmsg_lite/rpmsg_lite.c:370:13:vq_tx_master	16	static
c:/Users/TChyn/Downloads/SDK_25_06_00_MIMX8ML8xxxKZ/middleware/multicore/rpmsg-lite/lib/rpmsg_lite/rpmsg_lite.c:394:14:vq_tx_alloc_master	16	static
c:/Users/TChyn/Downloads/SDK_25_06_00_MIMX8ML8xxxKZ/middleware/multicore/rpmsg-lite/lib/rpmsg_lite/rpmsg_lite.c:418:14:vq_rx_master	0	static
c:/Users/TChyn/Downloads/SDK_25_06_00_MIMX8ML8xxxKZ/middleware/multicore/rpmsg-lite/lib/rpmsg_lite/rpmsg_lite.c:233:13:rpmsg_lite_tx_callback	0	static
c:/Users/TChyn/Downloads/SDK_25_06_00_MIMX8ML8xxxKZ/middleware/multicore/rpmsg-lite/lib/rpmsg_lite/rpmsg_lite.c:333:13:vq_rx_free_remote	8	static
c:/Users/TChyn/Downloads/SDK_25_06_00_MIMX8ML8xxxKZ/middleware/multicore/rpmsg-lite/lib/rpmsg_lite/rpmsg_lite.c:264:13:vq_tx_remote	16	static
c:/Users/TChyn/Downloads/SDK_25_06_00_MIMX8ML8xxxKZ/middleware/multicore/rpmsg-lite/lib/rpmsg_lite/rpmsg_lite.c:288:14:vq_tx_alloc_remote	16	static
c:/Users/TChyn/Downloads/SDK_25_06_00_MIMX8ML8xxxKZ/middleware/multicore/rpmsg-lite/lib/rpmsg_lite/rpmsg_lite.c:311:14:vq_rx_remote	0	static
c:/Users/TChyn/Downloads/SDK_25_06_00_MIMX8ML8xxxKZ/middleware/multicore/rpmsg-lite/lib/rpmsg_lite/rpmsg_lite.c:131:22:rpmsg_lite_get_endpoint_from_addr.isra	0	static
c:/Users/TChyn/Downloads/SDK_25_06_00_MIMX8ML8xxxKZ/middleware/multicore/rpmsg-lite/lib/rpmsg_lite/rpmsg_lite.c:166:13:rpmsg_lite_rx_callback	24	static
c:/Users/TChyn/Downloads/SDK_25_06_00_MIMX8ML8xxxKZ/middleware/multicore/rpmsg-lite/lib/rpmsg_lite/rpmsg_lite.c:501:29:rpmsg_lite_create_ept	32	static
c:/Users/TChyn/Downloads/SDK_25_06_00_MIMX8ML8xxxKZ/middleware/multicore/rpmsg-lite/lib/rpmsg_lite/rpmsg_lite.c:595:9:rpmsg_lite_destroy_ept	16	static
c:/Users/TChyn/Downloads/SDK_25_06_00_MIMX8ML8xxxKZ/middleware/multicore/rpmsg-lite/lib/rpmsg_lite/rpmsg_lite.c:638:10:rpmsg_lite_is_link_up	0	static
c:/Users/TChyn/Downloads/SDK_25_06_00_MIMX8ML8xxxKZ/middleware/multicore/rpmsg-lite/lib/rpmsg_lite/rpmsg_lite.c:650:10:rpmsg_lite_wait_for_link_up	0	static
c:/Users/TChyn/Downloads/SDK_25_06_00_MIMX8ML8xxxKZ/middleware/multicore/rpmsg-lite/lib/rpmsg_lite/rpmsg_lite.c:752:9:rpmsg_lite_send	48	static
c:/Users/TChyn/Downloads/SDK_25_06_00_MIMX8ML8xxxKZ/middleware/multicore/rpmsg-lite/lib/rpmsg_lite/rpmsg_lite.c:781:7:rpmsg_lite_alloc_tx_buffer	32	static
c:/Users/TChyn/Downloads/SDK_25_06_00_MIMX8ML8xxxKZ/middleware/multicore/rpmsg-lite/lib/rpmsg_lite/rpmsg_lite.c:844:9:rpmsg_lite_send_nocopy	24	static
c:/Users/TChyn/Downloads/SDK_25_06_00_MIMX8ML8xxxKZ/middleware/multicore/rpmsg-lite/lib/rpmsg_lite/rpmsg_lite.c:917:9:rpmsg_lite_release_rx_buffer	24	static
c:/Users/TChyn/Downloads/SDK_25_06_00_MIMX8ML8xxxKZ/middleware/multicore/rpmsg-lite/lib/rpmsg_lite/rpmsg_lite.c:981:29:rpmsg_lite_master_init	96	static
c:/Users/TChyn/Downloads/SDK_25_06_00_MIMX8ML8xxxKZ/middleware/multicore/rpmsg-lite/lib/rpmsg_lite/rpmsg_lite.c:1299:29:rpmsg_lite_remote_init	88	static
c:/Users/TChyn/Downloads/SDK_25_06_00_MIMX8ML8xxxKZ/middleware/multicore/rpmsg-lite/lib/rpmsg_lite/rpmsg_lite.c:1487:9:rpmsg_lite_deinit	16	static
