c:/Users/TChyn/Downloads/SDK_25_06_00_EVK-MIMX8MP/devices/MIMX8ML8/drivers/fsl_clock.h:1421:24:CLOCK_GetRootPreDivider	16	static
c:/Users/TChyn/Downloads/SDK_25_06_00_EVK-MIMX8MP/devices/MIMX8ML8/drivers/fsl_clock.h:1434:24:CLOCK_GetRootPostDivider	16	static
C:/Users/TChyn/Desktop/Chyn/firmware-and-dts/M7/Rpmsg_i2c_test/main.c:64:13:InitADXL345	56	static
C:/Users/TChyn/Desktop/Chyn/firmware-and-dts/M7/Rpmsg_i2c_test/main.c:141:13:ReadADXL345	64	static
C:/Users/TChyn/Desktop/Chyn/firmware-and-dts/M7/Rpmsg_i2c_test/main.c:178:6:app_task	72	static
C:/Users/TChyn/Desktop/Chyn/firmware-and-dts/M7/Rpmsg_i2c_test/main.c:271:6:app_destroy_task	8	static
C:/Users/TChyn/Desktop/Chyn/firmware-and-dts/M7/Rpmsg_i2c_test/main.c:298:6:app_create_task	16	static
C:/Users/TChyn/Desktop/Chyn/firmware-and-dts/M7/Rpmsg_i2c_test/main.c:309:5:main	8	static
