c:/Users/TChyn/Downloads/SDK_25_06_00_MIMX8ML8xxxKZ/components/i2c/fsl_adapter_ii2c.c:51:25:HAL_I2cGetStatus	0	static
c:/Users/TChyn/Downloads/SDK_25_06_00_MIMX8ML8xxxKZ/components/i2c/fsl_adapter_ii2c.c:100:13:HAL_I2cMasterCallback	16	static
c:/Users/TChyn/Downloads/SDK_25_06_00_MIMX8ML8xxxKZ/components/i2c/fsl_adapter_ii2c.c:113:13:HAL_I2cSlaveCallback	16	static
c:/Users/TChyn/Downloads/SDK_25_06_00_MIMX8ML8xxxKZ/components/i2c/fsl_adapter_ii2c.c:133:18:HAL_I2cMasterInit	24	static
c:/Users/TChyn/Downloads/SDK_25_06_00_MIMX8ML8xxxKZ/components/i2c/fsl_adapter_ii2c.c:154:18:HAL_I2cSlaveInit	24	static
c:/Users/TChyn/Downloads/SDK_25_06_00_MIMX8ML8xxxKZ/components/i2c/fsl_adapter_ii2c.c:175:18:HAL_I2cMasterDeinit	8	static
c:/Users/TChyn/Downloads/SDK_25_06_00_MIMX8ML8xxxKZ/components/i2c/fsl_adapter_ii2c.c:188:18:HAL_I2cSlaveDeinit	8	static
c:/Users/TChyn/Downloads/SDK_25_06_00_MIMX8ML8xxxKZ/components/i2c/fsl_adapter_ii2c.c:201:18:HAL_I2cMasterWriteBlocking	8	static
c:/Users/TChyn/Downloads/SDK_25_06_00_MIMX8ML8xxxKZ/components/i2c/fsl_adapter_ii2c.c:215:18:HAL_I2cMasterReadBlocking	8	static
c:/Users/TChyn/Downloads/SDK_25_06_00_MIMX8ML8xxxKZ/components/i2c/fsl_adapter_ii2c.c:229:18:HAL_I2cSlaveWriteBlocking	8	static
c:/Users/TChyn/Downloads/SDK_25_06_00_MIMX8ML8xxxKZ/components/i2c/fsl_adapter_ii2c.c:240:18:HAL_I2cSlaveReadBlocking	8	static
c:/Users/TChyn/Downloads/SDK_25_06_00_MIMX8ML8xxxKZ/components/i2c/fsl_adapter_ii2c.c:251:18:HAL_I2cMasterTransferBlocking	32	static
c:/Users/TChyn/Downloads/SDK_25_06_00_MIMX8ML8xxxKZ/components/i2c/fsl_adapter_ii2c.c:272:18:HAL_I2cMasterTransferInstallCallback	8	static
c:/Users/TChyn/Downloads/SDK_25_06_00_MIMX8ML8xxxKZ/components/i2c/fsl_adapter_ii2c.c:290:18:HAL_I2cMasterTransferNonBlocking	32	static
c:/Users/TChyn/Downloads/SDK_25_06_00_MIMX8ML8xxxKZ/components/i2c/fsl_adapter_ii2c.c:311:18:HAL_I2cMasterTransferGetCount	8	static
c:/Users/TChyn/Downloads/SDK_25_06_00_MIMX8ML8xxxKZ/components/i2c/fsl_adapter_ii2c.c:323:18:HAL_I2cMasterTransferAbort	8	static
c:/Users/TChyn/Downloads/SDK_25_06_00_MIMX8ML8xxxKZ/components/i2c/fsl_adapter_ii2c.c:334:18:HAL_I2cSlaveTransferInstallCallback	8	static
c:/Users/TChyn/Downloads/SDK_25_06_00_MIMX8ML8xxxKZ/components/i2c/fsl_adapter_ii2c.c:352:18:HAL_I2cSlaveTransferNonBlocking	8	static
c:/Users/TChyn/Downloads/SDK_25_06_00_MIMX8ML8xxxKZ/components/i2c/fsl_adapter_ii2c.c:364:18:HAL_I2cSlaveTransferAbort	8	static
c:/Users/TChyn/Downloads/SDK_25_06_00_MIMX8ML8xxxKZ/components/i2c/fsl_adapter_ii2c.c:377:18:HAL_I2cSlaveTransferGetCount	8	static
