c:/Users/TChyn/Downloads/SDK_25_06_00_MIMX8ML8xxxKZ/devices/MIMX8ML8/utilities/str/fsl_str.c:484:17:ScanIsWhiteSpace	0	static
c:/Users/TChyn/Downloads/SDK_25_06_00_MIMX8ML8xxxKZ/devices/MIMX8ML8/utilities/str/fsl_str.c:494:17:ScanIgnoreWhiteSpace	8	static
c:/Users/TChyn/Downloads/SDK_25_06_00_MIMX8ML8xxxKZ/devices/MIMX8ML8/utilities/str/fsl_str.c:509:16:ConvertRadixNumToString.isra	16	static
c:/Users/TChyn/Downloads/SDK_25_06_00_MIMX8ML8xxxKZ/devices/MIMX8ML8/utilities/str/fsl_str.c:862:5:StrFormatPrintf	88	static
c:/Users/TChyn/Downloads/SDK_25_06_00_MIMX8ML8xxxKZ/devices/MIMX8ML8/utilities/str/fsl_str.c:1538:5:StrFormatScanf	72	static
