Archive member included to satisfy reference by file (symbol)

C:/NXP/MCUXpressoIDE_24.12.148/ide/tools/bin/../lib/gcc/arm-none-eabi/13.2.1/thumb/v7e-m+dp/hard\libgcc.a(_arm_addsubdf3.o)
                              CMakeFiles/hello_world_cm7.elf.dir/c_/Users/TChyn/Downloads/SDK_25_06_00_MIMX8ML8xxxKZ/devices/MIMX8ML8/utilities/debug_console_lite/fsl_debug_console.c.obj (__aeabi_l2d)
C:/NXP/MCUXpressoIDE_24.12.148/ide/tools/bin/../lib/gcc/arm-none-eabi/13.2.1/thumb/v7e-m+dp/hard\libgcc.a(_aeabi_uldivmod.o)
                              CMakeFiles/hello_world_cm7.elf.dir/c_/Users/TChyn/Downloads/SDK_25_06_00_MIMX8ML8xxxKZ/devices/MIMX8ML8/system_MIMX8ML8_cm7.c.obj (__aeabi_uldivmod)
C:/NXP/MCUXpressoIDE_24.12.148/ide/tools/bin/../lib/gcc/arm-none-eabi/13.2.1/thumb/v7e-m+dp/hard\libgcc.a(_fixdfdi.o)
                              CMakeFiles/hello_world_cm7.elf.dir/c_/Users/TChyn/Downloads/SDK_25_06_00_MIMX8ML8xxxKZ/devices/MIMX8ML8/utilities/debug_console_lite/fsl_debug_console.c.obj (__aeabi_d2lz)
C:/NXP/MCUXpressoIDE_24.12.148/ide/tools/bin/../lib/gcc/arm-none-eabi/13.2.1/thumb/v7e-m+dp/hard\libgcc.a(_fixunsdfdi.o)
                              C:/NXP/MCUXpressoIDE_24.12.148/ide/tools/bin/../lib/gcc/arm-none-eabi/13.2.1/thumb/v7e-m+dp/hard\libgcc.a(_fixdfdi.o) (__aeabi_d2ulz)
C:/NXP/MCUXpressoIDE_24.12.148/ide/tools/bin/../lib/gcc/arm-none-eabi/13.2.1/thumb/v7e-m+dp/hard\libgcc.a(_udivmoddi4.o)
                              C:/NXP/MCUXpressoIDE_24.12.148/ide/tools/bin/../lib/gcc/arm-none-eabi/13.2.1/thumb/v7e-m+dp/hard\libgcc.a(_aeabi_uldivmod.o) (__udivmoddi4)
C:/NXP/MCUXpressoIDE_24.12.148/ide/tools/bin/../lib/gcc/arm-none-eabi/13.2.1/thumb/v7e-m+dp/hard\libgcc.a(_dvmd_tls.o)
                              C:/NXP/MCUXpressoIDE_24.12.148/ide/tools/bin/../lib/gcc/arm-none-eabi/13.2.1/thumb/v7e-m+dp/hard\libgcc.a(_aeabi_uldivmod.o) (__aeabi_ldiv0)
C:/NXP/MCUXpressoIDE_24.12.148/ide/tools/bin/../lib/gcc/arm-none-eabi/13.2.1/thumb/v7e-m+dp/hard\libc_nano.a(libc_a-exit.o)
                              C:/NXP/MCUXpressoIDE_24.12.148/ide/tools/bin/../lib/gcc/arm-none-eabi/13.2.1/thumb/v7e-m+dp/hard/crt0.o (exit)
C:/NXP/MCUXpressoIDE_24.12.148/ide/tools/bin/../lib/gcc/arm-none-eabi/13.2.1/thumb/v7e-m+dp/hard\libc_nano.a(libc_a-malloc.o)
                              CMakeFiles/hello_world_cm7.elf.dir/c_/Users/TChyn/Downloads/SDK_25_06_00_MIMX8ML8xxxKZ/devices/MIMX8ML8/drivers/fsl_common.c.obj (malloc)
C:/NXP/MCUXpressoIDE_24.12.148/ide/tools/bin/../lib/gcc/arm-none-eabi/13.2.1/thumb/v7e-m+dp/hard\libc_nano.a(libc_a-mallocr.o)
                              C:/NXP/MCUXpressoIDE_24.12.148/ide/tools/bin/../lib/gcc/arm-none-eabi/13.2.1/thumb/v7e-m+dp/hard\libc_nano.a(libc_a-malloc.o) (_malloc_r)
C:/NXP/MCUXpressoIDE_24.12.148/ide/tools/bin/../lib/gcc/arm-none-eabi/13.2.1/thumb/v7e-m+dp/hard\libc_nano.a(libc_a-mlock.o)
                              C:/NXP/MCUXpressoIDE_24.12.148/ide/tools/bin/../lib/gcc/arm-none-eabi/13.2.1/thumb/v7e-m+dp/hard\libc_nano.a(libc_a-mallocr.o) (__malloc_lock)
C:/NXP/MCUXpressoIDE_24.12.148/ide/tools/bin/../lib/gcc/arm-none-eabi/13.2.1/thumb/v7e-m+dp/hard\libc_nano.a(libc_a-strtoul.o)
                              CMakeFiles/hello_world_cm7.elf.dir/c_/Users/TChyn/Downloads/SDK_25_06_00_MIMX8ML8xxxKZ/devices/MIMX8ML8/utilities/str/fsl_str.c.obj (strtoul)
C:/NXP/MCUXpressoIDE_24.12.148/ide/tools/bin/../lib/gcc/arm-none-eabi/13.2.1/thumb/v7e-m+dp/hard\libc_nano.a(libc_a-ctype_.o)
                              C:/NXP/MCUXpressoIDE_24.12.148/ide/tools/bin/../lib/gcc/arm-none-eabi/13.2.1/thumb/v7e-m+dp/hard\libc_nano.a(libc_a-strtoul.o) (_ctype_)
C:/NXP/MCUXpressoIDE_24.12.148/ide/tools/bin/../lib/gcc/arm-none-eabi/13.2.1/thumb/v7e-m+dp/hard\libc_nano.a(libc_a-nano-vfprintf_float.o)
                              (_printf_float)
C:/NXP/MCUXpressoIDE_24.12.148/ide/tools/bin/../lib/gcc/arm-none-eabi/13.2.1/thumb/v7e-m+dp/hard\libc_nano.a(libc_a-nano-vfprintf_i.o)
                              C:/NXP/MCUXpressoIDE_24.12.148/ide/tools/bin/../lib/gcc/arm-none-eabi/13.2.1/thumb/v7e-m+dp/hard\libc_nano.a(libc_a-nano-vfprintf_float.o) (_printf_common)
C:/NXP/MCUXpressoIDE_24.12.148/ide/tools/bin/../lib/gcc/arm-none-eabi/13.2.1/thumb/v7e-m+dp/hard\libc_nano.a(libc_a-findfp.o)
                              C:/NXP/MCUXpressoIDE_24.12.148/ide/tools/bin/../lib/gcc/arm-none-eabi/13.2.1/thumb/v7e-m+dp/hard\libc_nano.a(libc_a-exit.o) (__stdio_exit_handler)
C:/NXP/MCUXpressoIDE_24.12.148/ide/tools/bin/../lib/gcc/arm-none-eabi/13.2.1/thumb/v7e-m+dp/hard\libc_nano.a(libc_a-fwalk.o)
                              C:/NXP/MCUXpressoIDE_24.12.148/ide/tools/bin/../lib/gcc/arm-none-eabi/13.2.1/thumb/v7e-m+dp/hard\libc_nano.a(libc_a-findfp.o) (_fwalk_sglue)
C:/NXP/MCUXpressoIDE_24.12.148/ide/tools/bin/../lib/gcc/arm-none-eabi/13.2.1/thumb/v7e-m+dp/hard\libc_nano.a(libc_a-stdio.o)
[...]
Memory Configuration

Name             Origin             Length             Attributes
m_interrupts     0x00000000         0x00000400         xr
m_text           0x00000400         0x0001fc00         xr
m_data           0x20000000         0x00020000         rw
m_data2          0x80000000         0x01000000         rw
*default*        0x00000000         0xffffffff

Linker script and memory map

LOAD C:/NXP/MCUXpressoIDE_24.12.148/ide/tools/bin/../lib/gcc/arm-none-eabi/13.2.1/thumb/v7e-m+dp/hard/crti.o
LOAD C:/NXP/MCUXpressoIDE_24.12.148/ide/tools/bin/../lib/gcc/arm-none-eabi/13.2.1/thumb/v7e-m+dp/hard/crtbegin.o
LOAD C:/NXP/MCUXpressoIDE_24.12.148/ide/tools/bin/../lib/gcc/arm-none-eabi/13.2.1/thumb/v7e-m+dp/hard/crt0.o
LOAD CMakeFiles/hello_world_cm7.elf.dir/C_/Users/TChyn/Desktop/Chyn/M7/evkmimx8mp_hello_world_cm7/hello_world.c.obj
LOAD CMakeFiles/hello_world_cm7.elf.dir/C_/Users/TChyn/Desktop/Chyn/M7/evkmimx8mp_hello_world_cm7/empty_rsc_table.c.obj
LOAD CMakeFiles/hello_world_cm7.elf.dir/C_/Users/TChyn/Desktop/Chyn/M7/evkmimx8mp_hello_world_cm7/board.c.obj
LOAD CMakeFiles/hello_world_cm7.elf.dir/C_/Users/TChyn/Desktop/Chyn/M7/evkmimx8mp_hello_world_cm7/clock_config.c.obj
LOAD CMakeFiles/hello_world_cm7.elf.dir/C_/Users/TChyn/Desktop/Chyn/M7/evkmimx8mp_hello_world_cm7/pin_mux.c.obj
LOAD CMakeFiles/hello_world_cm7.elf.dir/C_/Users/TChyn/Desktop/Chyn/M7/evkmimx8mp_hello_world_cm7/hardware_init.c.obj
LOAD CMakeFiles/hello_world_cm7.elf.dir/c_/Users/TChyn/Downloads/SDK_25_06_00_MIMX8ML8xxxKZ/components/uart/fsl_adapter_iuart.c.obj
LOAD CMakeFiles/hello_world_cm7.elf.dir/c_/Users/TChyn/Downloads/SDK_25_06_00_MIMX8ML8xxxKZ/devices/MIMX8ML8/gcc/startup_MIMX8ML8_cm7.S.obj
LOAD CMakeFiles/hello_world_cm7.elf.dir/c_/Users/TChyn/Downloads/SDK_25_06_00_MIMX8ML8xxxKZ/devices/MIMX8ML8/system_MIMX8ML8_cm7.c.obj
LOAD CMakeFiles/hello_world_cm7.elf.dir/c_/Users/TChyn/Downloads/SDK_25_06_00_MIMX8ML8xxxKZ/devices/MIMX8ML8/drivers/fsl_audiomix.c.obj
LOAD CMakeFiles/hello_world_cm7.elf.dir/c_/Users/TChyn/Downloads/SDK_25_06_00_MIMX8ML8xxxKZ/devices/MIMX8ML8/drivers/fsl_clock.c.obj
LOAD CMakeFiles/hello_world_cm7.elf.dir/c_/Users/TChyn/Downloads/SDK_25_06_00_MIMX8ML8xxxKZ/devices/MIMX8ML8/drivers/fsl_common.c.obj
LOAD CMakeFiles/hello_world_cm7.elf.dir/c_/Users/TChyn/Downloads/SDK_25_06_00_MIMX8ML8xxxKZ/devices/MIMX8ML8/drivers/fsl_common_arm.c.obj
LOAD CMakeFiles/hello_world_cm7.elf.dir/c_/Users/TChyn/Downloads/SDK_25_06_00_MIMX8ML8xxxKZ/devices/MIMX8ML8/drivers/fsl_gpio.c.obj
LOAD CMakeFiles/hello_world_cm7.elf.dir/c_/Users/TChyn/Downloads/SDK_25_06_00_MIMX8ML8xxxKZ/devices/MIMX8ML8/drivers/fsl_uart.c.obj
LOAD CMakeFiles/hello_world_cm7.elf.dir/c_/Users/TChyn/Downloads/SDK_25_06_00_MIMX8ML8xxxKZ/devices/MIMX8ML8/drivers/fsl_rdc.c.obj
LOAD CMakeFiles/hello_world_cm7.elf.dir/c_/Users/TChyn/Downloads/SDK_25_06_00_MIMX8ML8xxxKZ/devices/MIMX8ML8/utilities/fsl_syscall_stub.c.obj
LOAD CMakeFiles/hello_world_cm7.elf.dir/c_/Users/TChyn/Downloads/SDK_25_06_00_MIMX8ML8xxxKZ/devices/MIMX8ML8/utilities/fsl_sbrk.c.obj
LOAD CMakeFiles/hello_world_cm7.elf.dir/c_/Users/TChyn/Downloads/SDK_25_06_00_MIMX8ML8xxxKZ/devices/MIMX8ML8/utilities/fsl_memcpy.S.obj
LOAD CMakeFiles/hello_world_cm7.elf.dir/c_/Users/TChyn/Downloads/SDK_25_06_00_MIMX8ML8xxxKZ/devices/MIMX8ML8/utilities/debug_console_lite/fsl_assert.c.obj
LOAD CMakeFiles/hello_world_cm7.elf.dir/c_/Users/TChyn/Downloads/SDK_25_06_00_MIMX8ML8xxxKZ/devices/MIMX8ML8/utilities/debug_console_lite/fsl_debug_console.c.obj
LOAD CMakeFiles/hello_world_cm7.elf.dir/c_/Users/TChyn/Downloads/SDK_25_06_00_MIMX8ML8xxxKZ/devices/MIMX8ML8/utilities/str/fsl_str.c.obj
START GROUP
LOAD C:/NXP/MCUXpressoIDE_24.12.148/ide/tools/bin/../lib/gcc/arm-none-eabi/13.2.1/thumb/v7e-m+dp/hard\libgcc.a
LOAD C:/NXP/MCUXpressoIDE_24.12.148/ide/tools/bin/../lib/gcc/arm-none-eabi/13.2.1/thumb/v7e-m+dp/hard\libc_nano.a
LOAD C:/NXP/MCUXpressoIDE_24.12.148/ide/tools/bin/../lib/gcc/arm-none-eabi/13.2.1/thumb/v7e-m+dp/hard\libm.a
LOAD C:/NXP/MCUXpressoIDE_24.12.148/ide/tools/bin/../lib/gcc/arm-none-eabi/13.2.1/../../../../arm-none-eabi/lib/thumb/v7e-m+dp/hard\libcr_newlib_nohost.a
END GROUP
START GROUP
LOAD C:/NXP/MCUXpressoIDE_24.12.148/ide/tools/bin/../lib/gcc/arm-none-eabi/13.2.1/thumb/v7e-m+dp/hard\libgcc.a
LOAD C:/NXP/MCUXpressoIDE_24.12.148/ide/tools/bin/../lib/gcc/arm-none-eabi/13.2.1/thumb/v7e-m+dp/hard\libg_nano.a
LOAD C:/NXP/MCUXpressoIDE_24.12.148/ide/tools/bin/../lib/gcc/arm-none-eabi/13.2.1/thumb/v7e-m+dp/hard\libc_nano.a
END GROUP
START GROUP
LOAD C:/NXP/MCUXpressoIDE_24.12.148/ide/tools/bin/../lib/gcc/arm-none-eabi/13.2.1/thumb/v7e-m+dp/hard\libgcc.a
LOAD C:/NXP/MCUXpressoIDE_24.12.148/ide/tools/bin/../lib/gcc/arm-none-eabi/13.2.1/thumb/v7e-m+dp/hard\libc_nano.a
LOAD C:/NXP/MCUXpressoIDE_24.12.148/ide/tools/bin/../lib/gcc/arm-none-eabi/13.2.1/thumb/v7e-m+dp/hard\libnosys.a
END GROUP
START GROUP
LOAD C:/NXP/MCUXpressoIDE_24.12.148/ide/tools/bin/../lib/gcc/arm-none-eabi/13.2.1/thumb/v7e-m+dp/hard\libgcc.a
LOAD C:/NXP/MCUXpressoIDE_24.12.148/ide/tools/bin/../lib/gcc/arm-none-eabi/13.2.1/thumb/v7e-m+dp/hard\libc_nano.a
LOAD C:/NXP/MCUXpressoIDE_24.12.148/ide/tools/bin/../lib/gcc/arm-none-eabi/13.2.1/thumb/v7e-m+dp/hard\libnosys.a
END GROUP
LOAD C:/NXP/MCUXpressoIDE_24.12.148/ide/tools/bin/../lib/gcc/arm-none-eabi/13.2.1/thumb/v7e-m+dp/hard/crtend.o
LOAD C:/NXP/MCUXpressoIDE_24.12.148/ide/tools/bin/../lib/gcc/arm-none-eabi/13.2.1/thumb/v7e-m+dp/hard/crtn.o
                0x00000400                        HEAP_SIZE = DEFINED (__heap_size__)?__heap_size__:0x400
                0x00000400                        STACK_SIZE = DEFINED (__stack_size__)?__stack_size__:0x400

.interrupts     0x00000000      0x2a8
                0x00000000                        __VECTOR_TABLE = .
                0x00000000                        __Vectors = .
                0x00000000                        . = ALIGN (0x4)
 *(.isr_vector)
 .isr_vector    0x00000000      0x2a8 CMakeFiles/hello_world_cm7.elf.dir/c_/Users/TChyn/Downloads/SDK_25_06_00_MIMX8ML8xxxKZ/devices/MIMX8ML8/gcc/startup_MIMX8ML8_cm7.S.obj
                0x00000000                __isr_vector
                0x000002a8                        . = ALIGN (0x4)

.resource_table
                0x00000400       0x10
                0x00000400                        . = ALIGN (0x8)
 *(.resource_table)
 .resource_table
                0x00000400       0x10 CMakeFiles/hello_world_cm7.elf.dir/C_/Users/TChyn/Desktop/Chyn/M7/evkmimx8mp_hello_world_cm7/empty_rsc_table.c.obj
                0x00000400                resource_table
                0x00000410                        . = ALIGN (0x8)

.text           0x00000410     0x8548
                0x00000410                        . = ALIGN (0x4)
 *(.text)
 .text          0x00000410       0x7c C:/NXP/MCUXpressoIDE_24.12.148/ide/tools/bin/../lib/gcc/arm-none-eabi/13.2.1/thumb/v7e-m+dp/hard/crt0.o
                0x00000410                _stack_init
                0x00000418                _start
                0x00000418                _mainCRTStartup
 .text          0x0000048c      0x588 CMakeFiles/hello_world_cm7.elf.dir/c_/Users/TChyn/Downloads/SDK_25_06_00_MIMX8ML8xxxKZ/devices/MIMX8ML8/gcc/startup_MIMX8ML8_cm7.S.obj
                0x0000048c                Reset_Handler
                0x00000518                PWM2_DriverIRQHandler
                0x00000518                SRC_Combined_DriverIRQHandler
                0x00000518                ISI_CH1_DriverIRQHandler
                0x00000518                CAAM_ERROR_DriverIRQHandler
                0x00000518                GPIO1_INT1_DriverIRQHandler
                0x00000518                DebugMon_Handler
                0x00000518                EDMA1_0_15_DriverIRQHandler
                0x00000518                CPU_Error_AXI_DriverIRQHandler
                0x00000518                GPIO1_INT6_DriverIRQHandler
                0x00000518                BCH_DriverIRQHandler
                0x00000518                AUDIO_XCVR0_DriverIRQHandler
                0x00000518                VPU_G1_DriverIRQHandler
                0x00000518                PWM3_DriverIRQHandler
                0x00000518                MU2_AUDIO_DriverIRQHandler
                0x00000518                MU1_M7_DriverIRQHandler
                0x00000518                SNVS_Consolidated_DriverIRQHandler
                0x00000518                PDM_HWVAD_EVENT_DriverIRQHandler
                0x00000518                MIPI_CSI1_DriverIRQHandler
                0x00000518                CPU_CTI_Trigger_DriverIRQHandler
                0x00000518                ENET1_MAC0_Rx_Tx_Done2_DriverIRQHandler
                0x00000518                CCM_IRQ1_DriverIRQHandler
                0x00000518                PCIE_CTRL1_DriverIRQHandler
                0x00000518                PDM_HWVAD_ERROR_DriverIRQHandler
                0x00000518                GPU3D_DriverIRQHandler
                0x00000518                ENET1_1588_Timer_DriverIRQHandler
                0x00000518                BusFault_Handler
                0x00000518                CAN_FD2_ERROR_DriverIRQHandler
                0x00000518                MECC_ERR_DriverIRQHandler
                0x00000518                PWM4_DriverIRQHandler
                0x00000518                ASRC_DriverIRQHandler
                0x00000518                PCIE_CTRL1_ERR_DriverIRQHandler
                0x00000518                GPIO5_Combined_16_31_DriverIRQHandler
                0x00000518                ISP1_DriverIRQHandler
                0x00000518                GPIO4_Combined_16_31_DriverIRQHandler
                0x00000518                LCDIF1_DriverIRQHandler
                0x00000518                I2C5_DriverIRQHandler
                0x00000518                GPIO4_Combined_0_15_DriverIRQHandler
                0x00000518                USB2_DriverIRQHandler
                0x00000518                RDC_DriverIRQHandler
                0x00000518                GPIO3_Combined_0_15_DriverIRQHandler
                0x00000518                USB2_WAKEUP_DriverIRQHandler
                0x00000518                MECC_S_ERR_DriverIRQHandler
                0x00000518                ANAMIX_DriverIRQHandler
                0x00000518                DDR_ERR_DriverIRQHandler
                0x00000518                WDOG2_DriverIRQHandler
                0x00000518                I2S2_DriverIRQHandler
                0x00000518                LCDIF2_DriverIRQHandler
                0x00000518                PCIE_CTRL1_0_DriverIRQHandler
                0x00000518                CCM_IRQ2_DriverIRQHandler
                0x00000518                I2C3_DriverIRQHandler
                0x00000518                CAN_FD2_DriverIRQHandler
                0x00000518                HS_CP0_DriverIRQHandler
                0x00000518                GPT3_DriverIRQHandler
                0x00000518                GPMI_DriverIRQHandler
                0x00000518                GPIO2_Combined_0_15_DriverIRQHandler
                0x00000518                GPC_DriverIRQHandler
                0x00000518                ENET1_MAC0_Rx_Tx_Done1_DriverIRQHandler
                0x00000518                APBHDMA_DriverIRQHandler
                0x00000518                PCIE_CTRL1_1_DriverIRQHandler
                0x00000518                MECC_S_DriverIRQHandler
                0x00000518                MECC_DriverIRQHandler
                0x00000518                GPIO1_INT3_DriverIRQHandler
                0x00000518                ISP2_DriverIRQHandler
                0x00000518                MU3_AUDIO_DriverIRQHandler
                0x00000518                ISI_DriverIRQHandler
                0x00000518                I2C2_DriverIRQHandler
                0x00000518                ENET1_DriverIRQHandler
                0x00000518                I2C6_DriverIRQHandler
                0x00000518                ENET_QOS_DriverIRQHandler
                0x00000518                ENET_QOS_PMT_DriverIRQHandler
                0x00000518                Reserved16_DriverIRQHandler
                0x00000518                MIPI_CSI2_DriverIRQHandler
                0x00000518                GPIO2_Combined_16_31_DriverIRQHandler
                0x00000518                PERFMON1_DriverIRQHandler
                0x00000518                UsageFault_Handler
                0x00000518                DAP_DriverIRQHandler
                0x00000518                SCTR_IRQ0_DriverIRQHandler
                0x00000518                ECSPI1_DriverIRQHandler
                0x00000518                CM7_CTI_DriverIRQHandler
                0x00000518                CAAM_IRQ0_DriverIRQHandler
                0x00000518                DDR_PerformanceMonitor_DriverIRQHandler
                0x00000518                DefaultISR
                0x00000518                CPU_PerformanceUnit_DriverIRQHandler
                0x00000518                SDMA3_DriverIRQHandler
                0x00000518                CAN_FD1_DriverIRQHandler
                0x00000518                CPU_Error_L2RAM_DriverIRQHandler
                0x00000518                I2S3_DriverIRQHandler
                0x00000518                SDMA2_DriverIRQHandler
                0x00000518                SRC_DriverIRQHandler
                0x00000518                AUDIO_XCVR_DriverIRQHandler
                0x00000518                GPIO1_INT4_DriverIRQHandler
                0x00000518                I2C1_DriverIRQHandler
                0x00000518                MU2_A53_DriverIRQHandler
                0x00000518                HS_CP1_DriverIRQHandler
                0x00000518                GPT4_DriverIRQHandler
                0x00000518                PCIE_CTRL1_3_DriverIRQHandler
                0x00000518                USDHC1_DriverIRQHandler
                0x00000518                MU3_M7_DriverIRQHandler
                0x00000518                PWM1_DriverIRQHandler
                0x00000518                AUDIO_XCVR1_DriverIRQHandler
                0x00000518                GPIO3_Combined_16_31_DriverIRQHandler
                0x00000518                USB1_DriverIRQHandler
                0x00000518                I2C4_DriverIRQHandler
                0x00000518                PDM_EVENT_DriverIRQHandler
                0x00000518                USB1_WAKEUP_DriverIRQHandler
                0x00000518                MemManage_Handler
                0x00000518                ECSPI3_DriverIRQHandler
                0x00000518                WDOG3_DriverIRQHandler
                0x00000518                USDHC2_DriverIRQHandler
                0x00000518                WDOG1_DriverIRQHandler
                0x00000518                SDMA1_DriverIRQHandler
                0x00000518                GPIO1_Combined_0_15_DriverIRQHandler
                0x00000518                DEWARP_DriverIRQHandler
                0x00000518                FlexSPI_DriverIRQHandler
                0x00000518                ECSPI2_DriverIRQHandler
                0x00000518                HDMI_TX_DriverIRQHandler
                0x00000518                QOS_DriverIRQHandler
                0x00000518                GPIO1_INT5_DriverIRQHandler
                0x00000518                USDHC3_DriverIRQHandler
                0x00000518                VPU_G2_DriverIRQHandler
                0x00000518                GPIO1_Combined_16_31_DriverIRQHandler
                0x00000518                GPIO1_INT7_DriverIRQHandler
                0x00000518                CSU_DriverIRQHandler
                0x00000518                SNVS_DriverIRQHandler
                0x00000518                MIPI_DSI_DriverIRQHandler
                0x00000518                TZASC_DriverIRQHandler
                0x00000518                CAAM_IRQ2_DriverIRQHandler
                0x00000518                GPT1_DriverIRQHandler
                0x00000518                DDR_DriverIRQHandler
                0x00000518                GPIO5_Combined_0_15_DriverIRQHandler
                0x00000518                GPIO1_INT0_DriverIRQHandler
                0x00000518                GPIO1_INT2_DriverIRQHandler
                0x00000518                GPU2D_DriverIRQHandler
                0x00000518                GPT5_DriverIRQHandler
                0x00000518                RTIC_DriverIRQHandler
                0x00000518                EDMA1_16_31_DriverIRQHandler
                0x00000518                CAN_FD1_ERROR_DriverIRQHandler
                0x00000518                GPT6_DriverIRQHandler
                0x00000518                PERFMON2_DriverIRQHandler
                0x00000518                EDMA1_ERR_DriverIRQHandler
                0x00000518                PCIE_CTRL1_2_DriverIRQHandler
                0x00000518                GPT2_DriverIRQHandler
                0x00000518                SCTR_IRQ1_DriverIRQHandler
                0x00000518                VPU_DriverIRQHandler
                0x00000518                CAAM_IRQ1_DriverIRQHandler
                0x00000518                SJC_DriverIRQHandler
                0x00000518                ML_DriverIRQHandler
                0x00000518                I2S56_DriverIRQHandler
                0x00000518                I2S1_DriverIRQHandler
                0x00000518                SNVS_Security_DriverIRQHandler
                0x00000518                I2S7_DriverIRQHandler
                0x00000518                AUD2HTX_DriverIRQHandler
                0x00000518                PDM_ERROR_DriverIRQHandler
                0x00000518                PCIE_EDMA_DriverIRQHandler
                0x00000518                MU1_A53_DriverIRQHandler
                0x0000051c                NMI_Handler
                0x00000520                HardFault_Handler
                0x00000524                SVC_Handler
                0x00000528                PendSV_Handler
                0x0000052c                SysTick_Handler
                0x00000530                Reserved16_IRQHandler
                0x00000534                DAP_IRQHandler
                0x00000538                SDMA1_IRQHandler
                0x0000053c                GPU3D_IRQHandler
                0x00000540                SNVS_IRQHandler
                0x00000544                LCDIF1_IRQHandler
                0x00000548                LCDIF2_IRQHandler
                0x0000054c                VPU_G1_IRQHandler
                0x00000550                VPU_G2_IRQHandler
                0x00000554                QOS_IRQHandler
                0x00000558                WDOG3_IRQHandler
                0x0000055c                HS_CP1_IRQHandler
                0x00000560                APBHDMA_IRQHandler
                0x00000564                ML_IRQHandler
                0x00000568                BCH_IRQHandler
                0x0000056c                GPMI_IRQHandler
                0x00000570                ISI_IRQHandler
                0x00000574                MIPI_CSI1_IRQHandler
                0x00000578                MIPI_DSI_IRQHandler
                0x0000057c                SNVS_Consolidated_IRQHandler
                0x00000580                SNVS_Security_IRQHandler
                0x00000584                CSU_IRQHandler
                0x00000588                USDHC1_IRQHandler
                0x0000058c                USDHC2_IRQHandler
                0x00000590                USDHC3_IRQHandler
                0x00000594                GPU2D_IRQHandler
                0x00000598                UART1_IRQHandler
                0x0000059c                UART2_IRQHandler
                0x000005a0                UART3_IRQHandler
                0x000005a4                UART4_IRQHandler
                0x000005a8                VPU_IRQHandler
                0x000005ac                ECSPI1_IRQHandler
                0x000005b0                ECSPI2_IRQHandler
                0x000005b4                ECSPI3_IRQHandler
                0x000005b8                SDMA3_IRQHandler
                0x000005bc                I2C1_IRQHandler
                0x000005c0                I2C2_IRQHandler
                0x000005c4                I2C3_IRQHandler
                0x000005c8                I2C4_IRQHandler
                0x000005cc                RDC_IRQHandler
                0x000005d0                USB1_IRQHandler
                0x000005d4                USB2_IRQHandler
                0x000005d8                ISI_CH1_IRQHandler
                0x000005dc                HDMI_TX_IRQHandler
                0x000005e0                PDM_HWVAD_EVENT_IRQHandler
                0x000005e4                PDM_HWVAD_ERROR_IRQHandler
                0x000005e8                GPT6_IRQHandler
                0x000005ec                SCTR_IRQ0_IRQHandler
                0x000005f0                SCTR_IRQ1_IRQHandler
                0x000005f4                ANAMIX_IRQHandler
                0x000005f8                I2S3_IRQHandler
                0x000005fc                GPT5_IRQHandler
                0x00000600                GPT4_IRQHandler
                0x00000604                GPT3_IRQHandler
                0x00000608                GPT2_IRQHandler
                0x0000060c                GPT1_IRQHandler
                0x00000610                GPIO1_INT7_IRQHandler
                0x00000614                GPIO1_INT6_IRQHandler
                0x00000618                GPIO1_INT5_IRQHandler
                0x0000061c                GPIO1_INT4_IRQHandler
                0x00000620                GPIO1_INT3_IRQHandler
                0x00000624                GPIO1_INT2_IRQHandler
                0x00000628                GPIO1_INT1_IRQHandler
                0x0000062c                GPIO1_INT0_IRQHandler
                0x00000630                GPIO1_Combined_0_15_IRQHandler
                0x00000634                GPIO1_Combined_16_31_IRQHandler
                0x00000638                GPIO2_Combined_0_15_IRQHandler
                0x0000063c                GPIO2_Combined_16_31_IRQHandler
                0x00000640                GPIO3_Combined_0_15_IRQHandler
                0x00000644                GPIO3_Combined_16_31_IRQHandler
                0x00000648                GPIO4_Combined_0_15_IRQHandler
                0x0000064c                GPIO4_Combined_16_31_IRQHandler
                0x00000650                GPIO5_Combined_0_15_IRQHandler
                0x00000654                GPIO5_Combined_16_31_IRQHandler
                0x00000658                ISP1_IRQHandler
                0x0000065c                ISP2_IRQHandler
                0x00000660                I2C5_IRQHandler
                0x00000664                I2C6_IRQHandler
                0x00000668                WDOG1_IRQHandler
                0x0000066c                WDOG2_IRQHandler
                0x00000670                MIPI_CSI2_IRQHandler
                0x00000674                PWM1_IRQHandler
                0x00000678                PWM2_IRQHandler
                0x0000067c                PWM3_IRQHandler
                0x00000680                PWM4_IRQHandler
                0x00000684                CCM_IRQ1_IRQHandler
                0x00000688                CCM_IRQ2_IRQHandler
                0x0000068c                GPC_IRQHandler
                0x00000690                MU1_A53_IRQHandler
                0x00000694                SRC_IRQHandler
                0x00000698                I2S56_IRQHandler
                0x0000069c                RTIC_IRQHandler
                0x000006a0                CPU_PerformanceUnit_IRQHandler
                0x000006a4                CPU_CTI_Trigger_IRQHandler
                0x000006a8                SRC_Combined_IRQHandler
                0x000006ac                I2S1_IRQHandler
                0x000006b0                I2S2_IRQHandler
                0x000006b4                MU1_M7_IRQHandler
                0x000006b8                DDR_PerformanceMonitor_IRQHandler
                0x000006bc                DDR_IRQHandler
                0x000006c0                DEWARP_IRQHandler
                0x000006c4                CPU_Error_AXI_IRQHandler
                0x000006c8                CPU_Error_L2RAM_IRQHandler
                0x000006cc                SDMA2_IRQHandler
                0x000006d0                SJC_IRQHandler
                0x000006d4                CAAM_IRQ0_IRQHandler
                0x000006d8                CAAM_IRQ1_IRQHandler
                0x000006dc                FlexSPI_IRQHandler
                0x000006e0                TZASC_IRQHandler
                0x000006e4                PDM_EVENT_IRQHandler
                0x000006e8                PDM_ERROR_IRQHandler
                0x000006ec                I2S7_IRQHandler
                0x000006f0                PERFMON1_IRQHandler
                0x000006f4                PERFMON2_IRQHandler
                0x000006f8                CAAM_IRQ2_IRQHandler
                0x000006fc                CAAM_ERROR_IRQHandler
                0x00000700                HS_CP0_IRQHandler
                0x00000704                CM7_CTI_IRQHandler
                0x00000708                ENET1_MAC0_Rx_Tx_Done1_IRQHandler
                0x0000070c                ENET1_MAC0_Rx_Tx_Done2_IRQHandler
                0x00000710                ENET1_IRQHandler
                0x00000714                ENET1_1588_Timer_IRQHandler
                0x00000718                ASRC_IRQHandler
                0x0000071c                PCIE_CTRL1_0_IRQHandler
                0x00000720                PCIE_CTRL1_1_IRQHandler
                0x00000724                PCIE_CTRL1_2_IRQHandler
                0x00000728                PCIE_CTRL1_3_IRQHandler
                0x0000072c                PCIE_EDMA_IRQHandler
                0x00000730                AUDIO_XCVR0_IRQHandler
                0x00000734                AUDIO_XCVR1_IRQHandler
                0x00000738                AUD2HTX_IRQHandler
                0x0000073c                EDMA1_ERR_IRQHandler
                0x00000740                EDMA1_0_15_IRQHandler
                0x00000744                EDMA1_16_31_IRQHandler
                0x00000748                ENET_QOS_PMT_IRQHandler
                0x0000074c                ENET_QOS_IRQHandler
                0x00000750                MU2_A53_IRQHandler
                0x00000754                MU2_AUDIO_IRQHandler
                0x00000758                MU3_M7_IRQHandler
                0x0000075c                MU3_AUDIO_IRQHandler
                0x00000760                PCIE_CTRL1_IRQHandler
                0x00000764                PCIE_CTRL1_ERR_IRQHandler
                0x00000768                CAN_FD1_IRQHandler
                0x0000076c                CAN_FD1_ERROR_IRQHandler
                0x00000770                CAN_FD2_IRQHandler
                0x00000774                CAN_FD2_ERROR_IRQHandler
                0x00000778                AUDIO_XCVR_IRQHandler
                0x0000077c                DDR_ERR_IRQHandler
                0x00000780                USB1_WAKEUP_IRQHandler
                0x00000784                USB2_WAKEUP_IRQHandler
                0x00000788                MECC_IRQHandler
                0x0000078c                MECC_ERR_IRQHandler
                0x00000790                MECC_S_IRQHandler
                0x00000794                MECC_S_ERR_IRQHandler
 .text          0x00000a14       0xa0 CMakeFiles/hello_world_cm7.elf.dir/c_/Users/TChyn/Downloads/SDK_25_06_00_MIMX8ML8xxxKZ/devices/MIMX8ML8/utilities/fsl_memcpy.S.obj
                0x00000a14                memcpy
 .text          0x00000ab4      0x378 C:/NXP/MCUXpressoIDE_24.12.148/ide/tools/bin/../lib/gcc/arm-none-eabi/13.2.1/thumb/v7e-m+dp/hard\libgcc.a(_arm_addsubdf3.o)
                0x00000ab4                __aeabi_drsub
                0x00000abc                __aeabi_dsub
                0x00000abc                __subdf3
                0x00000ac0                __aeabi_dadd
                0x00000ac0                __adddf3
                0x00000d38                __floatunsidf
                0x00000d38                __aeabi_ui2d
                0x00000d58                __floatsidf
                0x00000d58                __aeabi_i2d
                0x00000d7c                __aeabi_f2d
                0x00000d7c                __extendsfdf2
                0x00000dc0                __floatundidf
                0x00000dc0                __aeabi_ul2d
                0x00000dd0                __floatdidf
                0x00000dd0                __aeabi_l2d
 .text          0x00000e2c       0x30 C:/NXP/MCUXpressoIDE_24.12.148/ide/tools/bin/../lib/gcc/arm-none-eabi/13.2.1/thumb/v7e-m+dp/hard\libgcc.a(_aeabi_uldivmod.o)
                0x00000e2c                __aeabi_uldivmod
 .text          0x00000e5c        0x4 C:/NXP/MCUXpressoIDE_24.12.148/ide/tools/bin/../lib/gcc/arm-none-eabi/13.2.1/thumb/v7e-m+dp/hard\libgcc.a(_dvmd_tls.o)
                0x00000e5c                __aeabi_idiv0
                0x00000e5c                __aeabi_ldiv0
 .text          0x00000e60       0x10 C:/NXP/MCUXpressoIDE_24.12.148/ide/tools/bin/../lib/gcc/arm-none-eabi/13.2.1/thumb/v7e-m+dp/hard\libc_nano.a(libc_a-strlen.o)
                0x00000e60                strlen
 *(.text*)
 .text.deregister_tm_clones
                0x00000e70       0x1c C:/NXP/MCUXpressoIDE_24.12.148/ide/tools/bin/../lib/gcc/arm-none-eabi/13.2.1/thumb/v7e-m+dp/hard/crtbegin.o
 .text.register_tm_clones
                0x00000e8c       0x24 C:/NXP/MCUXpressoIDE_24.12.148/ide/tools/bin/../lib/gcc/arm-none-eabi/13.2.1/thumb/v7e-m+dp/hard/crtbegin.o
 .text.__do_global_dtors_aux
                0x00000eb0       0x28 C:/NXP/MCUXpressoIDE_24.12.148/ide/tools/bin/../lib/gcc/arm-none-eabi/13.2.1/thumb/v7e-m+dp/hard/crtbegin.o
 .text.frame_dummy
                0x00000ed8       0x24 C:/NXP/MCUXpressoIDE_24.12.148/ide/tools/bin/../lib/gcc/arm-none-eabi/13.2.1/thumb/v7e-m+dp/hard/crtbegin.o
 .text.main     0x00000efc       0xf4 CMakeFiles/hello_world_cm7.elf.dir/C_/Users/TChyn/Desktop/Chyn/M7/evkmimx8mp_hello_world_cm7/hello_world.c.obj
                0x00000efc                main
 .text.ARM_MPU_Enable
                0x00000ff0       0x44 CMakeFiles/hello_world_cm7.elf.dir/C_/Users/TChyn/Desktop/Chyn/M7/evkmimx8mp_hello_world_cm7/board.c.obj
 .text.ARM_MPU_Disable
                0x00001034       0x40 CMakeFiles/hello_world_cm7.elf.dir/C_/Users/TChyn/Desktop/Chyn/M7/evkmimx8mp_hello_world_cm7/board.c.obj
 .text.CLOCK_GetRootPreDivider
                0x00001074       0x20 CMakeFiles/hello_world_cm7.elf.dir/C_/Users/TChyn/Desktop/Chyn/M7/evkmimx8mp_hello_world_cm7/board.c.obj
 .text.CLOCK_GetRootPostDivider
                0x00001094       0x1e CMakeFiles/hello_world_cm7.elf.dir/C_/Users/TChyn/Desktop/Chyn/M7/evkmimx8mp_hello_world_cm7/board.c.obj
 .text.CLOCK_ControlGate
                0x000010b2       0x1e CMakeFiles/hello_world_cm7.elf.dir/C_/Users/TChyn/Desktop/Chyn/M7/evkmimx8mp_hello_world_cm7/board.c.obj
 .text.RDC_GetPeriphAccessPolicy
                0x000010d0       0x54 CMakeFiles/hello_world_cm7.elf.dir/C_/Users/TChyn/Desktop/Chyn/M7/evkmimx8mp_hello_world_cm7/board.c.obj
 .text.RDC_GetCurrentMasterDomainId
                0x00001124       0x20 CMakeFiles/hello_world_cm7.elf.dir/C_/Users/TChyn/Desktop/Chyn/M7/evkmimx8mp_hello_world_cm7/board.c.obj
 .text.BOARD_InitDebugConsole
                0x00001144       0x54 CMakeFiles/hello_world_cm7.elf.dir/C_/Users/TChyn/Desktop/Chyn/M7/evkmimx8mp_hello_world_cm7/board.c.obj
                0x00001144                BOARD_InitDebugConsole
 .text.BOARD_InitMemory
                0x00001198      0x2f8 CMakeFiles/hello_world_cm7.elf.dir/C_/Users/TChyn/Desktop/Chyn/M7/evkmimx8mp_hello_world_cm7/board.c.obj
                0x00001198                BOARD_InitMemory
 .text.BOARD_RdcInit
                0x00001490       0xec CMakeFiles/hello_world_cm7.elf.dir/C_/Users/TChyn/Desktop/Chyn/M7/evkmimx8mp_hello_world_cm7/board.c.obj
                0x00001490                BOARD_RdcInit
 .text.CLOCK_SetRootMux
                0x0000157c       0x2c CMakeFiles/hello_world_cm7.elf.dir/C_/Users/TChyn/Desktop/Chyn/M7/evkmimx8mp_hello_world_cm7/clock_config.c.obj
 .text.BOARD_BootClockRUN
                0x000015a8      0x158 CMakeFiles/hello_world_cm7.elf.dir/C_/Users/TChyn/Desktop/Chyn/M7/evkmimx8mp_hello_world_cm7/clock_config.c.obj
                0x000015a8                BOARD_BootClockRUN
 .text.IOMUXC_SetPinMux
                0x00001700       0x3e CMakeFiles/hello_world_cm7.elf.dir/C_/Users/TChyn/Desktop/Chyn/M7/evkmimx8mp_hello_world_cm7/pin_mux.c.obj
 .text.IOMUXC_SetPinConfig
                0x0000173e       0x26 CMakeFiles/hello_world_cm7.elf.dir/C_/Users/TChyn/Desktop/Chyn/M7/evkmimx8mp_hello_world_cm7/pin_mux.c.obj
 .text.BOARD_InitBootPins
                0x00001764        0xc CMakeFiles/hello_world_cm7.elf.dir/C_/Users/TChyn/Desktop/Chyn/M7/evkmimx8mp_hello_world_cm7/pin_mux.c.obj
                0x00001764                BOARD_InitBootPins
 .text.BOARD_InitPins
                0x00001770       0x74 CMakeFiles/hello_world_cm7.elf.dir/C_/Users/TChyn/Desktop/Chyn/M7/evkmimx8mp_hello_world_cm7/pin_mux.c.obj
                0x00001770                BOARD_InitPins
 .text.BOARD_InitHardware
                0x000017e4       0x1c CMakeFiles/hello_world_cm7.elf.dir/C_/Users/TChyn/Desktop/Chyn/M7/evkmimx8mp_hello_world_cm7/hardware_init.c.obj
                0x000017e4                BOARD_InitHardware
 .text.HAL_UartGetStatus
                0x00001800       0x22 CMakeFiles/hello_world_cm7.elf.dir/c_/Users/TChyn/Downloads/SDK_25_06_00_MIMX8ML8xxxKZ/components/uart/fsl_adapter_iuart.c.obj
 *fill*         0x00001822        0x2 
 .text.HAL_UartInit
                0x00001824      0x120 CMakeFiles/hello_world_cm7.elf.dir/c_/Users/TChyn/Downloads/SDK_25_06_00_MIMX8ML8xxxKZ/components/uart/fsl_adapter_iuart.c.obj
                0x00001824                HAL_UartInit
 .text.HAL_UartReceiveBlocking
                0x00001944       0x8c CMakeFiles/hello_world_cm7.elf.dir/c_/Users/TChyn/Downloads/SDK_25_06_00_MIMX8ML8xxxKZ/components/uart/fsl_adapter_iuart.c.obj
                0x00001944                HAL_UartReceiveBlocking
 .text.HAL_UartSendBlocking
                0x000019d0       0x84 CMakeFiles/hello_world_cm7.elf.dir/c_/Users/TChyn/Downloads/SDK_25_06_00_MIMX8ML8xxxKZ/components/uart/fsl_adapter_iuart.c.obj
                0x000019d0                HAL_UartSendBlocking
 .text.GetFracPllFreq
                0x00001a54      0x148 CMakeFiles/hello_world_cm7.elf.dir/c_/Users/TChyn/Downloads/SDK_25_06_00_MIMX8ML8xxxKZ/devices/MIMX8ML8/system_MIMX8ML8_cm7.c.obj
                0x00001a54                GetFracPllFreq
 .text.GetIntegerPllFreq
                0x00001b9c       0xfc CMakeFiles/hello_world_cm7.elf.dir/c_/Users/TChyn/Downloads/SDK_25_06_00_MIMX8ML8xxxKZ/devices/MIMX8ML8/system_MIMX8ML8_cm7.c.obj
                0x00001b9c                GetIntegerPllFreq
 .text.SystemInit
                0x00001c98       0x20 CMakeFiles/hello_world_cm7.elf.dir/c_/Users/TChyn/Downloads/SDK_25_06_00_MIMX8ML8xxxKZ/devices/MIMX8ML8/system_MIMX8ML8_cm7.c.obj
                0x00001c98                SystemInit
 .text.SystemCoreClockUpdate
                0x00001cb8      0x108 CMakeFiles/hello_world_cm7.elf.dir/c_/Users/TChyn/Downloads/SDK_25_06_00_MIMX8ML8xxxKZ/devices/MIMX8ML8/system_MIMX8ML8_cm7.c.obj
                0x00001cb8                SystemCoreClockUpdate
 .text.SystemInitHook
                0x00001dc0        0xe CMakeFiles/hello_world_cm7.elf.dir/c_/Users/TChyn/Downloads/SDK_25_06_00_MIMX8ML8xxxKZ/devices/MIMX8ML8/system_MIMX8ML8_cm7.c.obj
                0x00001dc0                SystemInitHook
 *fill*         0x00001dce        0x2 
 .text.AUDIOMIX_InitAudioPll
                0x00001dd0       0xbc CMakeFiles/hello_world_cm7.elf.dir/c_/Users/TChyn/Downloads/SDK_25_06_00_MIMX8ML8xxxKZ/devices/MIMX8ML8/drivers/fsl_audiomix.c.obj
                0x00001dd0                AUDIOMIX_InitAudioPll
 .text.CLOCK_SetPllBypass
                0x00001e8c       0x68 CMakeFiles/hello_world_cm7.elf.dir/c_/Users/TChyn/Downloads/SDK_25_06_00_MIMX8ML8xxxKZ/devices/MIMX8ML8/drivers/fsl_clock.c.obj
 .text.CLOCK_IsPllBypassed
                0x00001ef4       0x38 CMakeFiles/hello_world_cm7.elf.dir/c_/Users/TChyn/Downloads/SDK_25_06_00_MIMX8ML8xxxKZ/devices/MIMX8ML8/drivers/fsl_clock.c.obj
 .text.CLOCK_IsPllLocked
                0x00001f2c       0x24 CMakeFiles/hello_world_cm7.elf.dir/c_/Users/TChyn/Downloads/SDK_25_06_00_MIMX8ML8xxxKZ/devices/MIMX8ML8/drivers/fsl_clock.c.obj
 .text.CLOCK_EnableAnalogClock
                0x00001f50       0x38 CMakeFiles/hello_world_cm7.elf.dir/c_/Users/TChyn/Downloads/SDK_25_06_00_MIMX8ML8xxxKZ/devices/MIMX8ML8/drivers/fsl_clock.c.obj
 .text.CLOCK_GetPllRefClkFreq
                0x00001f88       0x78 CMakeFiles/hello_world_cm7.elf.dir/c_/Users/TChyn/Downloads/SDK_25_06_00_MIMX8ML8xxxKZ/devices/MIMX8ML8/drivers/fsl_clock.c.obj
                0x00001f88                CLOCK_GetPllRefClkFreq
 .text.CLOCK_GetPllFreq
                0x00002000      0x18c CMakeFiles/hello_world_cm7.elf.dir/c_/Users/TChyn/Downloads/SDK_25_06_00_MIMX8ML8xxxKZ/devices/MIMX8ML8/drivers/fsl_clock.c.obj
                0x00002000                CLOCK_GetPllFreq
 .text.CLOCK_InitAudioPll1
                0x0000218c       0x68 CMakeFiles/hello_world_cm7.elf.dir/c_/Users/TChyn/Downloads/SDK_25_06_00_MIMX8ML8xxxKZ/devices/MIMX8ML8/drivers/fsl_clock.c.obj
                0x0000218c                CLOCK_InitAudioPll1
 .text.CLOCK_InitAudioPll2
                0x000021f4       0x74 CMakeFiles/hello_world_cm7.elf.dir/c_/Users/TChyn/Downloads/SDK_25_06_00_MIMX8ML8xxxKZ/devices/MIMX8ML8/drivers/fsl_clock.c.obj
                0x000021f4                CLOCK_InitAudioPll2
 .text.CLOCK_InitFracPll
                0x00002268      0x160 CMakeFiles/hello_world_cm7.elf.dir/c_/Users/TChyn/Downloads/SDK_25_06_00_MIMX8ML8xxxKZ/devices/MIMX8ML8/drivers/fsl_clock.c.obj
                0x00002268                CLOCK_InitFracPll
 .text.CLOCK_GetFracPllFreq
                0x000023c8      0x144 CMakeFiles/hello_world_cm7.elf.dir/c_/Users/TChyn/Downloads/SDK_25_06_00_MIMX8ML8xxxKZ/devices/MIMX8ML8/drivers/fsl_clock.c.obj
                0x000023c8                CLOCK_GetFracPllFreq
 .text.CLOCK_GetIntegerPllFreq
                0x0000250c      0x10c CMakeFiles/hello_world_cm7.elf.dir/c_/Users/TChyn/Downloads/SDK_25_06_00_MIMX8ML8xxxKZ/devices/MIMX8ML8/drivers/fsl_clock.c.obj
                0x0000250c                CLOCK_GetIntegerPllFreq
 .text.CLOCK_SetRootDivider
                0x00002618       0x80 CMakeFiles/hello_world_cm7.elf.dir/c_/Users/TChyn/Downloads/SDK_25_06_00_MIMX8ML8xxxKZ/devices/MIMX8ML8/drivers/fsl_clock.c.obj
                0x00002618                CLOCK_SetRootDivider
 .text.CLOCK_EnableClock
                0x00002698       0xa0 CMakeFiles/hello_world_cm7.elf.dir/c_/Users/TChyn/Downloads/SDK_25_06_00_MIMX8ML8xxxKZ/devices/MIMX8ML8/drivers/fsl_clock.c.obj
                0x00002698                CLOCK_EnableClock
 .text.UART_SoftwareReset
                0x00002738       0x36 CMakeFiles/hello_world_cm7.elf.dir/c_/Users/TChyn/Downloads/SDK_25_06_00_MIMX8ML8xxxKZ/devices/MIMX8ML8/drivers/fsl_uart.c.obj
 .text.UART_Enable
                0x0000276e       0x24 CMakeFiles/hello_world_cm7.elf.dir/c_/Users/TChyn/Downloads/SDK_25_06_00_MIMX8ML8xxxKZ/devices/MIMX8ML8/drivers/fsl_uart.c.obj
 .text.UART_Disable
                0x00002792       0x24 CMakeFiles/hello_world_cm7.elf.dir/c_/Users/TChyn/Downloads/SDK_25_06_00_MIMX8ML8xxxKZ/devices/MIMX8ML8/drivers/fsl_uart.c.obj
 .text.UART_WriteByte
                0x000027b6       0x1e CMakeFiles/hello_world_cm7.elf.dir/c_/Users/TChyn/Downloads/SDK_25_06_00_MIMX8ML8xxxKZ/devices/MIMX8ML8/drivers/fsl_uart.c.obj
 .text.UART_ReadByte
                0x000027d4       0x1a CMakeFiles/hello_world_cm7.elf.dir/c_/Users/TChyn/Downloads/SDK_25_06_00_MIMX8ML8xxxKZ/devices/MIMX8ML8/drivers/fsl_uart.c.obj
 *fill*         0x000027ee        0x2 
 .text.UART_SetTxFifoWatermark
                0x000027f0       0x54 CMakeFiles/hello_world_cm7.elf.dir/c_/Users/TChyn/Downloads/SDK_25_06_00_MIMX8ML8xxxKZ/devices/MIMX8ML8/drivers/fsl_uart.c.obj
 .text.UART_SetRxRTSWatermark
                0x00002844       0x4c CMakeFiles/hello_world_cm7.elf.dir/c_/Users/TChyn/Downloads/SDK_25_06_00_MIMX8ML8xxxKZ/devices/MIMX8ML8/drivers/fsl_uart.c.obj
 .text.UART_SetRxFifoWatermark
                0x00002890       0x4c CMakeFiles/hello_world_cm7.elf.dir/c_/Users/TChyn/Downloads/SDK_25_06_00_MIMX8ML8xxxKZ/devices/MIMX8ML8/drivers/fsl_uart.c.obj
 .text.UART_EnableAutoBaudRate
                0x000028dc       0x50 CMakeFiles/hello_world_cm7.elf.dir/c_/Users/TChyn/Downloads/SDK_25_06_00_MIMX8ML8xxxKZ/devices/MIMX8ML8/drivers/fsl_uart.c.obj
 .text.UART_GetInstance
                0x0000292c       0x60 CMakeFiles/hello_world_cm7.elf.dir/c_/Users/TChyn/Downloads/SDK_25_06_00_MIMX8ML8xxxKZ/devices/MIMX8ML8/drivers/fsl_uart.c.obj
                0x0000292c                UART_GetInstance
 .text.UART_Init
                0x0000298c      0x1a0 CMakeFiles/hello_world_cm7.elf.dir/c_/Users/TChyn/Downloads/SDK_25_06_00_MIMX8ML8xxxKZ/devices/MIMX8ML8/drivers/fsl_uart.c.obj
                0x0000298c                UART_Init
 .text.UART_GetDefaultConfig
                0x00002b2c       0x84 CMakeFiles/hello_world_cm7.elf.dir/c_/Users/TChyn/Downloads/SDK_25_06_00_MIMX8ML8xxxKZ/devices/MIMX8ML8/drivers/fsl_uart.c.obj
                0x00002b2c                UART_GetDefaultConfig
 .text.UART_SetBaudRate
                0x00002bb0      0x3b0 CMakeFiles/hello_world_cm7.elf.dir/c_/Users/TChyn/Downloads/SDK_25_06_00_MIMX8ML8xxxKZ/devices/MIMX8ML8/drivers/fsl_uart.c.obj
                0x00002bb0                UART_SetBaudRate
 .text.UART_ClearStatusFlag
                0x00002f60       0x3c CMakeFiles/hello_world_cm7.elf.dir/c_/Users/TChyn/Downloads/SDK_25_06_00_MIMX8ML8xxxKZ/devices/MIMX8ML8/drivers/fsl_uart.c.obj
                0x00002f60                UART_ClearStatusFlag
 .text.UART_WriteBlocking
                0x00002f9c       0x70 CMakeFiles/hello_world_cm7.elf.dir/c_/Users/TChyn/Downloads/SDK_25_06_00_MIMX8ML8xxxKZ/devices/MIMX8ML8/drivers/fsl_uart.c.obj
                0x00002f9c                UART_WriteBlocking
 .text.UART_ReadBlocking
                0x0000300c       0xdc CMakeFiles/hello_world_cm7.elf.dir/c_/Users/TChyn/Downloads/SDK_25_06_00_MIMX8ML8xxxKZ/devices/MIMX8ML8/drivers/fsl_uart.c.obj
                0x0000300c                UART_ReadBlocking
 .text.UART1_DriverIRQHandler
                0x000030e8       0x28 CMakeFiles/hello_world_cm7.elf.dir/c_/Users/TChyn/Downloads/SDK_25_06_00_MIMX8ML8xxxKZ/devices/MIMX8ML8/drivers/fsl_uart.c.obj
                0x000030e8                UART1_DriverIRQHandler
 .text.UART2_DriverIRQHandler
                0x00003110       0x28 CMakeFiles/hello_world_cm7.elf.dir/c_/Users/TChyn/Downloads/SDK_25_06_00_MIMX8ML8xxxKZ/devices/MIMX8ML8/drivers/fsl_uart.c.obj
                0x00003110                UART2_DriverIRQHandler
 .text.UART3_DriverIRQHandler
                0x00003138       0x28 CMakeFiles/hello_world_cm7.elf.dir/c_/Users/TChyn/Downloads/SDK_25_06_00_MIMX8ML8xxxKZ/devices/MIMX8ML8/drivers/fsl_uart.c.obj
                0x00003138                UART3_DriverIRQHandler
 .text.UART4_DriverIRQHandler
                0x00003160       0x28 CMakeFiles/hello_world_cm7.elf.dir/c_/Users/TChyn/Downloads/SDK_25_06_00_MIMX8ML8xxxKZ/devices/MIMX8ML8/drivers/fsl_uart.c.obj
                0x00003160                UART4_DriverIRQHandler
 .text.RDC_SetMasterDomainAssignment
                0x00003188       0x48 CMakeFiles/hello_world_cm7.elf.dir/c_/Users/TChyn/Downloads/SDK_25_06_00_MIMX8ML8xxxKZ/devices/MIMX8ML8/drivers/fsl_rdc.c.obj
                0x00003188                RDC_SetMasterDomainAssignment
 .text._sbrk    0x000031d0       0x68 CMakeFiles/hello_world_cm7.elf.dir/c_/Users/TChyn/Downloads/SDK_25_06_00_MIMX8ML8xxxKZ/devices/MIMX8ML8/utilities/fsl_sbrk.c.obj
                0x000031d0                _sbrk
 .text.fsl_assert_hook
                0x00003238       0x1a CMakeFiles/hello_world_cm7.elf.dir/c_/Users/TChyn/Downloads/SDK_25_06_00_MIMX8ML8xxxKZ/devices/MIMX8ML8/utilities/debug_console_lite/fsl_assert.c.obj
                0x00003238                fsl_assert_hook
 *fill*         0x00003252        0x2 
 .text.__assert_func
                0x00003254       0x30 CMakeFiles/hello_world_cm7.elf.dir/c_/Users/TChyn/Downloads/SDK_25_06_00_MIMX8ML8xxxKZ/devices/MIMX8ML8/utilities/debug_console_lite/fsl_assert.c.obj
                0x00003254                __assert_func
 .text.DbgConsole_Init
                0x00003284       0x88 CMakeFiles/hello_world_cm7.elf.dir/c_/Users/TChyn/Downloads/SDK_25_06_00_MIMX8ML8xxxKZ/devices/MIMX8ML8/utilities/debug_console_lite/fsl_debug_console.c.obj
                0x00003284                DbgConsole_Init
 .text.DbgConsole_Printf
                0x0000330c       0x2c CMakeFiles/hello_world_cm7.elf.dir/c_/Users/TChyn/Downloads/SDK_25_06_00_MIMX8ML8xxxKZ/devices/MIMX8ML8/utilities/debug_console_lite/fsl_debug_console.c.obj
                0x0000330c                DbgConsole_Printf
 .text.DbgConsole_Vprintf
                0x00003338       0x3c CMakeFiles/hello_world_cm7.elf.dir/c_/Users/TChyn/Downloads/SDK_25_06_00_MIMX8ML8xxxKZ/devices/MIMX8ML8/utilities/debug_console_lite/fsl_debug_console.c.obj
                0x00003338                DbgConsole_Vprintf
 .text.DbgConsole_Putchar
                0x00003374       0x30 CMakeFiles/hello_world_cm7.elf.dir/c_/Users/TChyn/Downloads/SDK_25_06_00_MIMX8ML8xxxKZ/devices/MIMX8ML8/utilities/debug_console_lite/fsl_debug_console.c.obj
                0x00003374                DbgConsole_Putchar
 .text.DbgConsole_PrintfPaddingCharacter
                0x000033a4       0x40 CMakeFiles/hello_world_cm7.elf.dir/c_/Users/TChyn/Downloads/SDK_25_06_00_MIMX8ML8xxxKZ/devices/MIMX8ML8/utilities/debug_console_lite/fsl_debug_console.c.obj
 .text.DbgConsole_ConvertRadixNumToString
                0x000033e4       0xc2 CMakeFiles/hello_world_cm7.elf.dir/c_/Users/TChyn/Downloads/SDK_25_06_00_MIMX8ML8xxxKZ/devices/MIMX8ML8/utilities/debug_console_lite/fsl_debug_console.c.obj
 .text.DbgConsole_ConvertFloatRadixNumToString
                0x000034a6      0x24c CMakeFiles/hello_world_cm7.elf.dir/c_/Users/TChyn/Downloads/SDK_25_06_00_MIMX8ML8xxxKZ/devices/MIMX8ML8/utilities/debug_console_lite/fsl_debug_console.c.obj
 *fill*         0x000036f2        0x2 
 .text.DbgConsole_PrintfFormattedData
                0x000036f4      0x428 CMakeFiles/hello_world_cm7.elf.dir/c_/Users/TChyn/Downloads/SDK_25_06_00_MIMX8ML8xxxKZ/devices/MIMX8ML8/utilities/debug_console_lite/fsl_debug_console.c.obj
 .text.__fixdfdi
                0x00003b1c       0x30 C:/NXP/MCUXpressoIDE_24.12.148/ide/tools/bin/../lib/gcc/arm-none-eabi/13.2.1/thumb/v7e-m+dp/hard\libgcc.a(_fixdfdi.o)
                0x00003b1c                __fixdfdi
                0x00003b1c                __aeabi_d2lz
 *fill*         0x00003b4c        0x4 
 .text.__fixunsdfdi
                0x00003b50       0x40 C:/NXP/MCUXpressoIDE_24.12.148/ide/tools/bin/../lib/gcc/arm-none-eabi/13.2.1/thumb/v7e-m+dp/hard\libgcc.a(_fixunsdfdi.o)
                0x00003b50                __fixunsdfdi
                0x00003b50                __aeabi_d2ulz
 .text.__udivmoddi4
                0x00003b90      0x2bc C:/NXP/MCUXpressoIDE_24.12.148/ide/tools/bin/../lib/gcc/arm-none-eabi/13.2.1/thumb/v7e-m+dp/hard\libgcc.a(_udivmoddi4.o)
                0x00003b90                __udivmoddi4
 .text.exit     0x00003e4c       0x24 C:/NXP/MCUXpressoIDE_24.12.148/ide/tools/bin/../lib/gcc/arm-none-eabi/13.2.1/thumb/v7e-m+dp/hard\libc_nano.a(libc_a-exit.o)
                0x00003e4c                exit
 .text.malloc   0x00003e70       0x10 C:/NXP/MCUXpressoIDE_24.12.148/ide/tools/bin/../lib/gcc/arm-none-eabi/13.2.1/thumb/v7e-m+dp/hard\libc_nano.a(libc_a-malloc.o)
                0x00003e70                malloc
 .text.sbrk_aligned
                0x00003e80       0x44 C:/NXP/MCUXpressoIDE_24.12.148/ide/tools/bin/../lib/gcc/arm-none-eabi/13.2.1/thumb/v7e-m+dp/hard\libc_nano.a(libc_a-mallocr.o)
 .text._malloc_r
                0x00003ec4      0x100 C:/NXP/MCUXpressoIDE_24.12.148/ide/tools/bin/../lib/gcc/arm-none-eabi/13.2.1/thumb/v7e-m+dp/hard\libc_nano.a(libc_a-mallocr.o)
                0x00003ec4                _malloc_r
 .text.__malloc_lock
                0x00003fc4        0xc C:/NXP/MCUXpressoIDE_24.12.148/ide/tools/bin/../lib/gcc/arm-none-eabi/13.2.1/thumb/v7e-m+dp/hard\libc_nano.a(libc_a-mlock.o)
                0x00003fc4                __malloc_lock
 .text.__malloc_unlock
                0x00003fd0        0xc C:/NXP/MCUXpressoIDE_24.12.148/ide/tools/bin/../lib/gcc/arm-none-eabi/13.2.1/thumb/v7e-m+dp/hard\libc_nano.a(libc_a-mlock.o)
                0x00003fd0                __malloc_unlock
 .text.__cvt    0x00003fdc       0xa8 C:/NXP/MCUXpressoIDE_24.12.148/ide/tools/bin/../lib/gcc/arm-none-eabi/13.2.1/thumb/v7e-m+dp/hard\libc_nano.a(libc_a-nano-vfprintf_float.o)
                0x00003fdc                __cvt
 .text.__exponent
                0x00004084       0x74 C:/NXP/MCUXpressoIDE_24.12.148/ide/tools/bin/../lib/gcc/arm-none-eabi/13.2.1/thumb/v7e-m+dp/hard\libc_nano.a(libc_a-nano-vfprintf_float.o)
                0x00004084                __exponent
 .text._printf_float
                0x000040f8      0x434 C:/NXP/MCUXpressoIDE_24.12.148/ide/tools/bin/../lib/gcc/arm-none-eabi/13.2.1/thumb/v7e-m+dp/hard\libc_nano.a(libc_a-nano-vfprintf_float.o)
                0x000040f8                _printf_float
 .text._printf_common
                0x0000452c       0xda C:/NXP/MCUXpressoIDE_24.12.148/ide/tools/bin/../lib/gcc/arm-none-eabi/13.2.1/thumb/v7e-m+dp/hard\libc_nano.a(libc_a-nano-vfprintf_i.o)
                0x0000452c                _printf_common
 .text.memset   0x00004606       0x10 C:/NXP/MCUXpressoIDE_24.12.148/ide/tools/bin/../lib/gcc/arm-none-eabi/13.2.1/thumb/v7e-m+dp/hard\libc_nano.a(libc_a-memset.o)
                0x00004606                memset
 *fill*         0x00004616        0x2 
 .text._localeconv_r
                0x00004618        0x8 C:/NXP/MCUXpressoIDE_24.12.148/ide/tools/bin/../lib/gcc/arm-none-eabi/13.2.1/thumb/v7e-m+dp/hard\libc_nano.a(libc_a-localeconv.o)
                0x00004618                _localeconv_r
 .text._sbrk_r  0x00004620       0x20 C:/NXP/MCUXpressoIDE_24.12.148/ide/tools/bin/../lib/gcc/arm-none-eabi/13.2.1/thumb/v7e-m+dp/hard\libc_nano.a(libc_a-sbrkr.o)
                0x00004620                _sbrk_r
 .text.__errno  0x00004640        0xc C:/NXP/MCUXpressoIDE_24.12.148/ide/tools/bin/../lib/gcc/arm-none-eabi/13.2.1/thumb/v7e-m+dp/hard\libc_nano.a(libc_a-errno.o)
                0x00004640                __errno
 .text.__libc_init_array
                0x0000464c       0x48 C:/NXP/MCUXpressoIDE_24.12.148/ide/tools/bin/../lib/gcc/arm-none-eabi/13.2.1/thumb/v7e-m+dp/hard\libc_nano.a(libc_a-init.o)
                0x0000464c                __libc_init_array
 .text.__retarget_lock_acquire_recursive
                0x00004694        0x2 C:/NXP/MCUXpressoIDE_24.12.148/ide/tools/bin/../lib/gcc/arm-none-eabi/13.2.1/thumb/v7e-m+dp/hard\libc_nano.a(libc_a-lock.o)
                0x00004694                __retarget_lock_acquire_recursive
 .text.__retarget_lock_release_recursive
                0x00004696        0x2 C:/NXP/MCUXpressoIDE_24.12.148/ide/tools/bin/../lib/gcc/arm-none-eabi/13.2.1/thumb/v7e-m+dp/hard\libc_nano.a(libc_a-lock.o)
                0x00004696                __retarget_lock_release_recursive
 .text.modf     0x00004698       0xb0 C:/NXP/MCUXpressoIDE_24.12.148/ide/tools/bin/../lib/gcc/arm-none-eabi/13.2.1/thumb/v7e-m+dp/hard\libc_nano.a(libm_a-s_modf.o)
                0x00004698                modf
 .text.quorem   0x00004748      0x110 C:/NXP/MCUXpressoIDE_24.12.148/ide/tools/bin/../lib/gcc/arm-none-eabi/13.2.1/thumb/v7e-m+dp/hard\libc_nano.a(libc_a-dtoa.o)
 .text._dtoa_r  0x00004858      0xa9c C:/NXP/MCUXpressoIDE_24.12.148/ide/tools/bin/../lib/gcc/arm-none-eabi/13.2.1/thumb/v7e-m+dp/hard\libc_nano.a(libc_a-dtoa.o)
                0x00004858                _dtoa_r
 .text._Balloc  0x000052f4       0x80 C:/NXP/MCUXpressoIDE_24.12.148/ide/tools/bin/../lib/gcc/arm-none-eabi/13.2.1/thumb/v7e-m+dp/hard\libc_nano.a(libc_a-mprec.o)
                0x000052f4                _Balloc
 .text._Bfree   0x00005374       0x44 C:/NXP/MCUXpressoIDE_24.12.148/ide/tools/bin/../lib/gcc/arm-none-eabi/13.2.1/thumb/v7e-m+dp/hard\libc_nano.a(libc_a-mprec.o)
                0x00005374                _Bfree
 .text.__multadd
                0x000053b8       0x8c C:/NXP/MCUXpressoIDE_24.12.148/ide/tools/bin/../lib/gcc/arm-none-eabi/13.2.1/thumb/v7e-m+dp/hard\libc_nano.a(libc_a-mprec.o)
                0x000053b8                __multadd
 .text.__hi0bits
                0x00005444       0x3e C:/NXP/MCUXpressoIDE_24.12.148/ide/tools/bin/../lib/gcc/arm-none-eabi/13.2.1/thumb/v7e-m+dp/hard\libc_nano.a(libc_a-mprec.o)
                0x00005444                __hi0bits
 .text.__lo0bits
                0x00005482       0x5a C:/NXP/MCUXpressoIDE_24.12.148/ide/tools/bin/../lib/gcc/arm-none-eabi/13.2.1/thumb/v7e-m+dp/hard\libc_nano.a(libc_a-mprec.o)
                0x00005482                __lo0bits
 .text.__i2b    0x000054dc       0x2c C:/NXP/MCUXpressoIDE_24.12.148/ide/tools/bin/../lib/gcc/arm-none-eabi/13.2.1/thumb/v7e-m+dp/hard\libc_nano.a(libc_a-mprec.o)
                0x000054dc                __i2b
 .text.__multiply
                0x00005508      0x144 C:/NXP/MCUXpressoIDE_24.12.148/ide/tools/bin/../lib/gcc/arm-none-eabi/13.2.1/thumb/v7e-m+dp/hard\libc_nano.a(libc_a-mprec.o)
                0x00005508                __multiply
 .text.__pow5mult
                0x0000564c       0xb4 C:/NXP/MCUXpressoIDE_24.12.148/ide/tools/bin/../lib/gcc/arm-none-eabi/13.2.1/thumb/v7e-m+dp/hard\libc_nano.a(libc_a-mprec.o)
                0x0000564c                __pow5mult
 .text.__lshift
                0x00005700       0xd8 C:/NXP/MCUXpressoIDE_24.12.148/ide/tools/bin/../lib/gcc/arm-none-eabi/13.2.1/thumb/v7e-m+dp/hard\libc_nano.a(libc_a-mprec.o)
                0x00005700                __lshift
 .text.__mcmp   0x000057d8       0x36 C:/NXP/MCUXpressoIDE_24.12.148/ide/tools/bin/../lib/gcc/arm-none-eabi/13.2.1/thumb/v7e-m+dp/hard\libc_nano.a(libc_a-mprec.o)
                0x000057d8                __mcmp
 *fill*         0x0000580e        0x2 
 .text.__mdiff  0x00005810      0x128 C:/NXP/MCUXpressoIDE_24.12.148/ide/tools/bin/../lib/gcc/arm-none-eabi/13.2.1/thumb/v7e-m+dp/hard\libc_nano.a(libc_a-mprec.o)
                0x00005810                __mdiff
 .text.__d2b    0x00005938       0xb0 C:/NXP/MCUXpressoIDE_24.12.148/ide/tools/bin/../lib/gcc/arm-none-eabi/13.2.1/thumb/v7e-m+dp/hard\libc_nano.a(libc_a-mprec.o)
                0x00005938                __d2b
 .text.__fpclassifyd
                0x000059e8       0x48 C:/NXP/MCUXpressoIDE_24.12.148/ide/tools/bin/../lib/gcc/arm-none-eabi/13.2.1/thumb/v7e-m+dp/hard\libc_nano.a(libm_a-s_fpclassify.o)
                0x000059e8                __fpclassifyd
 .text._calloc_r
                0x00005a30       0x28 C:/NXP/MCUXpressoIDE_24.12.148/ide/tools/bin/../lib/gcc/arm-none-eabi/13.2.1/thumb/v7e-m+dp/hard\libc_nano.a(libc_a-callocr.o)
                0x00005a30                _calloc_r
 .text.__ascii_mbtowc
                0x00005a58       0x24 C:/NXP/MCUXpressoIDE_24.12.148/ide/tools/bin/../lib/gcc/arm-none-eabi/13.2.1/thumb/v7e-m+dp/hard\libc_nano.a(libc_a-mbtowc_r.o)
                0x00005a58                __ascii_mbtowc
 .text.__ascii_wctomb
                0x00005a7c       0x1a C:/NXP/MCUXpressoIDE_24.12.148/ide/tools/bin/../lib/gcc/arm-none-eabi/13.2.1/thumb/v7e-m+dp/hard\libc_nano.a(libc_a-wctomb_r.o)
                0x00005a7c                __ascii_wctomb
 *fill*         0x00005a96        0x2 
 .text.fmodf    0x00005a98       0x48 C:/NXP/MCUXpressoIDE_24.12.148/ide/tools/bin/../lib/gcc/arm-none-eabi/13.2.1/thumb/v7e-m+dp/hard\libm.a(libm_a-wf_fmod.o)
                0x00005a98                fmodf
 .text.pow      0x00005ae0      0x5d8 C:/NXP/MCUXpressoIDE_24.12.148/ide/tools/bin/../lib/gcc/arm-none-eabi/13.2.1/thumb/v7e-m+dp/hard\libm.a(libm_a-pow.o)
                0x00005ae0                pow
 .text.__ieee754_fmodf
                0x000060b8      0x140 C:/NXP/MCUXpressoIDE_24.12.148/ide/tools/bin/../lib/gcc/arm-none-eabi/13.2.1/thumb/v7e-m+dp/hard\libm.a(libm_a-ef_fmod.o)
                0x000060b8                __ieee754_fmodf
 .text.with_errno
                0x000061f8       0x1c C:/NXP/MCUXpressoIDE_24.12.148/ide/tools/bin/../lib/gcc/arm-none-eabi/13.2.1/thumb/v7e-m+dp/hard\libm.a(libm_a-math_err.o)
 .text.xflow    0x00006214       0x24 C:/NXP/MCUXpressoIDE_24.12.148/ide/tools/bin/../lib/gcc/arm-none-eabi/13.2.1/thumb/v7e-m+dp/hard\libm.a(libm_a-math_err.o)
 .text.__math_uflow
                0x00006238       0x10 C:/NXP/MCUXpressoIDE_24.12.148/ide/tools/bin/../lib/gcc/arm-none-eabi/13.2.1/thumb/v7e-m+dp/hard\libm.a(libm_a-math_err.o)
                0x00006238                __math_uflow
 .text.__math_oflow
                0x00006248       0x10 C:/NXP/MCUXpressoIDE_24.12.148/ide/tools/bin/../lib/gcc/arm-none-eabi/13.2.1/thumb/v7e-m+dp/hard\libm.a(libm_a-math_err.o)
                0x00006248                __math_oflow
 .text.__math_divzero
                0x00006258       0x30 C:/NXP/MCUXpressoIDE_24.12.148/ide/tools/bin/../lib/gcc/arm-none-eabi/13.2.1/thumb/v7e-m+dp/hard\libm.a(libm_a-math_err.o)
                0x00006258                __math_divzero
 .text.__math_invalid
                0x00006288       0x20 C:/NXP/MCUXpressoIDE_24.12.148/ide/tools/bin/../lib/gcc/arm-none-eabi/13.2.1/thumb/v7e-m+dp/hard\libm.a(libm_a-math_err.o)
                0x00006288                __math_invalid
 .text.__math_check_uflow
                0x000062a8       0x14 C:/NXP/MCUXpressoIDE_24.12.148/ide/tools/bin/../lib/gcc/arm-none-eabi/13.2.1/thumb/v7e-m+dp/hard\libm.a(libm_a-math_err.o)
                0x000062a8                __math_check_uflow
 *fill*         0x000062bc        0x4 
 .text.__math_check_oflow
                0x000062c0       0x28 C:/NXP/MCUXpressoIDE_24.12.148/ide/tools/bin/../lib/gcc/arm-none-eabi/13.2.1/thumb/v7e-m+dp/hard\libm.a(libm_a-math_err.o)
                0x000062c0                __math_check_oflow
 .text._exit    0x000062e8        0x2 C:/NXP/MCUXpressoIDE_24.12.148/ide/tools/bin/../lib/gcc/arm-none-eabi/13.2.1/../../../../arm-none-eabi/lib/thumb/v7e-m+dp/hard\libcr_newlib_nohost.a(_exit.o)
                0x000062e8                _exit
 *(.rodata)
 *fill*         0x000062ea        0x2 
 .rodata        0x000062ec       0x37 CMakeFiles/hello_world_cm7.elf.dir/C_/Users/TChyn/Desktop/Chyn/M7/evkmimx8mp_hello_world_cm7/hello_world.c.obj
 *fill*         0x00006323        0x1 
 .rodata        0x00006324      0x117 CMakeFiles/hello_world_cm7.elf.dir/C_/Users/TChyn/Desktop/Chyn/M7/evkmimx8mp_hello_world_cm7/board.c.obj
 *fill*         0x0000643b        0x1 
 .rodata        0x0000643c       0xf3 CMakeFiles/hello_world_cm7.elf.dir/c_/Users/TChyn/Downloads/SDK_25_06_00_MIMX8ML8xxxKZ/components/uart/fsl_adapter_iuart.c.obj
 *fill*         0x0000652f        0x1 
 .rodata        0x00006530       0x6c CMakeFiles/hello_world_cm7.elf.dir/c_/Users/TChyn/Downloads/SDK_25_06_00_MIMX8ML8xxxKZ/devices/MIMX8ML8/drivers/fsl_audiomix.c.obj
 .rodata        0x0000659c      0x18a CMakeFiles/hello_world_cm7.elf.dir/c_/Users/TChyn/Downloads/SDK_25_06_00_MIMX8ML8xxxKZ/devices/MIMX8ML8/drivers/fsl_clock.c.obj
 *fill*         0x00006726        0x2 
 .rodata        0x00006728      0x296 CMakeFiles/hello_world_cm7.elf.dir/c_/Users/TChyn/Downloads/SDK_25_06_00_MIMX8ML8xxxKZ/devices/MIMX8ML8/drivers/fsl_uart.c.obj
 *fill*         0x000069be        0x2 
 .rodata        0x000069c0      0x13e CMakeFiles/hello_world_cm7.elf.dir/c_/Users/TChyn/Downloads/SDK_25_06_00_MIMX8ML8xxxKZ/devices/MIMX8ML8/drivers/fsl_rdc.c.obj
 *fill*         0x00006afe        0x2 
 .rodata        0x00006b00       0x3e CMakeFiles/hello_world_cm7.elf.dir/c_/Users/TChyn/Downloads/SDK_25_06_00_MIMX8ML8xxxKZ/devices/MIMX8ML8/utilities/debug_console_lite/fsl_assert.c.obj
 *(.rodata*)
 *fill*         0x00006b3e        0x2 
 .rodata.__func__.1
                0x00006b40       0x11 CMakeFiles/hello_world_cm7.elf.dir/C_/Users/TChyn/Desktop/Chyn/M7/evkmimx8mp_hello_world_cm7/board.c.obj
 *fill*         0x00006b51        0x3 
 .rodata.__func__.0
                0x00006b54       0x1a CMakeFiles/hello_world_cm7.elf.dir/C_/Users/TChyn/Desktop/Chyn/M7/evkmimx8mp_hello_world_cm7/board.c.obj
 *fill*         0x00006b6e        0x2 
 .rodata.g_audioPll1Config
                0x00006b70       0x10 CMakeFiles/hello_world_cm7.elf.dir/C_/Users/TChyn/Desktop/Chyn/M7/evkmimx8mp_hello_world_cm7/clock_config.c.obj
                0x00006b70                g_audioPll1Config
 .rodata.g_audioPll2Config
                0x00006b80       0x10 CMakeFiles/hello_world_cm7.elf.dir/C_/Users/TChyn/Desktop/Chyn/M7/evkmimx8mp_hello_world_cm7/clock_config.c.obj
                0x00006b80                g_audioPll2Config
 .rodata.g_saiPLLConfig
                0x00006b90       0x10 CMakeFiles/hello_world_cm7.elf.dir/C_/Users/TChyn/Desktop/Chyn/M7/evkmimx8mp_hello_world_cm7/clock_config.c.obj
                0x00006b90                g_saiPLLConfig
 .rodata.s_UartAdapterBase
                0x00006ba0       0x14 CMakeFiles/hello_world_cm7.elf.dir/c_/Users/TChyn/Downloads/SDK_25_06_00_MIMX8ML8xxxKZ/components/uart/fsl_adapter_iuart.c.obj
 .rodata.__func__.5
                0x00006bb4        0xd CMakeFiles/hello_world_cm7.elf.dir/c_/Users/TChyn/Downloads/SDK_25_06_00_MIMX8ML8xxxKZ/components/uart/fsl_adapter_iuart.c.obj
 *fill*         0x00006bc1        0x3 
 .rodata.__func__.3
                0x00006bc4       0x18 CMakeFiles/hello_world_cm7.elf.dir/c_/Users/TChyn/Downloads/SDK_25_06_00_MIMX8ML8xxxKZ/components/uart/fsl_adapter_iuart.c.obj
 .rodata.__func__.2
                0x00006bdc       0x15 CMakeFiles/hello_world_cm7.elf.dir/c_/Users/TChyn/Downloads/SDK_25_06_00_MIMX8ML8xxxKZ/components/uart/fsl_adapter_iuart.c.obj
 *fill*         0x00006bf1        0x3 
 .rodata.__func__.0
                0x00006bf4       0x16 CMakeFiles/hello_world_cm7.elf.dir/c_/Users/TChyn/Downloads/SDK_25_06_00_MIMX8ML8xxxKZ/devices/MIMX8ML8/drivers/fsl_audiomix.c.obj
 *fill*         0x00006c0a        0x2 
 .rodata.__func__.11
                0x00006c0c       0x14 CMakeFiles/hello_world_cm7.elf.dir/c_/Users/TChyn/Downloads/SDK_25_06_00_MIMX8ML8xxxKZ/devices/MIMX8ML8/drivers/fsl_clock.c.obj
 .rodata.__func__.10
                0x00006c20       0x14 CMakeFiles/hello_world_cm7.elf.dir/c_/Users/TChyn/Downloads/SDK_25_06_00_MIMX8ML8xxxKZ/devices/MIMX8ML8/drivers/fsl_clock.c.obj
 .rodata.__func__.5
                0x00006c34       0x12 CMakeFiles/hello_world_cm7.elf.dir/c_/Users/TChyn/Downloads/SDK_25_06_00_MIMX8ML8xxxKZ/devices/MIMX8ML8/drivers/fsl_clock.c.obj
 *fill*         0x00006c46        0x2 
 .rodata.__func__.4
                0x00006c48       0x15 CMakeFiles/hello_world_cm7.elf.dir/c_/Users/TChyn/Downloads/SDK_25_06_00_MIMX8ML8xxxKZ/devices/MIMX8ML8/drivers/fsl_clock.c.obj
 *fill*         0x00006c5d        0x3 
 .rodata.__func__.2
                0x00006c60       0x18 CMakeFiles/hello_world_cm7.elf.dir/c_/Users/TChyn/Downloads/SDK_25_06_00_MIMX8ML8xxxKZ/devices/MIMX8ML8/drivers/fsl_clock.c.obj
 .rodata.__func__.1
                0x00006c78       0x15 CMakeFiles/hello_world_cm7.elf.dir/c_/Users/TChyn/Downloads/SDK_25_06_00_MIMX8ML8xxxKZ/devices/MIMX8ML8/drivers/fsl_clock.c.obj
 *fill*         0x00006c8d        0x3 
 .rodata.s_uartBases
                0x00006c90       0x14 CMakeFiles/hello_world_cm7.elf.dir/c_/Users/TChyn/Downloads/SDK_25_06_00_MIMX8ML8xxxKZ/devices/MIMX8ML8/drivers/fsl_uart.c.obj
 .rodata.s_uartClock
                0x00006ca4       0x14 CMakeFiles/hello_world_cm7.elf.dir/c_/Users/TChyn/Downloads/SDK_25_06_00_MIMX8ML8xxxKZ/devices/MIMX8ML8/drivers/fsl_uart.c.obj
 .rodata.__func__.24
                0x00006cb8       0x11 CMakeFiles/hello_world_cm7.elf.dir/c_/Users/TChyn/Downloads/SDK_25_06_00_MIMX8ML8xxxKZ/devices/MIMX8ML8/drivers/fsl_uart.c.obj
 *fill*         0x00006cc9        0x3 
 .rodata.__func__.21
                0x00006ccc        0xa CMakeFiles/hello_world_cm7.elf.dir/c_/Users/TChyn/Downloads/SDK_25_06_00_MIMX8ML8xxxKZ/devices/MIMX8ML8/drivers/fsl_uart.c.obj
 *fill*         0x00006cd6        0x2 
 .rodata.__func__.20
                0x00006cd8       0x18 CMakeFiles/hello_world_cm7.elf.dir/c_/Users/TChyn/Downloads/SDK_25_06_00_MIMX8ML8xxxKZ/devices/MIMX8ML8/drivers/fsl_uart.c.obj
 .rodata.__func__.19
                0x00006cf0       0x18 CMakeFiles/hello_world_cm7.elf.dir/c_/Users/TChyn/Downloads/SDK_25_06_00_MIMX8ML8xxxKZ/devices/MIMX8ML8/drivers/fsl_uart.c.obj
 .rodata.__func__.18
                0x00006d08       0x17 CMakeFiles/hello_world_cm7.elf.dir/c_/Users/TChyn/Downloads/SDK_25_06_00_MIMX8ML8xxxKZ/devices/MIMX8ML8/drivers/fsl_uart.c.obj
 *fill*         0x00006d1f        0x1 
 .rodata.__func__.17
                0x00006d20       0x16 CMakeFiles/hello_world_cm7.elf.dir/c_/Users/TChyn/Downloads/SDK_25_06_00_MIMX8ML8xxxKZ/devices/MIMX8ML8/drivers/fsl_uart.c.obj
 *fill*         0x00006d36        0x2 
 .rodata.__func__.13
                0x00006d38       0x13 CMakeFiles/hello_world_cm7.elf.dir/c_/Users/TChyn/Downloads/SDK_25_06_00_MIMX8ML8xxxKZ/devices/MIMX8ML8/drivers/fsl_uart.c.obj
 *fill*         0x00006d4b        0x1 
 .rodata.__func__.12
                0x00006d4c       0x12 CMakeFiles/hello_world_cm7.elf.dir/c_/Users/TChyn/Downloads/SDK_25_06_00_MIMX8ML8xxxKZ/devices/MIMX8ML8/drivers/fsl_uart.c.obj
 *fill*         0x00006d5e        0x2 
 .rodata.__func__.6
                0x00006d60       0x1e CMakeFiles/hello_world_cm7.elf.dir/c_/Users/TChyn/Downloads/SDK_25_06_00_MIMX8ML8xxxKZ/devices/MIMX8ML8/drivers/fsl_rdc.c.obj
 .rodata._ctype_
                0x00006d7e      0x101 C:/NXP/MCUXpressoIDE_24.12.148/ide/tools/bin/../lib/gcc/arm-none-eabi/13.2.1/thumb/v7e-m+dp/hard\libc_nano.a(libc_a-ctype_.o)
                0x00006d7e                _ctype_
 .rodata._printf_float.str1.1
                0x00006e7f      0x104 C:/NXP/MCUXpressoIDE_24.12.148/ide/tools/bin/../lib/gcc/arm-none-eabi/13.2.1/thumb/v7e-m+dp/hard\libc_nano.a(libc_a-nano-vfprintf_float.o)
                                 0x12 (size before relaxing)
 .rodata._dtoa_r.str1.1
                0x00006f83       0x90 C:/NXP/MCUXpressoIDE_24.12.148/ide/tools/bin/../lib/gcc/arm-none-eabi/13.2.1/thumb/v7e-m+dp/hard\libc_nano.a(libc_a-dtoa.o)
 .rodata._Balloc.str1.1
                0x00006f83       0x71 C:/NXP/MCUXpressoIDE_24.12.148/ide/tools/bin/../lib/gcc/arm-none-eabi/13.2.1/thumb/v7e-m+dp/hard\libc_nano.a(libc_a-mprec.o)
 .rodata.__multadd.str1.1
                0x00006f83       0x11 C:/NXP/MCUXpressoIDE_24.12.148/ide/tools/bin/../lib/gcc/arm-none-eabi/13.2.1/thumb/v7e-m+dp/hard\libc_nano.a(libc_a-mprec.o)
 *fill*         0x00006f83        0x1 
 .rodata.p05.0  0x00006f84        0xc C:/NXP/MCUXpressoIDE_24.12.148/ide/tools/bin/../lib/gcc/arm-none-eabi/13.2.1/thumb/v7e-m+dp/hard\libc_nano.a(libc_a-mprec.o)
 .rodata.__mprec_bigtens
                0x00006f90       0x28 C:/NXP/MCUXpressoIDE_24.12.148/ide/tools/bin/../lib/gcc/arm-none-eabi/13.2.1/thumb/v7e-m+dp/hard\libc_nano.a(libc_a-mprec.o)
                0x00006f90                __mprec_bigtens
 .rodata.__mprec_tens
                0x00006fb8       0xc8 C:/NXP/MCUXpressoIDE_24.12.148/ide/tools/bin/../lib/gcc/arm-none-eabi/13.2.1/thumb/v7e-m+dp/hard\libc_nano.a(libc_a-mprec.o)
                0x00006fb8                __mprec_tens
 .rodata._setlocale_r.str1.1
                0x00007080        0x9 C:/NXP/MCUXpressoIDE_24.12.148/ide/tools/bin/../lib/gcc/arm-none-eabi/13.2.1/thumb/v7e-m+dp/hard\libc_nano.a(libc_a-locale.o)
 .rodata.str1.1
                0x00007080        0x2 C:/NXP/MCUXpressoIDE_24.12.148/ide/tools/bin/../lib/gcc/arm-none-eabi/13.2.1/thumb/v7e-m+dp/hard\libc_nano.a(libc_a-locale.o)
 .rodata.__pow_log_data
                0x00007080     0x1048 C:/NXP/MCUXpressoIDE_24.12.148/ide/tools/bin/../lib/gcc/arm-none-eabi/13.2.1/thumb/v7e-m+dp/hard\libm.a(libm_a-pow_log_data.o)
                0x00007080                __pow_log_data
 .rodata.Zero   0x000080c8        0x8 C:/NXP/MCUXpressoIDE_24.12.148/ide/tools/bin/../lib/gcc/arm-none-eabi/13.2.1/thumb/v7e-m+dp/hard\libm.a(libm_a-ef_fmod.o)
 .rodata.__exp_data
                0x000080d0      0x870 C:/NXP/MCUXpressoIDE_24.12.148/ide/tools/bin/../lib/gcc/arm-none-eabi/13.2.1/thumb/v7e-m+dp/hard\libm.a(libm_a-exp_data.o)
                0x000080d0                __exp_data
 *(.glue_7)
 .glue_7        0x00008940        0x0 linker stubs
 *(.glue_7t)
 .glue_7t       0x00008940        0x0 linker stubs
 *(.eh_frame)
 .eh_frame      0x00008940        0x0 C:/NXP/MCUXpressoIDE_24.12.148/ide/tools/bin/../lib/gcc/arm-none-eabi/13.2.1/thumb/v7e-m+dp/hard/crtbegin.o
 *(.init)
 .init          0x00008940        0x4 C:/NXP/MCUXpressoIDE_24.12.148/ide/tools/bin/../lib/gcc/arm-none-eabi/13.2.1/thumb/v7e-m+dp/hard/crti.o
                0x00008940                _init
 .init          0x00008944        0x8 C:/NXP/MCUXpressoIDE_24.12.148/ide/tools/bin/../lib/gcc/arm-none-eabi/13.2.1/thumb/v7e-m+dp/hard/crtn.o
 *(.fini)
 .fini          0x0000894c        0x4 C:/NXP/MCUXpressoIDE_24.12.148/ide/tools/bin/../lib/gcc/arm-none-eabi/13.2.1/thumb/v7e-m+dp/hard/crti.o
                0x0000894c                _fini
 .fini          0x00008950        0x8 C:/NXP/MCUXpressoIDE_24.12.148/ide/tools/bin/../lib/gcc/arm-none-eabi/13.2.1/thumb/v7e-m+dp/hard/crtn.o
                0x00008958                        . = ALIGN (0x4)

.vfp11_veneer   0x00008958        0x0
 .vfp11_veneer  0x00008958        0x0 linker stubs

.v4_bx          0x00008958        0x0
 .v4_bx         0x00008958        0x0 linker stubs

.iplt           0x00008958        0x0
 .iplt          0x00008958        0x0 C:/NXP/MCUXpressoIDE_24.12.148/ide/tools/bin/../lib/gcc/arm-none-eabi/13.2.1/thumb/v7e-m+dp/hard/crtbegin.o

.ARM.extab
 *(.ARM.extab* .gnu.linkonce.armextab.*)

.ARM            0x00008958        0x8
                0x00008958                        __exidx_start = .
 *(.ARM.exidx*)
 .ARM.exidx     0x00008958        0x8 C:/NXP/MCUXpressoIDE_24.12.148/ide/tools/bin/../lib/gcc/arm-none-eabi/13.2.1/thumb/v7e-m+dp/hard/crt0.o
                                 0x10 (size before relaxing)
 .ARM.exidx     0x00008960        0x0 C:/NXP/MCUXpressoIDE_24.12.148/ide/tools/bin/../lib/gcc/arm-none-eabi/13.2.1/thumb/v7e-m+dp/hard\libc_nano.a(libc_a-strlen.o)
                                  0x8 (size before relaxing)
 .ARM.exidx.text.__udivmoddi4
                0x00008960        0x0 C:/NXP/MCUXpressoIDE_24.12.148/ide/tools/bin/../lib/gcc/arm-none-eabi/13.2.1/thumb/v7e-m+dp/hard\libgcc.a(_udivmoddi4.o)
                                  0x8 (size before relaxing)
                0x00008960                        __exidx_end = .

.rel.dyn        0x00008960        0x0
 .rel.iplt      0x00008960        0x0 C:/NXP/MCUXpressoIDE_24.12.148/ide/tools/bin/../lib/gcc/arm-none-eabi/13.2.1/thumb/v7e-m+dp/hard/crtbegin.o

.ctors          0x00008960        0x0
                0x00008960                        __CTOR_LIST__ = .
 *crtbegin.o(.ctors)
 *crtbegin?.o(.ctors)
 *(EXCLUDE_FILE(*crtend.o *crtend?.o) .ctors)
 *(SORT_BY_NAME(.ctors.*))
 *(.ctors)
                0x00008960                        __CTOR_END__ = .

.dtors          0x00008960        0x0
                0x00008960                        __DTOR_LIST__ = .
 *crtbegin.o(.dtors)
 *crtbegin?.o(.dtors)
 *(EXCLUDE_FILE(*crtend.o *crtend?.o) .dtors)
 *(SORT_BY_NAME(.dtors.*))
 *(.dtors)
                0x00008960                        __DTOR_END__ = .

.preinit_array  0x00008960        0x0
                0x00008960                        PROVIDE (__preinit_array_start = .)
 *(.preinit_array*)
                0x00008960                        PROVIDE (__preinit_array_end = .)

.init_array     0x00008960        0x4
                0x00008960                        PROVIDE (__init_array_start = .)
 *(SORT_BY_NAME(.init_array.*))
 *(.init_array*)
 .init_array    0x00008960        0x4 C:/NXP/MCUXpressoIDE_24.12.148/ide/tools/bin/../lib/gcc/arm-none-eabi/13.2.1/thumb/v7e-m+dp/hard/crtbegin.o
                0x00008964                        PROVIDE (__init_array_end = .)

.fini_array     0x00008964        0x4
                [!provide]                        PROVIDE (__fini_array_start = .)
 *(SORT_BY_NAME(.fini_array.*))
 *(.fini_array*)
 .fini_array    0x00008964        0x4 C:/NXP/MCUXpressoIDE_24.12.148/ide/tools/bin/../lib/gcc/arm-none-eabi/13.2.1/thumb/v7e-m+dp/hard/crtbegin.o
                [!provide]                        PROVIDE (__fini_array_end = .)
                0x00008968                        __etext = .
                0x00008968                        __DATA_ROM = .

.data           0x20000000      0x1c0 load address 0x00008968
                0x20000000                        . = ALIGN (0x4)
                0x20000000                        __DATA_RAM = .
                0x20000000                        __data_start__ = .
 *(.data)
 *(.data*)
 .data.SystemCoreClock
                0x20000000        0x4 CMakeFiles/hello_world_cm7.elf.dir/c_/Users/TChyn/Downloads/SDK_25_06_00_MIMX8ML8xxxKZ/devices/MIMX8ML8/system_MIMX8ML8_cm7.c.obj
                0x20000000                SystemCoreClock
 .data._impure_ptr
                0x20000004        0x4 C:/NXP/MCUXpressoIDE_24.12.148/ide/tools/bin/../lib/gcc/arm-none-eabi/13.2.1/thumb/v7e-m+dp/hard\libc_nano.a(libc_a-impure.o)
                0x20000004                _impure_ptr
 .data._impure_data
                0x20000008       0x4c C:/NXP/MCUXpressoIDE_24.12.148/ide/tools/bin/../lib/gcc/arm-none-eabi/13.2.1/thumb/v7e-m+dp/hard\libc_nano.a(libc_a-impure.o)
                0x20000008                _impure_data
 .data.__global_locale
                0x20000054      0x16c C:/NXP/MCUXpressoIDE_24.12.148/ide/tools/bin/../lib/gcc/arm-none-eabi/13.2.1/thumb/v7e-m+dp/hard\libc_nano.a(libc_a-locale.o)
                0x20000054                __global_locale
 *(.jcr*)
                0x200001c0                        . = ALIGN (0x4)
                0x200001c0                        __data_end__ = .
                0x00000000                        __CACHE_REGION_START = ORIGIN (m_interrupts)
                0x00000000                        __CACHE_REGION_SIZE = 0x0
                0x00008b28                        __NDATA_ROM = (__DATA_ROM + SIZEOF (.data))

.tm_clone_table
                0x200001c0        0x0 load address 0x00008b28
 .tm_clone_table
                0x200001c0        0x0 C:/NXP/MCUXpressoIDE_24.12.148/ide/tools/bin/../lib/gcc/arm-none-eabi/13.2.1/thumb/v7e-m+dp/hard/crtbegin.o
 .tm_clone_table
                0x200001c0        0x0 C:/NXP/MCUXpressoIDE_24.12.148/ide/tools/bin/../lib/gcc/arm-none-eabi/13.2.1/thumb/v7e-m+dp/hard/crtend.o

.igot.plt       0x200001c0        0x0 load address 0x00008b28
 .igot.plt      0x200001c0        0x0 C:/NXP/MCUXpressoIDE_24.12.148/ide/tools/bin/../lib/gcc/arm-none-eabi/13.2.1/thumb/v7e-m+dp/hard/crtbegin.o

.ncache.init    0x80000000        0x0 load address 0x00008b28
                0x80000000                        __noncachedata_start__ = .
 *(NonCacheable.init)
                0x80000000                        . = ALIGN (0x4)
                0x80000000                        __noncachedata_init_end__ = .
                0x80000000                        . = __noncachedata_init_end__

.ncache         0x80000000        0x0
 *(NonCacheable)
                0x80000000                        . = ALIGN (0x4)
                0x80000000                        __noncachedata_end__ = .
                0x00008b28                        __DATA_END = (__DATA_ROM + (__data_end__ - __data_start__))
                0x00020000                        text_end = (ORIGIN (m_text) + LENGTH (m_text))
                0x00000001                        ASSERT ((__DATA_END <= text_end), region m_text overflowed with text and data)

.bss            0x200001c0      0x1a4 load address 0x00008b28
                0x200001c0                        . = ALIGN (0x4)
                0x200001c0                        __START_BSS = .
                0x200001c0                        __bss_start__ = .
 *(.bss)
 *(.bss*)
 .bss.completed.1
                0x200001c0        0x1 C:/NXP/MCUXpressoIDE_24.12.148/ide/tools/bin/../lib/gcc/arm-none-eabi/13.2.1/thumb/v7e-m+dp/hard/crtbegin.o
 *fill*         0x200001c1        0x3 
 .bss.object.0  0x200001c4       0x18 C:/NXP/MCUXpressoIDE_24.12.148/ide/tools/bin/../lib/gcc/arm-none-eabi/13.2.1/thumb/v7e-m+dp/hard/crtbegin.o
 .bss.pitch     0x200001dc        0x4 CMakeFiles/hello_world_cm7.elf.dir/C_/Users/TChyn/Desktop/Chyn/M7/evkmimx8mp_hello_world_cm7/hello_world.c.obj
                0x200001dc                pitch
 .bss.roll      0x200001e0        0x4 CMakeFiles/hello_world_cm7.elf.dir/C_/Users/TChyn/Desktop/Chyn/M7/evkmimx8mp_hello_world_cm7/hello_world.c.obj
                0x200001e0                roll
 .bss.yaw       0x200001e4        0x4 CMakeFiles/hello_world_cm7.elf.dir/C_/Users/TChyn/Desktop/Chyn/M7/evkmimx8mp_hello_world_cm7/hello_world.c.obj
                0x200001e4                yaw
 .bss.s_uartIsr
                0x200001e8        0x4 CMakeFiles/hello_world_cm7.elf.dir/c_/Users/TChyn/Downloads/SDK_25_06_00_MIMX8ML8xxxKZ/devices/MIMX8ML8/drivers/fsl_uart.c.obj
                0x200001e8                s_uartIsr
 .bss.s_uartHandle
                0x200001ec       0x14 CMakeFiles/hello_world_cm7.elf.dir/c_/Users/TChyn/Downloads/SDK_25_06_00_MIMX8ML8xxxKZ/devices/MIMX8ML8/drivers/fsl_uart.c.obj
                0x200001ec                s_uartHandle
 .bss.heap_end.0
                0x20000200        0x4 CMakeFiles/hello_world_cm7.elf.dir/c_/Users/TChyn/Downloads/SDK_25_06_00_MIMX8ML8xxxKZ/devices/MIMX8ML8/utilities/fsl_sbrk.c.obj
 .bss.s_debugConsole
                0x20000204       0x14 CMakeFiles/hello_world_cm7.elf.dir/c_/Users/TChyn/Downloads/SDK_25_06_00_MIMX8ML8xxxKZ/devices/MIMX8ML8/utilities/debug_console_lite/fsl_debug_console.c.obj
 .bss.__malloc_sbrk_start
                0x20000218        0x4 C:/NXP/MCUXpressoIDE_24.12.148/ide/tools/bin/../lib/gcc/arm-none-eabi/13.2.1/thumb/v7e-m+dp/hard\libc_nano.a(libc_a-mallocr.o)
                0x20000218                __malloc_sbrk_start
 .bss.__malloc_free_list
                0x2000021c        0x4 C:/NXP/MCUXpressoIDE_24.12.148/ide/tools/bin/../lib/gcc/arm-none-eabi/13.2.1/thumb/v7e-m+dp/hard\libc_nano.a(libc_a-mallocr.o)
                0x2000021c                __malloc_free_list
 .bss.__sf      0x20000220      0x138 C:/NXP/MCUXpressoIDE_24.12.148/ide/tools/bin/../lib/gcc/arm-none-eabi/13.2.1/thumb/v7e-m+dp/hard\libc_nano.a(libc_a-findfp.o)
                0x20000220                __sf
 .bss.__stdio_exit_handler
                0x20000358        0x4 C:/NXP/MCUXpressoIDE_24.12.148/ide/tools/bin/../lib/gcc/arm-none-eabi/13.2.1/thumb/v7e-m+dp/hard\libc_nano.a(libc_a-findfp.o)
                0x20000358                __stdio_exit_handler
 .bss.errno     0x2000035c        0x4 C:/NXP/MCUXpressoIDE_24.12.148/ide/tools/bin/../lib/gcc/arm-none-eabi/13.2.1/thumb/v7e-m+dp/hard\libc_nano.a(libc_a-reent.o)
                0x2000035c                errno
 .bss.__lock___malloc_recursive_mutex
                0x20000360        0x1 C:/NXP/MCUXpressoIDE_24.12.148/ide/tools/bin/../lib/gcc/arm-none-eabi/13.2.1/thumb/v7e-m+dp/hard\libc_nano.a(libc_a-lock.o)
                0x20000360                __lock___malloc_recursive_mutex
 *(COMMON)
                0x20000364                        . = ALIGN (0x4)
 *fill*         0x20000361        0x3 
                0x20000364                        __bss_end__ = .
                0x20000364                        __END_BSS = .

.heap           0x20000364      0x404 load address 0x00008ccc
                0x20000368                        . = ALIGN (0x8)
 *fill*         0x20000364        0x4 
                0x20000368                        __end__ = .
                0x20000368                        PROVIDE (end = .)
                0x20000368                        __HeapBase = .
                0x20000768                        . = (. + HEAP_SIZE)
 *fill*         0x20000368      0x400 
                0x20000768                        __HeapLimit = .
                0x20000768                        __heap_limit = .

.stack          0x20000768      0x400 load address 0x000090d0
                0x20000768                        . = ALIGN (0x8)
                0x20000b68                        . = (. + STACK_SIZE)
 *fill*         0x20000768      0x400 
                0x20020000                        __StackTop = (ORIGIN (m_data) + LENGTH (m_data))
                0x2001fc00                        __StackLimit = (__StackTop - STACK_SIZE)
                0x20020000                        PROVIDE (__stack = __StackTop)

.ARM.attributes
                0x00000000       0x2e
 *(.ARM.attributes)
 .ARM.attributes
                0x00000000       0x20 C:/NXP/MCUXpressoIDE_24.12.148/ide/tools/bin/../lib/gcc/arm-none-eabi/13.2.1/thumb/v7e-m+dp/hard/crti.o
 .ARM.attributes
                0x00000020       0x32 C:/NXP/MCUXpressoIDE_24.12.148/ide/tools/bin/../lib/gcc/arm-none-eabi/13.2.1/thumb/v7e-m+dp/hard/crtbegin.o
 .ARM.attributes
                0x00000052       0x1e C:/NXP/MCUXpressoIDE_24.12.148/ide/tools/bin/../lib/gcc/arm-none-eabi/13.2.1/thumb/v7e-m+dp/hard/crt0.o
 .ARM.attributes
                0x00000070       0x32 CMakeFiles/hello_world_cm7.elf.dir/C_/Users/TChyn/Desktop/Chyn/M7/evkmimx8mp_hello_world_cm7/hello_world.c.obj
 .ARM.attributes
                0x000000a2       0x32 CMakeFiles/hello_world_cm7.elf.dir/C_/Users/TChyn/Desktop/Chyn/M7/evkmimx8mp_hello_world_cm7/empty_rsc_table.c.obj
 .ARM.attributes
                0x000000d4       0x32 CMakeFiles/hello_world_cm7.elf.dir/C_/Users/TChyn/Desktop/Chyn/M7/evkmimx8mp_hello_world_cm7/board.c.obj
 .ARM.attributes
                0x00000106       0x32 CMakeFiles/hello_world_cm7.elf.dir/C_/Users/TChyn/Desktop/Chyn/M7/evkmimx8mp_hello_world_cm7/clock_config.c.obj
 .ARM.attributes
                0x00000138       0x32 CMakeFiles/hello_world_cm7.elf.dir/C_/Users/TChyn/Desktop/Chyn/M7/evkmimx8mp_hello_world_cm7/pin_mux.c.obj
 .ARM.attributes
                0x0000016a       0x32 CMakeFiles/hello_world_cm7.elf.dir/C_/Users/TChyn/Desktop/Chyn/M7/evkmimx8mp_hello_world_cm7/hardware_init.c.obj
 .ARM.attributes
                0x0000019c       0x32 CMakeFiles/hello_world_cm7.elf.dir/c_/Users/TChyn/Downloads/SDK_25_06_00_MIMX8ML8xxxKZ/components/uart/fsl_adapter_iuart.c.obj
 .ARM.attributes
                0x000001ce       0x1d CMakeFiles/hello_world_cm7.elf.dir/c_/Users/TChyn/Downloads/SDK_25_06_00_MIMX8ML8xxxKZ/devices/MIMX8ML8/gcc/startup_MIMX8ML8_cm7.S.obj
 .ARM.attributes
                0x000001eb       0x32 CMakeFiles/hello_world_cm7.elf.dir/c_/Users/TChyn/Downloads/SDK_25_06_00_MIMX8ML8xxxKZ/devices/MIMX8ML8/system_MIMX8ML8_cm7.c.obj
 .ARM.attributes
                0x0000021d       0x32 CMakeFiles/hello_world_cm7.elf.dir/c_/Users/TChyn/Downloads/SDK_25_06_00_MIMX8ML8xxxKZ/devices/MIMX8ML8/drivers/fsl_audiomix.c.obj
 .ARM.attributes
                0x0000024f       0x32 CMakeFiles/hello_world_cm7.elf.dir/c_/Users/TChyn/Downloads/SDK_25_06_00_MIMX8ML8xxxKZ/devices/MIMX8ML8/drivers/fsl_clock.c.obj
 .ARM.attributes
                0x00000281       0x32 CMakeFiles/hello_world_cm7.elf.dir/c_/Users/TChyn/Downloads/SDK_25_06_00_MIMX8ML8xxxKZ/devices/MIMX8ML8/drivers/fsl_uart.c.obj
 .ARM.attributes
                0x000002b3       0x32 CMakeFiles/hello_world_cm7.elf.dir/c_/Users/TChyn/Downloads/SDK_25_06_00_MIMX8ML8xxxKZ/devices/MIMX8ML8/drivers/fsl_rdc.c.obj
 .ARM.attributes
                0x000002e5       0x32 CMakeFiles/hello_world_cm7.elf.dir/c_/Users/TChyn/Downloads/SDK_25_06_00_MIMX8ML8xxxKZ/devices/MIMX8ML8/utilities/fsl_sbrk.c.obj
 .ARM.attributes
                0x00000317       0x1e CMakeFiles/hello_world_cm7.elf.dir/c_/Users/TChyn/Downloads/SDK_25_06_00_MIMX8ML8xxxKZ/devices/MIMX8ML8/utilities/fsl_memcpy.S.obj
 .ARM.attributes
                0x00000335       0x32 CMakeFiles/hello_world_cm7.elf.dir/c_/Users/TChyn/Downloads/SDK_25_06_00_MIMX8ML8xxxKZ/devices/MIMX8ML8/utilities/debug_console_lite/fsl_assert.c.obj
 .ARM.attributes
                0x00000367       0x32 CMakeFiles/hello_world_cm7.elf.dir/c_/Users/TChyn/Downloads/SDK_25_06_00_MIMX8ML8xxxKZ/devices/MIMX8ML8/utilities/debug_console_lite/fsl_debug_console.c.obj
 .ARM.attributes
                0x00000399       0x20 C:/NXP/MCUXpressoIDE_24.12.148/ide/tools/bin/../lib/gcc/arm-none-eabi/13.2.1/thumb/v7e-m+dp/hard\libgcc.a(_arm_addsubdf3.o)
 .ARM.attributes
                0x000003b9       0x20 C:/NXP/MCUXpressoIDE_24.12.148/ide/tools/bin/../lib/gcc/arm-none-eabi/13.2.1/thumb/v7e-m+dp/hard\libgcc.a(_aeabi_uldivmod.o)
 .ARM.attributes
                0x000003d9       0x32 C:/NXP/MCUXpressoIDE_24.12.148/ide/tools/bin/../lib/gcc/arm-none-eabi/13.2.1/thumb/v7e-m+dp/hard\libgcc.a(_fixdfdi.o)
 .ARM.attributes
                0x0000040b       0x32 C:/NXP/MCUXpressoIDE_24.12.148/ide/tools/bin/../lib/gcc/arm-none-eabi/13.2.1/thumb/v7e-m+dp/hard\libgcc.a(_fixunsdfdi.o)
 .ARM.attributes
                0x0000043d       0x32 C:/NXP/MCUXpressoIDE_24.12.148/ide/tools/bin/../lib/gcc/arm-none-eabi/13.2.1/thumb/v7e-m+dp/hard\libgcc.a(_udivmoddi4.o)
 .ARM.attributes
                0x0000046f       0x20 C:/NXP/MCUXpressoIDE_24.12.148/ide/tools/bin/../lib/gcc/arm-none-eabi/13.2.1/thumb/v7e-m+dp/hard\libgcc.a(_dvmd_tls.o)
 .ARM.attributes
                0x0000048f       0x32 C:/NXP/MCUXpressoIDE_24.12.148/ide/tools/bin/../lib/gcc/arm-none-eabi/13.2.1/thumb/v7e-m+dp/hard\libc_nano.a(libc_a-exit.o)
 .ARM.attributes
                0x000004c1       0x32 C:/NXP/MCUXpressoIDE_24.12.148/ide/tools/bin/../lib/gcc/arm-none-eabi/13.2.1/thumb/v7e-m+dp/hard\libc_nano.a(libc_a-malloc.o)
 .ARM.attributes
                0x000004f3       0x32 C:/NXP/MCUXpressoIDE_24.12.148/ide/tools/bin/../lib/gcc/arm-none-eabi/13.2.1/thumb/v7e-m+dp/hard\libc_nano.a(libc_a-mallocr.o)
 .ARM.attributes
                0x00000525       0x32 C:/NXP/MCUXpressoIDE_24.12.148/ide/tools/bin/../lib/gcc/arm-none-eabi/13.2.1/thumb/v7e-m+dp/hard\libc_nano.a(libc_a-mlock.o)
 .ARM.attributes
                0x00000557       0x32 C:/NXP/MCUXpressoIDE_24.12.148/ide/tools/bin/../lib/gcc/arm-none-eabi/13.2.1/thumb/v7e-m+dp/hard\libc_nano.a(libc_a-ctype_.o)
 .ARM.attributes
                0x00000589       0x32 C:/NXP/MCUXpressoIDE_24.12.148/ide/tools/bin/../lib/gcc/arm-none-eabi/13.2.1/thumb/v7e-m+dp/hard\libc_nano.a(libc_a-nano-vfprintf_float.o)
 .ARM.attributes
                0x000005bb       0x32 C:/NXP/MCUXpressoIDE_24.12.148/ide/tools/bin/../lib/gcc/arm-none-eabi/13.2.1/thumb/v7e-m+dp/hard\libc_nano.a(libc_a-nano-vfprintf_i.o)
 .ARM.attributes
                0x000005ed       0x32 C:/NXP/MCUXpressoIDE_24.12.148/ide/tools/bin/../lib/gcc/arm-none-eabi/13.2.1/thumb/v7e-m+dp/hard\libc_nano.a(libc_a-findfp.o)
 .ARM.attributes
                0x0000061f       0x32 C:/NXP/MCUXpressoIDE_24.12.148/ide/tools/bin/../lib/gcc/arm-none-eabi/13.2.1/thumb/v7e-m+dp/hard\libc_nano.a(libc_a-memset.o)
 .ARM.attributes
                0x00000651       0x32 C:/NXP/MCUXpressoIDE_24.12.148/ide/tools/bin/../lib/gcc/arm-none-eabi/13.2.1/thumb/v7e-m+dp/hard\libc_nano.a(libc_a-localeconv.o)
 .ARM.attributes
                0x00000683       0x32 C:/NXP/MCUXpressoIDE_24.12.148/ide/tools/bin/../lib/gcc/arm-none-eabi/13.2.1/thumb/v7e-m+dp/hard\libc_nano.a(libc_a-reent.o)
 .ARM.attributes
                0x000006b5       0x32 C:/NXP/MCUXpressoIDE_24.12.148/ide/tools/bin/../lib/gcc/arm-none-eabi/13.2.1/thumb/v7e-m+dp/hard\libc_nano.a(libc_a-impure.o)
 .ARM.attributes
                0x000006e7       0x32 C:/NXP/MCUXpressoIDE_24.12.148/ide/tools/bin/../lib/gcc/arm-none-eabi/13.2.1/thumb/v7e-m+dp/hard\libc_nano.a(libc_a-sbrkr.o)
 .ARM.attributes
                0x00000719       0x32 C:/NXP/MCUXpressoIDE_24.12.148/ide/tools/bin/../lib/gcc/arm-none-eabi/13.2.1/thumb/v7e-m+dp/hard\libc_nano.a(libc_a-errno.o)
 .ARM.attributes
                0x0000074b       0x32 C:/NXP/MCUXpressoIDE_24.12.148/ide/tools/bin/../lib/gcc/arm-none-eabi/13.2.1/thumb/v7e-m+dp/hard\libc_nano.a(libc_a-init.o)
 .ARM.attributes
                0x0000077d       0x32 C:/NXP/MCUXpressoIDE_24.12.148/ide/tools/bin/../lib/gcc/arm-none-eabi/13.2.1/thumb/v7e-m+dp/hard\libc_nano.a(libc_a-lock.o)
 .ARM.attributes
                0x000007af       0x17 C:/NXP/MCUXpressoIDE_24.12.148/ide/tools/bin/../lib/gcc/arm-none-eabi/13.2.1/thumb/v7e-m+dp/hard\libc_nano.a(libc_a-strlen.o)
 .ARM.attributes
                0x000007c6       0x32 C:/NXP/MCUXpressoIDE_24.12.148/ide/tools/bin/../lib/gcc/arm-none-eabi/13.2.1/thumb/v7e-m+dp/hard\libc_nano.a(libm_a-s_modf.o)
 .ARM.attributes
                0x000007f8       0x32 C:/NXP/MCUXpressoIDE_24.12.148/ide/tools/bin/../lib/gcc/arm-none-eabi/13.2.1/thumb/v7e-m+dp/hard\libc_nano.a(libc_a-dtoa.o)
 .ARM.attributes
                0x0000082a       0x32 C:/NXP/MCUXpressoIDE_24.12.148/ide/tools/bin/../lib/gcc/arm-none-eabi/13.2.1/thumb/v7e-m+dp/hard\libc_nano.a(libc_a-mprec.o)
 .ARM.attributes
                0x0000085c       0x32 C:/NXP/MCUXpressoIDE_24.12.148/ide/tools/bin/../lib/gcc/arm-none-eabi/13.2.1/thumb/v7e-m+dp/hard\libc_nano.a(libc_a-locale.o)
 .ARM.attributes
                0x0000088e       0x32 C:/NXP/MCUXpressoIDE_24.12.148/ide/tools/bin/../lib/gcc/arm-none-eabi/13.2.1/thumb/v7e-m+dp/hard\libc_nano.a(libm_a-s_fpclassify.o)
 .ARM.attributes
                0x000008c0       0x32 C:/NXP/MCUXpressoIDE_24.12.148/ide/tools/bin/../lib/gcc/arm-none-eabi/13.2.1/thumb/v7e-m+dp/hard\libc_nano.a(libc_a-callocr.o)
 .ARM.attributes
                0x000008f2       0x32 C:/NXP/MCUXpressoIDE_24.12.148/ide/tools/bin/../lib/gcc/arm-none-eabi/13.2.1/thumb/v7e-m+dp/hard\libc_nano.a(libc_a-mbtowc_r.o)
 .ARM.attributes
                0x00000924       0x32 C:/NXP/MCUXpressoIDE_24.12.148/ide/tools/bin/../lib/gcc/arm-none-eabi/13.2.1/thumb/v7e-m+dp/hard\libc_nano.a(libc_a-wctomb_r.o)
 .ARM.attributes
                0x00000956       0x32 C:/NXP/MCUXpressoIDE_24.12.148/ide/tools/bin/../lib/gcc/arm-none-eabi/13.2.1/thumb/v7e-m+dp/hard\libm.a(libm_a-wf_fmod.o)
 .ARM.attributes
                0x00000988       0x32 C:/NXP/MCUXpressoIDE_24.12.148/ide/tools/bin/../lib/gcc/arm-none-eabi/13.2.1/thumb/v7e-m+dp/hard\libm.a(libm_a-pow.o)
 .ARM.attributes
                0x000009ba       0x32 C:/NXP/MCUXpressoIDE_24.12.148/ide/tools/bin/../lib/gcc/arm-none-eabi/13.2.1/thumb/v7e-m+dp/hard\libm.a(libm_a-pow_log_data.o)
 .ARM.attributes
                0x000009ec       0x32 C:/NXP/MCUXpressoIDE_24.12.148/ide/tools/bin/../lib/gcc/arm-none-eabi/13.2.1/thumb/v7e-m+dp/hard\libm.a(libm_a-ef_fmod.o)
 .ARM.attributes
                0x00000a1e       0x32 C:/NXP/MCUXpressoIDE_24.12.148/ide/tools/bin/../lib/gcc/arm-none-eabi/13.2.1/thumb/v7e-m+dp/hard\libm.a(libm_a-exp_data.o)
 .ARM.attributes
                0x00000a50       0x32 C:/NXP/MCUXpressoIDE_24.12.148/ide/tools/bin/../lib/gcc/arm-none-eabi/13.2.1/thumb/v7e-m+dp/hard\libm.a(libm_a-math_err.o)
 .ARM.attributes
                0x00000a82       0x32 C:/NXP/MCUXpressoIDE_24.12.148/ide/tools/bin/../lib/gcc/arm-none-eabi/13.2.1/../../../../arm-none-eabi/lib/thumb/v7e-m+dp/hard\libcr_newlib_nohost.a(_exit.o)
 .ARM.attributes
                0x00000ab4       0x32 C:/NXP/MCUXpressoIDE_24.12.148/ide/tools/bin/../lib/gcc/arm-none-eabi/13.2.1/thumb/v7e-m+dp/hard/crtend.o
 .ARM.attributes
                0x00000ae6       0x20 C:/NXP/MCUXpressoIDE_24.12.148/ide/tools/bin/../lib/gcc/arm-none-eabi/13.2.1/thumb/v7e-m+dp/hard/crtn.o
                0x00000001                        ASSERT ((__StackLimit >= __HeapLimit), region m_data overflowed with stack and heap)
OUTPUT(hello_world_cm7.elf elf32-littlearm)
LOAD linker stubs

.debug_line_str
                0x00000000      0x3a6
 .debug_line_str
                0x00000000      0x3a6 C:/NXP/MCUXpressoIDE_24.12.148/ide/tools/bin/../lib/gcc/arm-none-eabi/13.2.1/thumb/v7e-m+dp/hard/crt0.o
                                 0xd6 (size before relaxing)
 .debug_line_str
                0x000003a6       0xa7 CMakeFiles/hello_world_cm7.elf.dir/c_/Users/TChyn/Downloads/SDK_25_06_00_MIMX8ML8xxxKZ/devices/MIMX8ML8/gcc/startup_MIMX8ML8_cm7.S.obj
 .debug_line_str
                0x000003a6       0xa3 CMakeFiles/hello_world_cm7.elf.dir/c_/Users/TChyn/Downloads/SDK_25_06_00_MIMX8ML8xxxKZ/devices/MIMX8ML8/utilities/fsl_memcpy.S.obj
 .debug_line_str
                0x000003a6       0xce C:/NXP/MCUXpressoIDE_24.12.148/ide/tools/bin/../lib/gcc/arm-none-eabi/13.2.1/thumb/v7e-m+dp/hard\libgcc.a(_arm_addsubdf3.o)
 .debug_line_str
                0x000003a6       0xc9 C:/NXP/MCUXpressoIDE_24.12.148/ide/tools/bin/../lib/gcc/arm-none-eabi/13.2.1/thumb/v7e-m+dp/hard\libgcc.a(_aeabi_uldivmod.o)
 .debug_line_str
                0x000003a6       0xcd C:/NXP/MCUXpressoIDE_24.12.148/ide/tools/bin/../lib/gcc/arm-none-eabi/13.2.1/thumb/v7e-m+dp/hard\libgcc.a(_dvmd_tls.o)
 .debug_line_str
                0x000003a6       0xeb C:/NXP/MCUXpressoIDE_24.12.148/ide/tools/bin/../lib/gcc/arm-none-eabi/13.2.1/thumb/v7e-m+dp/hard\libc_nano.a(libc_a-strlen.o)

.debug_info     0x00000000     0xcc54
 .debug_info    0x00000000      0x4a7 CMakeFiles/hello_world_cm7.elf.dir/C_/Users/TChyn/Desktop/Chyn/M7/evkmimx8mp_hello_world_cm7/hello_world.c.obj
 .debug_info    0x000004a7       0xa9 CMakeFiles/hello_world_cm7.elf.dir/C_/Users/TChyn/Desktop/Chyn/M7/evkmimx8mp_hello_world_cm7/empty_rsc_table.c.obj
 .debug_info    0x00000550     0x1851 CMakeFiles/hello_world_cm7.elf.dir/C_/Users/TChyn/Desktop/Chyn/M7/evkmimx8mp_hello_world_cm7/board.c.obj
 .debug_info    0x00001da1     0x1329 CMakeFiles/hello_world_cm7.elf.dir/C_/Users/TChyn/Desktop/Chyn/M7/evkmimx8mp_hello_world_cm7/clock_config.c.obj
 .debug_info    0x000030ca      0x1a4 CMakeFiles/hello_world_cm7.elf.dir/C_/Users/TChyn/Desktop/Chyn/M7/evkmimx8mp_hello_world_cm7/pin_mux.c.obj
 .debug_info    0x0000326e       0xa9 CMakeFiles/hello_world_cm7.elf.dir/C_/Users/TChyn/Desktop/Chyn/M7/evkmimx8mp_hello_world_cm7/hardware_init.c.obj
 .debug_info    0x00003317      0xbe8 CMakeFiles/hello_world_cm7.elf.dir/c_/Users/TChyn/Downloads/SDK_25_06_00_MIMX8ML8xxxKZ/components/uart/fsl_adapter_iuart.c.obj