c:/Users/TChyn/Downloads/SDK_25_06_00_MIMX8ML8xxxKZ/components/srtm/srtm/srtm_message.c:30:16:SRTM_Message_Create	16	static
c:/Users/TChyn/Downloads/SDK_25_06_00_MIMX8ML8xxxKZ/components/srtm/srtm/srtm_message.c:88:23:SRTM_CommMessage_Create.constprop	24	static
c:/Users/TChyn/Downloads/SDK_25_06_00_MIMX8ML8xxxKZ/components/srtm/srtm/srtm_message.c:53:16:SRTM_Message_Duplicate	16	static
c:/Users/TChyn/Downloads/SDK_25_06_00_MIMX8ML8xxxKZ/components/srtm/srtm/srtm_message.c:74:6:SRTM_Message_Destroy	0	static
c:/Users/TChyn/Downloads/SDK_25_06_00_MIMX8ML8xxxKZ/components/srtm/srtm/srtm_message.c:137:18:SRTM_Procedure_Create	16	static
c:/Users/TChyn/Downloads/SDK_25_06_00_MIMX8ML8xxxKZ/components/srtm/srtm/srtm_message.c:153:6:SRTM_Procedure_Destroy	0	static
c:/Users/TChyn/Downloads/SDK_25_06_00_MIMX8ML8xxxKZ/components/srtm/srtm/srtm_message.c:158:16:SRTM_RawData_Create	8	static
c:/Users/TChyn/Downloads/SDK_25_06_00_MIMX8ML8xxxKZ/components/srtm/srtm/srtm_message.c:174:6:SRTM_RawData_Destroy	0	static
c:/Users/TChyn/Downloads/SDK_25_06_00_MIMX8ML8xxxKZ/components/srtm/srtm/srtm_message.c:179:7:SRTM_RawData_GetData	0	static
c:/Users/TChyn/Downloads/SDK_25_06_00_MIMX8ML8xxxKZ/components/srtm/srtm/srtm_message.c:186:10:SRTM_RawData_GetDataLen	0	static
c:/Users/TChyn/Downloads/SDK_25_06_00_MIMX8ML8xxxKZ/components/srtm/srtm/srtm_message.c:193:16:SRTM_Request_Create	16	static
c:/Users/TChyn/Downloads/SDK_25_06_00_MIMX8ML8xxxKZ/components/srtm/srtm/srtm_message.c:200:6:SRTM_Request_Destroy	0	static
c:/Users/TChyn/Downloads/SDK_25_06_00_MIMX8ML8xxxKZ/components/srtm/srtm/srtm_message.c:205:15:SRTM_Request_GetErrorCode	0	static
c:/Users/TChyn/Downloads/SDK_25_06_00_MIMX8ML8xxxKZ/components/srtm/srtm/srtm_message.c:212:17:SRTM_Response_Create	16	static
c:/Users/TChyn/Downloads/SDK_25_06_00_MIMX8ML8xxxKZ/components/srtm/srtm/srtm_message.c:219:6:SRTM_Response_Destroy	0	static
c:/Users/TChyn/Downloads/SDK_25_06_00_MIMX8ML8xxxKZ/components/srtm/srtm/srtm_message.c:224:21:SRTM_Notification_Create	16	static
c:/Users/TChyn/Downloads/SDK_25_06_00_MIMX8ML8xxxKZ/components/srtm/srtm/srtm_message.c:231:6:SRTM_Notification_Destroy	0	static
c:/Users/TChyn/Downloads/SDK_25_06_00_MIMX8ML8xxxKZ/components/srtm/srtm/srtm_message.c:236:9:SRTM_Message_GetPriority	0	static
c:/Users/TChyn/Downloads/SDK_25_06_00_MIMX8ML8xxxKZ/components/srtm/srtm/srtm_message.c:243:6:SRTM_Message_SetPriority	0	static
c:/Users/TChyn/Downloads/SDK_25_06_00_MIMX8ML8xxxKZ/components/srtm/srtm/srtm_message.c:256:6:SRTM_Message_SetFreeFunc	0	static
c:/Users/TChyn/Downloads/SDK_25_06_00_MIMX8ML8xxxKZ/components/srtm/srtm/srtm_message.c:264:9:SRTM_CommMessage_GetCategory	0	static
c:/Users/TChyn/Downloads/SDK_25_06_00_MIMX8ML8xxxKZ/components/srtm/srtm/srtm_message.c:271:10:SRTM_CommMessage_GetVersion	0	static
c:/Users/TChyn/Downloads/SDK_25_06_00_MIMX8ML8xxxKZ/components/srtm/srtm/srtm_message.c:278:9:SRTM_CommMessage_GetCommand	0	static
c:/Users/TChyn/Downloads/SDK_25_06_00_MIMX8ML8xxxKZ/components/srtm/srtm/srtm_message.c:285:10:SRTM_CommMessage_GetPayload	0	static
c:/Users/TChyn/Downloads/SDK_25_06_00_MIMX8ML8xxxKZ/components/srtm/srtm/srtm_message.c:293:10:SRTM_CommMessage_GetPayloadLen	0	static
c:/Users/TChyn/Downloads/SDK_25_06_00_MIMX8ML8xxxKZ/components/srtm/srtm/srtm_message.c:301:16:SRTM_CommMessage_GetChannel	0	static
