c:/Users/TChyn/Downloads/SDK_25_06_00_MIMX8ML8xxxKZ/components/srtm/srtm/srtm_list.h:129:20:SRTM_List_Remove	0	static
c:/Users/TChyn/Downloads/SDK_25_06_00_MIMX8ML8xxxKZ/components/srtm/srtm/srtm_dispatcher.c:188:13:SRTM_Dispatcher_RecycleMessage	8	static
c:/Users/TChyn/Downloads/SDK_25_06_00_MIMX8ML8xxxKZ/components/srtm/srtm/srtm_dispatcher.c:86:13:SRTM_Dispatcher_QueueMessage	12	static
c:/Users/TChyn/Downloads/SDK_25_06_00_MIMX8ML8xxxKZ/components/srtm/srtm/srtm_dispatcher.c:100:22:SRTM_Dispatcher_DequeueMessage	16	static
c:/Users/TChyn/Downloads/SDK_25_06_00_MIMX8ML8xxxKZ/components/srtm/srtm/srtm_dispatcher.c:136:13:SRTM_Dispatcher_FreeRequest	16	static
c:/Users/TChyn/Downloads/SDK_25_06_00_MIMX8ML8xxxKZ/components/srtm/srtm/srtm_dispatcher.c:154:13:SRTM_Dispatcher_FreeMessage	0	static
c:/Users/TChyn/Downloads/SDK_25_06_00_MIMX8ML8xxxKZ/components/srtm/srtm/srtm_dispatcher.c:875:22:SRTM_Dispatcher_SendMessage	16	static
c:/Users/TChyn/Downloads/SDK_25_06_00_MIMX8ML8xxxKZ/components/srtm/srtm/srtm_dispatcher.c:199:19:SRTM_Dispatcher_Create	24	static
c:/Users/TChyn/Downloads/SDK_25_06_00_MIMX8ML8xxxKZ/components/srtm/srtm/srtm_dispatcher.c:245:6:SRTM_Dispatcher_Destroy	16	static
c:/Users/TChyn/Downloads/SDK_25_06_00_MIMX8ML8xxxKZ/components/srtm/srtm/srtm_dispatcher.c:294:15:SRTM_Dispatcher_Start	8	static
c:/Users/TChyn/Downloads/SDK_25_06_00_MIMX8ML8xxxKZ/components/srtm/srtm/srtm_dispatcher.c:312:15:SRTM_Dispatcher_Stop	8	static
c:/Users/TChyn/Downloads/SDK_25_06_00_MIMX8ML8xxxKZ/components/srtm/srtm/srtm_dispatcher.c:385:15:SRTM_Dispatcher_AddPeerCore	16	static
c:/Users/TChyn/Downloads/SDK_25_06_00_MIMX8ML8xxxKZ/components/srtm/srtm/srtm_dispatcher.c:406:15:SRTM_Dispatcher_RemovePeerCore	32	static
c:/Users/TChyn/Downloads/SDK_25_06_00_MIMX8ML8xxxKZ/components/srtm/srtm/srtm_dispatcher.c:485:15:SRTM_Dispatcher_RegisterService	16	static
c:/Users/TChyn/Downloads/SDK_25_06_00_MIMX8ML8xxxKZ/components/srtm/srtm/srtm_dispatcher.c:507:15:SRTM_Dispatcher_UnregisterService	16	static
c:/Users/TChyn/Downloads/SDK_25_06_00_MIMX8ML8xxxKZ/components/srtm/srtm/srtm_dispatcher.c:529:15:SRTM_Dispatcher_Request	32	static
c:/Users/TChyn/Downloads/SDK_25_06_00_MIMX8ML8xxxKZ/components/srtm/srtm/srtm_dispatcher.c:604:15:SRTM_Dispatcher_DeliverRequest	16	static
c:/Users/TChyn/Downloads/SDK_25_06_00_MIMX8ML8xxxKZ/components/srtm/srtm/srtm_dispatcher.c:621:15:SRTM_Dispatcher_DeliverResponse	8	static
c:/Users/TChyn/Downloads/SDK_25_06_00_MIMX8ML8xxxKZ/components/srtm/srtm/srtm_dispatcher.c:628:15:SRTM_Dispatcher_DeliverNotification	8	static
c:/Users/TChyn/Downloads/SDK_25_06_00_MIMX8ML8xxxKZ/components/srtm/srtm/srtm_dispatcher.c:635:15:SRTM_Dispatcher_DeliverRawData	8	static
c:/Users/TChyn/Downloads/SDK_25_06_00_MIMX8ML8xxxKZ/components/srtm/srtm/srtm_dispatcher.c:645:15:SRTM_Dispatcher_DeliverMessages	24	static
c:/Users/TChyn/Downloads/SDK_25_06_00_MIMX8ML8xxxKZ/components/srtm/srtm/srtm_dispatcher.c:671:15:SRTM_Dispatcher_CallProc	24	static
c:/Users/TChyn/Downloads/SDK_25_06_00_MIMX8ML8xxxKZ/components/srtm/srtm/srtm_dispatcher.c:719:15:SRTM_Dispatcher_PostProc	8	static
c:/Users/TChyn/Downloads/SDK_25_06_00_MIMX8ML8xxxKZ/components/srtm/srtm/srtm_dispatcher.c:730:15:SRTM_Dispatcher_PostRecvData	24	static
c:/Users/TChyn/Downloads/SDK_25_06_00_MIMX8ML8xxxKZ/components/srtm/srtm/srtm_dispatcher.c:969:15:SRTM_Dispatcher_ProcessMessage	40	static
c:/Users/TChyn/Downloads/SDK_25_06_00_MIMX8ML8xxxKZ/components/srtm/srtm/srtm_dispatcher.c:332:6:SRTM_Dispatcher_Run	16	static
