c:/Users/TChyn/Downloads/SDK_25_06_00_MIMX8ML8xxxKZ/rtos/freertos/freertos-kernel/portable/GCC/ARM_CM4F/port.c:260:6:SVC_Handler	0	static
c:/Users/TChyn/Downloads/SDK_25_06_00_MIMX8ML8xxxKZ/rtos/freertos/freertos-kernel/portable/GCC/ARM_CM4F/port.c:279:13:prvPortStartFirstTask	0	static
c:/Users/TChyn/Downloads/SDK_25_06_00_MIMX8ML8xxxKZ/rtos/freertos/freertos-kernel/portable/GCC/ARM_CM4F/port.c:505:6:PendSV_Handler	0	static
c:/Users/TChyn/Downloads/SDK_25_06_00_MIMX8ML8xxxKZ/rtos/freertos/freertos-kernel/portable/GCC/ARM_CM4F/port.c:836:13:vPortEnableVFP	0	static
c:/Users/TChyn/Downloads/SDK_25_06_00_MIMX8ML8xxxKZ/rtos/freertos/freertos-kernel/portable/GCC/ARM_CM4F/port.c:234:13:prvTaskExitError	8	static
c:/Users/TChyn/Downloads/SDK_25_06_00_MIMX8ML8xxxKZ/rtos/freertos/freertos-kernel/portable/GCC/ARM_CM4F/port.c:202:15:pxPortInitialiseStack	0	static
c:/Users/TChyn/Downloads/SDK_25_06_00_MIMX8ML8xxxKZ/rtos/freertos/freertos-kernel/portable/GCC/ARM_CM4F/port.c:468:6:vPortEndScheduler	0	static
c:/Users/TChyn/Downloads/SDK_25_06_00_MIMX8ML8xxxKZ/rtos/freertos/freertos-kernel/portable/GCC/ARM_CM4F/port.c:476:6:vPortEnterCritical	0	static
c:/Users/TChyn/Downloads/SDK_25_06_00_MIMX8ML8xxxKZ/rtos/freertos/freertos-kernel/portable/GCC/ARM_CM4F/port.c:493:6:vPortExitCritical	0	static
c:/Users/TChyn/Downloads/SDK_25_06_00_MIMX8ML8xxxKZ/rtos/freertos/freertos-kernel/portable/GCC/ARM_CM4F/port.c:562:6:SysTick_Handler	8	static
c:/Users/TChyn/Downloads/SDK_25_06_00_MIMX8ML8xxxKZ/rtos/freertos/freertos-kernel/portable/GCC/ARM_CM4F/port.c:591:36:vPortSuppressTicksAndSleep	16	static
c:/Users/TChyn/Downloads/SDK_25_06_00_MIMX8ML8xxxKZ/rtos/freertos/freertos-kernel/portable/GCC/ARM_CM4F/port.c:814:32:vPortSetupTimerInterrupt	0	static
c:/Users/TChyn/Downloads/SDK_25_06_00_MIMX8ML8xxxKZ/rtos/freertos/freertos-kernel/portable/GCC/ARM_CM4F/port.c:306:12:xPortStartScheduler	24	static
c:/Users/TChyn/Downloads/SDK_25_06_00_MIMX8ML8xxxKZ/rtos/freertos/freertos-kernel/portable/GCC/ARM_CM4F/port.c:853:10:vPortValidateInterruptPriority	0	static
