c:/Users/TChyn/Downloads/SDK_25_06_00_MIMX8ML8xxxKZ/CMSIS/DSP/Source/ComplexMathFunctions/arm_cmplx_conj_f32.c:122:24:arm_cmplx_conj_f32	0	static
c:/Users/TChyn/Downloads/SDK_25_06_00_MIMX8ML8xxxKZ/CMSIS/DSP/Source/ComplexMathFunctions/arm_cmplx_conj_q15.c:100:24:arm_cmplx_conj_q15	16	static
c:/Users/TChyn/Downloads/SDK_25_06_00_MIMX8ML8xxxKZ/CMSIS/DSP/Source/ComplexMathFunctions/arm_cmplx_conj_q31.c:106:24:arm_cmplx_conj_q31	20	static
c:/Users/TChyn/Downloads/SDK_25_06_00_MIMX8ML8xxxKZ/CMSIS/DSP/Source/ComplexMathFunctions/arm_cmplx_dot_prod_f32.c:182:24:arm_cmplx_dot_prod_f32	0	static
c:/Users/TChyn/Downloads/SDK_25_06_00_MIMX8ML8xxxKZ/CMSIS/DSP/Source/ComplexMathFunctions/arm_cmplx_dot_prod_q15.c:158:24:arm_cmplx_dot_prod_q15	64	static
c:/Users/TChyn/Downloads/SDK_25_06_00_MIMX8ML8xxxKZ/CMSIS/DSP/Source/ComplexMathFunctions/arm_cmplx_dot_prod_q31.c:162:24:arm_cmplx_dot_prod_q31	36	static
c:/Users/TChyn/Downloads/SDK_25_06_00_MIMX8ML8xxxKZ/CMSIS/DSP/Source/ComplexMathFunctions/arm_cmplx_mag_f32.c:155:24:arm_cmplx_mag_f32	8	static
c:/Users/TChyn/Downloads/SDK_25_06_00_MIMX8ML8xxxKZ/CMSIS/DSP/Source/ComplexMathFunctions/arm_cmplx_mag_f64.c:48:24:arm_cmplx_mag_f64	16	static
c:/Users/TChyn/Downloads/SDK_25_06_00_MIMX8ML8xxxKZ/CMSIS/DSP/Source/ComplexMathFunctions/arm_cmplx_mag_q15.c:143:24:arm_cmplx_mag_q15	24	static
c:/Users/TChyn/Downloads/SDK_25_06_00_MIMX8ML8xxxKZ/CMSIS/DSP/Source/ComplexMathFunctions/arm_cmplx_mag_fast_q15.c:110:24:arm_cmplx_mag_fast_q15	32	static
c:/Users/TChyn/Downloads/SDK_25_06_00_MIMX8ML8xxxKZ/CMSIS/DSP/Source/ComplexMathFunctions/arm_cmplx_mag_q31.c:121:24:arm_cmplx_mag_q31	16	static
c:/Users/TChyn/Downloads/SDK_25_06_00_MIMX8ML8xxxKZ/CMSIS/DSP/Source/ComplexMathFunctions/arm_cmplx_mag_squared_f32.c:121:24:arm_cmplx_mag_squared_f32	0	static
c:/Users/TChyn/Downloads/SDK_25_06_00_MIMX8ML8xxxKZ/CMSIS/DSP/Source/ComplexMathFunctions/arm_cmplx_mag_squared_f64.c:46:24:arm_cmplx_mag_squared_f64	0	static
c:/Users/TChyn/Downloads/SDK_25_06_00_MIMX8ML8xxxKZ/CMSIS/DSP/Source/ComplexMathFunctions/arm_cmplx_mag_squared_q15.c:108:24:arm_cmplx_mag_squared_q15	24	static
c:/Users/TChyn/Downloads/SDK_25_06_00_MIMX8ML8xxxKZ/CMSIS/DSP/Source/ComplexMathFunctions/arm_cmplx_mag_squared_q31.c:107:24:arm_cmplx_mag_squared_q31	20	static
c:/Users/TChyn/Downloads/SDK_25_06_00_MIMX8ML8xxxKZ/CMSIS/DSP/Source/ComplexMathFunctions/arm_cmplx_mult_cmplx_f32.c:181:24:arm_cmplx_mult_cmplx_f32	0	static
c:/Users/TChyn/Downloads/SDK_25_06_00_MIMX8ML8xxxKZ/CMSIS/DSP/Source/ComplexMathFunctions/arm_cmplx_mult_cmplx_f64.c:48:24:arm_cmplx_mult_cmplx_f64	0	static
c:/Users/TChyn/Downloads/SDK_25_06_00_MIMX8ML8xxxKZ/CMSIS/DSP/Source/ComplexMathFunctions/arm_cmplx_mult_cmplx_q15.c:172:24:arm_cmplx_mult_cmplx_q15	28	static
c:/Users/TChyn/Downloads/SDK_25_06_00_MIMX8ML8xxxKZ/CMSIS/DSP/Source/ComplexMathFunctions/arm_cmplx_mult_cmplx_q31.c:167:24:arm_cmplx_mult_cmplx_q31	32	static
c:/Users/TChyn/Downloads/SDK_25_06_00_MIMX8ML8xxxKZ/CMSIS/DSP/Source/ComplexMathFunctions/arm_cmplx_mult_real_f32.c:125:24:arm_cmplx_mult_real_f32	0	static
c:/Users/TChyn/Downloads/SDK_25_06_00_MIMX8ML8xxxKZ/CMSIS/DSP/Source/ComplexMathFunctions/arm_cmplx_mult_real_q15.c:107:24:arm_cmplx_mult_real_q15	20	static
c:/Users/TChyn/Downloads/SDK_25_06_00_MIMX8ML8xxxKZ/CMSIS/DSP/Source/ComplexMathFunctions/arm_cmplx_mult_real_q31.c:107:24:arm_cmplx_mult_real_q31	20	static
