c:/Users/TChyn/Downloads/SDK_25_06_00_EVK-MIMX8MP/CMSIS/Core/Include/core_cm7.h:2013:22:__NVIC_EnableIRQ	16	static
c:/Users/TChyn/Downloads/SDK_25_06_00_EVK-MIMX8MP/devices/MIMX8ML8/drivers/fsl_common_arm.h:672:24:EnableIRQ	24	static
c:/Users/TChyn/Downloads/SDK_25_06_00_EVK-MIMX8MP/devices/MIMX8ML8/drivers/fsl_i2c.h:294:20:I2C_Enable	16	static
c:/Users/TChyn/Downloads/SDK_25_06_00_EVK-MIMX8MP/devices/MIMX8ML8/drivers/fsl_i2c.h:319:24:I2C_MasterGetStatusFlags	16	static
c:/Users/TChyn/Downloads/SDK_25_06_00_EVK-MIMX8MP/devices/MIMX8ML8/drivers/fsl_i2c.h:335:20:I2C_MasterClearStatusFlags	16	static
c:/Users/TChyn/Downloads/SDK_25_06_00_EVK-MIMX8MP/devices/MIMX8ML8/drivers/fsl_i2c.h:346:24:I2C_SlaveGetStatusFlags	16	static
c:/Users/TChyn/Downloads/SDK_25_06_00_EVK-MIMX8MP/devices/MIMX8ML8/drivers/fsl_i2c.h:361:20:I2C_SlaveClearStatusFlags	16	static
c:/Users/TChyn/Downloads/SDK_25_06_00_EVK-MIMX8MP/devices/MIMX8ML8/drivers/fsl_i2c.c:138:17:I2C_GetInstance	24	static
c:/Users/TChyn/Downloads/SDK_25_06_00_EVK-MIMX8MP/devices/MIMX8ML8/drivers/fsl_i2c.c:156:17:I2C_WaitForStatusReady	16	static
c:/Users/TChyn/Downloads/SDK_25_06_00_EVK-MIMX8MP/devices/MIMX8ML8/drivers/fsl_i2c.c:177:17:I2C_InitTransferStateMachine	40	static
c:/Users/TChyn/Downloads/SDK_25_06_00_EVK-MIMX8MP/devices/MIMX8ML8/drivers/fsl_i2c.c:243:17:I2C_CheckAndClearError	24	static
c:/Users/TChyn/Downloads/SDK_25_06_00_EVK-MIMX8MP/devices/MIMX8ML8/drivers/fsl_i2c.c:272:17:I2C_MasterTransferRunStateMachine	40	static
c:/Users/TChyn/Downloads/SDK_25_06_00_EVK-MIMX8MP/devices/MIMX8ML8/drivers/fsl_i2c.c:439:13:I2C_TransferCommonIRQHandler	16	static
c:/Users/TChyn/Downloads/SDK_25_06_00_EVK-MIMX8MP/devices/MIMX8ML8/drivers/fsl_i2c.c:475:6:I2C_MasterInit	24	static
c:/Users/TChyn/Downloads/SDK_25_06_00_EVK-MIMX8MP/devices/MIMX8ML8/drivers/fsl_i2c.c:508:6:I2C_MasterDeinit	16	static
c:/Users/TChyn/Downloads/SDK_25_06_00_EVK-MIMX8MP/devices/MIMX8ML8/drivers/fsl_i2c.c:532:6:I2C_MasterGetDefaultConfig	16	static
c:/Users/TChyn/Downloads/SDK_25_06_00_EVK-MIMX8MP/devices/MIMX8ML8/drivers/fsl_i2c.c:556:6:I2C_EnableInterrupts	16	static
c:/Users/TChyn/Downloads/SDK_25_06_00_EVK-MIMX8MP/devices/MIMX8ML8/drivers/fsl_i2c.c:574:6:I2C_DisableInterrupts	16	static
c:/Users/TChyn/Downloads/SDK_25_06_00_EVK-MIMX8MP/devices/MIMX8ML8/drivers/fsl_i2c.c:589:6:I2C_MasterSetBaudRate	48	static
c:/Users/TChyn/Downloads/SDK_25_06_00_EVK-MIMX8MP/devices/MIMX8ML8/drivers/fsl_i2c.c:632:10:I2C_MasterStart	24	static
c:/Users/TChyn/Downloads/SDK_25_06_00_EVK-MIMX8MP/devices/MIMX8ML8/drivers/fsl_i2c.c:662:10:I2C_MasterRepeatedStart	24	static
c:/Users/TChyn/Downloads/SDK_25_06_00_EVK-MIMX8MP/devices/MIMX8ML8/drivers/fsl_i2c.c:689:10:I2C_MasterStop	16	static
c:/Users/TChyn/Downloads/SDK_25_06_00_EVK-MIMX8MP/devices/MIMX8ML8/drivers/fsl_i2c.c:725:10:I2C_MasterWriteBlocking	32	static
c:/Users/TChyn/Downloads/SDK_25_06_00_EVK-MIMX8MP/devices/MIMX8ML8/drivers/fsl_i2c.c:804:10:I2C_MasterReadBlocking	32	static
c:/Users/TChyn/Downloads/SDK_25_06_00_EVK-MIMX8MP/devices/MIMX8ML8/drivers/fsl_i2c.c:885:10:I2C_MasterTransferBlocking	24	static
c:/Users/TChyn/Downloads/SDK_25_06_00_EVK-MIMX8MP/devices/MIMX8ML8/drivers/fsl_i2c.c:1056:6:I2C_MasterTransferCreateHandle	32	static
c:/Users/TChyn/Downloads/SDK_25_06_00_EVK-MIMX8MP/devices/MIMX8ML8/drivers/fsl_i2c.c:1097:10:I2C_MasterTransferNonBlocking	32	static
c:/Users/TChyn/Downloads/SDK_25_06_00_EVK-MIMX8MP/devices/MIMX8ML8/drivers/fsl_i2c.c:1135:10:I2C_MasterTransferAbort	24	static
c:/Users/TChyn/Downloads/SDK_25_06_00_EVK-MIMX8MP/devices/MIMX8ML8/drivers/fsl_i2c.c:1185:10:I2C_MasterTransferGetCount	24	static
c:/Users/TChyn/Downloads/SDK_25_06_00_EVK-MIMX8MP/devices/MIMX8ML8/drivers/fsl_i2c.c:1205:6:I2C_MasterTransferHandleIRQ	40	static
c:/Users/TChyn/Downloads/SDK_25_06_00_EVK-MIMX8MP/devices/MIMX8ML8/drivers/fsl_i2c.c:1270:6:I2C_SlaveInit	16	static
c:/Users/TChyn/Downloads/SDK_25_06_00_EVK-MIMX8MP/devices/MIMX8ML8/drivers/fsl_i2c.c:1294:6:I2C_SlaveDeinit	16	static
c:/Users/TChyn/Downloads/SDK_25_06_00_EVK-MIMX8MP/devices/MIMX8ML8/drivers/fsl_i2c.c:1317:6:I2C_SlaveGetDefaultConfig	16	static
c:/Users/TChyn/Downloads/SDK_25_06_00_EVK-MIMX8MP/devices/MIMX8ML8/drivers/fsl_i2c.c:1338:10:I2C_SlaveWriteBlocking	32	static
c:/Users/TChyn/Downloads/SDK_25_06_00_EVK-MIMX8MP/devices/MIMX8ML8/drivers/fsl_i2c.c:1372:10:I2C_SlaveReadBlocking	32	static
c:/Users/TChyn/Downloads/SDK_25_06_00_EVK-MIMX8MP/devices/MIMX8ML8/drivers/fsl_i2c.c:1416:6:I2C_SlaveTransferCreateHandle	32	static
c:/Users/TChyn/Downloads/SDK_25_06_00_EVK-MIMX8MP/devices/MIMX8ML8/drivers/fsl_i2c.c:1466:10:I2C_SlaveTransferNonBlocking	24	static
c:/Users/TChyn/Downloads/SDK_25_06_00_EVK-MIMX8MP/devices/MIMX8ML8/drivers/fsl_i2c.c:1507:6:I2C_SlaveTransferAbort	16	static
c:/Users/TChyn/Downloads/SDK_25_06_00_EVK-MIMX8MP/devices/MIMX8ML8/drivers/fsl_i2c.c:1533:10:I2C_SlaveTransferGetCount	24	static
c:/Users/TChyn/Downloads/SDK_25_06_00_EVK-MIMX8MP/devices/MIMX8ML8/drivers/fsl_i2c.c:1561:6:I2C_SlaveTransferHandleIRQ	40	static
c:/Users/TChyn/Downloads/SDK_25_06_00_EVK-MIMX8MP/devices/MIMX8ML8/drivers/fsl_i2c.c:1743:6:I2C1_DriverIRQHandler	8	static
c:/Users/TChyn/Downloads/SDK_25_06_00_EVK-MIMX8MP/devices/MIMX8ML8/drivers/fsl_i2c.c:1751:6:I2C2_DriverIRQHandler	8	static
c:/Users/TChyn/Downloads/SDK_25_06_00_EVK-MIMX8MP/devices/MIMX8ML8/drivers/fsl_i2c.c:1759:6:I2C3_DriverIRQHandler	8	static
c:/Users/TChyn/Downloads/SDK_25_06_00_EVK-MIMX8MP/devices/MIMX8ML8/drivers/fsl_i2c.c:1767:6:I2C4_DriverIRQHandler	8	static
c:/Users/TChyn/Downloads/SDK_25_06_00_EVK-MIMX8MP/devices/MIMX8ML8/drivers/fsl_i2c.c:1775:6:I2C5_DriverIRQHandler	8	static
c:/Users/TChyn/Downloads/SDK_25_06_00_EVK-MIMX8MP/devices/MIMX8ML8/drivers/fsl_i2c.c:1783:6:I2C6_DriverIRQHandler	8	static
