c:/Users/TChyn/Downloads/SDK_25_06_00_MIMX8ML8xxxKZ/devices/MIMX8ML8/drivers/fsl_iomuxc.h:867:20:IOMUXC_SetPinMux	24	static
c:/Users/TChyn/Downloads/SDK_25_06_00_MIMX8ML8xxxKZ/devices/MIMX8ML8/drivers/fsl_iomuxc.h:898:20:IOMUXC_SetPinConfig	24	static
C:/Users/TChyn/Desktop/Chyn/firmware-and-dts/M7/evkmimx8mp_ii2c_polling_b2b_transfer_master_cm7/pin_mux.c:36:6:BOARD_InitBootPins	8	static
C:/Users/TChyn/Desktop/Chyn/firmware-and-dts/M7/evkmimx8mp_ii2c_polling_b2b_transfer_master_cm7/pin_mux.c:59:6:BOARD_InitPins	16	static
