c:/Users/TChyn/Downloads/SDK_25_06_00_EVK-MIMX8MP/CMSIS/Core/Include/core_cm7.h:2013:22:__NVIC_EnableIRQ	16	static
c:/Users/TChyn/Downloads/SDK_25_06_00_EVK-MIMX8MP/devices/MIMX8ML8/drivers/fsl_common_arm.h:672:24:EnableIRQ	24	static
c:/Users/TChyn/Downloads/SDK_25_06_00_EVK-MIMX8MP/devices/MIMX8ML8/drivers/fsl_common_arm.h:902:24:DisableGlobalIRQ	16	static
c:/Users/TChyn/Downloads/SDK_25_06_00_EVK-MIMX8MP/devices/MIMX8ML8/drivers/fsl_common_arm.h:928:20:EnableGlobalIRQ	24	static
c:/Users/TChyn/Downloads/SDK_25_06_00_EVK-MIMX8MP/devices/MIMX8ML8/drivers/fsl_flexcan.h:1538:24:FLEXCAN_GetStatusFlags	48	static
c:/Users/TChyn/Downloads/SDK_25_06_00_EVK-MIMX8MP/devices/MIMX8ML8/drivers/fsl_flexcan.h:1587:20:FLEXCAN_ClearStatusFlags	24	static
c:/Users/TChyn/Downloads/SDK_25_06_00_EVK-MIMX8MP/devices/MIMX8ML8/drivers/fsl_flexcan.h:1656:24:FLEXCAN_GetMbStatusFlags	64	static
c:/Users/TChyn/Downloads/SDK_25_06_00_EVK-MIMX8MP/devices/MIMX8ML8/drivers/fsl_flexcan.h:1701:20:FLEXCAN_ClearMbStatusFlags	24	static
c:/Users/TChyn/Downloads/SDK_25_06_00_EVK-MIMX8MP/devices/MIMX8ML8/drivers/fsl_flexcan.h:1808:20:FLEXCAN_EnableInterrupts	40	static
c:/Users/TChyn/Downloads/SDK_25_06_00_EVK-MIMX8MP/devices/MIMX8ML8/drivers/fsl_flexcan.h:1875:20:FLEXCAN_DisableInterrupts	40	static
c:/Users/TChyn/Downloads/SDK_25_06_00_EVK-MIMX8MP/devices/MIMX8ML8/drivers/fsl_flexcan.h:1940:20:FLEXCAN_EnableMbInterrupts	40	static
c:/Users/TChyn/Downloads/SDK_25_06_00_EVK-MIMX8MP/devices/MIMX8ML8/drivers/fsl_flexcan.h:1994:20:FLEXCAN_DisableMbInterrupts	40	static
c:/Users/TChyn/Downloads/SDK_25_06_00_EVK-MIMX8MP/devices/MIMX8ML8/drivers/fsl_flexcan.h:2087:20:FLEXCAN_Enable	16	static
c:/Users/TChyn/Downloads/SDK_25_06_00_EVK-MIMX8MP/devices/MIMX8ML8/drivers/fsl_flexcan.c:393:13:flexcan_memset	32	static
c:/Users/TChyn/Downloads/SDK_25_06_00_EVK-MIMX8MP/devices/MIMX8ML8/drivers/fsl_flexcan.c:422:6:FLEXCAN_IsInstanceHasFDMode	16	static
c:/Users/TChyn/Downloads/SDK_25_06_00_EVK-MIMX8MP/devices/MIMX8ML8/drivers/fsl_flexcan.c:455:10:FLEXCAN_GetInstance	24	static
c:/Users/TChyn/Downloads/SDK_25_06_00_EVK-MIMX8MP/devices/MIMX8ML8/drivers/fsl_flexcan.c:661:6:FLEXCAN_EnterFreezeMode	16	static
c:/Users/TChyn/Downloads/SDK_25_06_00_EVK-MIMX8MP/devices/MIMX8ML8/drivers/fsl_flexcan.c:679:6:FLEXCAN_ExitFreezeMode	16	static
c:/Users/TChyn/Downloads/SDK_25_06_00_EVK-MIMX8MP/devices/MIMX8ML8/drivers/fsl_flexcan.c:707:13:FLEXCAN_IsMbOccupied	24	static
c:/Users/TChyn/Downloads/SDK_25_06_00_EVK-MIMX8MP/devices/MIMX8ML8/drivers/fsl_flexcan.c:783:13:FLEXCAN_Reset	24	static
c:/Users/TChyn/Downloads/SDK_25_06_00_EVK-MIMX8MP/devices/MIMX8ML8/drivers/fsl_flexcan.c:880:10:FLEXCAN_SetBitRate	40	static
c:/Users/TChyn/Downloads/SDK_25_06_00_EVK-MIMX8MP/devices/MIMX8ML8/drivers/fsl_flexcan.c:907:10:FLEXCAN_SetFDBitRate	48	static
c:/Users/TChyn/Downloads/SDK_25_06_00_EVK-MIMX8MP/devices/MIMX8ML8/drivers/fsl_flexcan.c:947:6:FLEXCAN_Init	64	static
c:/Users/TChyn/Downloads/SDK_25_06_00_EVK-MIMX8MP/devices/MIMX8ML8/drivers/fsl_flexcan.c:1202:6:FLEXCAN_FDInit	56	static
c:/Users/TChyn/Downloads/SDK_25_06_00_EVK-MIMX8MP/devices/MIMX8ML8/drivers/fsl_flexcan.c:1344:6:FLEXCAN_Deinit	24	static
c:/Users/TChyn/Downloads/SDK_25_06_00_EVK-MIMX8MP/devices/MIMX8ML8/drivers/fsl_flexcan.c:1395:6:FLEXCAN_GetDefaultConfig	16	static
c:/Users/TChyn/Downloads/SDK_25_06_00_EVK-MIMX8MP/devices/MIMX8ML8/drivers/fsl_flexcan.c:1593:6:FLEXCAN_SetTimingConfig	16	static
c:/Users/TChyn/Downloads/SDK_25_06_00_EVK-MIMX8MP/devices/MIMX8ML8/drivers/fsl_flexcan.c:1672:6:FLEXCAN_SetFDTimingConfig	16	static
c:/Users/TChyn/Downloads/SDK_25_06_00_EVK-MIMX8MP/devices/MIMX8ML8/drivers/fsl_flexcan.c:1719:6:FLEXCAN_SetRxMbGlobalMask	16	static
c:/Users/TChyn/Downloads/SDK_25_06_00_EVK-MIMX8MP/devices/MIMX8ML8/drivers/fsl_flexcan.c:1741:6:FLEXCAN_SetRxFifoGlobalMask	16	static
c:/Users/TChyn/Downloads/SDK_25_06_00_EVK-MIMX8MP/devices/MIMX8ML8/drivers/fsl_flexcan.c:1767:6:FLEXCAN_SetRxIndividualMask	24	static
c:/Users/TChyn/Downloads/SDK_25_06_00_EVK-MIMX8MP/devices/MIMX8ML8/drivers/fsl_flexcan.c:1791:13:FLEXCAN_GetSegments	40	static
c:/Users/TChyn/Downloads/SDK_25_06_00_EVK-MIMX8MP/devices/MIMX8ML8/drivers/fsl_flexcan.c:1915:6:FLEXCAN_CalculateImprovedTimingValues	64	static
c:/Users/TChyn/Downloads/SDK_25_06_00_EVK-MIMX8MP/devices/MIMX8ML8/drivers/fsl_flexcan.c:2009:17:FLEXCAN_GetFDMailboxOffset	24	static
c:/Users/TChyn/Downloads/SDK_25_06_00_EVK-MIMX8MP/devices/MIMX8ML8/drivers/fsl_flexcan.c:2045:13:FLEXCAN_FDGetSegments	48	static
c:/Users/TChyn/Downloads/SDK_25_06_00_EVK-MIMX8MP/devices/MIMX8ML8/drivers/fsl_flexcan.c:2143:13:FLEXCAN_CalculateImprovedNominalTimingValues	72	static
c:/Users/TChyn/Downloads/SDK_25_06_00_EVK-MIMX8MP/devices/MIMX8ML8/drivers/fsl_flexcan.c:2254:6:FLEXCAN_FDCalculateImprovedTimingValues	48	static
c:/Users/TChyn/Downloads/SDK_25_06_00_EVK-MIMX8MP/devices/MIMX8ML8/drivers/fsl_flexcan.c:2357:6:FLEXCAN_SetTxMbConfig	16	static
c:/Users/TChyn/Downloads/SDK_25_06_00_EVK-MIMX8MP/devices/MIMX8ML8/drivers/fsl_flexcan.c:2399:6:FLEXCAN_SetRxMbConfig	32	static
c:/Users/TChyn/Downloads/SDK_25_06_00_EVK-MIMX8MP/devices/MIMX8ML8/drivers/fsl_flexcan.c:2454:6:FLEXCAN_SetFDTxMbConfig	32	static
c:/Users/TChyn/Downloads/SDK_25_06_00_EVK-MIMX8MP/devices/MIMX8ML8/drivers/fsl_flexcan.c:2518:6:FLEXCAN_SetFDRxMbConfig	48	static
c:/Users/TChyn/Downloads/SDK_25_06_00_EVK-MIMX8MP/devices/MIMX8ML8/drivers/fsl_flexcan.c:2584:6:FLEXCAN_SetRemoteResponseMbConfig	32	static
c:/Users/TChyn/Downloads/SDK_25_06_00_EVK-MIMX8MP/devices/MIMX8ML8/drivers/fsl_flexcan.c:2637:6:FLEXCAN_SetRxFifoConfig	40	static
c:/Users/TChyn/Downloads/SDK_25_06_00_EVK-MIMX8MP/devices/MIMX8ML8/drivers/fsl_flexcan.c:2843:6:FLEXCAN_EnableRxFifoDMA	16	static
c:/Users/TChyn/Downloads/SDK_25_06_00_EVK-MIMX8MP/devices/MIMX8ML8/drivers/fsl_flexcan.c:2879:6:FLEXCAN_GetMemoryErrorReportStatus	24	static
c:/Users/TChyn/Downloads/SDK_25_06_00_EVK-MIMX8MP/devices/MIMX8ML8/drivers/fsl_flexcan.c:3016:10:FLEXCAN_WriteTxMb	32	static
c:/Users/TChyn/Downloads/SDK_25_06_00_EVK-MIMX8MP/devices/MIMX8ML8/drivers/fsl_flexcan.c:3094:10:FLEXCAN_ReadRxMb	40	static
c:/Users/TChyn/Downloads/SDK_25_06_00_EVK-MIMX8MP/devices/MIMX8ML8/drivers/fsl_flexcan.c:3173:10:FLEXCAN_WriteFDTxMb	56	static
c:/Users/TChyn/Downloads/SDK_25_06_00_EVK-MIMX8MP/devices/MIMX8ML8/drivers/fsl_flexcan.c:3267:10:FLEXCAN_ReadFDRxMb	56	static
c:/Users/TChyn/Downloads/SDK_25_06_00_EVK-MIMX8MP/devices/MIMX8ML8/drivers/fsl_flexcan.c:3367:10:FLEXCAN_ReadRxFifo	24	static
c:/Users/TChyn/Downloads/SDK_25_06_00_EVK-MIMX8MP/devices/MIMX8ML8/drivers/fsl_flexcan.c:3502:10:FLEXCAN_TransferSendBlocking	56	static
c:/Users/TChyn/Downloads/SDK_25_06_00_EVK-MIMX8MP/devices/MIMX8ML8/drivers/fsl_flexcan.c:3552:10:FLEXCAN_TransferReceiveBlocking	48	static
c:/Users/TChyn/Downloads/SDK_25_06_00_EVK-MIMX8MP/devices/MIMX8ML8/drivers/fsl_flexcan.c:3588:10:FLEXCAN_TransferFDSendBlocking	64	static
c:/Users/TChyn/Downloads/SDK_25_06_00_EVK-MIMX8MP/devices/MIMX8ML8/drivers/fsl_flexcan.c:3639:10:FLEXCAN_TransferFDReceiveBlocking	48	static
c:/Users/TChyn/Downloads/SDK_25_06_00_EVK-MIMX8MP/devices/MIMX8ML8/drivers/fsl_flexcan.c:3674:10:FLEXCAN_TransferReceiveFifoBlocking	24	static
c:/Users/TChyn/Downloads/SDK_25_06_00_EVK-MIMX8MP/devices/MIMX8ML8/drivers/fsl_flexcan.c:3734:6:FLEXCAN_TransferCreateHandle	32	static
c:/Users/TChyn/Downloads/SDK_25_06_00_EVK-MIMX8MP/devices/MIMX8ML8/drivers/fsl_flexcan.c:3865:10:FLEXCAN_TransferSendNonBlocking	48	static
c:/Users/TChyn/Downloads/SDK_25_06_00_EVK-MIMX8MP/devices/MIMX8ML8/drivers/fsl_flexcan.c:3932:10:FLEXCAN_TransferReceiveNonBlocking	48	static
c:/Users/TChyn/Downloads/SDK_25_06_00_EVK-MIMX8MP/devices/MIMX8ML8/drivers/fsl_flexcan.c:3988:10:FLEXCAN_TransferFDSendNonBlocking	48	static
c:/Users/TChyn/Downloads/SDK_25_06_00_EVK-MIMX8MP/devices/MIMX8ML8/drivers/fsl_flexcan.c:4056:10:FLEXCAN_TransferFDReceiveNonBlocking	48	static
c:/Users/TChyn/Downloads/SDK_25_06_00_EVK-MIMX8MP/devices/MIMX8ML8/drivers/fsl_flexcan.c:4111:10:FLEXCAN_TransferReceiveFifoNonBlocking	48	static
c:/Users/TChyn/Downloads/SDK_25_06_00_EVK-MIMX8MP/devices/MIMX8ML8/drivers/fsl_flexcan.c:4161:10:FLEXCAN_TransferGetReceiveFifoCount	32	static
c:/Users/TChyn/Downloads/SDK_25_06_00_EVK-MIMX8MP/devices/MIMX8ML8/drivers/fsl_flexcan.c:4251:6:FLEXCAN_TransferAbortSend	48	static
c:/Users/TChyn/Downloads/SDK_25_06_00_EVK-MIMX8MP/devices/MIMX8ML8/drivers/fsl_flexcan.c:4293:6:FLEXCAN_TransferFDAbortSend	56	static
c:/Users/TChyn/Downloads/SDK_25_06_00_EVK-MIMX8MP/devices/MIMX8ML8/drivers/fsl_flexcan.c:4339:6:FLEXCAN_TransferFDAbortReceive	40	static
c:/Users/TChyn/Downloads/SDK_25_06_00_EVK-MIMX8MP/devices/MIMX8ML8/drivers/fsl_flexcan.c:4375:6:FLEXCAN_TransferAbortReceive	40	static
c:/Users/TChyn/Downloads/SDK_25_06_00_EVK-MIMX8MP/devices/MIMX8ML8/drivers/fsl_flexcan.c:4409:6:FLEXCAN_TransferAbortReceiveFifo	16	static
c:/Users/TChyn/Downloads/SDK_25_06_00_EVK-MIMX8MP/devices/MIMX8ML8/drivers/fsl_flexcan.c:4486:10:FLEXCAN_GetTimeStamp	16	static
c:/Users/TChyn/Downloads/SDK_25_06_00_EVK-MIMX8MP/devices/MIMX8ML8/drivers/fsl_flexcan.c:4500:13:FLEXCAN_CheckUnhandleInterruptEvents	104	static
c:/Users/TChyn/Downloads/SDK_25_06_00_EVK-MIMX8MP/devices/MIMX8ML8/drivers/fsl_flexcan.c:4567:17:FLEXCAN_SubHandlerForLegacyRxFIFO	40	static
c:/Users/TChyn/Downloads/SDK_25_06_00_EVK-MIMX8MP/devices/MIMX8ML8/drivers/fsl_flexcan.c:4676:17:FLEXCAN_SubHandlerForMB	32	static
c:/Users/TChyn/Downloads/SDK_25_06_00_EVK-MIMX8MP/devices/MIMX8ML8/drivers/fsl_flexcan.c:4782:17:FLEXCAN_SubHandlerForDataTransfered	88	static
c:/Users/TChyn/Downloads/SDK_25_06_00_EVK-MIMX8MP/devices/MIMX8ML8/drivers/fsl_flexcan.c:4989:6:FLEXCAN_TransferHandleIRQ	88	static
c:/Users/TChyn/Downloads/SDK_25_06_00_EVK-MIMX8MP/devices/MIMX8ML8/drivers/fsl_flexcan.c:5057:6:FLEXCAN_MbHandleIRQ	56	static
c:/Users/TChyn/Downloads/SDK_25_06_00_EVK-MIMX8MP/devices/MIMX8ML8/drivers/fsl_flexcan.c:5107:6:FLEXCAN_BusoffErrorHandleIRQ	56	static
c:/Users/TChyn/Downloads/SDK_25_06_00_EVK-MIMX8MP/devices/MIMX8ML8/drivers/fsl_flexcan.c:5175:6:FLEXCAN_MemoryErrorHandleIRQ	56	static
c:/Users/TChyn/Downloads/SDK_25_06_00_EVK-MIMX8MP/devices/MIMX8ML8/drivers/fsl_flexcan.c:5195:6:FLEXCAN_DriverDataIRQHandler	32	static
c:/Users/TChyn/Downloads/SDK_25_06_00_EVK-MIMX8MP/devices/MIMX8ML8/drivers/fsl_flexcan.c:5210:6:FLEXCAN_DriverEventIRQHandler	16	static
c:/Users/TChyn/Downloads/SDK_25_06_00_EVK-MIMX8MP/devices/MIMX8ML8/drivers/fsl_flexcan.c:5231:6:FLEXCAN_DriverIRQHandler	16	static
c:/Users/TChyn/Downloads/SDK_25_06_00_EVK-MIMX8MP/devices/MIMX8ML8/drivers/fsl_flexcan.c:5361:6:CAN_FD1_DriverIRQHandler	8	static
c:/Users/TChyn/Downloads/SDK_25_06_00_EVK-MIMX8MP/devices/MIMX8ML8/drivers/fsl_flexcan.c:5371:6:CAN_FD2_DriverIRQHandler	8	static
