c:/Users/TChyn/Downloads/SDK_25_06_00_MIMX8ML8xxxKZ/middleware/multicore/rpmsg-lite/lib/include/rpmsg_default_config.h:190:20:RL_HANG	4	static
c:/Users/TChyn/Downloads/SDK_25_06_00_MIMX8ML8xxxKZ/CMSIS/Core/Include/core_cm7.h:2013:22:__NVIC_EnableIRQ	16	static
c:/Users/TChyn/Downloads/SDK_25_06_00_MIMX8ML8xxxKZ/CMSIS/Core/Include/core_cm7.h:2051:22:__NVIC_DisableIRQ	16	static
c:/Users/TChyn/Downloads/SDK_25_06_00_MIMX8ML8xxxKZ/CMSIS/Core/Include/core_cm7.h:2143:22:__NVIC_SetPriority	16	static
c:/Users/TChyn/Downloads/SDK_25_06_00_MIMX8ML8xxxKZ/devices/MIMX8ML8/drivers/fsl_mu.h:249:24:MU_ReceiveMsgNonBlocking	16	static
c:/Users/TChyn/Downloads/SDK_25_06_00_MIMX8ML8xxxKZ/devices/MIMX8ML8/drivers/fsl_mu.h:360:24:MU_GetStatusFlags	16	static
c:/Users/TChyn/Downloads/SDK_25_06_00_MIMX8ML8xxxKZ/devices/MIMX8ML8/drivers/fsl_mu.h:498:20:MU_EnableInterrupts	24	static
c:/Users/TChyn/Downloads/SDK_25_06_00_MIMX8ML8xxxKZ/devices/MIMX8ML8/drivers/fsl_mu.h:519:20:MU_DisableInterrupts	24	static
c:/Users/TChyn/Downloads/SDK_25_06_00_MIMX8ML8xxxKZ/middleware/multicore/rpmsg-lite/lib/rpmsg_lite/porting/platform/imx8mp_m7/rpmsg_platform.c:27:13:platform_global_isr_disable	4	static
c:/Users/TChyn/Downloads/SDK_25_06_00_MIMX8ML8xxxKZ/middleware/multicore/rpmsg-lite/lib/rpmsg_lite/porting/platform/imx8mp_m7/rpmsg_platform.c:32:13:platform_global_isr_enable	4	static
c:/Users/TChyn/Downloads/SDK_25_06_00_MIMX8ML8xxxKZ/middleware/multicore/rpmsg-lite/lib/rpmsg_lite/porting/platform/imx8mp_m7/rpmsg_platform.c:37:9:platform_init_interrupt	16	static
c:/Users/TChyn/Downloads/SDK_25_06_00_MIMX8ML8xxxKZ/middleware/multicore/rpmsg-lite/lib/rpmsg_lite/porting/platform/imx8mp_m7/rpmsg_platform.c:57:9:platform_deinit_interrupt	16	static
c:/Users/TChyn/Downloads/SDK_25_06_00_MIMX8ML8xxxKZ/middleware/multicore/rpmsg-lite/lib/rpmsg_lite/porting/platform/imx8mp_m7/rpmsg_platform.c:77:6:platform_notify	24	static
c:/Users/TChyn/Downloads/SDK_25_06_00_MIMX8ML8xxxKZ/middleware/multicore/rpmsg-lite/lib/rpmsg_lite/porting/platform/imx8mp_m7/rpmsg_platform.c:90:9:MU1_M7_IRQHandler	16	static
c:/Users/TChyn/Downloads/SDK_25_06_00_MIMX8ML8xxxKZ/middleware/multicore/rpmsg-lite/lib/rpmsg_lite/porting/platform/imx8mp_m7/rpmsg_platform.c:118:6:platform_time_delay	24	static
c:/Users/TChyn/Downloads/SDK_25_06_00_MIMX8ML8xxxKZ/middleware/multicore/rpmsg-lite/lib/rpmsg_lite/porting/platform/imx8mp_m7/rpmsg_platform.c:144:9:platform_in_isr	4	static
c:/Users/TChyn/Downloads/SDK_25_06_00_MIMX8ML8xxxKZ/middleware/multicore/rpmsg-lite/lib/rpmsg_lite/porting/platform/imx8mp_m7/rpmsg_platform.c:159:9:platform_interrupt_enable	16	static
c:/Users/TChyn/Downloads/SDK_25_06_00_MIMX8ML8xxxKZ/middleware/multicore/rpmsg-lite/lib/rpmsg_lite/porting/platform/imx8mp_m7/rpmsg_platform.c:184:9:platform_interrupt_disable	16	static
c:/Users/TChyn/Downloads/SDK_25_06_00_MIMX8ML8xxxKZ/middleware/multicore/rpmsg-lite/lib/rpmsg_lite/porting/platform/imx8mp_m7/rpmsg_platform.c:206:6:platform_map_mem_region	24	static
c:/Users/TChyn/Downloads/SDK_25_06_00_MIMX8ML8xxxKZ/middleware/multicore/rpmsg-lite/lib/rpmsg_lite/porting/platform/imx8mp_m7/rpmsg_platform.c:216:6:platform_cache_all_flush_invalidate	4	static
c:/Users/TChyn/Downloads/SDK_25_06_00_MIMX8ML8xxxKZ/middleware/multicore/rpmsg-lite/lib/rpmsg_lite/porting/platform/imx8mp_m7/rpmsg_platform.c:226:6:platform_cache_disable	4	static
c:/Users/TChyn/Downloads/SDK_25_06_00_MIMX8ML8xxxKZ/middleware/multicore/rpmsg-lite/lib/rpmsg_lite/porting/platform/imx8mp_m7/rpmsg_platform.c:236:6:platform_cache_flush	16	static
c:/Users/TChyn/Downloads/SDK_25_06_00_MIMX8ML8xxxKZ/middleware/multicore/rpmsg-lite/lib/rpmsg_lite/porting/platform/imx8mp_m7/rpmsg_platform.c:246:6:platform_cache_invalidate	16	static
c:/Users/TChyn/Downloads/SDK_25_06_00_MIMX8ML8xxxKZ/middleware/multicore/rpmsg-lite/lib/rpmsg_lite/porting/platform/imx8mp_m7/rpmsg_platform.c:256:11:platform_vatopa	16	static
c:/Users/TChyn/Downloads/SDK_25_06_00_MIMX8ML8xxxKZ/middleware/multicore/rpmsg-lite/lib/rpmsg_lite/porting/platform/imx8mp_m7/rpmsg_platform.c:267:7:platform_patova	16	static
c:/Users/TChyn/Downloads/SDK_25_06_00_MIMX8ML8xxxKZ/middleware/multicore/rpmsg-lite/lib/rpmsg_lite/porting/platform/imx8mp_m7/rpmsg_platform.c:277:9:platform_init	8	static
c:/Users/TChyn/Downloads/SDK_25_06_00_MIMX8ML8xxxKZ/middleware/multicore/rpmsg-lite/lib/rpmsg_lite/porting/platform/imx8mp_m7/rpmsg_platform.c:305:9:platform_deinit	8	static
