c:/Users/TChyn/Downloads/SDK_25_06_00_MIMX8ML8xxxKZ/middleware/multicore/rpmsg-lite/lib/rpmsg_lite/porting/environment/rpmsg_env_freertos.c:127:10:env_wait_for_link_up	32	static
c:/Users/TChyn/Downloads/SDK_25_06_00_MIMX8ML8xxxKZ/middleware/multicore/rpmsg-lite/lib/rpmsg_lite/porting/environment/rpmsg_env_freertos.c:157:6:env_tx_callback	16	static
c:/Users/TChyn/Downloads/SDK_25_06_00_MIMX8ML8xxxKZ/middleware/multicore/rpmsg-lite/lib/rpmsg_lite/porting/environment/rpmsg_env_freertos.c:178:9:env_init	16	static
c:/Users/TChyn/Downloads/SDK_25_06_00_MIMX8ML8xxxKZ/middleware/multicore/rpmsg-lite/lib/rpmsg_lite/porting/environment/rpmsg_env_freertos.c:236:9:env_deinit	16	static
c:/Users/TChyn/Downloads/SDK_25_06_00_MIMX8ML8xxxKZ/middleware/multicore/rpmsg-lite/lib/rpmsg_lite/porting/environment/rpmsg_env_freertos.c:278:7:env_allocate_memory	0	static
c:/Users/TChyn/Downloads/SDK_25_06_00_MIMX8ML8xxxKZ/middleware/multicore/rpmsg-lite/lib/rpmsg_lite/porting/environment/rpmsg_env_freertos.c:288:6:env_free_memory	0	static
c:/Users/TChyn/Downloads/SDK_25_06_00_MIMX8ML8xxxKZ/middleware/multicore/rpmsg-lite/lib/rpmsg_lite/porting/environment/rpmsg_env_freertos.c:305:6:env_memset	0	static
c:/Users/TChyn/Downloads/SDK_25_06_00_MIMX8ML8xxxKZ/middleware/multicore/rpmsg-lite/lib/rpmsg_lite/porting/environment/rpmsg_env_freertos.c:319:6:env_memcpy	0	static
c:/Users/TChyn/Downloads/SDK_25_06_00_MIMX8ML8xxxKZ/middleware/multicore/rpmsg-lite/lib/rpmsg_lite/porting/environment/rpmsg_env_freertos.c:332:9:env_strcmp	0	static
c:/Users/TChyn/Downloads/SDK_25_06_00_MIMX8ML8xxxKZ/middleware/multicore/rpmsg-lite/lib/rpmsg_lite/porting/environment/rpmsg_env_freertos.c:345:6:env_strncpy	0	static
c:/Users/TChyn/Downloads/SDK_25_06_00_MIMX8ML8xxxKZ/middleware/multicore/rpmsg-lite/lib/rpmsg_lite/porting/environment/rpmsg_env_freertos.c:358:9:env_strncmp	0	static
c:/Users/TChyn/Downloads/SDK_25_06_00_MIMX8ML8xxxKZ/middleware/multicore/rpmsg-lite/lib/rpmsg_lite/porting/environment/rpmsg_env_freertos.c:368:6:env_mb	0	static
c:/Users/TChyn/Downloads/SDK_25_06_00_MIMX8ML8xxxKZ/middleware/multicore/rpmsg-lite/lib/rpmsg_lite/porting/environment/rpmsg_env_freertos.c:376:6:env_rmb	0	static
c:/Users/TChyn/Downloads/SDK_25_06_00_MIMX8ML8xxxKZ/middleware/multicore/rpmsg-lite/lib/rpmsg_lite/porting/environment/rpmsg_env_freertos.c:384:6:env_wmb	0	static
c:/Users/TChyn/Downloads/SDK_25_06_00_MIMX8ML8xxxKZ/middleware/multicore/rpmsg-lite/lib/rpmsg_lite/porting/environment/rpmsg_env_freertos.c:394:10:env_map_vatopa	0	static
c:/Users/TChyn/Downloads/SDK_25_06_00_MIMX8ML8xxxKZ/middleware/multicore/rpmsg-lite/lib/rpmsg_lite/porting/environment/rpmsg_env_freertos.c:404:7:env_map_patova	0	static
c:/Users/TChyn/Downloads/SDK_25_06_00_MIMX8ML8xxxKZ/middleware/multicore/rpmsg-lite/lib/rpmsg_lite/porting/environment/rpmsg_env_freertos.c:418:9:env_create_mutex	8	static
c:/Users/TChyn/Downloads/SDK_25_06_00_MIMX8ML8xxxKZ/middleware/multicore/rpmsg-lite/lib/rpmsg_lite/porting/environment/rpmsg_env_freertos.c:448:6:env_delete_mutex	0	static
c:/Users/TChyn/Downloads/SDK_25_06_00_MIMX8ML8xxxKZ/middleware/multicore/rpmsg-lite/lib/rpmsg_lite/porting/environment/rpmsg_env_freertos.c:459:6:env_lock_mutex	8	static
c:/Users/TChyn/Downloads/SDK_25_06_00_MIMX8ML8xxxKZ/middleware/multicore/rpmsg-lite/lib/rpmsg_lite/porting/environment/rpmsg_env_freertos.c:473:6:env_unlock_mutex	8	static
c:/Users/TChyn/Downloads/SDK_25_06_00_MIMX8ML8xxxKZ/middleware/multicore/rpmsg-lite/lib/rpmsg_lite/porting/environment/rpmsg_env_freertos.c:495:9:env_create_sync_lock	0	static
c:/Users/TChyn/Downloads/SDK_25_06_00_MIMX8ML8xxxKZ/middleware/multicore/rpmsg-lite/lib/rpmsg_lite/porting/environment/rpmsg_env_freertos.c:507:6:env_delete_sync_lock	0	static
c:/Users/TChyn/Downloads/SDK_25_06_00_MIMX8ML8xxxKZ/middleware/multicore/rpmsg-lite/lib/rpmsg_lite/porting/environment/rpmsg_env_freertos.c:522:6:env_acquire_sync_lock	24	static
c:/Users/TChyn/Downloads/SDK_25_06_00_MIMX8ML8xxxKZ/middleware/multicore/rpmsg-lite/lib/rpmsg_lite/porting/environment/rpmsg_env_freertos.c:542:6:env_release_sync_lock	16	static
c:/Users/TChyn/Downloads/SDK_25_06_00_MIMX8ML8xxxKZ/middleware/multicore/rpmsg-lite/lib/rpmsg_lite/porting/environment/rpmsg_env_freertos.c:563:6:env_sleep_msec	0	static
c:/Users/TChyn/Downloads/SDK_25_06_00_MIMX8ML8xxxKZ/middleware/multicore/rpmsg-lite/lib/rpmsg_lite/porting/environment/rpmsg_env_freertos.c:576:6:env_register_isr	0	static
c:/Users/TChyn/Downloads/SDK_25_06_00_MIMX8ML8xxxKZ/middleware/multicore/rpmsg-lite/lib/rpmsg_lite/porting/environment/rpmsg_env_freertos.c:592:6:env_unregister_isr	0	static
c:/Users/TChyn/Downloads/SDK_25_06_00_MIMX8ML8xxxKZ/middleware/multicore/rpmsg-lite/lib/rpmsg_lite/porting/environment/rpmsg_env_freertos.c:609:6:env_enable_interrupt	0	static
c:/Users/TChyn/Downloads/SDK_25_06_00_MIMX8ML8xxxKZ/middleware/multicore/rpmsg-lite/lib/rpmsg_lite/porting/environment/rpmsg_env_freertos.c:622:6:env_disable_interrupt	0	static
c:/Users/TChyn/Downloads/SDK_25_06_00_MIMX8ML8xxxKZ/middleware/multicore/rpmsg-lite/lib/rpmsg_lite/porting/environment/rpmsg_env_freertos.c:638:6:env_map_memory	4	static
c:/Users/TChyn/Downloads/SDK_25_06_00_MIMX8ML8xxxKZ/middleware/multicore/rpmsg-lite/lib/rpmsg_lite/porting/environment/rpmsg_env_freertos.c:650:6:env_disable_cache	8	static
c:/Users/TChyn/Downloads/SDK_25_06_00_MIMX8ML8xxxKZ/middleware/multicore/rpmsg-lite/lib/rpmsg_lite/porting/environment/rpmsg_env_freertos.c:656:6:env_cache_flush	0	static
c:/Users/TChyn/Downloads/SDK_25_06_00_MIMX8ML8xxxKZ/middleware/multicore/rpmsg-lite/lib/rpmsg_lite/porting/environment/rpmsg_env_freertos.c:663:6:env_cache_invalidate	0	static
c:/Users/TChyn/Downloads/SDK_25_06_00_MIMX8ML8xxxKZ/middleware/multicore/rpmsg-lite/lib/rpmsg_lite/porting/environment/rpmsg_env_freertos.c:678:10:env_get_timestamp	8	static
c:/Users/TChyn/Downloads/SDK_25_06_00_MIMX8ML8xxxKZ/middleware/multicore/rpmsg-lite/lib/rpmsg_lite/porting/environment/rpmsg_env_freertos.c:693:6:env_isr	0	static
c:/Users/TChyn/Downloads/SDK_25_06_00_MIMX8ML8xxxKZ/middleware/multicore/rpmsg-lite/lib/rpmsg_lite/porting/environment/rpmsg_env_freertos.c:733:9:env_create_queue	8	static
c:/Users/TChyn/Downloads/SDK_25_06_00_MIMX8ML8xxxKZ/middleware/multicore/rpmsg-lite/lib/rpmsg_lite/porting/environment/rpmsg_env_freertos.c:761:6:env_delete_queue	0	static
c:/Users/TChyn/Downloads/SDK_25_06_00_MIMX8ML8xxxKZ/middleware/multicore/rpmsg-lite/lib/rpmsg_lite/porting/environment/rpmsg_env_freertos.c:779:9:env_put_queue	32	static
c:/Users/TChyn/Downloads/SDK_25_06_00_MIMX8ML8xxxKZ/middleware/multicore/rpmsg-lite/lib/rpmsg_lite/porting/environment/rpmsg_env_freertos.c:813:9:env_get_queue	32	static
c:/Users/TChyn/Downloads/SDK_25_06_00_MIMX8ML8xxxKZ/middleware/multicore/rpmsg-lite/lib/rpmsg_lite/porting/environment/rpmsg_env_freertos.c:846:9:env_get_current_queue_size	8	static
