c:/Users/TChyn/Downloads/SDK_25_06_00_MIMX8ML8xxxKZ/CMSIS/DSP/Source/FastMathFunctions/arm_cos_f32.c:70:29:arm_cos_f32	0	static
c:/Users/TChyn/Downloads/SDK_25_06_00_MIMX8ML8xxxKZ/CMSIS/DSP/Source/FastMathFunctions/arm_cos_q15.c:49:25:arm_cos_q15	8	static
c:/Users/TChyn/Downloads/SDK_25_06_00_MIMX8ML8xxxKZ/CMSIS/DSP/Source/FastMathFunctions/arm_cos_q31.c:49:25:arm_cos_q31	20	static
c:/Users/TChyn/Downloads/SDK_25_06_00_MIMX8ML8xxxKZ/CMSIS/DSP/Source/FastMathFunctions/arm_sin_f32.c:71:29:arm_sin_f32	0	static
c:/Users/TChyn/Downloads/SDK_25_06_00_MIMX8ML8xxxKZ/CMSIS/DSP/Source/FastMathFunctions/arm_sin_q15.c:49:25:arm_sin_q15	8	static
c:/Users/TChyn/Downloads/SDK_25_06_00_MIMX8ML8xxxKZ/CMSIS/DSP/Source/FastMathFunctions/arm_sin_q31.c:49:25:arm_sin_q31	20	static
c:/Users/TChyn/Downloads/SDK_25_06_00_MIMX8ML8xxxKZ/CMSIS/DSP/Source/FastMathFunctions/arm_sqrt_q31.c:52:30:arm_sqrt_q31	20	static
c:/Users/TChyn/Downloads/SDK_25_06_00_MIMX8ML8xxxKZ/CMSIS/DSP/Source/FastMathFunctions/arm_sqrt_q15.c:52:30:arm_sqrt_q15	12	static
c:/Users/TChyn/Downloads/SDK_25_06_00_MIMX8ML8xxxKZ/CMSIS/DSP/Source/FastMathFunctions/arm_vexp_f32.c:57:24:arm_vexp_f32	16	static
c:/Users/TChyn/Downloads/SDK_25_06_00_MIMX8ML8xxxKZ/CMSIS/DSP/Source/FastMathFunctions/arm_vexp_f64.c:33:24:arm_vexp_f64	16	static
c:/Users/TChyn/Downloads/SDK_25_06_00_MIMX8ML8xxxKZ/CMSIS/DSP/Source/FastMathFunctions/arm_vlog_f32.c:54:24:arm_vlog_f32	16	static
c:/Users/TChyn/Downloads/SDK_25_06_00_MIMX8ML8xxxKZ/CMSIS/DSP/Source/FastMathFunctions/arm_vlog_f64.c:32:24:arm_vlog_f64	16	static
c:/Users/TChyn/Downloads/SDK_25_06_00_MIMX8ML8xxxKZ/CMSIS/DSP/Source/FastMathFunctions/arm_divide_q15.c:60:30:arm_divide_q15	24	static
c:/Users/TChyn/Downloads/SDK_25_06_00_MIMX8ML8xxxKZ/CMSIS/DSP/Source/FastMathFunctions/arm_divide_q31.c:55:30:arm_divide_q31	32	static
c:/Users/TChyn/Downloads/SDK_25_06_00_MIMX8ML8xxxKZ/CMSIS/DSP/Source/FastMathFunctions/arm_vlog_q31.c:214:24:arm_vlog_q31	24	static
c:/Users/TChyn/Downloads/SDK_25_06_00_MIMX8ML8xxxKZ/CMSIS/DSP/Source/FastMathFunctions/arm_vlog_q15.c:221:24:arm_vlog_q15	24	static
c:/Users/TChyn/Downloads/SDK_25_06_00_MIMX8ML8xxxKZ/CMSIS/DSP/Source/FastMathFunctions/arm_atan2_f32.c:132:30:arm_atan2_f32	0	static
c:/Users/TChyn/Downloads/SDK_25_06_00_MIMX8ML8xxxKZ/CMSIS/DSP/Source/FastMathFunctions/arm_atan2_q31.c:185:30:arm_atan2_q31	32	static
c:/Users/TChyn/Downloads/SDK_25_06_00_MIMX8ML8xxxKZ/CMSIS/DSP/Source/FastMathFunctions/arm_atan2_q15.c:185:30:arm_atan2_q15	32	static
