c:/Users/TChyn/Downloads/SDK_25_06_00_MIMX8ML8xxxKZ/devices/MIMX8ML8/drivers/fsl_gpc.c:34:6:GPC_Init	0	static
c:/Users/TChyn/Downloads/SDK_25_06_00_MIMX8ML8xxxKZ/devices/MIMX8ML8/drivers/fsl_gpc.c:75:6:GPC_EnableIRQ	0	static
c:/Users/TChyn/Downloads/SDK_25_06_00_MIMX8ML8xxxKZ/devices/MIMX8ML8/drivers/fsl_gpc.c:91:6:GPC_DisableIRQ	0	static
c:/Users/TChyn/Downloads/SDK_25_06_00_MIMX8ML8xxxKZ/devices/MIMX8ML8/drivers/fsl_gpc.c:108:6:GPC_GetIRQStatusFlag	0	static
c:/Users/TChyn/Downloads/SDK_25_06_00_MIMX8ML8xxxKZ/devices/MIMX8ML8/drivers/fsl_gpc.c:127:6:GPC_EnterWaitMode	8	static
c:/Users/TChyn/Downloads/SDK_25_06_00_MIMX8ML8xxxKZ/devices/MIMX8ML8/drivers/fsl_gpc.c:155:6:GPC_EnterStopMode	8	static
