c:/Users/TChyn/Downloads/SDK_25_06_00_MIMX8ML8xxxKZ/devices/MIMX8ML8/drivers/fsl_sdma.c:119:17:SDMA_GetInstance	0	static
c:/Users/TChyn/Downloads/SDK_25_06_00_MIMX8ML8xxxKZ/devices/MIMX8ML8/drivers/fsl_sdma.c:137:13:SDMA_RunChannel0	0	static
c:/Users/TChyn/Downloads/SDK_25_06_00_MIMX8ML8xxxKZ/devices/MIMX8ML8/drivers/fsl_memory.h:78:25:MEMORY_ConvertMemoryMapAddress.constprop	0	static
c:/Users/TChyn/Downloads/SDK_25_06_00_MIMX8ML8xxxKZ/devices/MIMX8ML8/drivers/fsl_sdma.c:289:6:SDMA_LoadScript	24	static
c:/Users/TChyn/Downloads/SDK_25_06_00_MIMX8ML8xxxKZ/devices/MIMX8ML8/drivers/fsl_sdma.c:313:6:SDMA_DumpScript	24	static
c:/Users/TChyn/Downloads/SDK_25_06_00_MIMX8ML8xxxKZ/devices/MIMX8ML8/drivers/fsl_sdma.c:337:6:SDMA_IsPeripheralInSPBA	0	static
c:/Users/TChyn/Downloads/SDK_25_06_00_MIMX8ML8xxxKZ/devices/MIMX8ML8/drivers/fsl_sdma.c:421:6:SDMA_Deinit	8	static
c:/Users/TChyn/Downloads/SDK_25_06_00_MIMX8ML8xxxKZ/devices/MIMX8ML8/drivers/fsl_sdma.c:434:6:SDMA_GetDefaultConfig	0	static
c:/Users/TChyn/Downloads/SDK_25_06_00_MIMX8ML8xxxKZ/devices/MIMX8ML8/drivers/fsl_sdma.c:443:6:SDMA_ResetModule	0	static
c:/Users/TChyn/Downloads/SDK_25_06_00_MIMX8ML8xxxKZ/devices/MIMX8ML8/drivers/fsl_sdma.c:359:6:SDMA_Init	32	static
c:/Users/TChyn/Downloads/SDK_25_06_00_MIMX8ML8xxxKZ/devices/MIMX8ML8/drivers/fsl_sdma.c:472:6:SDMA_ConfigBufferDescriptor	24	static
c:/Users/TChyn/Downloads/SDK_25_06_00_MIMX8ML8xxxKZ/devices/MIMX8ML8/drivers/fsl_sdma.c:535:6:SDMA_SetContextSwitchMode	0	static
c:/Users/TChyn/Downloads/SDK_25_06_00_MIMX8ML8xxxKZ/devices/MIMX8ML8/drivers/fsl_sdma.c:542:6:SDMA_GetRequestSourceStatus	0	static
c:/Users/TChyn/Downloads/SDK_25_06_00_MIMX8ML8xxxKZ/devices/MIMX8ML8/drivers/fsl_sdma.c:555:6:SDMA_CreateHandle	24	static
c:/Users/TChyn/Downloads/SDK_25_06_00_MIMX8ML8xxxKZ/devices/MIMX8ML8/drivers/fsl_sdma.c:587:6:SDMA_InstallBDMemory	16	static
c:/Users/TChyn/Downloads/SDK_25_06_00_MIMX8ML8xxxKZ/devices/MIMX8ML8/drivers/fsl_sdma.c:610:6:SDMA_SetCallback	0	static
c:/Users/TChyn/Downloads/SDK_25_06_00_MIMX8ML8xxxKZ/devices/MIMX8ML8/drivers/fsl_sdma.c:618:6:SDMA_SetMultiFifoConfig	0	static
c:/Users/TChyn/Downloads/SDK_25_06_00_MIMX8ML8xxxKZ/devices/MIMX8ML8/drivers/fsl_sdma.c:628:6:SDMA_EnableSwDone	0	static
c:/Users/TChyn/Downloads/SDK_25_06_00_MIMX8ML8xxxKZ/devices/MIMX8ML8/drivers/fsl_sdma.c:642:6:SDMA_SetDoneConfig	24	static
c:/Users/TChyn/Downloads/SDK_25_06_00_MIMX8ML8xxxKZ/devices/MIMX8ML8/drivers/fsl_sdma.c:686:6:SDMA_PrepareTransfer	40	static
c:/Users/TChyn/Downloads/SDK_25_06_00_MIMX8ML8xxxKZ/devices/MIMX8ML8/drivers/fsl_sdma.c:774:6:SDMA_PrepareP2PTransfer	48	static
c:/Users/TChyn/Downloads/SDK_25_06_00_MIMX8ML8xxxKZ/devices/MIMX8ML8/drivers/fsl_sdma.c:876:6:SDMA_SubmitTransfer	48	static
c:/Users/TChyn/Downloads/SDK_25_06_00_MIMX8ML8xxxKZ/devices/MIMX8ML8/drivers/fsl_sdma.c:956:6:SDMA_StartTransfer	8	static
c:/Users/TChyn/Downloads/SDK_25_06_00_MIMX8ML8xxxKZ/devices/MIMX8ML8/drivers/fsl_sdma.c:978:6:SDMA_StopTransfer	0	static
c:/Users/TChyn/Downloads/SDK_25_06_00_MIMX8ML8xxxKZ/devices/MIMX8ML8/drivers/fsl_sdma.c:985:6:SDMA_AbortTransfer	16	static
c:/Users/TChyn/Downloads/SDK_25_06_00_MIMX8ML8xxxKZ/devices/MIMX8ML8/drivers/fsl_sdma.c:1010:10:SDMA_GetTransferredBytes	8	static
c:/Users/TChyn/Downloads/SDK_25_06_00_MIMX8ML8xxxKZ/devices/MIMX8ML8/drivers/fsl_sdma.c:1027:6:SDMA_HandleIRQ	12	static
c:/Users/TChyn/Downloads/SDK_25_06_00_MIMX8ML8xxxKZ/devices/MIMX8ML8/drivers/fsl_sdma.c:1072:6:SDMA1_DriverIRQHandler	24	static
c:/Users/TChyn/Downloads/SDK_25_06_00_MIMX8ML8xxxKZ/devices/MIMX8ML8/drivers/fsl_sdma.c:1094:6:SDMA2_DriverIRQHandler	24	static
c:/Users/TChyn/Downloads/SDK_25_06_00_MIMX8ML8xxxKZ/devices/MIMX8ML8/drivers/fsl_sdma.c:1117:6:SDMA3_DriverIRQHandler	24	static
