c:/Users/TChyn/Downloads/SDK_25_06_00_MIMX8ML8xxxKZ/CMSIS/DSP/Source/SupportFunctions/arm_heap_sort_f32.c:34:13:arm_heapify	20	static
c:/Users/TChyn/Downloads/SDK_25_06_00_MIMX8ML8xxxKZ/CMSIS/DSP/Source/SupportFunctions/arm_merge_sort_f32.c:61:13:arm_merge_sort_core_f32	40	static
c:/Users/TChyn/Downloads/SDK_25_06_00_MIMX8ML8xxxKZ/CMSIS/DSP/Source/SupportFunctions/arm_quick_sort_f32.c:103:13:arm_quick_sort_core_f32	24	static
c:/Users/TChyn/Downloads/SDK_25_06_00_MIMX8ML8xxxKZ/CMSIS/DSP/Source/SupportFunctions/arm_barycenter_f32.c:352:24:arm_barycenter_f32	20	static
c:/Users/TChyn/Downloads/SDK_25_06_00_MIMX8ML8xxxKZ/CMSIS/DSP/Source/SupportFunctions/arm_bitonic_sort_f32.c:912:24:arm_bitonic_sort_f32	56	static
c:/Users/TChyn/Downloads/SDK_25_06_00_MIMX8ML8xxxKZ/CMSIS/DSP/Source/SupportFunctions/arm_bubble_sort_f32.c:60:24:arm_bubble_sort_f32	16	static
c:/Users/TChyn/Downloads/SDK_25_06_00_MIMX8ML8xxxKZ/CMSIS/DSP/Source/SupportFunctions/arm_copy_f32.c:139:24:arm_copy_f32	0	static
c:/Users/TChyn/Downloads/SDK_25_06_00_MIMX8ML8xxxKZ/CMSIS/DSP/Source/SupportFunctions/arm_copy_f64.c:46:24:arm_copy_f64	12	static
c:/Users/TChyn/Downloads/SDK_25_06_00_MIMX8ML8xxxKZ/CMSIS/DSP/Source/SupportFunctions/arm_copy_q15.c:80:24:arm_copy_q15	8	static
c:/Users/TChyn/Downloads/SDK_25_06_00_MIMX8ML8xxxKZ/CMSIS/DSP/Source/SupportFunctions/arm_copy_q31.c:83:24:arm_copy_q31	8	static
c:/Users/TChyn/Downloads/SDK_25_06_00_MIMX8ML8xxxKZ/CMSIS/DSP/Source/SupportFunctions/arm_copy_q7.c:83:24:arm_copy_q7	0	static
c:/Users/TChyn/Downloads/SDK_25_06_00_MIMX8ML8xxxKZ/CMSIS/DSP/Source/SupportFunctions/arm_fill_f32.c:136:24:arm_fill_f32	0	static
c:/Users/TChyn/Downloads/SDK_25_06_00_MIMX8ML8xxxKZ/CMSIS/DSP/Source/SupportFunctions/arm_fill_f64.c:46:24:arm_fill_f64	0	static
c:/Users/TChyn/Downloads/SDK_25_06_00_MIMX8ML8xxxKZ/CMSIS/DSP/Source/SupportFunctions/arm_fill_q15.c:80:24:arm_fill_q15	0	static
c:/Users/TChyn/Downloads/SDK_25_06_00_MIMX8ML8xxxKZ/CMSIS/DSP/Source/SupportFunctions/arm_fill_q31.c:83:24:arm_fill_q31	0	static
c:/Users/TChyn/Downloads/SDK_25_06_00_MIMX8ML8xxxKZ/CMSIS/DSP/Source/SupportFunctions/arm_fill_q7.c:80:24:arm_fill_q7	0	static
c:/Users/TChyn/Downloads/SDK_25_06_00_MIMX8ML8xxxKZ/CMSIS/DSP/Source/SupportFunctions/arm_heap_sort_f32.c:84:24:arm_heap_sort_f32	24	static
c:/Users/TChyn/Downloads/SDK_25_06_00_MIMX8ML8xxxKZ/CMSIS/DSP/Source/SupportFunctions/arm_insertion_sort_f32.c:58:24:arm_insertion_sort_f32	16	static
c:/Users/TChyn/Downloads/SDK_25_06_00_MIMX8ML8xxxKZ/CMSIS/DSP/Source/SupportFunctions/arm_merge_sort_f32.c:103:24:arm_merge_sort_f32	32	static
c:/Users/TChyn/Downloads/SDK_25_06_00_MIMX8ML8xxxKZ/CMSIS/DSP/Source/SupportFunctions/arm_merge_sort_init_f32.c:46:24:arm_merge_sort_init_f32	0	static
c:/Users/TChyn/Downloads/SDK_25_06_00_MIMX8ML8xxxKZ/CMSIS/DSP/Source/SupportFunctions/arm_quick_sort_f32.c:157:24:arm_quick_sort_f32	16	static
c:/Users/TChyn/Downloads/SDK_25_06_00_MIMX8ML8xxxKZ/CMSIS/DSP/Source/SupportFunctions/arm_selection_sort_f32.c:59:24:arm_selection_sort_f32	32	static
c:/Users/TChyn/Downloads/SDK_25_06_00_MIMX8ML8xxxKZ/CMSIS/DSP/Source/SupportFunctions/arm_sort_f32.c:50:24:arm_sort_f32	8	static
c:/Users/TChyn/Downloads/SDK_25_06_00_MIMX8ML8xxxKZ/CMSIS/DSP/Source/SupportFunctions/arm_sort_init_f32.c:46:24:arm_sort_init_f32	0	static
c:/Users/TChyn/Downloads/SDK_25_06_00_MIMX8ML8xxxKZ/CMSIS/DSP/Source/SupportFunctions/arm_weighted_average_f32.c:158:29:arm_weighted_average_f32	0	static
c:/Users/TChyn/Downloads/SDK_25_06_00_MIMX8ML8xxxKZ/CMSIS/DSP/Source/SupportFunctions/arm_f64_to_float.c:50:24:arm_f64_to_float	0	static
c:/Users/TChyn/Downloads/SDK_25_06_00_MIMX8ML8xxxKZ/CMSIS/DSP/Source/SupportFunctions/arm_f64_to_q31.c:63:24:arm_f64_to_q31	32	static
c:/Users/TChyn/Downloads/SDK_25_06_00_MIMX8ML8xxxKZ/CMSIS/DSP/Source/SupportFunctions/arm_f64_to_q15.c:61:24:arm_f64_to_q15	0	static
c:/Users/TChyn/Downloads/SDK_25_06_00_MIMX8ML8xxxKZ/CMSIS/DSP/Source/SupportFunctions/arm_f64_to_q7.c:61:24:arm_f64_to_q7	0	static
c:/Users/TChyn/Downloads/SDK_25_06_00_MIMX8ML8xxxKZ/CMSIS/DSP/Source/SupportFunctions/arm_float_to_f64.c:50:24:arm_float_to_f64	0	static
c:/Users/TChyn/Downloads/SDK_25_06_00_MIMX8ML8xxxKZ/CMSIS/DSP/Source/SupportFunctions/arm_float_to_q15.c:215:24:arm_float_to_q15	0	static
c:/Users/TChyn/Downloads/SDK_25_06_00_MIMX8ML8xxxKZ/CMSIS/DSP/Source/SupportFunctions/arm_float_to_q31.c:225:24:arm_float_to_q31	32	static
c:/Users/TChyn/Downloads/SDK_25_06_00_MIMX8ML8xxxKZ/CMSIS/DSP/Source/SupportFunctions/arm_float_to_q7.c:239:24:arm_float_to_q7	0	static
c:/Users/TChyn/Downloads/SDK_25_06_00_MIMX8ML8xxxKZ/CMSIS/DSP/Source/SupportFunctions/arm_q15_to_f64.c:57:24:arm_q15_to_f64	0	static
c:/Users/TChyn/Downloads/SDK_25_06_00_MIMX8ML8xxxKZ/CMSIS/DSP/Source/SupportFunctions/arm_q15_to_float.c:152:24:arm_q15_to_float	0	static
c:/Users/TChyn/Downloads/SDK_25_06_00_MIMX8ML8xxxKZ/CMSIS/DSP/Source/SupportFunctions/arm_q15_to_q31.c:96:24:arm_q15_to_q31	8	static
c:/Users/TChyn/Downloads/SDK_25_06_00_MIMX8ML8xxxKZ/CMSIS/DSP/Source/SupportFunctions/arm_q15_to_q7.c:96:24:arm_q15_to_q7	0	static
c:/Users/TChyn/Downloads/SDK_25_06_00_MIMX8ML8xxxKZ/CMSIS/DSP/Source/SupportFunctions/arm_q31_to_f64.c:57:24:arm_q31_to_f64	0	static
c:/Users/TChyn/Downloads/SDK_25_06_00_MIMX8ML8xxxKZ/CMSIS/DSP/Source/SupportFunctions/arm_q31_to_float.c:147:24:arm_q31_to_float	0	static
c:/Users/TChyn/Downloads/SDK_25_06_00_MIMX8ML8xxxKZ/CMSIS/DSP/Source/SupportFunctions/arm_q31_to_q15.c:99:24:arm_q31_to_q15	8	static
c:/Users/TChyn/Downloads/SDK_25_06_00_MIMX8ML8xxxKZ/CMSIS/DSP/Source/SupportFunctions/arm_q31_to_q7.c:111:24:arm_q31_to_q7	0	static
c:/Users/TChyn/Downloads/SDK_25_06_00_MIMX8ML8xxxKZ/CMSIS/DSP/Source/SupportFunctions/arm_q7_to_f64.c:56:24:arm_q7_to_f64	0	static
c:/Users/TChyn/Downloads/SDK_25_06_00_MIMX8ML8xxxKZ/CMSIS/DSP/Source/SupportFunctions/arm_q7_to_float.c:163:24:arm_q7_to_float	0	static
c:/Users/TChyn/Downloads/SDK_25_06_00_MIMX8ML8xxxKZ/CMSIS/DSP/Source/SupportFunctions/arm_q7_to_q15.c:97:24:arm_q7_to_q15	0	static
c:/Users/TChyn/Downloads/SDK_25_06_00_MIMX8ML8xxxKZ/CMSIS/DSP/Source/SupportFunctions/arm_q7_to_q31.c:95:24:arm_q7_to_q31	0	static
