c:/Users/TChyn/Downloads/SDK_25_06_00_EVK-MIMX8MP/devices/MIMX8ML8/drivers/fsl_clock.h:1354:24:CLOCK_GetRootMux	16	static
c:/Users/TChyn/Downloads/SDK_25_06_00_EVK-MIMX8MP/devices/MIMX8ML8/drivers/fsl_clock.h:1421:24:CLOCK_GetRootPreDivider	16	static
c:/Users/TChyn/Downloads/SDK_25_06_00_EVK-MIMX8MP/devices/MIMX8ML8/drivers/fsl_clock.h:1434:24:CLOCK_GetRootPostDivider	16	static
c:/Users/TChyn/Downloads/SDK_25_06_00_EVK-MIMX8MP/devices/MIMX8ML8/drivers/fsl_clock.h:1499:20:CLOCK_PowerDownPll	16	static
c:/Users/TChyn/Downloads/SDK_25_06_00_EVK-MIMX8MP/devices/MIMX8ML8/drivers/fsl_clock.h:1513:20:CLOCK_SetPllBypass	24	static
c:/Users/TChyn/Downloads/SDK_25_06_00_EVK-MIMX8MP/devices/MIMX8ML8/drivers/fsl_clock.h:1534:20:CLOCK_IsPllBypassed	16	static
c:/Users/TChyn/Downloads/SDK_25_06_00_EVK-MIMX8MP/devices/MIMX8ML8/drivers/fsl_clock.h:1548:20:CLOCK_IsPllLocked	16	static
c:/Users/TChyn/Downloads/SDK_25_06_00_EVK-MIMX8MP/devices/MIMX8ML8/drivers/fsl_clock.h:1559:20:CLOCK_EnableAnalogClock	16	static
c:/Users/TChyn/Downloads/SDK_25_06_00_EVK-MIMX8MP/devices/MIMX8ML8/drivers/fsl_clock.c:44:10:CLOCK_GetFreq	24	static
c:/Users/TChyn/Downloads/SDK_25_06_00_EVK-MIMX8MP/devices/MIMX8ML8/drivers/fsl_clock.c:166:10:CLOCK_GetClockRootFreq	40	static
c:/Users/TChyn/Downloads/SDK_25_06_00_EVK-MIMX8MP/devices/MIMX8ML8/drivers/fsl_clock.c:203:10:CLOCK_GetCoreM7Freq	24	static
c:/Users/TChyn/Downloads/SDK_25_06_00_EVK-MIMX8MP/devices/MIMX8ML8/drivers/fsl_clock.c:248:10:CLOCK_GetAxiFreq	24	static
c:/Users/TChyn/Downloads/SDK_25_06_00_EVK-MIMX8MP/devices/MIMX8ML8/drivers/fsl_clock.c:293:10:CLOCK_GetAhbFreq	24	static
c:/Users/TChyn/Downloads/SDK_25_06_00_EVK-MIMX8MP/devices/MIMX8ML8/drivers/fsl_clock.c:338:10:CLOCK_GetEnetAxiFreq	24	static
c:/Users/TChyn/Downloads/SDK_25_06_00_EVK-MIMX8MP/devices/MIMX8ML8/drivers/fsl_clock.c:385:10:CLOCK_GetPllRefClkFreq	24	static
c:/Users/TChyn/Downloads/SDK_25_06_00_EVK-MIMX8MP/devices/MIMX8ML8/drivers/fsl_clock.c:426:10:CLOCK_GetPllFreq	32	static
c:/Users/TChyn/Downloads/SDK_25_06_00_EVK-MIMX8MP/devices/MIMX8ML8/drivers/fsl_clock.c:502:6:CLOCK_InitArmPll	16	static
c:/Users/TChyn/Downloads/SDK_25_06_00_EVK-MIMX8MP/devices/MIMX8ML8/drivers/fsl_clock.c:522:6:CLOCK_DeinitArmPll	8	static
c:/Users/TChyn/Downloads/SDK_25_06_00_EVK-MIMX8MP/devices/MIMX8ML8/drivers/fsl_clock.c:535:6:CLOCK_InitAudioPll1	16	static
c:/Users/TChyn/Downloads/SDK_25_06_00_EVK-MIMX8MP/devices/MIMX8ML8/drivers/fsl_clock.c:555:6:CLOCK_DeinitAudioPll1	8	static
c:/Users/TChyn/Downloads/SDK_25_06_00_EVK-MIMX8MP/devices/MIMX8ML8/drivers/fsl_clock.c:568:6:CLOCK_InitAudioPll2	16	static
c:/Users/TChyn/Downloads/SDK_25_06_00_EVK-MIMX8MP/devices/MIMX8ML8/drivers/fsl_clock.c:588:6:CLOCK_DeinitAudioPll2	8	static
c:/Users/TChyn/Downloads/SDK_25_06_00_EVK-MIMX8MP/devices/MIMX8ML8/drivers/fsl_clock.c:599:6:CLOCK_InitVideoPll1	16	static
c:/Users/TChyn/Downloads/SDK_25_06_00_EVK-MIMX8MP/devices/MIMX8ML8/drivers/fsl_clock.c:619:6:CLOCK_DeinitVideoPll1	8	static
c:/Users/TChyn/Downloads/SDK_25_06_00_EVK-MIMX8MP/devices/MIMX8ML8/drivers/fsl_clock.c:632:6:CLOCK_InitSysPll1	16	static
c:/Users/TChyn/Downloads/SDK_25_06_00_EVK-MIMX8MP/devices/MIMX8ML8/drivers/fsl_clock.c:652:6:CLOCK_DeinitSysPll1	8	static
c:/Users/TChyn/Downloads/SDK_25_06_00_EVK-MIMX8MP/devices/MIMX8ML8/drivers/fsl_clock.c:665:6:CLOCK_InitSysPll2	16	static
c:/Users/TChyn/Downloads/SDK_25_06_00_EVK-MIMX8MP/devices/MIMX8ML8/drivers/fsl_clock.c:685:6:CLOCK_DeinitSysPll2	8	static
c:/Users/TChyn/Downloads/SDK_25_06_00_EVK-MIMX8MP/devices/MIMX8ML8/drivers/fsl_clock.c:698:6:CLOCK_InitSysPll3	16	static
c:/Users/TChyn/Downloads/SDK_25_06_00_EVK-MIMX8MP/devices/MIMX8ML8/drivers/fsl_clock.c:718:6:CLOCK_DeinitSysPll3	8	static
c:/Users/TChyn/Downloads/SDK_25_06_00_EVK-MIMX8MP/devices/MIMX8ML8/drivers/fsl_clock.c:731:6:CLOCK_InitFracPll	40	static
c:/Users/TChyn/Downloads/SDK_25_06_00_EVK-MIMX8MP/devices/MIMX8ML8/drivers/fsl_clock.c:773:10:CLOCK_GetFracPllFreq	112	static
c:/Users/TChyn/Downloads/SDK_25_06_00_EVK-MIMX8MP/devices/MIMX8ML8/drivers/fsl_clock.c:804:6:CLOCK_InitIntegerPll	32	static
c:/Users/TChyn/Downloads/SDK_25_06_00_EVK-MIMX8MP/devices/MIMX8ML8/drivers/fsl_clock.c:846:10:CLOCK_GetIntegerPllFreq	96	static
c:/Users/TChyn/Downloads/SDK_25_06_00_EVK-MIMX8MP/devices/MIMX8ML8/drivers/fsl_clock.c:881:6:CLOCK_SetRootDivider	24	static
c:/Users/TChyn/Downloads/SDK_25_06_00_EVK-MIMX8MP/devices/MIMX8ML8/drivers/fsl_clock.c:899:6:CLOCK_UpdateRoot	24	static
c:/Users/TChyn/Downloads/SDK_25_06_00_EVK-MIMX8MP/devices/MIMX8ML8/drivers/fsl_clock.c:919:6:CLOCK_EnableClock	40	static
c:/Users/TChyn/Downloads/SDK_25_06_00_EVK-MIMX8MP/devices/MIMX8ML8/drivers/fsl_clock.c:955:6:CLOCK_DisableClock	40	static
