c:/Users/TChyn/Downloads/SDK_25_06_00_MIMX8ML8xxxKZ/rtos/freertos/freertos-kernel/stream_buffer.c:1566:15:prvBytesInBuffer	0	static
c:/Users/TChyn/Downloads/SDK_25_06_00_MIMX8ML8xxxKZ/rtos/freertos/freertos-kernel/stream_buffer.c:1476:15:prvWriteBytesToBuffer.part.0	24	static
c:/Users/TChyn/Downloads/SDK_25_06_00_MIMX8ML8xxxKZ/rtos/freertos/freertos-kernel/stream_buffer.c:1000:15:prvWriteMessageToBuffer	24	static
c:/Users/TChyn/Downloads/SDK_25_06_00_MIMX8ML8xxxKZ/rtos/freertos/freertos-kernel/stream_buffer.c:1522:15:prvReadBytesFromBuffer.part.0	24	static
c:/Users/TChyn/Downloads/SDK_25_06_00_MIMX8ML8xxxKZ/rtos/freertos/freertos-kernel/stream_buffer.c:1276:15:prvReadMessageFromBuffer	32	static
c:/Users/TChyn/Downloads/SDK_25_06_00_MIMX8ML8xxxKZ/rtos/freertos/freertos-kernel/stream_buffer.c:1587:13:prvInitialiseNewStreamBuffer.isra	24	static
c:/Users/TChyn/Downloads/SDK_25_06_00_MIMX8ML8xxxKZ/rtos/freertos/freertos-kernel/stream_buffer.c:331:26:xStreamBufferGenericCreate	32	static
c:/Users/TChyn/Downloads/SDK_25_06_00_MIMX8ML8xxxKZ/rtos/freertos/freertos-kernel/stream_buffer.c:557:6:vStreamBufferDelete	0	static
c:/Users/TChyn/Downloads/SDK_25_06_00_MIMX8ML8xxxKZ/rtos/freertos/freertos-kernel/stream_buffer.c:594:12:xStreamBufferReset	16	static
c:/Users/TChyn/Downloads/SDK_25_06_00_MIMX8ML8xxxKZ/rtos/freertos/freertos-kernel/stream_buffer.c:655:12:xStreamBufferResetFromISR	16	static
c:/Users/TChyn/Downloads/SDK_25_06_00_MIMX8ML8xxxKZ/rtos/freertos/freertos-kernel/stream_buffer.c:720:12:xStreamBufferSetTriggerLevel	0	static
c:/Users/TChyn/Downloads/SDK_25_06_00_MIMX8ML8xxxKZ/rtos/freertos/freertos-kernel/stream_buffer.c:754:8:xStreamBufferSpacesAvailable	12	static
c:/Users/TChyn/Downloads/SDK_25_06_00_MIMX8ML8xxxKZ/rtos/freertos/freertos-kernel/stream_buffer.c:791:8:xStreamBufferBytesAvailable	0	static
c:/Users/TChyn/Downloads/SDK_25_06_00_MIMX8ML8xxxKZ/rtos/freertos/freertos-kernel/stream_buffer.c:808:8:xStreamBufferSend	56	static
c:/Users/TChyn/Downloads/SDK_25_06_00_MIMX8ML8xxxKZ/rtos/freertos/freertos-kernel/stream_buffer.c:943:8:xStreamBufferSendFromISR	32	static
c:/Users/TChyn/Downloads/SDK_25_06_00_MIMX8ML8xxxKZ/rtos/freertos/freertos-kernel/stream_buffer.c:1053:8:xStreamBufferReceive	40	static
c:/Users/TChyn/Downloads/SDK_25_06_00_MIMX8ML8xxxKZ/rtos/freertos/freertos-kernel/stream_buffer.c:1169:8:xStreamBufferNextMessageLengthBytes	16	static
c:/Users/TChyn/Downloads/SDK_25_06_00_MIMX8ML8xxxKZ/rtos/freertos/freertos-kernel/stream_buffer.c:1213:8:xStreamBufferReceiveFromISR	32	static
c:/Users/TChyn/Downloads/SDK_25_06_00_MIMX8ML8xxxKZ/rtos/freertos/freertos-kernel/stream_buffer.c:1331:12:xStreamBufferIsEmpty	0	static
c:/Users/TChyn/Downloads/SDK_25_06_00_MIMX8ML8xxxKZ/rtos/freertos/freertos-kernel/stream_buffer.c:1359:12:xStreamBufferIsFull	8	static
c:/Users/TChyn/Downloads/SDK_25_06_00_MIMX8ML8xxxKZ/rtos/freertos/freertos-kernel/stream_buffer.c:1398:12:xStreamBufferSendCompletedFromISR	24	static
c:/Users/TChyn/Downloads/SDK_25_06_00_MIMX8ML8xxxKZ/rtos/freertos/freertos-kernel/stream_buffer.c:1437:12:xStreamBufferReceiveCompletedFromISR	24	static
c:/Users/TChyn/Downloads/SDK_25_06_00_MIMX8ML8xxxKZ/rtos/freertos/freertos-kernel/stream_buffer.c:1635:13:uxStreamBufferGetStreamBufferNotificationIndex	0	static
c:/Users/TChyn/Downloads/SDK_25_06_00_MIMX8ML8xxxKZ/rtos/freertos/freertos-kernel/stream_buffer.c:1649:6:vStreamBufferSetStreamBufferNotificationIndex	0	static
