c:/Users/TChyn/Downloads/SDK_25_06_00_MIMX8ML8xxxKZ/rtos/freertos/freertos-kernel/tasks.c:8415:13:prvAddCurrentTaskToDelayedList	32	static
c:/Users/TChyn/Downloads/SDK_25_06_00_MIMX8ML8xxxKZ/rtos/freertos/freertos-kernel/tasks.c:3283:23:prvTaskIsTaskSuspended	0	static
c:/Users/TChyn/Downloads/SDK_25_06_00_MIMX8ML8xxxKZ/rtos/freertos/freertos-kernel/tasks.c:3894:23:prvGetExpectedIdleTime	0	static
c:/Users/TChyn/Downloads/SDK_25_06_00_MIMX8ML8xxxKZ/rtos/freertos/freertos-kernel/tasks.c:6456:13:prvResetNextTaskUnblockTime	0	static
c:/Users/TChyn/Downloads/SDK_25_06_00_MIMX8ML8xxxKZ/rtos/freertos/freertos-kernel/tasks.c:1718:16:xTaskCreate	40	static
c:/Users/TChyn/Downloads/SDK_25_06_00_MIMX8ML8xxxKZ/rtos/freertos/freertos-kernel/tasks.c:3353:10:vTaskResume	24	static
c:/Users/TChyn/Downloads/SDK_25_06_00_MIMX8ML8xxxKZ/rtos/freertos/freertos-kernel/tasks.c:3414:16:xTaskResumeFromISR	24	static
c:/Users/TChyn/Downloads/SDK_25_06_00_MIMX8ML8xxxKZ/rtos/freertos/freertos-kernel/tasks.c:3665:6:vTaskStartScheduler	32	static
c:/Users/TChyn/Downloads/SDK_25_06_00_MIMX8ML8xxxKZ/rtos/freertos/freertos-kernel/tasks.c:3768:6:vTaskEndScheduler	0	static
c:/Users/TChyn/Downloads/SDK_25_06_00_MIMX8ML8xxxKZ/rtos/freertos/freertos-kernel/tasks.c:3811:6:vTaskSuspendAll	0	static
c:/Users/TChyn/Downloads/SDK_25_06_00_MIMX8ML8xxxKZ/rtos/freertos/freertos-kernel/tasks.c:4106:12:xTaskGetTickCount	0	static
c:/Users/TChyn/Downloads/SDK_25_06_00_MIMX8ML8xxxKZ/rtos/freertos/freertos-kernel/tasks.c:4125:12:xTaskGetTickCountFromISR	8	static
c:/Users/TChyn/Downloads/SDK_25_06_00_MIMX8ML8xxxKZ/rtos/freertos/freertos-kernel/tasks.c:4160:13:uxTaskGetNumberOfTasks	0	static
c:/Users/TChyn/Downloads/SDK_25_06_00_MIMX8ML8xxxKZ/rtos/freertos/freertos-kernel/tasks.c:4172:8:pcTaskGetName	0	static
c:/Users/TChyn/Downloads/SDK_25_06_00_MIMX8ML8xxxKZ/rtos/freertos/freertos-kernel/tasks.c:4504:10:vTaskStepTick	16	static
c:/Users/TChyn/Downloads/SDK_25_06_00_MIMX8ML8xxxKZ/rtos/freertos/freertos-kernel/tasks.c:4670:12:xTaskIncrementTick	40	static
c:/Users/TChyn/Downloads/SDK_25_06_00_MIMX8ML8xxxKZ/rtos/freertos/freertos-kernel/tasks.c:3956:12:xTaskResumeAll	40	static
c:/Users/TChyn/Downloads/SDK_25_06_00_MIMX8ML8xxxKZ/rtos/freertos/freertos-kernel/tasks.c:2435:10:vTaskDelay	8	static
c:/Users/TChyn/Downloads/SDK_25_06_00_MIMX8ML8xxxKZ/rtos/freertos/freertos-kernel/tasks.c:5748:8:prvIdleTask	16	static
c:/Users/TChyn/Downloads/SDK_25_06_00_MIMX8ML8xxxKZ/rtos/freertos/freertos-kernel/tasks.c:4546:12:xTaskCatchUpTicks	8	static
c:/Users/TChyn/Downloads/SDK_25_06_00_MIMX8ML8xxxKZ/rtos/freertos/freertos-kernel/tasks.c:5056:10:vTaskSwitchContext	8	static
c:/Users/TChyn/Downloads/SDK_25_06_00_MIMX8ML8xxxKZ/rtos/freertos/freertos-kernel/tasks.c:3121:10:vTaskSuspend	16	static
c:/Users/TChyn/Downloads/SDK_25_06_00_MIMX8ML8xxxKZ/rtos/freertos/freertos-kernel/tasks.c:5243:6:vTaskPlaceOnEventList	8	static
c:/Users/TChyn/Downloads/SDK_25_06_00_MIMX8ML8xxxKZ/rtos/freertos/freertos-kernel/tasks.c:5272:6:vTaskPlaceOnUnorderedEventList	8	static
c:/Users/TChyn/Downloads/SDK_25_06_00_MIMX8ML8xxxKZ/rtos/freertos/freertos-kernel/tasks.c:5304:10:vTaskPlaceOnEventListRestricted	12	static
c:/Users/TChyn/Downloads/SDK_25_06_00_MIMX8ML8xxxKZ/rtos/freertos/freertos-kernel/tasks.c:5341:12:xTaskRemoveFromEventList	16	static
c:/Users/TChyn/Downloads/SDK_25_06_00_MIMX8ML8xxxKZ/rtos/freertos/freertos-kernel/tasks.c:5434:6:vTaskRemoveFromUnorderedEventList	24	static
c:/Users/TChyn/Downloads/SDK_25_06_00_MIMX8ML8xxxKZ/rtos/freertos/freertos-kernel/tasks.c:5506:6:vTaskSetTimeOutState	8	static
c:/Users/TChyn/Downloads/SDK_25_06_00_MIMX8ML8xxxKZ/rtos/freertos/freertos-kernel/tasks.c:5522:6:vTaskInternalSetTimeOutState	0	static
c:/Users/TChyn/Downloads/SDK_25_06_00_MIMX8ML8xxxKZ/rtos/freertos/freertos-kernel/tasks.c:5534:12:xTaskCheckForTimeOut	16	static
c:/Users/TChyn/Downloads/SDK_25_06_00_MIMX8ML8xxxKZ/rtos/freertos/freertos-kernel/tasks.c:5603:6:vTaskMissedYield	0	static
c:/Users/TChyn/Downloads/SDK_25_06_00_MIMX8ML8xxxKZ/rtos/freertos/freertos-kernel/tasks.c:5884:22:eTaskConfirmSleepModeStatus	0	static
c:/Users/TChyn/Downloads/SDK_25_06_00_MIMX8ML8xxxKZ/rtos/freertos/freertos-kernel/tasks.c:6480:22:xTaskGetCurrentTaskHandle	0	static
c:/Users/TChyn/Downloads/SDK_25_06_00_MIMX8ML8xxxKZ/rtos/freertos/freertos-kernel/tasks.c:6515:18:xTaskGetCurrentTaskHandleForCore	0	static
c:/Users/TChyn/Downloads/SDK_25_06_00_MIMX8ML8xxxKZ/rtos/freertos/freertos-kernel/tasks.c:6540:16:xTaskGetSchedulerState	0	static
c:/Users/TChyn/Downloads/SDK_25_06_00_MIMX8ML8xxxKZ/rtos/freertos/freertos-kernel/tasks.c:6580:16:xTaskPriorityInherit	24	static
c:/Users/TChyn/Downloads/SDK_25_06_00_MIMX8ML8xxxKZ/rtos/freertos/freertos-kernel/tasks.c:6683:16:xTaskPriorityDisinherit	24	static
c:/Users/TChyn/Downloads/SDK_25_06_00_MIMX8ML8xxxKZ/rtos/freertos/freertos-kernel/tasks.c:6777:10:vTaskPriorityDisinheritAfterTimeout	16	static
c:/Users/TChyn/Downloads/SDK_25_06_00_MIMX8ML8xxxKZ/rtos/freertos/freertos-kernel/tasks.c:7569:12:uxTaskResetEventItemValue	0	static
c:/Users/TChyn/Downloads/SDK_25_06_00_MIMX8ML8xxxKZ/rtos/freertos/freertos-kernel/tasks.c:7589:18:pvTaskIncrementMutexHeldCount	0	static
c:/Users/TChyn/Downloads/SDK_25_06_00_MIMX8ML8xxxKZ/rtos/freertos/freertos-kernel/tasks.c:7614:14:ulTaskGenericNotifyTake	24	static
c:/Users/TChyn/Downloads/SDK_25_06_00_MIMX8ML8xxxKZ/rtos/freertos/freertos-kernel/tasks.c:7717:16:xTaskGenericNotifyWait	24	static
c:/Users/TChyn/Downloads/SDK_25_06_00_MIMX8ML8xxxKZ/rtos/freertos/freertos-kernel/tasks.c:7832:16:xTaskGenericNotify	24	static
c:/Users/TChyn/Downloads/SDK_25_06_00_MIMX8ML8xxxKZ/rtos/freertos/freertos-kernel/tasks.c:7952:16:xTaskGenericNotifyFromISR	24	static
c:/Users/TChyn/Downloads/SDK_25_06_00_MIMX8ML8xxxKZ/rtos/freertos/freertos-kernel/tasks.c:8118:10:vTaskGenericNotifyGiveFromISR	24	static
c:/Users/TChyn/Downloads/SDK_25_06_00_MIMX8ML8xxxKZ/rtos/freertos/freertos-kernel/tasks.c:8234:16:xTaskGenericNotifyStateClear	8	static
c:/Users/TChyn/Downloads/SDK_25_06_00_MIMX8ML8xxxKZ/rtos/freertos/freertos-kernel/tasks.c:8272:14:ulTaskGenericNotifyValueClear	16	static
c:/Users/TChyn/Downloads/SDK_25_06_00_MIMX8ML8xxxKZ/rtos/freertos/freertos-kernel/tasks.c:8645:6:vTaskResetState	0	static
