c:/Users/TChyn/Downloads/SDK_25_06_00_MIMX8ML8xxxKZ/rtos/freertos/freertos-kernel/timers.c:894:23:prvInsertTimerInActiveList	8	static
c:/Users/TChyn/Downloads/SDK_25_06_00_MIMX8ML8xxxKZ/rtos/freertos/freertos-kernel/timers.c:699:17:prvReloadTimer	16	static
c:/Users/TChyn/Downloads/SDK_25_06_00_MIMX8ML8xxxKZ/rtos/freertos/freertos-kernel/timers.c:718:17:prvProcessExpiredTimer	16	static
c:/Users/TChyn/Downloads/SDK_25_06_00_MIMX8ML8xxxKZ/rtos/freertos/freertos-kernel/timers.c:871:23:prvSampleTimeNow	24	static
c:/Users/TChyn/Downloads/SDK_25_06_00_MIMX8ML8xxxKZ/rtos/freertos/freertos-kernel/timers.c:748:12:prvTimerTask	48	static
c:/Users/TChyn/Downloads/SDK_25_06_00_MIMX8ML8xxxKZ/rtos/freertos/freertos-kernel/timers.c:1111:17:prvCheckForValidListAndQueue	24	static
c:/Users/TChyn/Downloads/SDK_25_06_00_MIMX8ML8xxxKZ/rtos/freertos/freertos-kernel/timers.c:237:16:xTimerCreateTimerTask	16	static
c:/Users/TChyn/Downloads/SDK_25_06_00_MIMX8ML8xxxKZ/rtos/freertos/freertos-kernel/timers.c:336:23:xTimerCreate	24	static
c:/Users/TChyn/Downloads/SDK_25_06_00_MIMX8ML8xxxKZ/rtos/freertos/freertos-kernel/timers.c:448:16:xTimerGenericCommandFromTask	24	static
c:/Users/TChyn/Downloads/SDK_25_06_00_MIMX8ML8xxxKZ/rtos/freertos/freertos-kernel/timers.c:499:16:xTimerGenericCommandFromISR	32	static
c:/Users/TChyn/Downloads/SDK_25_06_00_MIMX8ML8xxxKZ/rtos/freertos/freertos-kernel/timers.c:543:18:xTimerGetTimerDaemonTaskHandle	0	static
c:/Users/TChyn/Downloads/SDK_25_06_00_MIMX8ML8xxxKZ/rtos/freertos/freertos-kernel/timers.c:557:16:xTimerGetPeriod	0	static
c:/Users/TChyn/Downloads/SDK_25_06_00_MIMX8ML8xxxKZ/rtos/freertos/freertos-kernel/timers.c:571:10:vTimerSetReloadMode	16	static
c:/Users/TChyn/Downloads/SDK_25_06_00_MIMX8ML8xxxKZ/rtos/freertos/freertos-kernel/timers.c:596:16:xTimerGetReloadMode	8	static
c:/Users/TChyn/Downloads/SDK_25_06_00_MIMX8ML8xxxKZ/rtos/freertos/freertos-kernel/timers.c:624:17:uxTimerGetReloadMode	0	static
c:/Users/TChyn/Downloads/SDK_25_06_00_MIMX8ML8xxxKZ/rtos/freertos/freertos-kernel/timers.c:638:16:xTimerGetExpiryTime	0	static
c:/Users/TChyn/Downloads/SDK_25_06_00_MIMX8ML8xxxKZ/rtos/freertos/freertos-kernel/timers.c:685:18:pcTimerGetName	0	static
c:/Users/TChyn/Downloads/SDK_25_06_00_MIMX8ML8xxxKZ/rtos/freertos/freertos-kernel/timers.c:1162:16:xTimerIsTimerActive	8	static
c:/Users/TChyn/Downloads/SDK_25_06_00_MIMX8ML8xxxKZ/rtos/freertos/freertos-kernel/timers.c:1191:12:pvTimerGetTimerID	8	static
c:/Users/TChyn/Downloads/SDK_25_06_00_MIMX8ML8xxxKZ/rtos/freertos/freertos-kernel/timers.c:1212:10:vTimerSetTimerID	16	static
c:/Users/TChyn/Downloads/SDK_25_06_00_MIMX8ML8xxxKZ/rtos/freertos/freertos-kernel/timers.c:1233:20:xTimerPendFunctionCallFromISR	24	static
c:/Users/TChyn/Downloads/SDK_25_06_00_MIMX8ML8xxxKZ/rtos/freertos/freertos-kernel/timers.c:1263:20:xTimerPendFunctionCall	32	static
c:/Users/TChyn/Downloads/SDK_25_06_00_MIMX8ML8xxxKZ/rtos/freertos/freertos-kernel/timers.c:1330:10:vTimerResetState	0	static
