c:/Users/TChyn/Downloads/SDK_25_06_00_MIMX8ML8xxxKZ/components/srtm/services/srtm_pdm_sdma_adapter.c:159:13:SRTM_PdmSdmaAdapter_RecycleRxMessage	0	static
c:/Users/TChyn/Downloads/SDK_25_06_00_MIMX8ML8xxxKZ/components/srtm/services/srtm_pdm_sdma_adapter.c:383:13:SRTM_PdmSdmaAdapter_AddNewPeriods	8	static
c:/Users/TChyn/Downloads/SDK_25_06_00_MIMX8ML8xxxKZ/components/srtm/services/srtm_pdm_sdma_adapter.c:486:13:SRTM_PdmSdmaAdapter_LocalBufFullDMACb	16	static
c:/Users/TChyn/Downloads/SDK_25_06_00_MIMX8ML8xxxKZ/components/srtm/services/srtm_pdm_sdma_adapter.c:907:22:SRTM_PdmSdmaAdapter_Pause	0	static
c:/Users/TChyn/Downloads/SDK_25_06_00_MIMX8ML8xxxKZ/components/srtm/services/srtm_pdm_sdma_adapter.c:1065:13:SRTM_PdmSdmaAdapter_HostWakeProc	4	static
c:/Users/TChyn/Downloads/SDK_25_06_00_MIMX8ML8xxxKZ/components/srtm/services/srtm_pdm_sdma_adapter.c:1151:22:SRTM_PdmSdmaAdapter_GetBufOffset	0	static
c:/Users/TChyn/Downloads/SDK_25_06_00_MIMX8ML8xxxKZ/components/srtm/services/srtm_pdm_sdma_adapter.c:1168:22:SRTM_PdmSdmaAdapter_PeriodReady	0	static
c:/Users/TChyn/Downloads/SDK_25_06_00_MIMX8ML8xxxKZ/components/srtm/services/srtm_pdm_sdma_adapter.c:1326:13:SRTM_PdmSdmaAdapter_DmaM2MCallback	16	static
c:/Users/TChyn/Downloads/SDK_25_06_00_MIMX8ML8xxxKZ/components/srtm/services/srtm_pdm_sdma_adapter.c:995:22:SRTM_PdmSdmaAdapter_SetBuf	16	static
c:/Users/TChyn/Downloads/SDK_25_06_00_MIMX8ML8xxxKZ/components/srtm/services/srtm_pdm_sdma_adapter.c:936:22:SRTM_PdmSdmaAdapter_SetParam	24	static
c:/Users/TChyn/Downloads/SDK_25_06_00_MIMX8ML8xxxKZ/components/srtm/services/srtm_pdm_sdma_adapter.c:747:22:SRTM_PdmSdmaAdapter_Open	8	static
c:/Users/TChyn/Downloads/SDK_25_06_00_MIMX8ML8xxxKZ/components/srtm/services/srtm_pdm_sdma_adapter.c:576:13:SRTM_PdmSdmaRxCallback	16	static
c:/Users/TChyn/Downloads/SDK_25_06_00_MIMX8ML8xxxKZ/components/srtm/services/srtm_pdm_sdma_adapter.c:514:13:SRTM_PdmSdmaAdapter_LocalBufFullProc	128	static
c:/Users/TChyn/Downloads/SDK_25_06_00_MIMX8ML8xxxKZ/components/srtm/services/srtm_pdm_sdma_adapter.c:922:22:SRTM_PdmSdmaAdapter_Restart	0	static
c:/Users/TChyn/Downloads/SDK_25_06_00_MIMX8ML8xxxKZ/components/srtm/services/srtm_pdm_sdma_adapter.c:360:13:SRTM_PdmSdmaAdapter_CopyData	16	static
c:/Users/TChyn/Downloads/SDK_25_06_00_MIMX8ML8xxxKZ/components/srtm/services/srtm_pdm_sdma_adapter.c:352:13:SRTM_PdmSdmaAdapter_DataCopyProc	0	static
c:/Users/TChyn/Downloads/SDK_25_06_00_MIMX8ML8xxxKZ/components/srtm/services/srtm_pdm_sdma_adapter.c:404:13:SRTM_PdmSdmaAdapter_Transfer	32	static
c:/Users/TChyn/Downloads/SDK_25_06_00_MIMX8ML8xxxKZ/components/srtm/services/srtm_pdm_sdma_adapter.c:773:22:SRTM_PdmSdmaAdapter_Start	32	static
c:/Users/TChyn/Downloads/SDK_25_06_00_MIMX8ML8xxxKZ/components/srtm/services/srtm_pdm_sdma_adapter.c:1078:22:SRTM_PdmSdmaAdapter_Resume	16	static
c:/Users/TChyn/Downloads/SDK_25_06_00_MIMX8ML8xxxKZ/components/srtm/services/srtm_pdm_sdma_adapter.c:432:13:SRTM_PdmSdmaAdapter_RxTransferProc	16	static
c:/Users/TChyn/Downloads/SDK_25_06_00_MIMX8ML8xxxKZ/components/srtm/services/srtm_pdm_sdma_adapter.c:1392:13:SRTM_PdmSdmaAdapter_ExtPeriodCopyAndNotifyProc	104	static
c:/Users/TChyn/Downloads/SDK_25_06_00_MIMX8ML8xxxKZ/components/srtm/services/srtm_pdm_sdma_adapter.c:1266:13:SRTM_PdmSdmaAdapter_ResumeHostProc	4	static
c:/Users/TChyn/Downloads/SDK_25_06_00_MIMX8ML8xxxKZ/components/srtm/services/srtm_pdm_sdma_adapter.c:835:22:SRTM_PdmSdmaAdapter_End.isra	16	static
c:/Users/TChyn/Downloads/SDK_25_06_00_MIMX8ML8xxxKZ/components/srtm/services/srtm_pdm_sdma_adapter.c:874:22:SRTM_PdmSdmaAdapter_Stop	0	static
c:/Users/TChyn/Downloads/SDK_25_06_00_MIMX8ML8xxxKZ/components/srtm/services/srtm_pdm_sdma_adapter.c:881:22:SRTM_PdmSdmaAdapter_Close	8	static
c:/Users/TChyn/Downloads/SDK_25_06_00_MIMX8ML8xxxKZ/components/srtm/services/srtm_pdm_sdma_adapter.c:1045:22:SRTM_PdmSdmaAdapter_Suspend	8	static
c:/Users/TChyn/Downloads/SDK_25_06_00_MIMX8ML8xxxKZ/components/srtm/services/srtm_pdm_sdma_adapter.c:141:6:SRTM_PdmSdmaAdapter_GetAudioServiceState	0	static
c:/Users/TChyn/Downloads/SDK_25_06_00_MIMX8ML8xxxKZ/components/srtm/services/srtm_pdm_sdma_adapter.c:1132:6:SRTM_PdmSdmaAdapter_SetRxLocalBuf	0	static
c:/Users/TChyn/Downloads/SDK_25_06_00_MIMX8ML8xxxKZ/components/srtm/services/srtm_pdm_sdma_adapter.c:1195:20:SRTM_PdmSdmaAdapter_Create	24	static
c:/Users/TChyn/Downloads/SDK_25_06_00_MIMX8ML8xxxKZ/components/srtm/services/srtm_pdm_sdma_adapter.c:1235:6:SRTM_PdmSdmaAdapter_Destroy	8	static
c:/Users/TChyn/Downloads/SDK_25_06_00_MIMX8ML8xxxKZ/components/srtm/services/srtm_pdm_sdma_adapter.c:1252:6:SRTM_PdmSdmaAdapter_SetDataHandlerOnHostSuspend	0	static
c:/Users/TChyn/Downloads/SDK_25_06_00_MIMX8ML8xxxKZ/components/srtm/services/srtm_pdm_sdma_adapter.c:1306:6:SRTM_PdmSdmaAdapter_SetRxExtBuf	0	static
c:/Users/TChyn/Downloads/SDK_25_06_00_MIMX8ML8xxxKZ/components/srtm/services/srtm_pdm_sdma_adapter.c:1449:6:SRTM_PdmSdmaAdapter_ResumeHost	8	static
c:/Users/TChyn/Downloads/SDK_25_06_00_MIMX8ML8xxxKZ/components/srtm/services/srtm_pdm_sdma_adapter.c:1465:26:SRTM_PdmSdmaAdapter_GetDataFormat	0	static
