c:/Users/TChyn/Downloads/SDK_25_06_00_MIMX8ML8xxxKZ/components/srtm/services/srtm_sai_sdma_adapter.c:168:13:SRTM_SaiSdmaAdapter_RecycleTxMessage	0	static
c:/Users/TChyn/Downloads/SDK_25_06_00_MIMX8ML8xxxKZ/components/srtm/services/srtm_sai_sdma_adapter.c:517:13:SRTM_SaiSdmaAdapter_AddNewPeriods	8	static
c:/Users/TChyn/Downloads/SDK_25_06_00_MIMX8ML8xxxKZ/components/srtm/services/srtm_sai_sdma_adapter.c:1536:22:SRTM_SaiSdmaAdapter_GetBufOffset	0	static
c:/Users/TChyn/Downloads/SDK_25_06_00_MIMX8ML8xxxKZ/components/srtm/services/srtm_sai_sdma_adapter.c:350:13:SRTM_SaiSdmaAdapter_DmaTransfer	40	static
c:/Users/TChyn/Downloads/SDK_25_06_00_MIMX8ML8xxxKZ/components/srtm/services/srtm_sai_sdma_adapter.c:538:13:SRTM_SaiSdmaAdapter_Transfer	8	static
c:/Users/TChyn/Downloads/SDK_25_06_00_MIMX8ML8xxxKZ/components/srtm/services/srtm_sai_sdma_adapter.c:1555:22:SRTM_SaiSdmaAdapter_PeriodReady	16	static
c:/Users/TChyn/Downloads/SDK_25_06_00_MIMX8ML8xxxKZ/components/srtm/services/srtm_sai_sdma_adapter.c:1394:22:SRTM_SaiSdmaAdapter_SetBuf	16	static
c:/Users/TChyn/Downloads/SDK_25_06_00_MIMX8ML8xxxKZ/components/srtm/services/srtm_sai_sdma_adapter.c:961:22:SRTM_SaiSdmaAdapter_Open	8	static
c:/Users/TChyn/Downloads/SDK_25_06_00_MIMX8ML8xxxKZ/components/srtm/services/srtm_sai_sdma_adapter.c:996:22:SRTM_SaiSdmaAdapter_Start	32	static
c:/Users/TChyn/Downloads/SDK_25_06_00_MIMX8ML8xxxKZ/components/srtm/services/srtm_sai_sdma_adapter.c:1486:22:SRTM_SaiSdmaAdapter_Resume	8	static
c:/Users/TChyn/Downloads/SDK_25_06_00_MIMX8ML8xxxKZ/components/srtm/services/srtm_sai_sdma_adapter.c:579:13:SRTM_SaiSdmaAdapter_TxTransferProc	0	static
c:/Users/TChyn/Downloads/SDK_25_06_00_MIMX8ML8xxxKZ/components/srtm/services/srtm_sai_sdma_adapter.c:1311:22:SRTM_SaiSdmaAdapter_Restart	8	static
c:/Users/TChyn/Downloads/SDK_25_06_00_MIMX8ML8xxxKZ/components/srtm/services/srtm_sai_sdma_adapter.c:625:13:SRTM_SaiSdmaTxCallback	16	static
c:/Users/TChyn/Downloads/SDK_25_06_00_MIMX8ML8xxxKZ/components/srtm/services/srtm_sai_sdma_adapter.c:1285:22:SRTM_SaiSdmaAdapter_Pause	8	static
c:/Users/TChyn/Downloads/SDK_25_06_00_MIMX8ML8xxxKZ/components/srtm/services/srtm_sai_sdma_adapter.c:1146:22:SRTM_SaiSdmaAdapter_End.isra	16	static
c:/Users/TChyn/Downloads/SDK_25_06_00_MIMX8ML8xxxKZ/components/srtm/services/srtm_sai_sdma_adapter.c:1252:22:SRTM_SaiSdmaAdapter_Stop	0	static
c:/Users/TChyn/Downloads/SDK_25_06_00_MIMX8ML8xxxKZ/components/srtm/services/srtm_sai_sdma_adapter.c:1257:22:SRTM_SaiSdmaAdapter_Close	8	static
c:/Users/TChyn/Downloads/SDK_25_06_00_MIMX8ML8xxxKZ/components/srtm/services/srtm_sai_sdma_adapter.c:1437:22:SRTM_SaiSdmaAdapter_Suspend	8	static
c:/Users/TChyn/Downloads/SDK_25_06_00_MIMX8ML8xxxKZ/components/srtm/services/srtm_sai_sdma_adapter.c:1337:22:SRTM_SaiSdmaAdapter_SetParam	32	static
c:/Users/TChyn/Downloads/SDK_25_06_00_MIMX8ML8xxxKZ/components/srtm/services/srtm_sai_sdma_adapter.c:141:6:SRTM_SaiSdmaAdapter_GetAudioServiceState	0	static
c:/Users/TChyn/Downloads/SDK_25_06_00_MIMX8ML8xxxKZ/components/srtm/services/srtm_sai_sdma_adapter.c:1594:20:SRTM_SaiSdmaAdapter_Create	24	static
c:/Users/TChyn/Downloads/SDK_25_06_00_MIMX8ML8xxxKZ/components/srtm/services/srtm_sai_sdma_adapter.c:1645:6:SRTM_SaiSdmaAdapter_Destroy	8	static
