c:/Users/TChyn/Downloads/SDK_25_06_00_EVK-MIMX8MP/CMSIS/Core/Include/core_cm7.h:2013:22:__NVIC_EnableIRQ	16	static
c:/Users/TChyn/Downloads/SDK_25_06_00_EVK-MIMX8MP/devices/MIMX8ML8/drivers/fsl_common_arm.h:672:24:EnableIRQ	24	static
c:/Users/TChyn/Downloads/SDK_25_06_00_EVK-MIMX8MP/devices/MIMX8ML8/drivers/fsl_ecspi.h:355:24:ECSPI_GetStatusFlags	16	static
c:/Users/TChyn/Downloads/SDK_25_06_00_EVK-MIMX8MP/devices/MIMX8ML8/drivers/fsl_ecspi.h:366:20:ECSPI_ClearStatusFlags	16	static
c:/Users/TChyn/Downloads/SDK_25_06_00_EVK-MIMX8MP/devices/MIMX8ML8/drivers/fsl_ecspi.h:392:20:ECSPI_EnableInterrupts	16	static
c:/Users/TChyn/Downloads/SDK_25_06_00_EVK-MIMX8MP/devices/MIMX8ML8/drivers/fsl_ecspi.h:412:20:ECSPI_DisableInterrupts	16	static
c:/Users/TChyn/Downloads/SDK_25_06_00_EVK-MIMX8MP/devices/MIMX8ML8/drivers/fsl_ecspi.h:428:20:ECSPI_SoftwareReset	16	static
c:/Users/TChyn/Downloads/SDK_25_06_00_EVK-MIMX8MP/devices/MIMX8ML8/drivers/fsl_ecspi.h:449:20:ECSPI_IsMaster	16	static
c:/Users/TChyn/Downloads/SDK_25_06_00_EVK-MIMX8MP/devices/MIMX8ML8/drivers/fsl_ecspi.h:496:23:ECSPI_GetTxFifoCount	16	static
c:/Users/TChyn/Downloads/SDK_25_06_00_EVK-MIMX8MP/devices/MIMX8ML8/drivers/fsl_ecspi.h:507:23:ECSPI_GetRxFifoCount	16	static
c:/Users/TChyn/Downloads/SDK_25_06_00_EVK-MIMX8MP/devices/MIMX8ML8/drivers/fsl_ecspi.h:524:20:ECSPI_SetChannelSelect	24	static
c:/Users/TChyn/Downloads/SDK_25_06_00_EVK-MIMX8MP/devices/MIMX8ML8/drivers/fsl_ecspi.h:573:20:ECSPI_WriteData	16	static
c:/Users/TChyn/Downloads/SDK_25_06_00_EVK-MIMX8MP/devices/MIMX8ML8/drivers/fsl_ecspi.h:584:24:ECSPI_ReadData	16	static
c:/Users/TChyn/Downloads/SDK_25_06_00_EVK-MIMX8MP/devices/MIMX8ML8/drivers/fsl_ecspi.h:719:20:ECSPI_SlaveTransferAbort	16	static
c:/Users/TChyn/Downloads/SDK_25_06_00_EVK-MIMX8MP/devices/MIMX8ML8/drivers/fsl_ecspi.c:121:10:ECSPI_GetInstance	24	static
c:/Users/TChyn/Downloads/SDK_25_06_00_EVK-MIMX8MP/devices/MIMX8ML8/drivers/fsl_ecspi.c:137:13:ECSPI_WriteNonBlocking	32	static
c:/Users/TChyn/Downloads/SDK_25_06_00_EVK-MIMX8MP/devices/MIMX8ML8/drivers/fsl_ecspi.c:154:13:ECSPI_ReadNonBlocking	32	static
c:/Users/TChyn/Downloads/SDK_25_06_00_EVK-MIMX8MP/devices/MIMX8ML8/drivers/fsl_ecspi.c:172:13:ECSPI_SendTransfer	24	static
c:/Users/TChyn/Downloads/SDK_25_06_00_EVK-MIMX8MP/devices/MIMX8ML8/drivers/fsl_ecspi.c:195:13:ECSPI_ReceiveTransfer	24	static
c:/Users/TChyn/Downloads/SDK_25_06_00_EVK-MIMX8MP/devices/MIMX8ML8/drivers/fsl_ecspi.c:211:13:ECSPI_GetDefaultChannelConfig	16	static
c:/Users/TChyn/Downloads/SDK_25_06_00_EVK-MIMX8MP/devices/MIMX8ML8/drivers/fsl_ecspi.c:239:6:ECSPI_MasterGetDefaultConfig	16	static
c:/Users/TChyn/Downloads/SDK_25_06_00_EVK-MIMX8MP/devices/MIMX8ML8/drivers/fsl_ecspi.c:277:6:ECSPI_MasterInit	24	static
c:/Users/TChyn/Downloads/SDK_25_06_00_EVK-MIMX8MP/devices/MIMX8ML8/drivers/fsl_ecspi.c:320:6:ECSPI_SlaveGetDefaultConfig	16	static
c:/Users/TChyn/Downloads/SDK_25_06_00_EVK-MIMX8MP/devices/MIMX8ML8/drivers/fsl_ecspi.c:354:6:ECSPI_SlaveInit	16	static
c:/Users/TChyn/Downloads/SDK_25_06_00_EVK-MIMX8MP/devices/MIMX8ML8/drivers/fsl_ecspi.c:382:6:ECSPI_Deinit	16	static
c:/Users/TChyn/Downloads/SDK_25_06_00_EVK-MIMX8MP/devices/MIMX8ML8/drivers/fsl_ecspi.c:400:6:ECSPI_SetBaudRate	40	static
c:/Users/TChyn/Downloads/SDK_25_06_00_EVK-MIMX8MP/devices/MIMX8ML8/drivers/fsl_ecspi.c:463:6:ECSPI_SetChannelConfig	24	static
c:/Users/TChyn/Downloads/SDK_25_06_00_EVK-MIMX8MP/devices/MIMX8ML8/drivers/fsl_ecspi.c:519:10:ECSPI_WriteBlocking	32	static
c:/Users/TChyn/Downloads/SDK_25_06_00_EVK-MIMX8MP/devices/MIMX8ML8/drivers/fsl_ecspi.c:559:17:ECSPI_ReadBlocking	40	static
c:/Users/TChyn/Downloads/SDK_25_06_00_EVK-MIMX8MP/devices/MIMX8ML8/drivers/fsl_ecspi.c:623:6:ECSPI_MasterTransferCreateHandle	32	static
c:/Users/TChyn/Downloads/SDK_25_06_00_EVK-MIMX8MP/devices/MIMX8ML8/drivers/fsl_ecspi.c:652:10:ECSPI_MasterTransferBlocking	32	static
c:/Users/TChyn/Downloads/SDK_25_06_00_EVK-MIMX8MP/devices/MIMX8ML8/drivers/fsl_ecspi.c:721:10:ECSPI_MasterTransferNonBlocking	24	static
c:/Users/TChyn/Downloads/SDK_25_06_00_EVK-MIMX8MP/devices/MIMX8ML8/drivers/fsl_ecspi.c:788:10:ECSPI_MasterTransferGetCount	32	static
c:/Users/TChyn/Downloads/SDK_25_06_00_EVK-MIMX8MP/devices/MIMX8ML8/drivers/fsl_ecspi.c:820:6:ECSPI_MasterTransferAbort	16	static
c:/Users/TChyn/Downloads/SDK_25_06_00_EVK-MIMX8MP/devices/MIMX8ML8/drivers/fsl_ecspi.c:848:6:ECSPI_MasterTransferHandleIRQ	24	static
c:/Users/TChyn/Downloads/SDK_25_06_00_EVK-MIMX8MP/devices/MIMX8ML8/drivers/fsl_ecspi.c:898:6:ECSPI_SlaveTransferCreateHandle	24	static
c:/Users/TChyn/Downloads/SDK_25_06_00_EVK-MIMX8MP/devices/MIMX8ML8/drivers/fsl_ecspi.c:917:6:ECSPI_SlaveTransferHandleIRQ	24	static
c:/Users/TChyn/Downloads/SDK_25_06_00_EVK-MIMX8MP/devices/MIMX8ML8/drivers/fsl_ecspi.c:955:13:ECSPI_CommonIRQHandler	16	static
c:/Users/TChyn/Downloads/SDK_25_06_00_EVK-MIMX8MP/devices/MIMX8ML8/drivers/fsl_ecspi.c:970:6:ECSPI1_DriverIRQHandler	8	static
c:/Users/TChyn/Downloads/SDK_25_06_00_EVK-MIMX8MP/devices/MIMX8ML8/drivers/fsl_ecspi.c:979:6:ECSPI2_DriverIRQHandler	8	static
c:/Users/TChyn/Downloads/SDK_25_06_00_EVK-MIMX8MP/devices/MIMX8ML8/drivers/fsl_ecspi.c:988:6:ECSPI3_DriverIRQHandler	8	static
