Archive member included to satisfy reference by file (symbol)

C:/NXP/MCUXpressoIDE_24.12.148/ide/tools/bin/../lib/gcc/arm-none-eabi/13.2.1/thumb/v7e-m+dp/hard\libgcc.a(_arm_addsubdf3.o)
                              CMakeFiles/ii2c_polling_b2b_transfer_master_cm7.elf.dir/29413a3aabdc15e8e6459658cc6f4d54/devices/MIMX8ML8/utilities/debug_console_lite/fsl_debug_console.c.obj (__aeabi_l2d)
C:/NXP/MCUXpressoIDE_24.12.148/ide/tools/bin/../lib/gcc/arm-none-eabi/13.2.1/thumb/v7e-m+dp/hard\libgcc.a(_aeabi_uldivmod.o)
                              CMakeFiles/ii2c_polling_b2b_transfer_master_cm7.elf.dir/c_/Users/TChyn/Downloads/SDK_25_06_00_EVK-MIMX8MP/devices/MIMX8ML8/system_MIMX8ML8_cm7.c.obj (__aeabi_uldivmod)
C:/NXP/MCUXpressoIDE_24.12.148/ide/tools/bin/../lib/gcc/arm-none-eabi/13.2.1/thumb/v7e-m+dp/hard\libgcc.a(_fixdfdi.o)
                              CMakeFiles/ii2c_polling_b2b_transfer_master_cm7.elf.dir/29413a3aabdc15e8e6459658cc6f4d54/devices/MIMX8ML8/utilities/debug_console_lite/fsl_debug_console.c.obj (__aeabi_d2lz)
C:/NXP/MCUXpressoIDE_24.12.148/ide/tools/bin/../lib/gcc/arm-none-eabi/13.2.1/thumb/v7e-m+dp/hard\libgcc.a(_fixunsdfdi.o)
                              C:/NXP/MCUXpressoIDE_24.12.148/ide/tools/bin/../lib/gcc/arm-none-eabi/13.2.1/thumb/v7e-m+dp/hard\libgcc.a(_fixdfdi.o) (__aeabi_d2ulz)
C:/NXP/MCUXpressoIDE_24.12.148/ide/tools/bin/../lib/gcc/arm-none-eabi/13.2.1/thumb/v7e-m+dp/hard\libgcc.a(_udivmoddi4.o)
                              C:/NXP/MCUXpressoIDE_24.12.148/ide/tools/bin/../lib/gcc/arm-none-eabi/13.2.1/thumb/v7e-m+dp/hard\libgcc.a(_aeabi_uldivmod.o) (__udivmoddi4)
C:/NXP/MCUXpressoIDE_24.12.148/ide/tools/bin/../lib/gcc/arm-none-eabi/13.2.1/thumb/v7e-m+dp/hard\libgcc.a(_dvmd_tls.o)
                              C:/NXP/MCUXpressoIDE_24.12.148/ide/tools/bin/../lib/gcc/arm-none-eabi/13.2.1/thumb/v7e-m+dp/hard\libgcc.a(_aeabi_uldivmod.o) (__aeabi_ldiv0)
C:/NXP/MCUXpressoIDE_24.12.148/ide/tools/bin/../lib/gcc/arm-none-eabi/13.2.1/thumb/v7e-m+dp/hard\libc_nano.a(libc_a-exit.o)
                              C:/NXP/MCUXpressoIDE_24.12.148/ide/tools/bin/../lib/gcc/arm-none-eabi/13.2.1/thumb/v7e-m+dp/hard/crt0.o (exit)
C:/NXP/MCUXpressoIDE_24.12.148/ide/tools/bin/../lib/gcc/arm-none-eabi/13.2.1/thumb/v7e-m+dp/hard\libc_nano.a(libc_a-malloc.o)
                              CMakeFiles/ii2c_polling_b2b_transfer_master_cm7.elf.dir/c_/Users/TChyn/Downloads/SDK_25_06_00_EVK-MIMX8MP/devices/MIMX8ML8/drivers/fsl_common.c.obj (malloc)
C:/NXP/MCUXpressoIDE_24.12.148/ide/tools/bin/../lib/gcc/arm-none-eabi/13.2.1/thumb/v7e-m+dp/hard\libc_nano.a(libc_a-mallocr.o)
                              C:/NXP/MCUXpressoIDE_24.12.148/ide/tools/bin/../lib/gcc/arm-none-eabi/13.2.1/thumb/v7e-m+dp/hard\libc_nano.a(libc_a-malloc.o) (_malloc_r)
C:/NXP/MCUXpressoIDE_24.12.148/ide/tools/bin/../lib/gcc/arm-none-eabi/13.2.1/thumb/v7e-m+dp/hard\libc_nano.a(libc_a-mlock.o)
                              C:/NXP/MCUXpressoIDE_24.12.148/ide/tools/bin/../lib/gcc/arm-none-eabi/13.2.1/thumb/v7e-m+dp/hard\libc_nano.a(libc_a-mallocr.o) (__malloc_lock)
C:/NXP/MCUXpressoIDE_24.12.148/ide/tools/bin/../lib/gcc/arm-none-eabi/13.2.1/thumb/v7e-m+dp/hard\libc_nano.a(libc_a-strtoul.o)
                              CMakeFiles/ii2c_polling_b2b_transfer_master_cm7.elf.dir/c_/Users/TChyn/Downloads/SDK_25_06_00_EVK-MIMX8MP/devices/MIMX8ML8/utilities/str/fsl_str.c.obj (strtoul)
C:/NXP/MCUXpressoIDE_24.12.148/ide/tools/bin/../lib/gcc/arm-none-eabi/13.2.1/thumb/v7e-m+dp/hard\libc_nano.a(libc_a-ctype_.o)
                              C:/NXP/MCUXpressoIDE_24.12.148/ide/tools/bin/../lib/gcc/arm-none-eabi/13.2.1/thumb/v7e-m+dp/hard\libc_nano.a(libc_a-strtoul.o) (_ctype_)
C:/NXP/MCUXpressoIDE_24.12.148/ide/tools/bin/../lib/gcc/arm-none-eabi/13.2.1/thumb/v7e-m+dp/hard\libc_nano.a(libc_a-findfp.o)
                              C:/NXP/MCUXpressoIDE_24.12.148/ide/tools/bin/../lib/gcc/arm-none-eabi/13.2.1/thumb/v7e-m+dp/hard\libc_nano.a(libc_a-exit.o) (__stdio_exit_handler)
C:/NXP/MCUXpressoIDE_24.12.148/ide/tools/bin/../lib/gcc/arm-none-eabi/13.2.1/thumb/v7e-m+dp/hard\libc_nano.a(libc_a-fwalk.o)
                              C:/NXP/MCUXpressoIDE_24.12.148/ide/tools/bin/../lib/gcc/arm-none-eabi/13.2.1/thumb/v7e-m+dp/hard\libc_nano.a(libc_a-findfp.o) (_fwalk_sglue)
C:/NXP/MCUXpressoIDE_24.12.148/ide/tools/bin/../lib/gcc/arm-none-eabi/13.2.1/thumb/v7e-m+dp/hard\libc_nano.a(libc_a-stdio.o)
                              C:/NXP/MCUXpressoIDE_24.12.148/ide/tools/bin/../lib/gcc/arm-none-eabi/13.2.1/thumb/v7e-m+dp/hard\libc_nano.a(libc_a-findfp.o) (__sread)
C:/NXP/MCUXpressoIDE_24.12.148/ide/tools/bin/../lib/gcc/arm-none-eabi/13.2.1/thumb/v7e-m+dp/hard\libc_nano.a(libc_a-memset.o)
                              C:/NXP/MCUXpressoIDE_24.12.148/ide/tools/bin/../lib/gcc/arm-none-eabi/13.2.1/thumb/v7e-m+dp/hard/crt0.o (memset)
C:/NXP/MCUXpressoIDE_24.12.148/ide/tools/bin/../lib/gcc/arm-none-eabi/13.2.1/thumb/v7e-m+dp/hard\libc_nano.a(libc_a-closer.o)
[...]
Memory Configuration

Name             Origin             Length             Attributes
m_interrupts     0x00000000         0x00000400         xr
m_text           0x00000400         0x0001fc00         xr
m_data           0x20000000         0x00020000         rw
m_data2          0x80000000         0x01000000         rw
*default*        0x00000000         0xffffffff

Linker script and memory map

LOAD C:/NXP/MCUXpressoIDE_24.12.148/ide/tools/bin/../lib/gcc/arm-none-eabi/13.2.1/thumb/v7e-m+dp/hard/crti.o
LOAD C:/NXP/MCUXpressoIDE_24.12.148/ide/tools/bin/../lib/gcc/arm-none-eabi/13.2.1/thumb/v7e-m+dp/hard/crtbegin.o
LOAD C:/NXP/MCUXpressoIDE_24.12.148/ide/tools/bin/../lib/gcc/arm-none-eabi/13.2.1/thumb/v7e-m+dp/hard/crt0.o
LOAD CMakeFiles/ii2c_polling_b2b_transfer_master_cm7.elf.dir/C_/Users/TChyn/Desktop/Chyn/firmware-and-dts/M7/i2c_for_mpu_and_adxl/i2c_polling_b2b_transfer_master.c.obj
LOAD CMakeFiles/ii2c_polling_b2b_transfer_master_cm7.elf.dir/C_/Users/TChyn/Desktop/Chyn/firmware-and-dts/M7/i2c_for_mpu_and_adxl/empty_rsc_table.c.obj
LOAD CMakeFiles/ii2c_polling_b2b_transfer_master_cm7.elf.dir/C_/Users/TChyn/Desktop/Chyn/firmware-and-dts/M7/i2c_for_mpu_and_adxl/board.c.obj
LOAD CMakeFiles/ii2c_polling_b2b_transfer_master_cm7.elf.dir/C_/Users/TChyn/Desktop/Chyn/firmware-and-dts/M7/i2c_for_mpu_and_adxl/clock_config.c.obj
LOAD CMakeFiles/ii2c_polling_b2b_transfer_master_cm7.elf.dir/C_/Users/TChyn/Desktop/Chyn/firmware-and-dts/M7/i2c_for_mpu_and_adxl/pin_mux.c.obj
LOAD CMakeFiles/ii2c_polling_b2b_transfer_master_cm7.elf.dir/C_/Users/TChyn/Desktop/Chyn/firmware-and-dts/M7/i2c_for_mpu_and_adxl/hardware_init.c.obj
LOAD CMakeFiles/ii2c_polling_b2b_transfer_master_cm7.elf.dir/c_/Users/TChyn/Downloads/SDK_25_06_00_EVK-MIMX8MP/components/uart/fsl_adapter_iuart.c.obj
LOAD CMakeFiles/ii2c_polling_b2b_transfer_master_cm7.elf.dir/c_/Users/TChyn/Downloads/SDK_25_06_00_EVK-MIMX8MP/devices/MIMX8ML8/gcc/startup_MIMX8ML8_cm7.S.obj
LOAD CMakeFiles/ii2c_polling_b2b_transfer_master_cm7.elf.dir/c_/Users/TChyn/Downloads/SDK_25_06_00_EVK-MIMX8MP/devices/MIMX8ML8/system_MIMX8ML8_cm7.c.obj
LOAD CMakeFiles/ii2c_polling_b2b_transfer_master_cm7.elf.dir/c_/Users/TChyn/Downloads/SDK_25_06_00_EVK-MIMX8MP/devices/MIMX8ML8/drivers/fsl_audiomix.c.obj
LOAD CMakeFiles/ii2c_polling_b2b_transfer_master_cm7.elf.dir/c_/Users/TChyn/Downloads/SDK_25_06_00_EVK-MIMX8MP/devices/MIMX8ML8/drivers/fsl_clock.c.obj
LOAD CMakeFiles/ii2c_polling_b2b_transfer_master_cm7.elf.dir/c_/Users/TChyn/Downloads/SDK_25_06_00_EVK-MIMX8MP/devices/MIMX8ML8/drivers/fsl_common.c.obj
LOAD CMakeFiles/ii2c_polling_b2b_transfer_master_cm7.elf.dir/c_/Users/TChyn/Downloads/SDK_25_06_00_EVK-MIMX8MP/devices/MIMX8ML8/drivers/fsl_common_arm.c.obj
LOAD CMakeFiles/ii2c_polling_b2b_transfer_master_cm7.elf.dir/c_/Users/TChyn/Downloads/SDK_25_06_00_EVK-MIMX8MP/devices/MIMX8ML8/drivers/fsl_gpio.c.obj
LOAD CMakeFiles/ii2c_polling_b2b_transfer_master_cm7.elf.dir/c_/Users/TChyn/Downloads/SDK_25_06_00_EVK-MIMX8MP/devices/MIMX8ML8/drivers/fsl_i2c.c.obj
LOAD CMakeFiles/ii2c_polling_b2b_transfer_master_cm7.elf.dir/c_/Users/TChyn/Downloads/SDK_25_06_00_EVK-MIMX8MP/devices/MIMX8ML8/drivers/fsl_uart.c.obj
LOAD CMakeFiles/ii2c_polling_b2b_transfer_master_cm7.elf.dir/c_/Users/TChyn/Downloads/SDK_25_06_00_EVK-MIMX8MP/devices/MIMX8ML8/drivers/fsl_rdc.c.obj
LOAD CMakeFiles/ii2c_polling_b2b_transfer_master_cm7.elf.dir/c_/Users/TChyn/Downloads/SDK_25_06_00_EVK-MIMX8MP/devices/MIMX8ML8/utilities/fsl_syscall_stub.c.obj
LOAD CMakeFiles/ii2c_polling_b2b_transfer_master_cm7.elf.dir/c_/Users/TChyn/Downloads/SDK_25_06_00_EVK-MIMX8MP/devices/MIMX8ML8/utilities/fsl_sbrk.c.obj
LOAD CMakeFiles/ii2c_polling_b2b_transfer_master_cm7.elf.dir/c_/Users/TChyn/Downloads/SDK_25_06_00_EVK-MIMX8MP/devices/MIMX8ML8/utilities/fsl_memcpy.S.obj
LOAD CMakeFiles/ii2c_polling_b2b_transfer_master_cm7.elf.dir/29413a3aabdc15e8e6459658cc6f4d54/devices/MIMX8ML8/utilities/debug_console_lite/fsl_assert.c.obj
LOAD CMakeFiles/ii2c_polling_b2b_transfer_master_cm7.elf.dir/29413a3aabdc15e8e6459658cc6f4d54/devices/MIMX8ML8/utilities/debug_console_lite/fsl_debug_console.c.obj
LOAD CMakeFiles/ii2c_polling_b2b_transfer_master_cm7.elf.dir/c_/Users/TChyn/Downloads/SDK_25_06_00_EVK-MIMX8MP/devices/MIMX8ML8/utilities/str/fsl_str.c.obj
START GROUP
LOAD C:/NXP/MCUXpressoIDE_24.12.148/ide/tools/bin/../lib/gcc/arm-none-eabi/13.2.1/thumb/v7e-m+dp/hard\libgcc.a
LOAD C:/NXP/MCUXpressoIDE_24.12.148/ide/tools/bin/../lib/gcc/arm-none-eabi/13.2.1/thumb/v7e-m+dp/hard\libc_nano.a
LOAD C:/NXP/MCUXpressoIDE_24.12.148/ide/tools/bin/../lib/gcc/arm-none-eabi/13.2.1/thumb/v7e-m+dp/hard\libm.a
LOAD C:/NXP/MCUXpressoIDE_24.12.148/ide/tools/bin/../lib/gcc/arm-none-eabi/13.2.1/../../../../arm-none-eabi/lib/thumb/v7e-m+dp/hard\libcr_newlib_nohost.a
END GROUP
START GROUP
LOAD C:/NXP/MCUXpressoIDE_24.12.148/ide/tools/bin/../lib/gcc/arm-none-eabi/13.2.1/thumb/v7e-m+dp/hard\libgcc.a
LOAD C:/NXP/MCUXpressoIDE_24.12.148/ide/tools/bin/../lib/gcc/arm-none-eabi/13.2.1/thumb/v7e-m+dp/hard\libg_nano.a
LOAD C:/NXP/MCUXpressoIDE_24.12.148/ide/tools/bin/../lib/gcc/arm-none-eabi/13.2.1/thumb/v7e-m+dp/hard\libc_nano.a
END GROUP
START GROUP
LOAD C:/NXP/MCUXpressoIDE_24.12.148/ide/tools/bin/../lib/gcc/arm-none-eabi/13.2.1/thumb/v7e-m+dp/hard\libgcc.a
LOAD C:/NXP/MCUXpressoIDE_24.12.148/ide/tools/bin/../lib/gcc/arm-none-eabi/13.2.1/thumb/v7e-m+dp/hard\libc_nano.a
LOAD C:/NXP/MCUXpressoIDE_24.12.148/ide/tools/bin/../lib/gcc/arm-none-eabi/13.2.1/thumb/v7e-m+dp/hard\libnosys.a
END GROUP
START GROUP
LOAD C:/NXP/MCUXpressoIDE_24.12.148/ide/tools/bin/../lib/gcc/arm-none-eabi/13.2.1/thumb/v7e-m+dp/hard\libgcc.a
LOAD C:/NXP/MCUXpressoIDE_24.12.148/ide/tools/bin/../lib/gcc/arm-none-eabi/13.2.1/thumb/v7e-m+dp/hard\libc_nano.a
LOAD C:/NXP/MCUXpressoIDE_24.12.148/ide/tools/bin/../lib/gcc/arm-none-eabi/13.2.1/thumb/v7e-m+dp/hard\libnosys.a
END GROUP
LOAD C:/NXP/MCUXpressoIDE_24.12.148/ide/tools/bin/../lib/gcc/arm-none-eabi/13.2.1/thumb/v7e-m+dp/hard/crtend.o
LOAD C:/NXP/MCUXpressoIDE_24.12.148/ide/tools/bin/../lib/gcc/arm-none-eabi/13.2.1/thumb/v7e-m+dp/hard/crtn.o
                0x00000400                        HEAP_SIZE = DEFINED (__heap_size__)?__heap_size__:0x400
                0x00000400                        STACK_SIZE = DEFINED (__stack_size__)?__stack_size__:0x400

.interrupts     0x00000000      0x2a8
                0x00000000                        __VECTOR_TABLE = .
                0x00000000                        __Vectors = .
                0x00000000                        . = ALIGN (0x4)
 *(.isr_vector)
 .isr_vector    0x00000000      0x2a8 CMakeFiles/ii2c_polling_b2b_transfer_master_cm7.elf.dir/c_/Users/TChyn/Downloads/SDK_25_06_00_EVK-MIMX8MP/devices/MIMX8ML8/gcc/startup_MIMX8ML8_cm7.S.obj
                0x00000000                __isr_vector
                0x000002a8                        . = ALIGN (0x4)

.resource_table
                0x00000400       0x10
                0x00000400                        . = ALIGN (0x8)
 *(.resource_table)
 .resource_table
                0x00000400       0x10 CMakeFiles/ii2c_polling_b2b_transfer_master_cm7.elf.dir/C_/Users/TChyn/Desktop/Chyn/firmware-and-dts/M7/i2c_for_mpu_and_adxl/empty_rsc_table.c.obj
                0x00000400                resource_table
                0x00000410                        . = ALIGN (0x8)

.text           0x00000410     0x7858
                0x00000410                        . = ALIGN (0x4)
 *(.text)
 .text          0x00000410       0x7c C:/NXP/MCUXpressoIDE_24.12.148/ide/tools/bin/../lib/gcc/arm-none-eabi/13.2.1/thumb/v7e-m+dp/hard/crt0.o
                0x00000410                _stack_init
                0x00000418                _start
                0x00000418                _mainCRTStartup
 .text          0x0000048c      0x588 CMakeFiles/ii2c_polling_b2b_transfer_master_cm7.elf.dir/c_/Users/TChyn/Downloads/SDK_25_06_00_EVK-MIMX8MP/devices/MIMX8ML8/gcc/startup_MIMX8ML8_cm7.S.obj
                0x0000048c                Reset_Handler
                0x00000518                PWM2_DriverIRQHandler
                0x00000518                SRC_Combined_DriverIRQHandler
                0x00000518                ISI_CH1_DriverIRQHandler
                0x00000518                CAAM_ERROR_DriverIRQHandler
                0x00000518                GPIO1_INT1_DriverIRQHandler
                0x00000518                DebugMon_Handler
                0x00000518                EDMA1_0_15_DriverIRQHandler
                0x00000518                CPU_Error_AXI_DriverIRQHandler
                0x00000518                GPIO1_INT6_DriverIRQHandler
                0x00000518                BCH_DriverIRQHandler
                0x00000518                AUDIO_XCVR0_DriverIRQHandler
                0x00000518                VPU_G1_DriverIRQHandler
                0x00000518                PWM3_DriverIRQHandler
                0x00000518                MU2_AUDIO_DriverIRQHandler
                0x00000518                MU1_M7_DriverIRQHandler
                0x00000518                SNVS_Consolidated_DriverIRQHandler
                0x00000518                PDM_HWVAD_EVENT_DriverIRQHandler
                0x00000518                MIPI_CSI1_DriverIRQHandler
                0x00000518                CPU_CTI_Trigger_DriverIRQHandler
                0x00000518                ENET1_MAC0_Rx_Tx_Done2_DriverIRQHandler
                0x00000518                CCM_IRQ1_DriverIRQHandler
                0x00000518                PCIE_CTRL1_DriverIRQHandler
                0x00000518                PDM_HWVAD_ERROR_DriverIRQHandler
                0x00000518                GPU3D_DriverIRQHandler
                0x00000518                ENET1_1588_Timer_DriverIRQHandler
                0x00000518                BusFault_Handler
                0x00000518                CAN_FD2_ERROR_DriverIRQHandler
                0x00000518                MECC_ERR_DriverIRQHandler
                0x00000518                PWM4_DriverIRQHandler
                0x00000518                ASRC_DriverIRQHandler
                0x00000518                PCIE_CTRL1_ERR_DriverIRQHandler
                0x00000518                GPIO5_Combined_16_31_DriverIRQHandler
                0x00000518                ISP1_DriverIRQHandler
                0x00000518                GPIO4_Combined_16_31_DriverIRQHandler
                0x00000518                LCDIF1_DriverIRQHandler
                0x00000518                GPIO4_Combined_0_15_DriverIRQHandler
                0x00000518                USB2_DriverIRQHandler
                0x00000518                MECC_S_ERR_DriverIRQHandler
                0x00000518                RDC_DriverIRQHandler
                0x00000518                GPIO3_Combined_0_15_DriverIRQHandler
                0x00000518                USB2_WAKEUP_DriverIRQHandler
                0x00000518                ANAMIX_DriverIRQHandler
                0x00000518                WDOG2_DriverIRQHandler
                0x00000518                DDR_ERR_DriverIRQHandler
                0x00000518                LCDIF2_DriverIRQHandler
                0x00000518                I2S2_DriverIRQHandler
                0x00000518                PCIE_CTRL1_0_DriverIRQHandler
                0x00000518                CCM_IRQ2_DriverIRQHandler
                0x00000518                CAN_FD2_DriverIRQHandler
                0x00000518                GPT3_DriverIRQHandler
                0x00000518                HS_CP0_DriverIRQHandler
                0x00000518                GPIO2_Combined_0_15_DriverIRQHandler
                0x00000518                GPMI_DriverIRQHandler
                0x00000518                GPC_DriverIRQHandler
                0x00000518                ENET1_MAC0_Rx_Tx_Done1_DriverIRQHandler
                0x00000518                APBHDMA_DriverIRQHandler
                0x00000518                PCIE_CTRL1_1_DriverIRQHandler
                0x00000518                MECC_S_DriverIRQHandler
                0x00000518                MECC_DriverIRQHandler
                0x00000518                GPIO1_INT3_DriverIRQHandler
                0x00000518                ISP2_DriverIRQHandler
                0x00000518                ENET1_DriverIRQHandler
                0x00000518                MU3_AUDIO_DriverIRQHandler
                0x00000518                ISI_DriverIRQHandler
                0x00000518                ENET_QOS_DriverIRQHandler
                0x00000518                Reserved16_DriverIRQHandler
                0x00000518                DAP_DriverIRQHandler
                0x00000518                ENET_QOS_PMT_DriverIRQHandler
                0x00000518                ECSPI1_DriverIRQHandler
                0x00000518                MIPI_CSI2_DriverIRQHandler
                0x00000518                GPIO2_Combined_16_31_DriverIRQHandler
                0x00000518                PERFMON1_DriverIRQHandler
                0x00000518                UsageFault_Handler
                0x00000518                CM7_CTI_DriverIRQHandler
                0x00000518                SCTR_IRQ0_DriverIRQHandler
                0x00000518                SDMA3_DriverIRQHandler
                0x00000518                AUDIO_XCVR_DriverIRQHandler
                0x00000518                CAAM_IRQ0_DriverIRQHandler
                0x00000518                DDR_PerformanceMonitor_DriverIRQHandler
                0x00000518                DefaultISR
                0x00000518                CPU_PerformanceUnit_DriverIRQHandler
                0x00000518                MU2_A53_DriverIRQHandler
                0x00000518                CAN_FD1_DriverIRQHandler
                0x00000518                CPU_Error_L2RAM_DriverIRQHandler
                0x00000518                I2S3_DriverIRQHandler
                0x00000518                SDMA2_DriverIRQHandler
                0x00000518                SRC_DriverIRQHandler
                0x00000518                GPT4_DriverIRQHandler
                0x00000518                GPIO1_INT4_DriverIRQHandler
                0x00000518                PCIE_CTRL1_3_DriverIRQHandler
                0x00000518                MU3_M7_DriverIRQHandler
                0x00000518                HS_CP1_DriverIRQHandler
                0x00000518                PWM1_DriverIRQHandler
                0x00000518                AUDIO_XCVR1_DriverIRQHandler
                0x00000518                USDHC1_DriverIRQHandler
                0x00000518                GPIO3_Combined_16_31_DriverIRQHandler
                0x00000518                USB1_DriverIRQHandler
                0x00000518                PDM_EVENT_DriverIRQHandler
                0x00000518                USB1_WAKEUP_DriverIRQHandler
                0x00000518                MemManage_Handler
                0x00000518                WDOG3_DriverIRQHandler
                0x00000518                USDHC2_DriverIRQHandler
                0x00000518                GPIO1_Combined_0_15_DriverIRQHandler
                0x00000518                DEWARP_DriverIRQHandler
                0x00000518                ECSPI3_DriverIRQHandler
                0x00000518                FlexSPI_DriverIRQHandler
                0x00000518                HDMI_TX_DriverIRQHandler
                0x00000518                WDOG1_DriverIRQHandler
                0x00000518                SDMA1_DriverIRQHandler
                0x00000518                QOS_DriverIRQHandler
                0x00000518                GPIO1_INT5_DriverIRQHandler
                0x00000518                USDHC3_DriverIRQHandler
                0x00000518                ECSPI2_DriverIRQHandler
                0x00000518                CSU_DriverIRQHandler
                0x00000518                SNVS_DriverIRQHandler
                0x00000518                CAAM_IRQ2_DriverIRQHandler
                0x00000518                GPT1_DriverIRQHandler
                0x00000518                VPU_G2_DriverIRQHandler
                0x00000518                GPIO1_Combined_16_31_DriverIRQHandler
                0x00000518                GPIO1_INT7_DriverIRQHandler
                0x00000518                DDR_DriverIRQHandler
                0x00000518                GPT5_DriverIRQHandler
                0x00000518                MIPI_DSI_DriverIRQHandler
                0x00000518                TZASC_DriverIRQHandler
                0x00000518                EDMA1_16_31_DriverIRQHandler
                0x00000518                GPT6_DriverIRQHandler
                0x00000518                PERFMON2_DriverIRQHandler
                0x00000518                GPIO5_Combined_0_15_DriverIRQHandler
                0x00000518                GPIO1_INT0_DriverIRQHandler
                0x00000518                GPIO1_INT2_DriverIRQHandler
                0x00000518                GPU2D_DriverIRQHandler
                0x00000518                PCIE_CTRL1_2_DriverIRQHandler
                0x00000518                RTIC_DriverIRQHandler
                0x00000518                CAAM_IRQ1_DriverIRQHandler
                0x00000518                CAN_FD1_ERROR_DriverIRQHandler
                0x00000518                SJC_DriverIRQHandler
                0x00000518                ML_DriverIRQHandler
                0x00000518                EDMA1_ERR_DriverIRQHandler
                0x00000518                I2S56_DriverIRQHandler
                0x00000518                GPT2_DriverIRQHandler
                0x00000518                SCTR_IRQ1_DriverIRQHandler
                0x00000518                VPU_DriverIRQHandler
                0x00000518                PDM_ERROR_DriverIRQHandler
                0x00000518                PCIE_EDMA_DriverIRQHandler
                0x00000518                MU1_A53_DriverIRQHandler
                0x00000518                AUD2HTX_DriverIRQHandler
                0x00000518                I2S1_DriverIRQHandler
                0x00000518                SNVS_Security_DriverIRQHandler
                0x00000518                I2S7_DriverIRQHandler
                0x0000051c                NMI_Handler
                0x00000520                HardFault_Handler
                0x00000524                SVC_Handler
                0x00000528                PendSV_Handler
                0x0000052c                SysTick_Handler
                0x00000530                Reserved16_IRQHandler
                0x00000534                DAP_IRQHandler
                0x00000538                SDMA1_IRQHandler
                0x0000053c                GPU3D_IRQHandler
                0x00000540                SNVS_IRQHandler
                0x00000544                LCDIF1_IRQHandler
                0x00000548                LCDIF2_IRQHandler
                0x0000054c                VPU_G1_IRQHandler
                0x00000550                VPU_G2_IRQHandler
                0x00000554                QOS_IRQHandler
                0x00000558                WDOG3_IRQHandler
                0x0000055c                HS_CP1_IRQHandler
                0x00000560                APBHDMA_IRQHandler
                0x00000564                ML_IRQHandler
                0x00000568                BCH_IRQHandler
                0x0000056c                GPMI_IRQHandler
                0x00000570                ISI_IRQHandler
                0x00000574                MIPI_CSI1_IRQHandler
                0x00000578                MIPI_DSI_IRQHandler
                0x0000057c                SNVS_Consolidated_IRQHandler
                0x00000580                SNVS_Security_IRQHandler
                0x00000584                CSU_IRQHandler
                0x00000588                USDHC1_IRQHandler
                0x0000058c                USDHC2_IRQHandler
                0x00000590                USDHC3_IRQHandler
                0x00000594                GPU2D_IRQHandler
                0x00000598                UART1_IRQHandler
                0x0000059c                UART2_IRQHandler
                0x000005a0                UART3_IRQHandler
                0x000005a4                UART4_IRQHandler
                0x000005a8                VPU_IRQHandler
                0x000005ac                ECSPI1_IRQHandler
                0x000005b0                ECSPI2_IRQHandler
                0x000005b4                ECSPI3_IRQHandler
                0x000005b8                SDMA3_IRQHandler
                0x000005bc                I2C1_IRQHandler
                0x000005c0                I2C2_IRQHandler
                0x000005c4                I2C3_IRQHandler
                0x000005c8                I2C4_IRQHandler
                0x000005cc                RDC_IRQHandler
                0x000005d0                USB1_IRQHandler
                0x000005d4                USB2_IRQHandler
                0x000005d8                ISI_CH1_IRQHandler
                0x000005dc                HDMI_TX_IRQHandler
                0x000005e0                PDM_HWVAD_EVENT_IRQHandler
                0x000005e4                PDM_HWVAD_ERROR_IRQHandler
                0x000005e8                GPT6_IRQHandler
                0x000005ec                SCTR_IRQ0_IRQHandler
                0x000005f0                SCTR_IRQ1_IRQHandler
                0x000005f4                ANAMIX_IRQHandler
                0x000005f8                I2S3_IRQHandler
                0x000005fc                GPT5_IRQHandler
                0x00000600                GPT4_IRQHandler
                0x00000604                GPT3_IRQHandler
                0x00000608                GPT2_IRQHandler
                0x0000060c                GPT1_IRQHandler
                0x00000610                GPIO1_INT7_IRQHandler
                0x00000614                GPIO1_INT6_IRQHandler
                0x00000618                GPIO1_INT5_IRQHandler
                0x0000061c                GPIO1_INT4_IRQHandler
                0x00000620                GPIO1_INT3_IRQHandler
                0x00000624                GPIO1_INT2_IRQHandler
                0x00000628                GPIO1_INT1_IRQHandler
                0x0000062c                GPIO1_INT0_IRQHandler
                0x00000630                GPIO1_Combined_0_15_IRQHandler
                0x00000634                GPIO1_Combined_16_31_IRQHandler
                0x00000638                GPIO2_Combined_0_15_IRQHandler
                0x0000063c                GPIO2_Combined_16_31_IRQHandler
                0x00000640                GPIO3_Combined_0_15_IRQHandler
                0x00000644                GPIO3_Combined_16_31_IRQHandler
                0x00000648                GPIO4_Combined_0_15_IRQHandler
                0x0000064c                GPIO4_Combined_16_31_IRQHandler
                0x00000650                GPIO5_Combined_0_15_IRQHandler
                0x00000654                GPIO5_Combined_16_31_IRQHandler
                0x00000658                ISP1_IRQHandler
                0x0000065c                ISP2_IRQHandler
                0x00000660                I2C5_IRQHandler
                0x00000664                I2C6_IRQHandler
                0x00000668                WDOG1_IRQHandler
                0x0000066c                WDOG2_IRQHandler
                0x00000670                MIPI_CSI2_IRQHandler
                0x00000674                PWM1_IRQHandler
                0x00000678                PWM2_IRQHandler
                0x0000067c                PWM3_IRQHandler
                0x00000680                PWM4_IRQHandler
                0x00000684                CCM_IRQ1_IRQHandler
                0x00000688                CCM_IRQ2_IRQHandler
                0x0000068c                GPC_IRQHandler
                0x00000690                MU1_A53_IRQHandler
                0x00000694                SRC_IRQHandler
                0x00000698                I2S56_IRQHandler
                0x0000069c                RTIC_IRQHandler
                0x000006a0                CPU_PerformanceUnit_IRQHandler
                0x000006a4                CPU_CTI_Trigger_IRQHandler
                0x000006a8                SRC_Combined_IRQHandler
                0x000006ac                I2S1_IRQHandler
                0x000006b0                I2S2_IRQHandler
                0x000006b4                MU1_M7_IRQHandler
                0x000006b8                DDR_PerformanceMonitor_IRQHandler
                0x000006bc                DDR_IRQHandler
                0x000006c0                DEWARP_IRQHandler
                0x000006c4                CPU_Error_AXI_IRQHandler
                0x000006c8                CPU_Error_L2RAM_IRQHandler
                0x000006cc                SDMA2_IRQHandler
                0x000006d0                SJC_IRQHandler
                0x000006d4                CAAM_IRQ0_IRQHandler
                0x000006d8                CAAM_IRQ1_IRQHandler
                0x000006dc                FlexSPI_IRQHandler
                0x000006e0                TZASC_IRQHandler
                0x000006e4                PDM_EVENT_IRQHandler
                0x000006e8                PDM_ERROR_IRQHandler
                0x000006ec                I2S7_IRQHandler
                0x000006f0                PERFMON1_IRQHandler
                0x000006f4                PERFMON2_IRQHandler
                0x000006f8                CAAM_IRQ2_IRQHandler
                0x000006fc                CAAM_ERROR_IRQHandler
                0x00000700                HS_CP0_IRQHandler
                0x00000704                CM7_CTI_IRQHandler
                0x00000708                ENET1_MAC0_Rx_Tx_Done1_IRQHandler
                0x0000070c                ENET1_MAC0_Rx_Tx_Done2_IRQHandler
                0x00000710                ENET1_IRQHandler
                0x00000714                ENET1_1588_Timer_IRQHandler
                0x00000718                ASRC_IRQHandler
                0x0000071c                PCIE_CTRL1_0_IRQHandler
                0x00000720                PCIE_CTRL1_1_IRQHandler
                0x00000724                PCIE_CTRL1_2_IRQHandler
                0x00000728                PCIE_CTRL1_3_IRQHandler
                0x0000072c                PCIE_EDMA_IRQHandler
                0x00000730                AUDIO_XCVR0_IRQHandler
                0x00000734                AUDIO_XCVR1_IRQHandler
                0x00000738                AUD2HTX_IRQHandler
                0x0000073c                EDMA1_ERR_IRQHandler
                0x00000740                EDMA1_0_15_IRQHandler
                0x00000744                EDMA1_16_31_IRQHandler
                0x00000748                ENET_QOS_PMT_IRQHandler
                0x0000074c                ENET_QOS_IRQHandler
                0x00000750                MU2_A53_IRQHandler
                0x00000754                MU2_AUDIO_IRQHandler
                0x00000758                MU3_M7_IRQHandler
                0x0000075c                MU3_AUDIO_IRQHandler
                0x00000760                PCIE_CTRL1_IRQHandler
                0x00000764                PCIE_CTRL1_ERR_IRQHandler
                0x00000768                CAN_FD1_IRQHandler
                0x0000076c                CAN_FD1_ERROR_IRQHandler
                0x00000770                CAN_FD2_IRQHandler
                0x00000774                CAN_FD2_ERROR_IRQHandler
                0x00000778                AUDIO_XCVR_IRQHandler
                0x0000077c                DDR_ERR_IRQHandler
                0x00000780                USB1_WAKEUP_IRQHandler
                0x00000784                USB2_WAKEUP_IRQHandler
                0x00000788                MECC_IRQHandler
                0x0000078c                MECC_ERR_IRQHandler
                0x00000790                MECC_S_IRQHandler
                0x00000794                MECC_S_ERR_IRQHandler
 .text          0x00000a14       0xa0 CMakeFiles/ii2c_polling_b2b_transfer_master_cm7.elf.dir/c_/Users/TChyn/Downloads/SDK_25_06_00_EVK-MIMX8MP/devices/MIMX8ML8/utilities/fsl_memcpy.S.obj
                0x00000a14                memcpy
 .text          0x00000ab4      0x378 C:/NXP/MCUXpressoIDE_24.12.148/ide/tools/bin/../lib/gcc/arm-none-eabi/13.2.1/thumb/v7e-m+dp/hard\libgcc.a(_arm_addsubdf3.o)
                0x00000ab4                __aeabi_drsub
                0x00000abc                __aeabi_dsub
                0x00000abc                __subdf3
                0x00000ac0                __aeabi_dadd
                0x00000ac0                __adddf3
                0x00000d38                __floatunsidf
                0x00000d38                __aeabi_ui2d
                0x00000d58                __floatsidf
                0x00000d58                __aeabi_i2d
                0x00000d7c                __aeabi_f2d
                0x00000d7c                __extendsfdf2
                0x00000dc0                __floatundidf
                0x00000dc0                __aeabi_ul2d
                0x00000dd0                __floatdidf
                0x00000dd0                __aeabi_l2d
 .text          0x00000e2c       0x30 C:/NXP/MCUXpressoIDE_24.12.148/ide/tools/bin/../lib/gcc/arm-none-eabi/13.2.1/thumb/v7e-m+dp/hard\libgcc.a(_aeabi_uldivmod.o)
                0x00000e2c                __aeabi_uldivmod
 .text          0x00000e5c        0x4 C:/NXP/MCUXpressoIDE_24.12.148/ide/tools/bin/../lib/gcc/arm-none-eabi/13.2.1/thumb/v7e-m+dp/hard\libgcc.a(_dvmd_tls.o)
                0x00000e5c                __aeabi_idiv0
                0x00000e5c                __aeabi_ldiv0
 .text          0x00000e60       0x10 C:/NXP/MCUXpressoIDE_24.12.148/ide/tools/bin/../lib/gcc/arm-none-eabi/13.2.1/thumb/v7e-m+dp/hard\libc_nano.a(libc_a-strlen.o)
                0x00000e60                strlen
 *(.text*)
 .text.deregister_tm_clones
                0x00000e70       0x1c C:/NXP/MCUXpressoIDE_24.12.148/ide/tools/bin/../lib/gcc/arm-none-eabi/13.2.1/thumb/v7e-m+dp/hard/crtbegin.o
 .text.register_tm_clones
                0x00000e8c       0x24 C:/NXP/MCUXpressoIDE_24.12.148/ide/tools/bin/../lib/gcc/arm-none-eabi/13.2.1/thumb/v7e-m+dp/hard/crtbegin.o
 .text.__do_global_dtors_aux
                0x00000eb0       0x28 C:/NXP/MCUXpressoIDE_24.12.148/ide/tools/bin/../lib/gcc/arm-none-eabi/13.2.1/thumb/v7e-m+dp/hard/crtbegin.o
 .text.frame_dummy
                0x00000ed8       0x24 C:/NXP/MCUXpressoIDE_24.12.148/ide/tools/bin/../lib/gcc/arm-none-eabi/13.2.1/thumb/v7e-m+dp/hard/crtbegin.o
 .text.CLOCK_GetRootPreDivider
                0x00000efc       0x20 CMakeFiles/ii2c_polling_b2b_transfer_master_cm7.elf.dir/C_/Users/TChyn/Desktop/Chyn/firmware-and-dts/M7/i2c_for_mpu_and_adxl/i2c_polling_b2b_transfer_master.c.obj
 .text.CLOCK_GetRootPostDivider
                0x00000f1c       0x1e CMakeFiles/ii2c_polling_b2b_transfer_master_cm7.elf.dir/C_/Users/TChyn/Desktop/Chyn/firmware-and-dts/M7/i2c_for_mpu_and_adxl/i2c_polling_b2b_transfer_master.c.obj
 *fill*         0x00000f3a        0x2 
 .text.main     0x00000f3c      0x5cc CMakeFiles/ii2c_polling_b2b_transfer_master_cm7.elf.dir/C_/Users/TChyn/Desktop/Chyn/firmware-and-dts/M7/i2c_for_mpu_and_adxl/i2c_polling_b2b_transfer_master.c.obj
                0x00000f3c                main
 .text.ARM_MPU_Enable
                0x00001508       0x44 CMakeFiles/ii2c_polling_b2b_transfer_master_cm7.elf.dir/C_/Users/TChyn/Desktop/Chyn/firmware-and-dts/M7/i2c_for_mpu_and_adxl/board.c.obj
 .text.ARM_MPU_Disable
                0x0000154c       0x40 CMakeFiles/ii2c_polling_b2b_transfer_master_cm7.elf.dir/C_/Users/TChyn/Desktop/Chyn/firmware-and-dts/M7/i2c_for_mpu_and_adxl/board.c.obj
 .text.CLOCK_GetRootPreDivider
                0x0000158c       0x20 CMakeFiles/ii2c_polling_b2b_transfer_master_cm7.elf.dir/C_/Users/TChyn/Desktop/Chyn/firmware-and-dts/M7/i2c_for_mpu_and_adxl/board.c.obj
 .text.CLOCK_GetRootPostDivider
                0x000015ac       0x1e CMakeFiles/ii2c_polling_b2b_transfer_master_cm7.elf.dir/C_/Users/TChyn/Desktop/Chyn/firmware-and-dts/M7/i2c_for_mpu_and_adxl/board.c.obj
 .text.CLOCK_ControlGate
                0x000015ca       0x1e CMakeFiles/ii2c_polling_b2b_transfer_master_cm7.elf.dir/C_/Users/TChyn/Desktop/Chyn/firmware-and-dts/M7/i2c_for_mpu_and_adxl/board.c.obj
 .text.RDC_GetPeriphAccessPolicy
                0x000015e8       0x54 CMakeFiles/ii2c_polling_b2b_transfer_master_cm7.elf.dir/C_/Users/TChyn/Desktop/Chyn/firmware-and-dts/M7/i2c_for_mpu_and_adxl/board.c.obj
 .text.RDC_GetCurrentMasterDomainId
                0x0000163c       0x20 CMakeFiles/ii2c_polling_b2b_transfer_master_cm7.elf.dir/C_/Users/TChyn/Desktop/Chyn/firmware-and-dts/M7/i2c_for_mpu_and_adxl/board.c.obj
 .text.BOARD_InitDebugConsole
                0x0000165c       0x54 CMakeFiles/ii2c_polling_b2b_transfer_master_cm7.elf.dir/C_/Users/TChyn/Desktop/Chyn/firmware-and-dts/M7/i2c_for_mpu_and_adxl/board.c.obj
                0x0000165c                BOARD_InitDebugConsole
 .text.BOARD_InitMemory
                0x000016b0      0x2f8 CMakeFiles/ii2c_polling_b2b_transfer_master_cm7.elf.dir/C_/Users/TChyn/Desktop/Chyn/firmware-and-dts/M7/i2c_for_mpu_and_adxl/board.c.obj
                0x000016b0                BOARD_InitMemory
 .text.BOARD_RdcInit
                0x000019a8       0xec CMakeFiles/ii2c_polling_b2b_transfer_master_cm7.elf.dir/C_/Users/TChyn/Desktop/Chyn/firmware-and-dts/M7/i2c_for_mpu_and_adxl/board.c.obj
                0x000019a8                BOARD_RdcInit
 .text.CLOCK_SetRootMux
                0x00001a94       0x2c CMakeFiles/ii2c_polling_b2b_transfer_master_cm7.elf.dir/C_/Users/TChyn/Desktop/Chyn/firmware-and-dts/M7/i2c_for_mpu_and_adxl/clock_config.c.obj
 .text.BOARD_BootClockRUN
                0x00001ac0      0x158 CMakeFiles/ii2c_polling_b2b_transfer_master_cm7.elf.dir/C_/Users/TChyn/Desktop/Chyn/firmware-and-dts/M7/i2c_for_mpu_and_adxl/clock_config.c.obj
                0x00001ac0                BOARD_BootClockRUN
 .text.IOMUXC_SetPinMux
                0x00001c18       0x3e CMakeFiles/ii2c_polling_b2b_transfer_master_cm7.elf.dir/C_/Users/TChyn/Desktop/Chyn/firmware-and-dts/M7/i2c_for_mpu_and_adxl/pin_mux.c.obj
 .text.IOMUXC_SetPinConfig
                0x00001c56       0x26 CMakeFiles/ii2c_polling_b2b_transfer_master_cm7.elf.dir/C_/Users/TChyn/Desktop/Chyn/firmware-and-dts/M7/i2c_for_mpu_and_adxl/pin_mux.c.obj
 .text.BOARD_InitBootPins
                0x00001c7c        0xc CMakeFiles/ii2c_polling_b2b_transfer_master_cm7.elf.dir/C_/Users/TChyn/Desktop/Chyn/firmware-and-dts/M7/i2c_for_mpu_and_adxl/pin_mux.c.obj
                0x00001c7c                BOARD_InitBootPins
 .text.BOARD_InitPins
                0x00001c88      0x14c CMakeFiles/ii2c_polling_b2b_transfer_master_cm7.elf.dir/C_/Users/TChyn/Desktop/Chyn/firmware-and-dts/M7/i2c_for_mpu_and_adxl/pin_mux.c.obj
                0x00001c88                BOARD_InitPins
 .text.CLOCK_SetRootMux
                0x00001dd4       0x2c CMakeFiles/ii2c_polling_b2b_transfer_master_cm7.elf.dir/C_/Users/TChyn/Desktop/Chyn/firmware-and-dts/M7/i2c_for_mpu_and_adxl/hardware_init.c.obj
 .text.BOARD_InitHardware
                0x00001e00       0x54 CMakeFiles/ii2c_polling_b2b_transfer_master_cm7.elf.dir/C_/Users/TChyn/Desktop/Chyn/firmware-and-dts/M7/i2c_for_mpu_and_adxl/hardware_init.c.obj
                0x00001e00                BOARD_InitHardware
 .text.HAL_UartGetStatus
                0x00001e54       0x22 CMakeFiles/ii2c_polling_b2b_transfer_master_cm7.elf.dir/c_/Users/TChyn/Downloads/SDK_25_06_00_EVK-MIMX8MP/components/uart/fsl_adapter_iuart.c.obj
 *fill*         0x00001e76        0x2 
 .text.HAL_UartInit
                0x00001e78      0x120 CMakeFiles/ii2c_polling_b2b_transfer_master_cm7.elf.dir/c_/Users/TChyn/Downloads/SDK_25_06_00_EVK-MIMX8MP/components/uart/fsl_adapter_iuart.c.obj
                0x00001e78                HAL_UartInit
 .text.HAL_UartReceiveBlocking
                0x00001f98       0x8c CMakeFiles/ii2c_polling_b2b_transfer_master_cm7.elf.dir/c_/Users/TChyn/Downloads/SDK_25_06_00_EVK-MIMX8MP/components/uart/fsl_adapter_iuart.c.obj
                0x00001f98                HAL_UartReceiveBlocking
 .text.HAL_UartSendBlocking
                0x00002024       0x84 CMakeFiles/ii2c_polling_b2b_transfer_master_cm7.elf.dir/c_/Users/TChyn/Downloads/SDK_25_06_00_EVK-MIMX8MP/components/uart/fsl_adapter_iuart.c.obj
                0x00002024                HAL_UartSendBlocking
 .text.GetFracPllFreq
                0x000020a8      0x148 CMakeFiles/ii2c_polling_b2b_transfer_master_cm7.elf.dir/c_/Users/TChyn/Downloads/SDK_25_06_00_EVK-MIMX8MP/devices/MIMX8ML8/system_MIMX8ML8_cm7.c.obj
                0x000020a8                GetFracPllFreq
 .text.GetIntegerPllFreq
                0x000021f0       0xfc CMakeFiles/ii2c_polling_b2b_transfer_master_cm7.elf.dir/c_/Users/TChyn/Downloads/SDK_25_06_00_EVK-MIMX8MP/devices/MIMX8ML8/system_MIMX8ML8_cm7.c.obj
                0x000021f0                GetIntegerPllFreq
 .text.SystemInit
                0x000022ec       0x20 CMakeFiles/ii2c_polling_b2b_transfer_master_cm7.elf.dir/c_/Users/TChyn/Downloads/SDK_25_06_00_EVK-MIMX8MP/devices/MIMX8ML8/system_MIMX8ML8_cm7.c.obj
                0x000022ec                SystemInit
 .text.SystemCoreClockUpdate
                0x0000230c      0x108 CMakeFiles/ii2c_polling_b2b_transfer_master_cm7.elf.dir/c_/Users/TChyn/Downloads/SDK_25_06_00_EVK-MIMX8MP/devices/MIMX8ML8/system_MIMX8ML8_cm7.c.obj
                0x0000230c                SystemCoreClockUpdate
 .text.SystemInitHook
                0x00002414        0xe CMakeFiles/ii2c_polling_b2b_transfer_master_cm7.elf.dir/c_/Users/TChyn/Downloads/SDK_25_06_00_EVK-MIMX8MP/devices/MIMX8ML8/system_MIMX8ML8_cm7.c.obj
                0x00002414                SystemInitHook
 *fill*         0x00002422        0x2 
 .text.AUDIOMIX_InitAudioPll
                0x00002424       0xbc CMakeFiles/ii2c_polling_b2b_transfer_master_cm7.elf.dir/c_/Users/TChyn/Downloads/SDK_25_06_00_EVK-MIMX8MP/devices/MIMX8ML8/drivers/fsl_audiomix.c.obj
                0x00002424                AUDIOMIX_InitAudioPll
 .text.CLOCK_SetPllBypass
                0x000024e0       0x68 CMakeFiles/ii2c_polling_b2b_transfer_master_cm7.elf.dir/c_/Users/TChyn/Downloads/SDK_25_06_00_EVK-MIMX8MP/devices/MIMX8ML8/drivers/fsl_clock.c.obj
 .text.CLOCK_IsPllBypassed
                0x00002548       0x38 CMakeFiles/ii2c_polling_b2b_transfer_master_cm7.elf.dir/c_/Users/TChyn/Downloads/SDK_25_06_00_EVK-MIMX8MP/devices/MIMX8ML8/drivers/fsl_clock.c.obj
 .text.CLOCK_IsPllLocked
                0x00002580       0x24 CMakeFiles/ii2c_polling_b2b_transfer_master_cm7.elf.dir/c_/Users/TChyn/Downloads/SDK_25_06_00_EVK-MIMX8MP/devices/MIMX8ML8/drivers/fsl_clock.c.obj
 .text.CLOCK_EnableAnalogClock
                0x000025a4       0x38 CMakeFiles/ii2c_polling_b2b_transfer_master_cm7.elf.dir/c_/Users/TChyn/Downloads/SDK_25_06_00_EVK-MIMX8MP/devices/MIMX8ML8/drivers/fsl_clock.c.obj
 .text.CLOCK_GetPllRefClkFreq
                0x000025dc       0x78 CMakeFiles/ii2c_polling_b2b_transfer_master_cm7.elf.dir/c_/Users/TChyn/Downloads/SDK_25_06_00_EVK-MIMX8MP/devices/MIMX8ML8/drivers/fsl_clock.c.obj
                0x000025dc                CLOCK_GetPllRefClkFreq
 .text.CLOCK_GetPllFreq
                0x00002654      0x18c CMakeFiles/ii2c_polling_b2b_transfer_master_cm7.elf.dir/c_/Users/TChyn/Downloads/SDK_25_06_00_EVK-MIMX8MP/devices/MIMX8ML8/drivers/fsl_clock.c.obj
                0x00002654                CLOCK_GetPllFreq
 .text.CLOCK_InitAudioPll1
                0x000027e0       0x68 CMakeFiles/ii2c_polling_b2b_transfer_master_cm7.elf.dir/c_/Users/TChyn/Downloads/SDK_25_06_00_EVK-MIMX8MP/devices/MIMX8ML8/drivers/fsl_clock.c.obj
                0x000027e0                CLOCK_InitAudioPll1
 .text.CLOCK_InitAudioPll2
                0x00002848       0x74 CMakeFiles/ii2c_polling_b2b_transfer_master_cm7.elf.dir/c_/Users/TChyn/Downloads/SDK_25_06_00_EVK-MIMX8MP/devices/MIMX8ML8/drivers/fsl_clock.c.obj
                0x00002848                CLOCK_InitAudioPll2
 .text.CLOCK_InitFracPll
                0x000028bc      0x160 CMakeFiles/ii2c_polling_b2b_transfer_master_cm7.elf.dir/c_/Users/TChyn/Downloads/SDK_25_06_00_EVK-MIMX8MP/devices/MIMX8ML8/drivers/fsl_clock.c.obj
                0x000028bc                CLOCK_InitFracPll
 .text.CLOCK_GetFracPllFreq
                0x00002a1c      0x144 CMakeFiles/ii2c_polling_b2b_transfer_master_cm7.elf.dir/c_/Users/TChyn/Downloads/SDK_25_06_00_EVK-MIMX8MP/devices/MIMX8ML8/drivers/fsl_clock.c.obj
                0x00002a1c                CLOCK_GetFracPllFreq
 .text.CLOCK_GetIntegerPllFreq
                0x00002b60      0x10c CMakeFiles/ii2c_polling_b2b_transfer_master_cm7.elf.dir/c_/Users/TChyn/Downloads/SDK_25_06_00_EVK-MIMX8MP/devices/MIMX8ML8/drivers/fsl_clock.c.obj
                0x00002b60                CLOCK_GetIntegerPllFreq
 .text.CLOCK_SetRootDivider
                0x00002c6c       0x80 CMakeFiles/ii2c_polling_b2b_transfer_master_cm7.elf.dir/c_/Users/TChyn/Downloads/SDK_25_06_00_EVK-MIMX8MP/devices/MIMX8ML8/drivers/fsl_clock.c.obj
                0x00002c6c                CLOCK_SetRootDivider
 .text.CLOCK_EnableClock
                0x00002cec       0xa0 CMakeFiles/ii2c_polling_b2b_transfer_master_cm7.elf.dir/c_/Users/TChyn/Downloads/SDK_25_06_00_EVK-MIMX8MP/devices/MIMX8ML8/drivers/fsl_clock.c.obj
                0x00002cec                CLOCK_EnableClock
 .text.I2C_MasterGetStatusFlags
                0x00002d8c       0x1a CMakeFiles/ii2c_polling_b2b_transfer_master_cm7.elf.dir/c_/Users/TChyn/Downloads/SDK_25_06_00_EVK-MIMX8MP/devices/MIMX8ML8/drivers/fsl_i2c.c.obj
 .text.I2C_MasterClearStatusFlags
                0x00002da6       0x30 CMakeFiles/ii2c_polling_b2b_transfer_master_cm7.elf.dir/c_/Users/TChyn/Downloads/SDK_25_06_00_EVK-MIMX8MP/devices/MIMX8ML8/drivers/fsl_i2c.c.obj
 *fill*         0x00002dd6        0x2 
 .text.I2C_GetInstance
                0x00002dd8       0x58 CMakeFiles/ii2c_polling_b2b_transfer_master_cm7.elf.dir/c_/Users/TChyn/Downloads/SDK_25_06_00_EVK-MIMX8MP/devices/MIMX8ML8/drivers/fsl_i2c.c.obj
 .text.I2C_WaitForStatusReady
                0x00002e30       0x2c CMakeFiles/ii2c_polling_b2b_transfer_master_cm7.elf.dir/c_/Users/TChyn/Downloads/SDK_25_06_00_EVK-MIMX8MP/devices/MIMX8ML8/drivers/fsl_i2c.c.obj
 .text.I2C_CheckAndClearError
                0x00002e5c       0x6e CMakeFiles/ii2c_polling_b2b_transfer_master_cm7.elf.dir/c_/Users/TChyn/Downloads/SDK_25_06_00_EVK-MIMX8MP/devices/MIMX8ML8/drivers/fsl_i2c.c.obj
 *fill*         0x00002eca        0x2 
 .text.I2C_TransferCommonIRQHandler
                0x00002ecc       0x54 CMakeFiles/ii2c_polling_b2b_transfer_master_cm7.elf.dir/c_/Users/TChyn/Downloads/SDK_25_06_00_EVK-MIMX8MP/devices/MIMX8ML8/drivers/fsl_i2c.c.obj
 .text.I2C_MasterInit
                0x00002f20       0xa0 CMakeFiles/ii2c_polling_b2b_transfer_master_cm7.elf.dir/c_/Users/TChyn/Downloads/SDK_25_06_00_EVK-MIMX8MP/devices/MIMX8ML8/drivers/fsl_i2c.c.obj
                0x00002f20                I2C_MasterInit
 .text.I2C_MasterGetDefaultConfig
                0x00002fc0       0x4c CMakeFiles/ii2c_polling_b2b_transfer_master_cm7.elf.dir/c_/Users/TChyn/Downloads/SDK_25_06_00_EVK-MIMX8MP/devices/MIMX8ML8/drivers/fsl_i2c.c.obj
                0x00002fc0                I2C_MasterGetDefaultConfig
 .text.I2C_MasterSetBaudRate
                0x0000300c       0x8c CMakeFiles/ii2c_polling_b2b_transfer_master_cm7.elf.dir/c_/Users/TChyn/Downloads/SDK_25_06_00_EVK-MIMX8MP/devices/MIMX8ML8/drivers/fsl_i2c.c.obj
                0x0000300c                I2C_MasterSetBaudRate
 .text.I2C_MasterStart
                0x00003098       0x64 CMakeFiles/ii2c_polling_b2b_transfer_master_cm7.elf.dir/c_/Users/TChyn/Downloads/SDK_25_06_00_EVK-MIMX8MP/devices/MIMX8ML8/drivers/fsl_i2c.c.obj
                0x00003098                I2C_MasterStart
 .text.I2C_MasterRepeatedStart
                0x000030fc       0x72 CMakeFiles/ii2c_polling_b2b_transfer_master_cm7.elf.dir/c_/Users/TChyn/Downloads/SDK_25_06_00_EVK-MIMX8MP/devices/MIMX8ML8/drivers/fsl_i2c.c.obj
                0x000030fc                I2C_MasterRepeatedStart
 .text.I2C_MasterStop
                0x0000316e       0x36 CMakeFiles/ii2c_polling_b2b_transfer_master_cm7.elf.dir/c_/Users/TChyn/Downloads/SDK_25_06_00_EVK-MIMX8MP/devices/MIMX8ML8/drivers/fsl_i2c.c.obj
                0x0000316e                I2C_MasterStop
 .text.I2C_MasterWriteBlocking
                0x000031a4      0x108 CMakeFiles/ii2c_polling_b2b_transfer_master_cm7.elf.dir/c_/Users/TChyn/Downloads/SDK_25_06_00_EVK-MIMX8MP/devices/MIMX8ML8/drivers/fsl_i2c.c.obj
                0x000031a4                I2C_MasterWriteBlocking
 .text.I2C_MasterReadBlocking
                0x000032ac       0xfe CMakeFiles/ii2c_polling_b2b_transfer_master_cm7.elf.dir/c_/Users/TChyn/Downloads/SDK_25_06_00_EVK-MIMX8MP/devices/MIMX8ML8/drivers/fsl_i2c.c.obj
                0x000032ac                I2C_MasterReadBlocking
 *fill*         0x000033aa        0x2 
 .text.I2C_MasterTransferBlocking
                0x000033ac      0x260 CMakeFiles/ii2c_polling_b2b_transfer_master_cm7.elf.dir/c_/Users/TChyn/Downloads/SDK_25_06_00_EVK-MIMX8MP/devices/MIMX8ML8/drivers/fsl_i2c.c.obj
                0x000033ac                I2C_MasterTransferBlocking
 .text.I2C1_DriverIRQHandler
                0x0000360c       0x1c CMakeFiles/ii2c_polling_b2b_transfer_master_cm7.elf.dir/c_/Users/TChyn/Downloads/SDK_25_06_00_EVK-MIMX8MP/devices/MIMX8ML8/drivers/fsl_i2c.c.obj
                0x0000360c                I2C1_DriverIRQHandler
 .text.I2C2_DriverIRQHandler
                0x00003628       0x1c CMakeFiles/ii2c_polling_b2b_transfer_master_cm7.elf.dir/c_/Users/TChyn/Downloads/SDK_25_06_00_EVK-MIMX8MP/devices/MIMX8ML8/drivers/fsl_i2c.c.obj
                0x00003628                I2C2_DriverIRQHandler
 .text.I2C3_DriverIRQHandler
                0x00003644       0x1c CMakeFiles/ii2c_polling_b2b_transfer_master_cm7.elf.dir/c_/Users/TChyn/Downloads/SDK_25_06_00_EVK-MIMX8MP/devices/MIMX8ML8/drivers/fsl_i2c.c.obj
                0x00003644                I2C3_DriverIRQHandler
 .text.I2C4_DriverIRQHandler
                0x00003660       0x1c CMakeFiles/ii2c_polling_b2b_transfer_master_cm7.elf.dir/c_/Users/TChyn/Downloads/SDK_25_06_00_EVK-MIMX8MP/devices/MIMX8ML8/drivers/fsl_i2c.c.obj
                0x00003660                I2C4_DriverIRQHandler
 .text.I2C5_DriverIRQHandler
                0x0000367c       0x1c CMakeFiles/ii2c_polling_b2b_transfer_master_cm7.elf.dir/c_/Users/TChyn/Downloads/SDK_25_06_00_EVK-MIMX8MP/devices/MIMX8ML8/drivers/fsl_i2c.c.obj
                0x0000367c                I2C5_DriverIRQHandler
 .text.I2C6_DriverIRQHandler
                0x00003698       0x1c CMakeFiles/ii2c_polling_b2b_transfer_master_cm7.elf.dir/c_/Users/TChyn/Downloads/SDK_25_06_00_EVK-MIMX8MP/devices/MIMX8ML8/drivers/fsl_i2c.c.obj
                0x00003698                I2C6_DriverIRQHandler
 .text.UART_SoftwareReset
                0x000036b4       0x36 CMakeFiles/ii2c_polling_b2b_transfer_master_cm7.elf.dir/c_/Users/TChyn/Downloads/SDK_25_06_00_EVK-MIMX8MP/devices/MIMX8ML8/drivers/fsl_uart.c.obj
 .text.UART_Enable
                0x000036ea       0x24 CMakeFiles/ii2c_polling_b2b_transfer_master_cm7.elf.dir/c_/Users/TChyn/Downloads/SDK_25_06_00_EVK-MIMX8MP/devices/MIMX8ML8/drivers/fsl_uart.c.obj
 .text.UART_Disable
                0x0000370e       0x24 CMakeFiles/ii2c_polling_b2b_transfer_master_cm7.elf.dir/c_/Users/TChyn/Downloads/SDK_25_06_00_EVK-MIMX8MP/devices/MIMX8ML8/drivers/fsl_uart.c.obj
 .text.UART_WriteByte
                0x00003732       0x1e CMakeFiles/ii2c_polling_b2b_transfer_master_cm7.elf.dir/c_/Users/TChyn/Downloads/SDK_25_06_00_EVK-MIMX8MP/devices/MIMX8ML8/drivers/fsl_uart.c.obj
 .text.UART_ReadByte
                0x00003750       0x1a CMakeFiles/ii2c_polling_b2b_transfer_master_cm7.elf.dir/c_/Users/TChyn/Downloads/SDK_25_06_00_EVK-MIMX8MP/devices/MIMX8ML8/drivers/fsl_uart.c.obj
 *fill*         0x0000376a        0x2 
 .text.UART_SetTxFifoWatermark
                0x0000376c       0x54 CMakeFiles/ii2c_polling_b2b_transfer_master_cm7.elf.dir/c_/Users/TChyn/Downloads/SDK_25_06_00_EVK-MIMX8MP/devices/MIMX8ML8/drivers/fsl_uart.c.obj
 .text.UART_SetRxRTSWatermark
                0x000037c0       0x4c CMakeFiles/ii2c_polling_b2b_transfer_master_cm7.elf.dir/c_/Users/TChyn/Downloads/SDK_25_06_00_EVK-MIMX8MP/devices/MIMX8ML8/drivers/fsl_uart.c.obj
 .text.UART_SetRxFifoWatermark
                0x0000380c       0x4c CMakeFiles/ii2c_polling_b2b_transfer_master_cm7.elf.dir/c_/Users/TChyn/Downloads/SDK_25_06_00_EVK-MIMX8MP/devices/MIMX8ML8/drivers/fsl_uart.c.obj
 .text.UART_EnableAutoBaudRate
                0x00003858       0x50 CMakeFiles/ii2c_polling_b2b_transfer_master_cm7.elf.dir/c_/Users/TChyn/Downloads/SDK_25_06_00_EVK-MIMX8MP/devices/MIMX8ML8/drivers/fsl_uart.c.obj
 .text.UART_GetInstance
                0x000038a8       0x60 CMakeFiles/ii2c_polling_b2b_transfer_master_cm7.elf.dir/c_/Users/TChyn/Downloads/SDK_25_06_00_EVK-MIMX8MP/devices/MIMX8ML8/drivers/fsl_uart.c.obj
                0x000038a8                UART_GetInstance
 .text.UART_Init
                0x00003908      0x1a0 CMakeFiles/ii2c_polling_b2b_transfer_master_cm7.elf.dir/c_/Users/TChyn/Downloads/SDK_25_06_00_EVK-MIMX8MP/devices/MIMX8ML8/drivers/fsl_uart.c.obj
                0x00003908                UART_Init
 .text.UART_GetDefaultConfig
                0x00003aa8       0x84 CMakeFiles/ii2c_polling_b2b_transfer_master_cm7.elf.dir/c_/Users/TChyn/Downloads/SDK_25_06_00_EVK-MIMX8MP/devices/MIMX8ML8/drivers/fsl_uart.c.obj
                0x00003aa8                UART_GetDefaultConfig
 .text.UART_SetBaudRate
                0x00003b2c      0x3b0 CMakeFiles/ii2c_polling_b2b_transfer_master_cm7.elf.dir/c_/Users/TChyn/Downloads/SDK_25_06_00_EVK-MIMX8MP/devices/MIMX8ML8/drivers/fsl_uart.c.obj
                0x00003b2c                UART_SetBaudRate
 .text.UART_ClearStatusFlag
                0x00003edc       0x3c CMakeFiles/ii2c_polling_b2b_transfer_master_cm7.elf.dir/c_/Users/TChyn/Downloads/SDK_25_06_00_EVK-MIMX8MP/devices/MIMX8ML8/drivers/fsl_uart.c.obj
                0x00003edc                UART_ClearStatusFlag
 .text.UART_WriteBlocking
                0x00003f18       0x70 CMakeFiles/ii2c_polling_b2b_transfer_master_cm7.elf.dir/c_/Users/TChyn/Downloads/SDK_25_06_00_EVK-MIMX8MP/devices/MIMX8ML8/drivers/fsl_uart.c.obj
                0x00003f18                UART_WriteBlocking
 .text.UART_ReadBlocking
                0x00003f88       0xdc CMakeFiles/ii2c_polling_b2b_transfer_master_cm7.elf.dir/c_/Users/TChyn/Downloads/SDK_25_06_00_EVK-MIMX8MP/devices/MIMX8ML8/drivers/fsl_uart.c.obj
                0x00003f88                UART_ReadBlocking
 .text.UART1_DriverIRQHandler
                0x00004064       0x28 CMakeFiles/ii2c_polling_b2b_transfer_master_cm7.elf.dir/c_/Users/TChyn/Downloads/SDK_25_06_00_EVK-MIMX8MP/devices/MIMX8ML8/drivers/fsl_uart.c.obj
                0x00004064                UART1_DriverIRQHandler
 .text.UART2_DriverIRQHandler
                0x0000408c       0x28 CMakeFiles/ii2c_polling_b2b_transfer_master_cm7.elf.dir/c_/Users/TChyn/Downloads/SDK_25_06_00_EVK-MIMX8MP/devices/MIMX8ML8/drivers/fsl_uart.c.obj
                0x0000408c                UART2_DriverIRQHandler
 .text.UART3_DriverIRQHandler
                0x000040b4       0x28 CMakeFiles/ii2c_polling_b2b_transfer_master_cm7.elf.dir/c_/Users/TChyn/Downloads/SDK_25_06_00_EVK-MIMX8MP/devices/MIMX8ML8/drivers/fsl_uart.c.obj
                0x000040b4                UART3_DriverIRQHandler
 .text.UART4_DriverIRQHandler
                0x000040dc       0x28 CMakeFiles/ii2c_polling_b2b_transfer_master_cm7.elf.dir/c_/Users/TChyn/Downloads/SDK_25_06_00_EVK-MIMX8MP/devices/MIMX8ML8/drivers/fsl_uart.c.obj
                0x000040dc                UART4_DriverIRQHandler
 .text.RDC_SetMasterDomainAssignment
                0x00004104       0x48 CMakeFiles/ii2c_polling_b2b_transfer_master_cm7.elf.dir/c_/Users/TChyn/Downloads/SDK_25_06_00_EVK-MIMX8MP/devices/MIMX8ML8/drivers/fsl_rdc.c.obj
                0x00004104                RDC_SetMasterDomainAssignment
 .text.fsl_assert_hook
                0x0000414c       0x1a CMakeFiles/ii2c_polling_b2b_transfer_master_cm7.elf.dir/29413a3aabdc15e8e6459658cc6f4d54/devices/MIMX8ML8/utilities/debug_console_lite/fsl_assert.c.obj
                0x0000414c                fsl_assert_hook
 *fill*         0x00004166        0x2 
 .text.__assert_func
                0x00004168       0x30 CMakeFiles/ii2c_polling_b2b_transfer_master_cm7.elf.dir/29413a3aabdc15e8e6459658cc6f4d54/devices/MIMX8ML8/utilities/debug_console_lite/fsl_assert.c.obj
                0x00004168                __assert_func
 .text.DbgConsole_Init
                0x00004198       0x88 CMakeFiles/ii2c_polling_b2b_transfer_master_cm7.elf.dir/29413a3aabdc15e8e6459658cc6f4d54/devices/MIMX8ML8/utilities/debug_console_lite/fsl_debug_console.c.obj
                0x00004198                DbgConsole_Init
 .text.DbgConsole_Printf
                0x00004220       0x2c CMakeFiles/ii2c_polling_b2b_transfer_master_cm7.elf.dir/29413a3aabdc15e8e6459658cc6f4d54/devices/MIMX8ML8/utilities/debug_console_lite/fsl_debug_console.c.obj
                0x00004220                DbgConsole_Printf
 .text.DbgConsole_Vprintf
                0x0000424c       0x3c CMakeFiles/ii2c_polling_b2b_transfer_master_cm7.elf.dir/29413a3aabdc15e8e6459658cc6f4d54/devices/MIMX8ML8/utilities/debug_console_lite/fsl_debug_console.c.obj
                0x0000424c                DbgConsole_Vprintf
 .text.DbgConsole_Putchar
                0x00004288       0x30 CMakeFiles/ii2c_polling_b2b_transfer_master_cm7.elf.dir/29413a3aabdc15e8e6459658cc6f4d54/devices/MIMX8ML8/utilities/debug_console_lite/fsl_debug_console.c.obj
                0x00004288                DbgConsole_Putchar
 .text.DbgConsole_PrintfPaddingCharacter
                0x000042b8       0x40 CMakeFiles/ii2c_polling_b2b_transfer_master_cm7.elf.dir/29413a3aabdc15e8e6459658cc6f4d54/devices/MIMX8ML8/utilities/debug_console_lite/fsl_debug_console.c.obj
 .text.DbgConsole_ConvertRadixNumToString
                0x000042f8       0xc2 CMakeFiles/ii2c_polling_b2b_transfer_master_cm7.elf.dir/29413a3aabdc15e8e6459658cc6f4d54/devices/MIMX8ML8/utilities/debug_console_lite/fsl_debug_console.c.obj
 .text.DbgConsole_ConvertFloatRadixNumToString
                0x000043ba      0x24c CMakeFiles/ii2c_polling_b2b_transfer_master_cm7.elf.dir/29413a3aabdc15e8e6459658cc6f4d54/devices/MIMX8ML8/utilities/debug_console_lite/fsl_debug_console.c.obj
 *fill*         0x00004606        0x2 
 .text.DbgConsole_PrintfFormattedData
                0x00004608      0x428 CMakeFiles/ii2c_polling_b2b_transfer_master_cm7.elf.dir/29413a3aabdc15e8e6459658cc6f4d54/devices/MIMX8ML8/utilities/debug_console_lite/fsl_debug_console.c.obj
 .text.__fixdfdi
                0x00004a30       0x30 C:/NXP/MCUXpressoIDE_24.12.148/ide/tools/bin/../lib/gcc/arm-none-eabi/13.2.1/thumb/v7e-m+dp/hard\libgcc.a(_fixdfdi.o)
                0x00004a30                __fixdfdi
                0x00004a30                __aeabi_d2lz
 .text.__fixunsdfdi
                0x00004a60       0x40 C:/NXP/MCUXpressoIDE_24.12.148/ide/tools/bin/../lib/gcc/arm-none-eabi/13.2.1/thumb/v7e-m+dp/hard\libgcc.a(_fixunsdfdi.o)
                0x00004a60                __fixunsdfdi
                0x00004a60                __aeabi_d2ulz
 .text.__udivmoddi4
                0x00004aa0      0x2bc C:/NXP/MCUXpressoIDE_24.12.148/ide/tools/bin/../lib/gcc/arm-none-eabi/13.2.1/thumb/v7e-m+dp/hard\libgcc.a(_udivmoddi4.o)
                0x00004aa0                __udivmoddi4
 .text.exit     0x00004d5c       0x24 C:/NXP/MCUXpressoIDE_24.12.148/ide/tools/bin/../lib/gcc/arm-none-eabi/13.2.1/thumb/v7e-m+dp/hard\libc_nano.a(libc_a-exit.o)
                0x00004d5c                exit
 .text.memset   0x00004d80       0x10 C:/NXP/MCUXpressoIDE_24.12.148/ide/tools/bin/../lib/gcc/arm-none-eabi/13.2.1/thumb/v7e-m+dp/hard\libc_nano.a(libc_a-memset.o)
                0x00004d80                memset
 .text.__errno  0x00004d90        0xc C:/NXP/MCUXpressoIDE_24.12.148/ide/tools/bin/../lib/gcc/arm-none-eabi/13.2.1/thumb/v7e-m+dp/hard\libc_nano.a(libc_a-errno.o)
                0x00004d90                __errno
 .text.__libc_init_array
                0x00004d9c       0x48 C:/NXP/MCUXpressoIDE_24.12.148/ide/tools/bin/../lib/gcc/arm-none-eabi/13.2.1/thumb/v7e-m+dp/hard\libc_nano.a(libc_a-init.o)
                0x00004d9c                __libc_init_array
 .text.modf     0x00004de4       0xb0 C:/NXP/MCUXpressoIDE_24.12.148/ide/tools/bin/../lib/gcc/arm-none-eabi/13.2.1/thumb/v7e-m+dp/hard\libc_nano.a(libm_a-s_modf.o)
                0x00004de4                modf
 .text.__fpclassifyd
                0x00004e94       0x48 C:/NXP/MCUXpressoIDE_24.12.148/ide/tools/bin/../lib/gcc/arm-none-eabi/13.2.1/thumb/v7e-m+dp/hard\libc_nano.a(libm_a-s_fpclassify.o)
                0x00004e94                __fpclassifyd
 *fill*         0x00004edc        0x4 
 .text.pow      0x00004ee0      0x5d8 C:/NXP/MCUXpressoIDE_24.12.148/ide/tools/bin/../lib/gcc/arm-none-eabi/13.2.1/thumb/v7e-m+dp/hard\libm.a(libm_a-pow.o)
                0x00004ee0                pow
 .text.with_errno
                0x000054b8       0x1c C:/NXP/MCUXpressoIDE_24.12.148/ide/tools/bin/../lib/gcc/arm-none-eabi/13.2.1/thumb/v7e-m+dp/hard\libm.a(libm_a-math_err.o)
 .text.xflow    0x000054d4       0x24 C:/NXP/MCUXpressoIDE_24.12.148/ide/tools/bin/../lib/gcc/arm-none-eabi/13.2.1/thumb/v7e-m+dp/hard\libm.a(libm_a-math_err.o)
 .text.__math_uflow
                0x000054f8       0x10 C:/NXP/MCUXpressoIDE_24.12.148/ide/tools/bin/../lib/gcc/arm-none-eabi/13.2.1/thumb/v7e-m+dp/hard\libm.a(libm_a-math_err.o)
                0x000054f8                __math_uflow
 .text.__math_oflow
                0x00005508       0x10 C:/NXP/MCUXpressoIDE_24.12.148/ide/tools/bin/../lib/gcc/arm-none-eabi/13.2.1/thumb/v7e-m+dp/hard\libm.a(libm_a-math_err.o)
                0x00005508                __math_oflow
 .text.__math_divzero
                0x00005518       0x30 C:/NXP/MCUXpressoIDE_24.12.148/ide/tools/bin/../lib/gcc/arm-none-eabi/13.2.1/thumb/v7e-m+dp/hard\libm.a(libm_a-math_err.o)
                0x00005518                __math_divzero
 .text.__math_invalid
                0x00005548       0x20 C:/NXP/MCUXpressoIDE_24.12.148/ide/tools/bin/../lib/gcc/arm-none-eabi/13.2.1/thumb/v7e-m+dp/hard\libm.a(libm_a-math_err.o)
                0x00005548                __math_invalid
 .text.__math_check_uflow
                0x00005568       0x14 C:/NXP/MCUXpressoIDE_24.12.148/ide/tools/bin/../lib/gcc/arm-none-eabi/13.2.1/thumb/v7e-m+dp/hard\libm.a(libm_a-math_err.o)
                0x00005568                __math_check_uflow
 *fill*         0x0000557c        0x4 
 .text.__math_check_oflow
                0x00005580       0x28 C:/NXP/MCUXpressoIDE_24.12.148/ide/tools/bin/../lib/gcc/arm-none-eabi/13.2.1/thumb/v7e-m+dp/hard\libm.a(libm_a-math_err.o)
                0x00005580                __math_check_oflow
 .text._exit    0x000055a8        0x2 C:/NXP/MCUXpressoIDE_24.12.148/ide/tools/bin/../lib/gcc/arm-none-eabi/13.2.1/../../../../arm-none-eabi/lib/thumb/v7e-m+dp/hard\libcr_newlib_nohost.a(_exit.o)
                0x000055a8                _exit
 *(.rodata)
 *fill*         0x000055aa        0x2 
 .rodata        0x000055ac      0x163 CMakeFiles/ii2c_polling_b2b_transfer_master_cm7.elf.dir/C_/Users/TChyn/Desktop/Chyn/firmware-and-dts/M7/i2c_for_mpu_and_adxl/i2c_polling_b2b_transfer_master.c.obj
 *fill*         0x0000570f        0x1 
 .rodata        0x00005710      0x123 CMakeFiles/ii2c_polling_b2b_transfer_master_cm7.elf.dir/C_/Users/TChyn/Desktop/Chyn/firmware-and-dts/M7/i2c_for_mpu_and_adxl/board.c.obj
 *fill*         0x00005833        0x1 
 .rodata        0x00005834       0xf3 CMakeFiles/ii2c_polling_b2b_transfer_master_cm7.elf.dir/c_/Users/TChyn/Downloads/SDK_25_06_00_EVK-MIMX8MP/components/uart/fsl_adapter_iuart.c.obj
 *fill*         0x00005927        0x1 
 .rodata        0x00005928       0x6a CMakeFiles/ii2c_polling_b2b_transfer_master_cm7.elf.dir/c_/Users/TChyn/Downloads/SDK_25_06_00_EVK-MIMX8MP/devices/MIMX8ML8/drivers/fsl_audiomix.c.obj
 *fill*         0x00005992        0x2 
 .rodata        0x00005994      0x186 CMakeFiles/ii2c_polling_b2b_transfer_master_cm7.elf.dir/c_/Users/TChyn/Downloads/SDK_25_06_00_EVK-MIMX8MP/devices/MIMX8ML8/drivers/fsl_clock.c.obj
 *fill*         0x00005b1a        0x2 
 .rodata        0x00005b1c      0x114 CMakeFiles/ii2c_polling_b2b_transfer_master_cm7.elf.dir/c_/Users/TChyn/Downloads/SDK_25_06_00_EVK-MIMX8MP/devices/MIMX8ML8/drivers/fsl_i2c.c.obj
 .rodata        0x00005c30      0x296 CMakeFiles/ii2c_polling_b2b_transfer_master_cm7.elf.dir/c_/Users/TChyn/Downloads/SDK_25_06_00_EVK-MIMX8MP/devices/MIMX8ML8/drivers/fsl_uart.c.obj
 *fill*         0x00005ec6        0x2 
 .rodata        0x00005ec8      0x13e CMakeFiles/ii2c_polling_b2b_transfer_master_cm7.elf.dir/c_/Users/TChyn/Downloads/SDK_25_06_00_EVK-MIMX8MP/devices/MIMX8ML8/drivers/fsl_rdc.c.obj
 *fill*         0x00006006        0x2 
 .rodata        0x00006008       0x3e CMakeFiles/ii2c_polling_b2b_transfer_master_cm7.elf.dir/29413a3aabdc15e8e6459658cc6f4d54/devices/MIMX8ML8/utilities/debug_console_lite/fsl_assert.c.obj
 *(.rodata*)
 *fill*         0x00006046        0x2 
 .rodata.__func__.1
                0x00006048       0x11 CMakeFiles/ii2c_polling_b2b_transfer_master_cm7.elf.dir/C_/Users/TChyn/Desktop/Chyn/firmware-and-dts/M7/i2c_for_mpu_and_adxl/board.c.obj
 *fill*         0x00006059        0x3 
 .rodata.__func__.0
                0x0000605c       0x1a CMakeFiles/ii2c_polling_b2b_transfer_master_cm7.elf.dir/C_/Users/TChyn/Desktop/Chyn/firmware-and-dts/M7/i2c_for_mpu_and_adxl/board.c.obj
 *fill*         0x00006076        0x2 
 .rodata.g_audioPll1Config
                0x00006078       0x10 CMakeFiles/ii2c_polling_b2b_transfer_master_cm7.elf.dir/C_/Users/TChyn/Desktop/Chyn/firmware-and-dts/M7/i2c_for_mpu_and_adxl/clock_config.c.obj
                0x00006078                g_audioPll1Config
 .rodata.g_audioPll2Config
                0x00006088       0x10 CMakeFiles/ii2c_polling_b2b_transfer_master_cm7.elf.dir/C_/Users/TChyn/Desktop/Chyn/firmware-and-dts/M7/i2c_for_mpu_and_adxl/clock_config.c.obj
                0x00006088                g_audioPll2Config
 .rodata.g_saiPLLConfig
                0x00006098       0x10 CMakeFiles/ii2c_polling_b2b_transfer_master_cm7.elf.dir/C_/Users/TChyn/Desktop/Chyn/firmware-and-dts/M7/i2c_for_mpu_and_adxl/clock_config.c.obj
                0x00006098                g_saiPLLConfig
 .rodata.s_UartAdapterBase
                0x000060a8       0x14 CMakeFiles/ii2c_polling_b2b_transfer_master_cm7.elf.dir/c_/Users/TChyn/Downloads/SDK_25_06_00_EVK-MIMX8MP/components/uart/fsl_adapter_iuart.c.obj
 .rodata.__func__.5
                0x000060bc        0xd CMakeFiles/ii2c_polling_b2b_transfer_master_cm7.elf.dir/c_/Users/TChyn/Downloads/SDK_25_06_00_EVK-MIMX8MP/components/uart/fsl_adapter_iuart.c.obj
 *fill*         0x000060c9        0x3 
 .rodata.__func__.3
                0x000060cc       0x18 CMakeFiles/ii2c_polling_b2b_transfer_master_cm7.elf.dir/c_/Users/TChyn/Downloads/SDK_25_06_00_EVK-MIMX8MP/components/uart/fsl_adapter_iuart.c.obj
 .rodata.__func__.2
                0x000060e4       0x15 CMakeFiles/ii2c_polling_b2b_transfer_master_cm7.elf.dir/c_/Users/TChyn/Downloads/SDK_25_06_00_EVK-MIMX8MP/components/uart/fsl_adapter_iuart.c.obj
 *fill*         0x000060f9        0x3 
 .rodata.__func__.0
                0x000060fc       0x16 CMakeFiles/ii2c_polling_b2b_transfer_master_cm7.elf.dir/c_/Users/TChyn/Downloads/SDK_25_06_00_EVK-MIMX8MP/devices/MIMX8ML8/drivers/fsl_audiomix.c.obj
 *fill*         0x00006112        0x2 
 .rodata.__func__.11
                0x00006114       0x14 CMakeFiles/ii2c_polling_b2b_transfer_master_cm7.elf.dir/c_/Users/TChyn/Downloads/SDK_25_06_00_EVK-MIMX8MP/devices/MIMX8ML8/drivers/fsl_clock.c.obj
 .rodata.__func__.10
                0x00006128       0x14 CMakeFiles/ii2c_polling_b2b_transfer_master_cm7.elf.dir/c_/Users/TChyn/Downloads/SDK_25_06_00_EVK-MIMX8MP/devices/MIMX8ML8/drivers/fsl_clock.c.obj
 .rodata.__func__.5
                0x0000613c       0x12 CMakeFiles/ii2c_polling_b2b_transfer_master_cm7.elf.dir/c_/Users/TChyn/Downloads/SDK_25_06_00_EVK-MIMX8MP/devices/MIMX8ML8/drivers/fsl_clock.c.obj
 *fill*         0x0000614e        0x2 
 .rodata.__func__.4
                0x00006150       0x15 CMakeFiles/ii2c_polling_b2b_transfer_master_cm7.elf.dir/c_/Users/TChyn/Downloads/SDK_25_06_00_EVK-MIMX8MP/devices/MIMX8ML8/drivers/fsl_clock.c.obj
 *fill*         0x00006165        0x3 
 .rodata.__func__.2
                0x00006168       0x18 CMakeFiles/ii2c_polling_b2b_transfer_master_cm7.elf.dir/c_/Users/TChyn/Downloads/SDK_25_06_00_EVK-MIMX8MP/devices/MIMX8ML8/drivers/fsl_clock.c.obj
 .rodata.__func__.1
                0x00006180       0x15 CMakeFiles/ii2c_polling_b2b_transfer_master_cm7.elf.dir/c_/Users/TChyn/Downloads/SDK_25_06_00_EVK-MIMX8MP/devices/MIMX8ML8/drivers/fsl_clock.c.obj
 *fill*         0x00006195        0x3 
 .rodata.s_i2cDividerTable
                0x00006198       0x80 CMakeFiles/ii2c_polling_b2b_transfer_master_cm7.elf.dir/c_/Users/TChyn/Downloads/SDK_25_06_00_EVK-MIMX8MP/devices/MIMX8ML8/drivers/fsl_i2c.c.obj
 .rodata.s_i2cBases
                0x00006218       0x1c CMakeFiles/ii2c_polling_b2b_transfer_master_cm7.elf.dir/c_/Users/TChyn/Downloads/SDK_25_06_00_EVK-MIMX8MP/devices/MIMX8ML8/drivers/fsl_i2c.c.obj
 .rodata.s_i2cClocks
                0x00006234       0x1c CMakeFiles/ii2c_polling_b2b_transfer_master_cm7.elf.dir/c_/Users/TChyn/Downloads/SDK_25_06_00_EVK-MIMX8MP/devices/MIMX8ML8/drivers/fsl_i2c.c.obj
 .rodata.__func__.16
                0x00006250       0x10 CMakeFiles/ii2c_polling_b2b_transfer_master_cm7.elf.dir/c_/Users/TChyn/Downloads/SDK_25_06_00_EVK-MIMX8MP/devices/MIMX8ML8/drivers/fsl_i2c.c.obj
 .rodata.__func__.14
                0x00006260        0xf CMakeFiles/ii2c_polling_b2b_transfer_master_cm7.elf.dir/c_/Users/TChyn/Downloads/SDK_25_06_00_EVK-MIMX8MP/devices/MIMX8ML8/drivers/fsl_i2c.c.obj
 *fill*         0x0000626f        0x1 
 .rodata.__func__.13
                0x00006270       0x1b CMakeFiles/ii2c_polling_b2b_transfer_master_cm7.elf.dir/c_/Users/TChyn/Downloads/SDK_25_06_00_EVK-MIMX8MP/devices/MIMX8ML8/drivers/fsl_i2c.c.obj
 *fill*         0x0000628b        0x1 
 .rodata.__func__.12
                0x0000628c       0x1b CMakeFiles/ii2c_polling_b2b_transfer_master_cm7.elf.dir/c_/Users/TChyn/Downloads/SDK_25_06_00_EVK-MIMX8MP/devices/MIMX8ML8/drivers/fsl_i2c.c.obj
 *fill*         0x000062a7        0x1 
 .rodata.s_uartBases
                0x000062a8       0x14 CMakeFiles/ii2c_polling_b2b_transfer_master_cm7.elf.dir/c_/Users/TChyn/Downloads/SDK_25_06_00_EVK-MIMX8MP/devices/MIMX8ML8/drivers/fsl_uart.c.obj
 .rodata.s_uartClock
                0x000062bc       0x14 CMakeFiles/ii2c_polling_b2b_transfer_master_cm7.elf.dir/c_/Users/TChyn/Downloads/SDK_25_06_00_EVK-MIMX8MP/devices/MIMX8ML8/drivers/fsl_uart.c.obj
 .rodata.__func__.24
                0x000062d0       0x11 CMakeFiles/ii2c_polling_b2b_transfer_master_cm7.elf.dir/c_/Users/TChyn/Downloads/SDK_25_06_00_EVK-MIMX8MP/devices/MIMX8ML8/drivers/fsl_uart.c.obj
 *fill*         0x000062e1        0x3 
 .rodata.__func__.21
                0x000062e4        0xa CMakeFiles/ii2c_polling_b2b_transfer_master_cm7.elf.dir/c_/Users/TChyn/Downloads/SDK_25_06_00_EVK-MIMX8MP/devices/MIMX8ML8/drivers/fsl_uart.c.obj
 *fill*         0x000062ee        0x2 
 .rodata.__func__.20
                0x000062f0       0x18 CMakeFiles/ii2c_polling_b2b_transfer_master_cm7.elf.dir/c_/Users/TChyn/Downloads/SDK_25_06_00_EVK-MIMX8MP/devices/MIMX8ML8/drivers/fsl_uart.c.obj
 .rodata.__func__.19
                0x00006308       0x18 CMakeFiles/ii2c_polling_b2b_transfer_master_cm7.elf.dir/c_/Users/TChyn/Downloads/SDK_25_06_00_EVK-MIMX8MP/devices/MIMX8ML8/drivers/fsl_uart.c.obj
 .rodata.__func__.18
                0x00006320       0x17 CMakeFiles/ii2c_polling_b2b_transfer_master_cm7.elf.dir/c_/Users/TChyn/Downloads/SDK_25_06_00_EVK-MIMX8MP/devices/MIMX8ML8/drivers/fsl_uart.c.obj
 *fill*         0x00006337        0x1 
 .rodata.__func__.17
                0x00006338       0x16 CMakeFiles/ii2c_polling_b2b_transfer_master_cm7.elf.dir/c_/Users/TChyn/Downloads/SDK_25_06_00_EVK-MIMX8MP/devices/MIMX8ML8/drivers/fsl_uart.c.obj
 *fill*         0x0000634e        0x2 
 .rodata.__func__.13
                0x00006350       0x13 CMakeFiles/ii2c_polling_b2b_transfer_master_cm7.elf.dir/c_/Users/TChyn/Downloads/SDK_25_06_00_EVK-MIMX8MP/devices/MIMX8ML8/drivers/fsl_uart.c.obj
 *fill*         0x00006363        0x1 
 .rodata.__func__.12
                0x00006364       0x12 CMakeFiles/ii2c_polling_b2b_transfer_master_cm7.elf.dir/c_/Users/TChyn/Downloads/SDK_25_06_00_EVK-MIMX8MP/devices/MIMX8ML8/drivers/fsl_uart.c.obj
 *fill*         0x00006376        0x2 
 .rodata.__func__.6
                0x00006378       0x1e CMakeFiles/ii2c_polling_b2b_transfer_master_cm7.elf.dir/c_/Users/TChyn/Downloads/SDK_25_06_00_EVK-MIMX8MP/devices/MIMX8ML8/drivers/fsl_rdc.c.obj
 *fill*         0x00006396        0x2 
 .rodata.__pow_log_data
                0x00006398     0x1048 C:/NXP/MCUXpressoIDE_24.12.148/ide/tools/bin/../lib/gcc/arm-none-eabi/13.2.1/thumb/v7e-m+dp/hard\libm.a(libm_a-pow_log_data.o)
                0x00006398                __pow_log_data
 .rodata.__exp_data
                0x000073e0      0x870 C:/NXP/MCUXpressoIDE_24.12.148/ide/tools/bin/../lib/gcc/arm-none-eabi/13.2.1/thumb/v7e-m+dp/hard\libm.a(libm_a-exp_data.o)
                0x000073e0                __exp_data
 *(.glue_7)
 .glue_7        0x00007c50        0x0 linker stubs
 *(.glue_7t)
 .glue_7t       0x00007c50        0x0 linker stubs
 *(.eh_frame)
 .eh_frame      0x00007c50        0x0 C:/NXP/MCUXpressoIDE_24.12.148/ide/tools/bin/../lib/gcc/arm-none-eabi/13.2.1/thumb/v7e-m+dp/hard/crtbegin.o
 *(.init)
 .init          0x00007c50        0x4 C:/NXP/MCUXpressoIDE_24.12.148/ide/tools/bin/../lib/gcc/arm-none-eabi/13.2.1/thumb/v7e-m+dp/hard/crti.o
                0x00007c50                _init
 .init          0x00007c54        0x8 C:/NXP/MCUXpressoIDE_24.12.148/ide/tools/bin/../lib/gcc/arm-none-eabi/13.2.1/thumb/v7e-m+dp/hard/crtn.o
 *(.fini)
 .fini          0x00007c5c        0x4 C:/NXP/MCUXpressoIDE_24.12.148/ide/tools/bin/../lib/gcc/arm-none-eabi/13.2.1/thumb/v7e-m+dp/hard/crti.o
                0x00007c5c                _fini
 .fini          0x00007c60        0x8 C:/NXP/MCUXpressoIDE_24.12.148/ide/tools/bin/../lib/gcc/arm-none-eabi/13.2.1/thumb/v7e-m+dp/hard/crtn.o
                0x00007c68                        . = ALIGN (0x4)

.vfp11_veneer   0x00007c68        0x0
 .vfp11_veneer  0x00007c68        0x0 linker stubs

.v4_bx          0x00007c68        0x0
 .v4_bx         0x00007c68        0x0 linker stubs

.iplt           0x00007c68        0x0
 .iplt          0x00007c68        0x0 C:/NXP/MCUXpressoIDE_24.12.148/ide/tools/bin/../lib/gcc/arm-none-eabi/13.2.1/thumb/v7e-m+dp/hard/crtbegin.o

.ARM.extab
 *(.ARM.extab* .gnu.linkonce.armextab.*)

.ARM            0x00007c68        0x8
                0x00007c68                        __exidx_start = .
 *(.ARM.exidx*)
 .ARM.exidx     0x00007c68        0x8 C:/NXP/MCUXpressoIDE_24.12.148/ide/tools/bin/../lib/gcc/arm-none-eabi/13.2.1/thumb/v7e-m+dp/hard/crt0.o
                                 0x10 (size before relaxing)
 .ARM.exidx     0x00007c70        0x0 C:/NXP/MCUXpressoIDE_24.12.148/ide/tools/bin/../lib/gcc/arm-none-eabi/13.2.1/thumb/v7e-m+dp/hard\libc_nano.a(libc_a-strlen.o)
                                  0x8 (size before relaxing)
 .ARM.exidx.text.__udivmoddi4
                0x00007c70        0x0 C:/NXP/MCUXpressoIDE_24.12.148/ide/tools/bin/../lib/gcc/arm-none-eabi/13.2.1/thumb/v7e-m+dp/hard\libgcc.a(_udivmoddi4.o)
                                  0x8 (size before relaxing)
                0x00007c70                        __exidx_end = .

.rel.dyn        0x00007c70        0x0
 .rel.iplt      0x00007c70        0x0 C:/NXP/MCUXpressoIDE_24.12.148/ide/tools/bin/../lib/gcc/arm-none-eabi/13.2.1/thumb/v7e-m+dp/hard/crtbegin.o

.ctors          0x00007c70        0x0
                0x00007c70                        __CTOR_LIST__ = .
 *crtbegin.o(.ctors)
 *crtbegin?.o(.ctors)
 *(EXCLUDE_FILE(*crtend.o *crtend?.o) .ctors)
 *(SORT_BY_NAME(.ctors.*))
 *(.ctors)
                0x00007c70                        __CTOR_END__ = .

.dtors          0x00007c70        0x0
                0x00007c70                        __DTOR_LIST__ = .
 *crtbegin.o(.dtors)
 *crtbegin?.o(.dtors)
 *(EXCLUDE_FILE(*crtend.o *crtend?.o) .dtors)
 *(SORT_BY_NAME(.dtors.*))
 *(.dtors)
                0x00007c70                        __DTOR_END__ = .

.preinit_array  0x00007c70        0x0
                0x00007c70                        PROVIDE (__preinit_array_start = .)
 *(.preinit_array*)
                0x00007c70                        PROVIDE (__preinit_array_end = .)

.init_array     0x00007c70        0x4
                0x00007c70                        PROVIDE (__init_array_start = .)
 *(SORT_BY_NAME(.init_array.*))
 *(.init_array*)
 .init_array    0x00007c70        0x4 C:/NXP/MCUXpressoIDE_24.12.148/ide/tools/bin/../lib/gcc/arm-none-eabi/13.2.1/thumb/v7e-m+dp/hard/crtbegin.o
                0x00007c74                        PROVIDE (__init_array_end = .)

.fini_array     0x00007c74        0x4
                [!provide]                        PROVIDE (__fini_array_start = .)
 *(SORT_BY_NAME(.fini_array.*))
 *(.fini_array*)
 .fini_array    0x00007c74        0x4 C:/NXP/MCUXpressoIDE_24.12.148/ide/tools/bin/../lib/gcc/arm-none-eabi/13.2.1/thumb/v7e-m+dp/hard/crtbegin.o
                [!provide]                        PROVIDE (__fini_array_end = .)
                0x00007c78                        __etext = .
                0x00007c78                        __DATA_ROM = .

.data           0x20000000       0x54 load address 0x00007c78
                0x20000000                        . = ALIGN (0x4)
                0x20000000                        __DATA_RAM = .
                0x20000000                        __data_start__ = .
 *(.data)
 *(.data*)
 .data.SystemCoreClock
                0x20000000        0x4 CMakeFiles/ii2c_polling_b2b_transfer_master_cm7.elf.dir/c_/Users/TChyn/Downloads/SDK_25_06_00_EVK-MIMX8MP/devices/MIMX8ML8/system_MIMX8ML8_cm7.c.obj
                0x20000000                SystemCoreClock
 .data._impure_ptr
                0x20000004        0x4 C:/NXP/MCUXpressoIDE_24.12.148/ide/tools/bin/../lib/gcc/arm-none-eabi/13.2.1/thumb/v7e-m+dp/hard\libc_nano.a(libc_a-impure.o)
                0x20000004                _impure_ptr
 .data._impure_data
                0x20000008       0x4c C:/NXP/MCUXpressoIDE_24.12.148/ide/tools/bin/../lib/gcc/arm-none-eabi/13.2.1/thumb/v7e-m+dp/hard\libc_nano.a(libc_a-impure.o)
                0x20000008                _impure_data
 *(.jcr*)
                0x20000054                        . = ALIGN (0x4)
                0x20000054                        __data_end__ = .
                0x00000000                        __CACHE_REGION_START = ORIGIN (m_interrupts)
                0x00000000                        __CACHE_REGION_SIZE = 0x0
                0x00007ccc                        __NDATA_ROM = (__DATA_ROM + SIZEOF (.data))

.tm_clone_table
                0x20000054        0x0 load address 0x00007ccc
 .tm_clone_table
                0x20000054        0x0 C:/NXP/MCUXpressoIDE_24.12.148/ide/tools/bin/../lib/gcc/arm-none-eabi/13.2.1/thumb/v7e-m+dp/hard/crtbegin.o
 .tm_clone_table
                0x20000054        0x0 C:/NXP/MCUXpressoIDE_24.12.148/ide/tools/bin/../lib/gcc/arm-none-eabi/13.2.1/thumb/v7e-m+dp/hard/crtend.o

.igot.plt       0x20000054        0x0 load address 0x00007ccc
 .igot.plt      0x20000054        0x0 C:/NXP/MCUXpressoIDE_24.12.148/ide/tools/bin/../lib/gcc/arm-none-eabi/13.2.1/thumb/v7e-m+dp/hard/crtbegin.o

.ncache.init    0x80000000        0x0 load address 0x00007ccc
                0x80000000                        __noncachedata_start__ = .
 *(NonCacheable.init)
                0x80000000                        . = ALIGN (0x4)
                0x80000000                        __noncachedata_init_end__ = .
                0x80000000                        . = __noncachedata_init_end__

.ncache         0x80000000        0x0
 *(NonCacheable)
                0x80000000                        . = ALIGN (0x4)
                0x80000000                        __noncachedata_end__ = .
                0x00007ccc                        __DATA_END = (__DATA_ROM + (__data_end__ - __data_start__))
                0x00020000                        text_end = (ORIGIN (m_text) + LENGTH (m_text))
                0x00000001                        ASSERT ((__DATA_END <= text_end), region m_text overflowed with text and data)

.bss            0x20000054      0x1c8 load address 0x00007ccc
                0x20000054                        . = ALIGN (0x4)
                0x20000054                        __START_BSS = .
                0x20000054                        __bss_start__ = .
 *(.bss)
 *(.bss*)
 .bss.completed.1
                0x20000054        0x1 C:/NXP/MCUXpressoIDE_24.12.148/ide/tools/bin/../lib/gcc/arm-none-eabi/13.2.1/thumb/v7e-m+dp/hard/crtbegin.o
 *fill*         0x20000055        0x3 
 .bss.object.0  0x20000058       0x18 C:/NXP/MCUXpressoIDE_24.12.148/ide/tools/bin/../lib/gcc/arm-none-eabi/13.2.1/thumb/v7e-m+dp/hard/crtbegin.o
 .bss.g_master_txBuff
                0x20000070       0x20 CMakeFiles/ii2c_polling_b2b_transfer_master_cm7.elf.dir/C_/Users/TChyn/Desktop/Chyn/firmware-and-dts/M7/i2c_for_mpu_and_adxl/i2c_polling_b2b_transfer_master.c.obj
 .bss.s_i2cHandle
                0x20000090       0x1c CMakeFiles/ii2c_polling_b2b_transfer_master_cm7.elf.dir/c_/Users/TChyn/Downloads/SDK_25_06_00_EVK-MIMX8MP/devices/MIMX8ML8/drivers/fsl_i2c.c.obj
 .bss.s_i2cMasterIsr
                0x200000ac        0x4 CMakeFiles/ii2c_polling_b2b_transfer_master_cm7.elf.dir/c_/Users/TChyn/Downloads/SDK_25_06_00_EVK-MIMX8MP/devices/MIMX8ML8/drivers/fsl_i2c.c.obj
 .bss.s_i2cSlaveIsr
                0x200000b0        0x4 CMakeFiles/ii2c_polling_b2b_transfer_master_cm7.elf.dir/c_/Users/TChyn/Downloads/SDK_25_06_00_EVK-MIMX8MP/devices/MIMX8ML8/drivers/fsl_i2c.c.obj
 .bss.s_uartIsr
                0x200000b4        0x4 CMakeFiles/ii2c_polling_b2b_transfer_master_cm7.elf.dir/c_/Users/TChyn/Downloads/SDK_25_06_00_EVK-MIMX8MP/devices/MIMX8ML8/drivers/fsl_uart.c.obj
                0x200000b4                s_uartIsr
 .bss.s_uartHandle
                0x200000b8       0x14 CMakeFiles/ii2c_polling_b2b_transfer_master_cm7.elf.dir/c_/Users/TChyn/Downloads/SDK_25_06_00_EVK-MIMX8MP/devices/MIMX8ML8/drivers/fsl_uart.c.obj
                0x200000b8                s_uartHandle
 .bss.s_debugConsole
                0x200000cc       0x14 CMakeFiles/ii2c_polling_b2b_transfer_master_cm7.elf.dir/29413a3aabdc15e8e6459658cc6f4d54/devices/MIMX8ML8/utilities/debug_console_lite/fsl_debug_console.c.obj
 .bss.__sf      0x200000e0      0x138 C:/NXP/MCUXpressoIDE_24.12.148/ide/tools/bin/../lib/gcc/arm-none-eabi/13.2.1/thumb/v7e-m+dp/hard\libc_nano.a(libc_a-findfp.o)
                0x200000e0                __sf
 .bss.__stdio_exit_handler
                0x20000218        0x4 C:/NXP/MCUXpressoIDE_24.12.148/ide/tools/bin/../lib/gcc/arm-none-eabi/13.2.1/thumb/v7e-m+dp/hard\libc_nano.a(libc_a-findfp.o)
                0x20000218                __stdio_exit_handler
 *(COMMON)
                0x2000021c                        . = ALIGN (0x4)
                0x2000021c                        __bss_end__ = .
                0x2000021c                        __END_BSS = .

.heap           0x2000021c      0x404 load address 0x00007e94
                0x20000220                        . = ALIGN (0x8)
 *fill*         0x2000021c        0x4 
                0x20000220                        __end__ = .
                0x20000220                        PROVIDE (end = .)
                0x20000220                        __HeapBase = .
                0x20000620                        . = (. + HEAP_SIZE)
 *fill*         0x20000220      0x400 
                0x20000620                        __HeapLimit = .
                0x20000620                        __heap_limit = .

.stack          0x20000620      0x400 load address 0x00008298
                0x20000620                        . = ALIGN (0x8)
                0x20000a20                        . = (. + STACK_SIZE)
 *fill*         0x20000620      0x400 
                0x20020000                        __StackTop = (ORIGIN (m_data) + LENGTH (m_data))
                0x2001fc00                        __StackLimit = (__StackTop - STACK_SIZE)
                0x20020000                        PROVIDE (__stack = __StackTop)

.ARM.attributes
                0x00000000       0x2e
 *(.ARM.attributes)
 .ARM.attributes
                0x00000000       0x20 C:/NXP/MCUXpressoIDE_24.12.148/ide/tools/bin/../lib/gcc/arm-none-eabi/13.2.1/thumb/v7e-m+dp/hard/crti.o
 .ARM.attributes
                0x00000020       0x32 C:/NXP/MCUXpressoIDE_24.12.148/ide/tools/bin/../lib/gcc/arm-none-eabi/13.2.1/thumb/v7e-m+dp/hard/crtbegin.o
 .ARM.attributes
                0x00000052       0x1e C:/NXP/MCUXpressoIDE_24.12.148/ide/tools/bin/../lib/gcc/arm-none-eabi/13.2.1/thumb/v7e-m+dp/hard/crt0.o
 .ARM.attributes
                0x00000070       0x32 CMakeFiles/ii2c_polling_b2b_transfer_master_cm7.elf.dir/C_/Users/TChyn/Desktop/Chyn/firmware-and-dts/M7/i2c_for_mpu_and_adxl/i2c_polling_b2b_transfer_master.c.obj
 .ARM.attributes
                0x000000a2       0x32 CMakeFiles/ii2c_polling_b2b_transfer_master_cm7.elf.dir/C_/Users/TChyn/Desktop/Chyn/firmware-and-dts/M7/i2c_for_mpu_and_adxl/empty_rsc_table.c.obj
 .ARM.attributes
                0x000000d4       0x32 CMakeFiles/ii2c_polling_b2b_transfer_master_cm7.elf.dir/C_/Users/TChyn/Desktop/Chyn/firmware-and-dts/M7/i2c_for_mpu_and_adxl/board.c.obj
 .ARM.attributes
                0x00000106       0x32 CMakeFiles/ii2c_polling_b2b_transfer_master_cm7.elf.dir/C_/Users/TChyn/Desktop/Chyn/firmware-and-dts/M7/i2c_for_mpu_and_adxl/clock_config.c.obj
 .ARM.attributes
                0x00000138       0x32 CMakeFiles/ii2c_polling_b2b_transfer_master_cm7.elf.dir/C_/Users/TChyn/Desktop/Chyn/firmware-and-dts/M7/i2c_for_mpu_and_adxl/pin_mux.c.obj
 .ARM.attributes
                0x0000016a       0x32 CMakeFiles/ii2c_polling_b2b_transfer_master_cm7.elf.dir/C_/Users/TChyn/Desktop/Chyn/firmware-and-dts/M7/i2c_for_mpu_and_adxl/hardware_init.c.obj
 .ARM.attributes
                0x0000019c       0x32 CMakeFiles/ii2c_polling_b2b_transfer_master_cm7.elf.dir/c_/Users/TChyn/Downloads/SDK_25_06_00_EVK-MIMX8MP/components/uart/fsl_adapter_iuart.c.obj
 .ARM.attributes
                0x000001ce       0x1d CMakeFiles/ii2c_polling_b2b_transfer_master_cm7.elf.dir/c_/Users/TChyn/Downloads/SDK_25_06_00_EVK-MIMX8MP/devices/MIMX8ML8/gcc/startup_MIMX8ML8_cm7.S.obj
 .ARM.attributes
                0x000001eb       0x32 CMakeFiles/ii2c_polling_b2b_transfer_master_cm7.elf.dir/c_/Users/TChyn/Downloads/SDK_25_06_00_EVK-MIMX8MP/devices/MIMX8ML8/system_MIMX8ML8_cm7.c.obj
 .ARM.attributes
                0x0000021d       0x32 CMakeFiles/ii2c_polling_b2b_transfer_master_cm7.elf.dir/c_/Users/TChyn/Downloads/SDK_25_06_00_EVK-MIMX8MP/devices/MIMX8ML8/drivers/fsl_audiomix.c.obj
 .ARM.attributes
                0x0000024f       0x32 CMakeFiles/ii2c_polling_b2b_transfer_master_cm7.elf.dir/c_/Users/TChyn/Downloads/SDK_25_06_00_EVK-MIMX8MP/devices/MIMX8ML8/drivers/fsl_clock.c.obj
 .ARM.attributes
                0x00000281       0x32 CMakeFiles/ii2c_polling_b2b_transfer_master_cm7.elf.dir/c_/Users/TChyn/Downloads/SDK_25_06_00_EVK-MIMX8MP/devices/MIMX8ML8/drivers/fsl_i2c.c.obj
 .ARM.attributes
                0x000002b3       0x32 CMakeFiles/ii2c_polling_b2b_transfer_master_cm7.elf.dir/c_/Users/TChyn/Downloads/SDK_25_06_00_EVK-MIMX8MP/devices/MIMX8ML8/drivers/fsl_uart.c.obj
 .ARM.attributes
                0x000002e5       0x32 CMakeFiles/ii2c_polling_b2b_transfer_master_cm7.elf.dir/c_/Users/TChyn/Downloads/SDK_25_06_00_EVK-MIMX8MP/devices/MIMX8ML8/drivers/fsl_rdc.c.obj
 .ARM.attributes
                0x00000317       0x1e CMakeFiles/ii2c_polling_b2b_transfer_master_cm7.elf.dir/c_/Users/TChyn/Downloads/SDK_25_06_00_EVK-MIMX8MP/devices/MIMX8ML8/utilities/fsl_memcpy.S.obj
 .ARM.attributes
                0x00000335       0x32 CMakeFiles/ii2c_polling_b2b_transfer_master_cm7.elf.dir/29413a3aabdc15e8e6459658cc6f4d54/devices/MIMX8ML8/utilities/debug_console_lite/fsl_assert.c.obj
 .ARM.attributes
                0x00000367       0x32 CMakeFiles/ii2c_polling_b2b_transfer_master_cm7.elf.dir/29413a3aabdc15e8e6459658cc6f4d54/devices/MIMX8ML8/utilities/debug_console_lite/fsl_debug_console.c.obj
 .ARM.attributes
                0x00000399       0x20 C:/NXP/MCUXpressoIDE_24.12.148/ide/tools/bin/../lib/gcc/arm-none-eabi/13.2.1/thumb/v7e-m+dp/hard\libgcc.a(_arm_addsubdf3.o)
 .ARM.attributes
                0x000003b9       0x20 C:/NXP/MCUXpressoIDE_24.12.148/ide/tools/bin/../lib/gcc/arm-none-eabi/13.2.1/thumb/v7e-m+dp/hard\libgcc.a(_aeabi_uldivmod.o)
 .ARM.attributes
                0x000003d9       0x32 C:/NXP/MCUXpressoIDE_24.12.148/ide/tools/bin/../lib/gcc/arm-none-eabi/13.2.1/thumb/v7e-m+dp/hard\libgcc.a(_fixdfdi.o)
 .ARM.attributes
                0x0000040b       0x32 C:/NXP/MCUXpressoIDE_24.12.148/ide/tools/bin/../lib/gcc/arm-none-eabi/13.2.1/thumb/v7e-m+dp/hard\libgcc.a(_fixunsdfdi.o)
 .ARM.attributes
                0x0000043d       0x32 C:/NXP/MCUXpressoIDE_24.12.148/ide/tools/bin/../lib/gcc/arm-none-eabi/13.2.1/thumb/v7e-m+dp/hard\libgcc.a(_udivmoddi4.o)
 .ARM.attributes
                0x0000046f       0x20 C:/NXP/MCUXpressoIDE_24.12.148/ide/tools/bin/../lib/gcc/arm-none-eabi/13.2.1/thumb/v7e-m+dp/hard\libgcc.a(_dvmd_tls.o)
 .ARM.attributes
                0x0000048f       0x32 C:/NXP/MCUXpressoIDE_24.12.148/ide/tools/bin/../lib/gcc/arm-none-eabi/13.2.1/thumb/v7e-m+dp/hard\libc_nano.a(libc_a-exit.o)
 .ARM.attributes
                0x000004c1       0x32 C:/NXP/MCUXpressoIDE_24.12.148/ide/tools/bin/../lib/gcc/arm-none-eabi/13.2.1/thumb/v7e-m+dp/hard\libc_nano.a(libc_a-findfp.o)
 .ARM.attributes
                0x000004f3       0x32 C:/NXP/MCUXpressoIDE_24.12.148/ide/tools/bin/../lib/gcc/arm-none-eabi/13.2.1/thumb/v7e-m+dp/hard\libc_nano.a(libc_a-memset.o)
 .ARM.attributes
                0x00000525       0x32 C:/NXP/MCUXpressoIDE_24.12.148/ide/tools/bin/../lib/gcc/arm-none-eabi/13.2.1/thumb/v7e-m+dp/hard\libc_nano.a(libc_a-impure.o)
 .ARM.attributes
                0x00000557       0x32 C:/NXP/MCUXpressoIDE_24.12.148/ide/tools/bin/../lib/gcc/arm-none-eabi/13.2.1/thumb/v7e-m+dp/hard\libc_nano.a(libc_a-errno.o)
 .ARM.attributes
                0x00000589       0x32 C:/NXP/MCUXpressoIDE_24.12.148/ide/tools/bin/../lib/gcc/arm-none-eabi/13.2.1/thumb/v7e-m+dp/hard\libc_nano.a(libc_a-init.o)
 .ARM.attributes
                0x000005bb       0x17 C:/NXP/MCUXpressoIDE_24.12.148/ide/tools/bin/../lib/gcc/arm-none-eabi/13.2.1/thumb/v7e-m+dp/hard\libc_nano.a(libc_a-strlen.o)
 .ARM.attributes
                0x000005d2       0x32 C:/NXP/MCUXpressoIDE_24.12.148/ide/tools/bin/../lib/gcc/arm-none-eabi/13.2.1/thumb/v7e-m+dp/hard\libc_nano.a(libm_a-s_modf.o)
 .ARM.attributes
                0x00000604       0x32 C:/NXP/MCUXpressoIDE_24.12.148/ide/tools/bin/../lib/gcc/arm-none-eabi/13.2.1/thumb/v7e-m+dp/hard\libc_nano.a(libm_a-s_fpclassify.o)
 .ARM.attributes
                0x00000636       0x32 C:/NXP/MCUXpressoIDE_24.12.148/ide/tools/bin/../lib/gcc/arm-none-eabi/13.2.1/thumb/v7e-m+dp/hard\libm.a(libm_a-pow.o)
 .ARM.attributes
                0x00000668       0x32 C:/NXP/MCUXpressoIDE_24.12.148/ide/tools/bin/../lib/gcc/arm-none-eabi/13.2.1/thumb/v7e-m+dp/hard\libm.a(libm_a-pow_log_data.o)
 .ARM.attributes
                0x0000069a       0x32 C:/NXP/MCUXpressoIDE_24.12.148/ide/tools/bin/../lib/gcc/arm-none-eabi/13.2.1/thumb/v7e-m+dp/hard\libm.a(libm_a-exp_data.o)
 .ARM.attributes
                0x000006cc       0x32 C:/NXP/MCUXpressoIDE_24.12.148/ide/tools/bin/../lib/gcc/arm-none-eabi/13.2.1/thumb/v7e-m+dp/hard\libm.a(libm_a-math_err.o)
 .ARM.attributes
                0x000006fe       0x32 C:/NXP/MCUXpressoIDE_24.12.148/ide/tools/bin/../lib/gcc/arm-none-eabi/13.2.1/../../../../arm-none-eabi/lib/thumb/v7e-m+dp/hard\libcr_newlib_nohost.a(_exit.o)
 .ARM.attributes
                0x00000730       0x32 C:/NXP/MCUXpressoIDE_24.12.148/ide/tools/bin/../lib/gcc/arm-none-eabi/13.2.1/thumb/v7e-m+dp/hard/crtend.o
 .ARM.attributes
                0x00000762       0x20 C:/NXP/MCUXpressoIDE_24.12.148/ide/tools/bin/../lib/gcc/arm-none-eabi/13.2.1/thumb/v7e-m+dp/hard/crtn.o
                0x00000001                        ASSERT ((__StackLimit >= __HeapLimit), region m_data overflowed with stack and heap)
OUTPUT(ii2c_polling_b2b_transfer_master_cm7.elf elf32-littlearm)
LOAD linker stubs

.debug_line_str
                0x00000000      0x3ad
 .debug_line_str
                0x00000000      0x3ad C:/NXP/MCUXpressoIDE_24.12.148/ide/tools/bin/../lib/gcc/arm-none-eabi/13.2.1/thumb/v7e-m+dp/hard/crt0.o
                                 0xd6 (size before relaxing)
 .debug_line_str
                0x000003ad       0xb0 CMakeFiles/ii2c_polling_b2b_transfer_master_cm7.elf.dir/c_/Users/TChyn/Downloads/SDK_25_06_00_EVK-MIMX8MP/devices/MIMX8ML8/gcc/startup_MIMX8ML8_cm7.S.obj
 .debug_line_str
                0x000003ad       0xac CMakeFiles/ii2c_polling_b2b_transfer_master_cm7.elf.dir/c_/Users/TChyn/Downloads/SDK_25_06_00_EVK-MIMX8MP/devices/MIMX8ML8/utilities/fsl_memcpy.S.obj
 .debug_line_str
                0x000003ad       0xce C:/NXP/MCUXpressoIDE_24.12.148/ide/tools/bin/../lib/gcc/arm-none-eabi/13.2.1/thumb/v7e-m+dp/hard\libgcc.a(_arm_addsubdf3.o)
 .debug_line_str
                0x000003ad       0xc9 C:/NXP/MCUXpressoIDE_24.12.148/ide/tools/bin/../lib/gcc/arm-none-eabi/13.2.1/thumb/v7e-m+dp/hard\libgcc.a(_aeabi_uldivmod.o)
 .debug_line_str
                0x000003ad       0xcd C:/NXP/MCUXpressoIDE_24.12.148/ide/tools/bin/../lib/gcc/arm-none-eabi/13.2.1/thumb/v7e-m+dp/hard\libgcc.a(_dvmd_tls.o)
 .debug_line_str
                0x000003ad       0xeb C:/NXP/MCUXpressoIDE_24.12.148/ide/tools/bin/../lib/gcc/arm-none-eabi/13.2.1/thumb/v7e-m+dp/hard\libc_nano.a(libc_a-strlen.o)

.debug_info     0x00000000     0xfc4c
 .debug_info    0x00000000      0xc98 CMakeFiles/ii2c_polling_b2b_transfer_master_cm7.elf.dir/C_/Users/TChyn/Desktop/Chyn/firmware-and-dts/M7/i2c_for_mpu_and_adxl/i2c_polling_b2b_transfer_master.c.obj
 .debug_info    0x00000c98       0xa9 CMakeFiles/ii2c_polling_b2b_transfer_master_cm7.elf.dir/C_/Users/TChyn/Desktop/Chyn/firmware-and-dts/M7/i2c_for_mpu_and_adxl/empty_rsc_table.c.obj
 .debug_info    0x00000d41     0x1851 CMakeFiles/ii2c_polling_b2b_transfer_master_cm7.elf.dir/C_/Users/TChyn/Desktop/Chyn/firmware-and-dts/M7/i2c_for_mpu_and_adxl/board.c.obj
 .debug_info    0x00002592     0x1329 CMakeFiles/ii2c_polling_b2b_transfer_master_cm7.elf.dir/C_/Users/TChyn/Desktop/Chyn/firmware-and-dts/M7/i2c_for_mpu_and_adxl/clock_config.c.obj
 .debug_info    0x000038bb      0x1a4 CMakeFiles/ii2c_polling_b2b_transfer_master_cm7.elf.dir/C_/Users/TChyn/Desktop/Chyn/firmware-and-dts/M7/i2c_for_mpu_and_adxl/pin_mux.c.obj
 .debug_info    0x00003a5f      0x7ac CMakeFiles/ii2c_polling_b2b_transfer_master_cm7.elf.dir/C_/Users/TChyn/Desktop/Chyn/firmware-and-dts/M7/i2c_for_mpu_and_adxl/hardware_init.c.obj
 .debug_info    0x0000420b      0xbe8 CMakeFiles/ii2c_polling_b2b_transfer_master_cm7.elf.dir/c_/Users/TChyn/Downloads/SDK_25_06_00_EVK-MIMX8MP/components/uart/fsl_adapter_iuart.c.obj
 .debug_info    0x00004df3      0xf1c CMakeFiles/ii2c_polling_b2b_transfer_master_cm7.elf.dir/c_/Users/TChyn/Downloads/SDK_25_06_00_EVK-MIMX8MP/devices/MIMX8ML8/gcc/startup_MIMX8ML8_cm7.S.obj
 .debug_info    0x00005d0f      0xb73 CMakeFiles/ii2c_polling_b2b_transfer_master_cm7.elf.dir/c_/Users/TChyn/Downloads/SDK_25_06_00_EVK-MIMX8MP/devices/MIMX8ML8/system_MIMX8ML8_cm7.c.obj
 .debug_info    0x00006882      0x834 CMakeFiles/ii2c_polling_b2b_transfer_master_cm7.elf.dir/c_/Users/TChyn/Downloads/SDK_25_06_00_EVK-MIMX8MP/devices/MIMX8ML8/drivers/fsl_audiomix.c.obj
 .debug_info    0x000070b6     0x1ff6 CMakeFiles/ii2c_polling_b2b_transfer_master_cm7.elf.dir/c_/Users/TChyn/Downloads/SDK_25_06_00_EVK-MIMX8MP/devices/MIMX8ML8/drivers/fsl_clock.c.obj
 .debug_info    0x000090ac     0x2228 CMakeFiles/ii2c_polling_b2b_transfer_master_cm7.elf.dir/c_/Users/TChyn/Downloads/SDK_25_06_00_EVK-MIMX8MP/devices/MIMX8ML8/drivers/fsl_i2c.c.obj
 .debug_info    0x0000b2d4     0x2379 CMakeFiles/ii2c_polling_b2b_transfer_master_cm7.elf.dir/c_/Users/TChyn/Downloads/SDK_25_06_00_EVK-MIMX8MP/devices/MIMX8ML8/drivers/fsl_uart.c.obj
 .debug_info    0x0000d64d     0x15c3 CMakeFiles/ii2c_polling_b2b_transfer_master_cm7.elf.dir/c_/Users/TChyn/Downloads/SDK_25_06_00_EVK-MIMX8MP/devices/MIMX8ML8/drivers/fsl_rdc.c.obj
 .debug_info    0x0000ec10       0x25 CMakeFiles/ii2c_polling_b2b_transfer_master_cm7.elf.dir/c_/Users/TChyn/Downloads/SDK_25_06_00_EVK-MIMX8MP/devices/MIMX8ML8/utilities/fsl_memcpy.S.obj
 .debug_info    0x0000ec35      0x126 CMakeFiles/ii2c_polling_b2b_transfer_master_cm7.elf.dir/29413a3aabdc15e8e6459658cc6f4d54/devices/MIMX8ML8/utilities/debug_console_lite/fsl_assert.c.obj
 .debug_info    0x0000ed5b      0xe4e CMakeFiles/ii2c_polling_b2b_transfer_master_cm7.elf.dir/29413a3aabdc15e8e6459658cc6f4d54/devices/MIMX8ML8/utilities/debug_console_lite/fsl_debug_console.c.obj
 .debug_info    0x0000fba9       0xa3 C:/NXP/MCUXpressoIDE_24.12.148/ide/tools/bin/../lib/gcc/arm-none-eabi/13.2.1/../../../../arm-none-eabi/lib/thumb/v7e-m+dp/hard\libcr_newlib_nohost.a(_exit.o)

.debug_abbrev   0x00000000     0x1fbf
 .debug_abbrev  0x00000000      0x203 CMakeFiles/ii2c_polling_b2b_transfer_master_cm7.elf.dir/C_/Users/TChyn/Desktop/Chyn/firmware-and-dts/M7/i2c_for_mpu_and_adxl/i2c_polling_b2b_transfer_master.c.obj
 .debug_abbrev  0x00000203       0x61 CMakeFiles/ii2c_polling_b2b_transfer_master_cm7.elf.dir/C_/Users/TChyn/Desktop/Chyn/firmware-and-dts/M7/i2c_for_mpu_and_adxl/empty_rsc_table.c.obj
 .debug_abbrev  0x00000264      0x36f CMakeFiles/ii2c_polling_b2b_transfer_master_cm7.elf.dir/C_/Users/TChyn/Desktop/Chyn/firmware-and-dts/M7/i2c_for_mpu_and_adxl/board.c.obj
 .debug_abbrev  0x000005d3      0x1dd CMakeFiles/ii2c_polling_b2b_transfer_master_cm7.elf.dir/C_/Users/TChyn/Desktop/Chyn/firmware-and-dts/M7/i2c_for_mpu_and_adxl/clock_config.c.obj
 .debug_abbrev  0x000007b0       0x96 CMakeFiles/ii2c_polling_b2b_transfer_master_cm7.elf.dir/C_/Users/TChyn/Desktop/Chyn/firmware-and-dts/M7/i2c_for_mpu_and_adxl/pin_mux.c.obj