Archive member included to satisfy reference by file (symbol)

C:/NXP/MCUXpressoIDE_24.12.148/ide/tools/bin/../lib/gcc/arm-none-eabi/13.2.1/thumb/v7e-m+dp/hard\libgcc.a(_aeabi_uldivmod.o)
                              CMakeFiles/gpt_capture_cm7.elf.dir/c_/Users/TChyn/Downloads/SDK_25_06_00_EVK-MIMX8MP/devices/MIMX8ML8/system_MIMX8ML8_cm7.c.obj (__aeabi_uldivmod)
C:/NXP/MCUXpressoIDE_24.12.148/ide/tools/bin/../lib/gcc/arm-none-eabi/13.2.1/thumb/v7e-m+dp/hard\libgcc.a(_udivmoddi4.o)
                              C:/NXP/MCUXpressoIDE_24.12.148/ide/tools/bin/../lib/gcc/arm-none-eabi/13.2.1/thumb/v7e-m+dp/hard\libgcc.a(_aeabi_uldivmod.o) (__udivmoddi4)
C:/NXP/MCUXpressoIDE_24.12.148/ide/tools/bin/../lib/gcc/arm-none-eabi/13.2.1/thumb/v7e-m+dp/hard\libgcc.a(_dvmd_tls.o)
                              C:/NXP/MCUXpressoIDE_24.12.148/ide/tools/bin/../lib/gcc/arm-none-eabi/13.2.1/thumb/v7e-m+dp/hard\libgcc.a(_aeabi_uldivmod.o) (__aeabi_ldiv0)
C:/NXP/MCUXpressoIDE_24.12.148/ide/tools/bin/../lib/gcc/arm-none-eabi/13.2.1/thumb/v7e-m+dp/hard\libc_nano.a(libc_a-exit.o)
                              C:/NXP/MCUXpressoIDE_24.12.148/ide/tools/bin/../lib/gcc/arm-none-eabi/13.2.1/thumb/v7e-m+dp/hard/crt0.o (exit)
C:/NXP/MCUXpressoIDE_24.12.148/ide/tools/bin/../lib/gcc/arm-none-eabi/13.2.1/thumb/v7e-m+dp/hard\libc_nano.a(libc_a-malloc.o)
                              CMakeFiles/gpt_capture_cm7.elf.dir/c_/Users/TChyn/Downloads/SDK_25_06_00_EVK-MIMX8MP/devices/MIMX8ML8/drivers/fsl_common.c.obj (malloc)
C:/NXP/MCUXpressoIDE_24.12.148/ide/tools/bin/../lib/gcc/arm-none-eabi/13.2.1/thumb/v7e-m+dp/hard\libc_nano.a(libc_a-mallocr.o)
                              C:/NXP/MCUXpressoIDE_24.12.148/ide/tools/bin/../lib/gcc/arm-none-eabi/13.2.1/thumb/v7e-m+dp/hard\libc_nano.a(libc_a-malloc.o) (_malloc_r)
C:/NXP/MCUXpressoIDE_24.12.148/ide/tools/bin/../lib/gcc/arm-none-eabi/13.2.1/thumb/v7e-m+dp/hard\libc_nano.a(libc_a-mlock.o)
                              C:/NXP/MCUXpressoIDE_24.12.148/ide/tools/bin/../lib/gcc/arm-none-eabi/13.2.1/thumb/v7e-m+dp/hard\libc_nano.a(libc_a-mallocr.o) (__malloc_lock)
C:/NXP/MCUXpressoIDE_24.12.148/ide/tools/bin/../lib/gcc/arm-none-eabi/13.2.1/thumb/v7e-m+dp/hard\libc_nano.a(libc_a-strtoul.o)
                              CMakeFiles/gpt_capture_cm7.elf.dir/c_/Users/TChyn/Downloads/SDK_25_06_00_EVK-MIMX8MP/devices/MIMX8ML8/utilities/str/fsl_str.c.obj (strtoul)
C:/NXP/MCUXpressoIDE_24.12.148/ide/tools/bin/../lib/gcc/arm-none-eabi/13.2.1/thumb/v7e-m+dp/hard\libc_nano.a(libc_a-ctype_.o)
                              C:/NXP/MCUXpressoIDE_24.12.148/ide/tools/bin/../lib/gcc/arm-none-eabi/13.2.1/thumb/v7e-m+dp/hard\libc_nano.a(libc_a-strtoul.o) (_ctype_)
C:/NXP/MCUXpressoIDE_24.12.148/ide/tools/bin/../lib/gcc/arm-none-eabi/13.2.1/thumb/v7e-m+dp/hard\libc_nano.a(libc_a-findfp.o)
                              C:/NXP/MCUXpressoIDE_24.12.148/ide/tools/bin/../lib/gcc/arm-none-eabi/13.2.1/thumb/v7e-m+dp/hard\libc_nano.a(libc_a-exit.o) (__stdio_exit_handler)
C:/NXP/MCUXpressoIDE_24.12.148/ide/tools/bin/../lib/gcc/arm-none-eabi/13.2.1/thumb/v7e-m+dp/hard\libc_nano.a(libc_a-fwalk.o)
                              C:/NXP/MCUXpressoIDE_24.12.148/ide/tools/bin/../lib/gcc/arm-none-eabi/13.2.1/thumb/v7e-m+dp/hard\libc_nano.a(libc_a-findfp.o) (_fwalk_sglue)
C:/NXP/MCUXpressoIDE_24.12.148/ide/tools/bin/../lib/gcc/arm-none-eabi/13.2.1/thumb/v7e-m+dp/hard\libc_nano.a(libc_a-stdio.o)
                              C:/NXP/MCUXpressoIDE_24.12.148/ide/tools/bin/../lib/gcc/arm-none-eabi/13.2.1/thumb/v7e-m+dp/hard\libc_nano.a(libc_a-findfp.o) (__sread)
C:/NXP/MCUXpressoIDE_24.12.148/ide/tools/bin/../lib/gcc/arm-none-eabi/13.2.1/thumb/v7e-m+dp/hard\libc_nano.a(libc_a-memset.o)
                              C:/NXP/MCUXpressoIDE_24.12.148/ide/tools/bin/../lib/gcc/arm-none-eabi/13.2.1/thumb/v7e-m+dp/hard/crt0.o (memset)
C:/NXP/MCUXpressoIDE_24.12.148/ide/tools/bin/../lib/gcc/arm-none-eabi/13.2.1/thumb/v7e-m+dp/hard\libc_nano.a(libc_a-closer.o)
                              C:/NXP/MCUXpressoIDE_24.12.148/ide/tools/bin/../lib/gcc/arm-none-eabi/13.2.1/thumb/v7e-m+dp/hard\libc_nano.a(libc_a-stdio.o) (_close_r)
C:/NXP/MCUXpressoIDE_24.12.148/ide/tools/bin/../lib/gcc/arm-none-eabi/13.2.1/thumb/v7e-m+dp/hard\libc_nano.a(libc_a-reent.o)
                              C:/NXP/MCUXpressoIDE_24.12.148/ide/tools/bin/../lib/gcc/arm-none-eabi/13.2.1/thumb/v7e-m+dp/hard\libc_nano.a(libc_a-closer.o) (errno)
C:/NXP/MCUXpressoIDE_24.12.148/ide/tools/bin/../lib/gcc/arm-none-eabi/13.2.1/thumb/v7e-m+dp/hard\libc_nano.a(libc_a-impure.o)
                              C:/NXP/MCUXpressoIDE_24.12.148/ide/tools/bin/../lib/gcc/arm-none-eabi/13.2.1/thumb/v7e-m+dp/hard\libc_nano.a(libc_a-malloc.o) (_impure_ptr)
C:/NXP/MCUXpressoIDE_24.12.148/ide/tools/bin/../lib/gcc/arm-none-eabi/13.2.1/thumb/v7e-m+dp/hard\libc_nano.a(libc_a-lseekr.o)
[...]
Memory Configuration

Name             Origin             Length             Attributes
m_interrupts     0x00000000         0x00000400         xr
m_text           0x00000400         0x0001fc00         xr
m_data           0x20000000         0x00020000         rw
m_data2          0x80000000         0x01000000         rw
*default*        0x00000000         0xffffffff

Linker script and memory map

LOAD C:/NXP/MCUXpressoIDE_24.12.148/ide/tools/bin/../lib/gcc/arm-none-eabi/13.2.1/thumb/v7e-m+dp/hard/crti.o
LOAD C:/NXP/MCUXpressoIDE_24.12.148/ide/tools/bin/../lib/gcc/arm-none-eabi/13.2.1/thumb/v7e-m+dp/hard/crtbegin.o
LOAD C:/NXP/MCUXpressoIDE_24.12.148/ide/tools/bin/../lib/gcc/arm-none-eabi/13.2.1/thumb/v7e-m+dp/hard/crt0.o
LOAD CMakeFiles/gpt_capture_cm7.elf.dir/C_/Users/TChyn/Desktop/Chyn/firmware-and-dts/M7/gpt_capture2/gpt_capture.c.obj
LOAD CMakeFiles/gpt_capture_cm7.elf.dir/C_/Users/TChyn/Desktop/Chyn/firmware-and-dts/M7/gpt_capture2/empty_rsc_table.c.obj
LOAD CMakeFiles/gpt_capture_cm7.elf.dir/C_/Users/TChyn/Desktop/Chyn/firmware-and-dts/M7/gpt_capture2/board.c.obj
LOAD CMakeFiles/gpt_capture_cm7.elf.dir/C_/Users/TChyn/Desktop/Chyn/firmware-and-dts/M7/gpt_capture2/clock_config.c.obj
LOAD CMakeFiles/gpt_capture_cm7.elf.dir/C_/Users/TChyn/Desktop/Chyn/firmware-and-dts/M7/gpt_capture2/pin_mux.c.obj
LOAD CMakeFiles/gpt_capture_cm7.elf.dir/C_/Users/TChyn/Desktop/Chyn/firmware-and-dts/M7/gpt_capture2/hardware_init.c.obj
LOAD CMakeFiles/gpt_capture_cm7.elf.dir/c_/Users/TChyn/Downloads/SDK_25_06_00_EVK-MIMX8MP/components/uart/fsl_adapter_iuart.c.obj
LOAD CMakeFiles/gpt_capture_cm7.elf.dir/c_/Users/TChyn/Downloads/SDK_25_06_00_EVK-MIMX8MP/devices/MIMX8ML8/gcc/startup_MIMX8ML8_cm7.S.obj
LOAD CMakeFiles/gpt_capture_cm7.elf.dir/c_/Users/TChyn/Downloads/SDK_25_06_00_EVK-MIMX8MP/devices/MIMX8ML8/system_MIMX8ML8_cm7.c.obj
LOAD CMakeFiles/gpt_capture_cm7.elf.dir/c_/Users/TChyn/Downloads/SDK_25_06_00_EVK-MIMX8MP/devices/MIMX8ML8/drivers/fsl_audiomix.c.obj
LOAD CMakeFiles/gpt_capture_cm7.elf.dir/c_/Users/TChyn/Downloads/SDK_25_06_00_EVK-MIMX8MP/devices/MIMX8ML8/drivers/fsl_clock.c.obj
LOAD CMakeFiles/gpt_capture_cm7.elf.dir/c_/Users/TChyn/Downloads/SDK_25_06_00_EVK-MIMX8MP/devices/MIMX8ML8/drivers/fsl_common.c.obj
LOAD CMakeFiles/gpt_capture_cm7.elf.dir/c_/Users/TChyn/Downloads/SDK_25_06_00_EVK-MIMX8MP/devices/MIMX8ML8/drivers/fsl_common_arm.c.obj
LOAD CMakeFiles/gpt_capture_cm7.elf.dir/c_/Users/TChyn/Downloads/SDK_25_06_00_EVK-MIMX8MP/devices/MIMX8ML8/drivers/fsl_gpt.c.obj
LOAD CMakeFiles/gpt_capture_cm7.elf.dir/c_/Users/TChyn/Downloads/SDK_25_06_00_EVK-MIMX8MP/devices/MIMX8ML8/drivers/fsl_gpio.c.obj
LOAD CMakeFiles/gpt_capture_cm7.elf.dir/c_/Users/TChyn/Downloads/SDK_25_06_00_EVK-MIMX8MP/devices/MIMX8ML8/drivers/fsl_uart.c.obj
LOAD CMakeFiles/gpt_capture_cm7.elf.dir/c_/Users/TChyn/Downloads/SDK_25_06_00_EVK-MIMX8MP/devices/MIMX8ML8/drivers/fsl_rdc.c.obj
LOAD CMakeFiles/gpt_capture_cm7.elf.dir/c_/Users/TChyn/Downloads/SDK_25_06_00_EVK-MIMX8MP/devices/MIMX8ML8/utilities/fsl_syscall_stub.c.obj
LOAD CMakeFiles/gpt_capture_cm7.elf.dir/c_/Users/TChyn/Downloads/SDK_25_06_00_EVK-MIMX8MP/devices/MIMX8ML8/utilities/fsl_sbrk.c.obj
LOAD CMakeFiles/gpt_capture_cm7.elf.dir/c_/Users/TChyn/Downloads/SDK_25_06_00_EVK-MIMX8MP/devices/MIMX8ML8/utilities/fsl_memcpy.S.obj
LOAD CMakeFiles/gpt_capture_cm7.elf.dir/c_/Users/TChyn/Downloads/SDK_25_06_00_EVK-MIMX8MP/devices/MIMX8ML8/utilities/debug_console_lite/fsl_assert.c.obj
LOAD CMakeFiles/gpt_capture_cm7.elf.dir/c_/Users/TChyn/Downloads/SDK_25_06_00_EVK-MIMX8MP/devices/MIMX8ML8/utilities/debug_console_lite/fsl_debug_console.c.obj
LOAD CMakeFiles/gpt_capture_cm7.elf.dir/c_/Users/TChyn/Downloads/SDK_25_06_00_EVK-MIMX8MP/devices/MIMX8ML8/utilities/str/fsl_str.c.obj
START GROUP
LOAD C:/NXP/MCUXpressoIDE_24.12.148/ide/tools/bin/../lib/gcc/arm-none-eabi/13.2.1/thumb/v7e-m+dp/hard\libgcc.a
LOAD C:/NXP/MCUXpressoIDE_24.12.148/ide/tools/bin/../lib/gcc/arm-none-eabi/13.2.1/thumb/v7e-m+dp/hard\libc_nano.a
LOAD C:/NXP/MCUXpressoIDE_24.12.148/ide/tools/bin/../lib/gcc/arm-none-eabi/13.2.1/thumb/v7e-m+dp/hard\libm.a
LOAD C:/NXP/MCUXpressoIDE_24.12.148/ide/tools/bin/../lib/gcc/arm-none-eabi/13.2.1/../../../../arm-none-eabi/lib/thumb/v7e-m+dp/hard\libcr_newlib_nohost.a
END GROUP
START GROUP
LOAD C:/NXP/MCUXpressoIDE_24.12.148/ide/tools/bin/../lib/gcc/arm-none-eabi/13.2.1/thumb/v7e-m+dp/hard\libgcc.a
LOAD C:/NXP/MCUXpressoIDE_24.12.148/ide/tools/bin/../lib/gcc/arm-none-eabi/13.2.1/thumb/v7e-m+dp/hard\libg_nano.a
LOAD C:/NXP/MCUXpressoIDE_24.12.148/ide/tools/bin/../lib/gcc/arm-none-eabi/13.2.1/thumb/v7e-m+dp/hard\libc_nano.a
END GROUP
START GROUP
LOAD C:/NXP/MCUXpressoIDE_24.12.148/ide/tools/bin/../lib/gcc/arm-none-eabi/13.2.1/thumb/v7e-m+dp/hard\libgcc.a
LOAD C:/NXP/MCUXpressoIDE_24.12.148/ide/tools/bin/../lib/gcc/arm-none-eabi/13.2.1/thumb/v7e-m+dp/hard\libc_nano.a
LOAD C:/NXP/MCUXpressoIDE_24.12.148/ide/tools/bin/../lib/gcc/arm-none-eabi/13.2.1/thumb/v7e-m+dp/hard\libnosys.a
END GROUP
START GROUP
LOAD C:/NXP/MCUXpressoIDE_24.12.148/ide/tools/bin/../lib/gcc/arm-none-eabi/13.2.1/thumb/v7e-m+dp/hard\libgcc.a
LOAD C:/NXP/MCUXpressoIDE_24.12.148/ide/tools/bin/../lib/gcc/arm-none-eabi/13.2.1/thumb/v7e-m+dp/hard\libc_nano.a
LOAD C:/NXP/MCUXpressoIDE_24.12.148/ide/tools/bin/../lib/gcc/arm-none-eabi/13.2.1/thumb/v7e-m+dp/hard\libnosys.a
END GROUP
LOAD C:/NXP/MCUXpressoIDE_24.12.148/ide/tools/bin/../lib/gcc/arm-none-eabi/13.2.1/thumb/v7e-m+dp/hard/crtend.o
LOAD C:/NXP/MCUXpressoIDE_24.12.148/ide/tools/bin/../lib/gcc/arm-none-eabi/13.2.1/thumb/v7e-m+dp/hard/crtn.o
                0x00000400                        HEAP_SIZE = DEFINED (__heap_size__)?__heap_size__:0x400
                0x00000400                        STACK_SIZE = DEFINED (__stack_size__)?__stack_size__:0x400

.interrupts     0x00000000      0x2a8
                0x00000000                        __VECTOR_TABLE = .
                0x00000000                        __Vectors = .
                0x00000000                        . = ALIGN (0x4)
 *(.isr_vector)
 .isr_vector    0x00000000      0x2a8 CMakeFiles/gpt_capture_cm7.elf.dir/c_/Users/TChyn/Downloads/SDK_25_06_00_EVK-MIMX8MP/devices/MIMX8ML8/gcc/startup_MIMX8ML8_cm7.S.obj
                0x00000000                __isr_vector
                0x000002a8                        . = ALIGN (0x4)

.resource_table
                0x00000400       0x10
                0x00000400                        . = ALIGN (0x8)
 *(.resource_table)
 .resource_table
                0x00000400       0x10 CMakeFiles/gpt_capture_cm7.elf.dir/C_/Users/TChyn/Desktop/Chyn/firmware-and-dts/M7/gpt_capture2/empty_rsc_table.c.obj
                0x00000400                resource_table
                0x00000410                        . = ALIGN (0x8)

.text           0x00000410     0x44d0
                0x00000410                        . = ALIGN (0x4)
 *(.text)
 .text          0x00000410       0x7c C:/NXP/MCUXpressoIDE_24.12.148/ide/tools/bin/../lib/gcc/arm-none-eabi/13.2.1/thumb/v7e-m+dp/hard/crt0.o
                0x00000410                _stack_init
                0x00000418                _start
                0x00000418                _mainCRTStartup
 .text          0x0000048c      0x588 CMakeFiles/gpt_capture_cm7.elf.dir/c_/Users/TChyn/Downloads/SDK_25_06_00_EVK-MIMX8MP/devices/MIMX8ML8/gcc/startup_MIMX8ML8_cm7.S.obj
                0x0000048c                Reset_Handler
                0x00000518                PWM2_DriverIRQHandler
                0x00000518                SRC_Combined_DriverIRQHandler
                0x00000518                ISI_CH1_DriverIRQHandler
                0x00000518                CAAM_ERROR_DriverIRQHandler
                0x00000518                GPIO1_INT1_DriverIRQHandler
                0x00000518                DebugMon_Handler
                0x00000518                EDMA1_0_15_DriverIRQHandler
                0x00000518                CPU_Error_AXI_DriverIRQHandler
                0x00000518                GPIO1_INT6_DriverIRQHandler
                0x00000518                BCH_DriverIRQHandler
                0x00000518                AUDIO_XCVR0_DriverIRQHandler
                0x00000518                VPU_G1_DriverIRQHandler
                0x00000518                PWM3_DriverIRQHandler
                0x00000518                MU2_AUDIO_DriverIRQHandler
                0x00000518                MU1_M7_DriverIRQHandler
                0x00000518                SNVS_Consolidated_DriverIRQHandler
                0x00000518                PDM_HWVAD_EVENT_DriverIRQHandler
                0x00000518                MIPI_CSI1_DriverIRQHandler
                0x00000518                CPU_CTI_Trigger_DriverIRQHandler
                0x00000518                ENET1_MAC0_Rx_Tx_Done2_DriverIRQHandler
                0x00000518                CCM_IRQ1_DriverIRQHandler
                0x00000518                PCIE_CTRL1_DriverIRQHandler
                0x00000518                PDM_HWVAD_ERROR_DriverIRQHandler
                0x00000518                GPU3D_DriverIRQHandler
                0x00000518                ENET1_1588_Timer_DriverIRQHandler
                0x00000518                BusFault_Handler
                0x00000518                CAN_FD2_ERROR_DriverIRQHandler
                0x00000518                MECC_ERR_DriverIRQHandler
                0x00000518                PWM4_DriverIRQHandler
                0x00000518                ASRC_DriverIRQHandler
                0x00000518                PCIE_CTRL1_ERR_DriverIRQHandler
                0x00000518                GPIO5_Combined_16_31_DriverIRQHandler
                0x00000518                ISP1_DriverIRQHandler
                0x00000518                GPIO4_Combined_16_31_DriverIRQHandler
                0x00000518                LCDIF1_DriverIRQHandler
                0x00000518                I2C5_DriverIRQHandler
                0x00000518                GPIO4_Combined_0_15_DriverIRQHandler
                0x00000518                USB2_DriverIRQHandler
                0x00000518                RDC_DriverIRQHandler
                0x00000518                GPIO3_Combined_0_15_DriverIRQHandler
                0x00000518                USB2_WAKEUP_DriverIRQHandler
                0x00000518                MECC_S_ERR_DriverIRQHandler
                0x00000518                ANAMIX_DriverIRQHandler
                0x00000518                DDR_ERR_DriverIRQHandler
                0x00000518                WDOG2_DriverIRQHandler
                0x00000518                I2S2_DriverIRQHandler
                0x00000518                LCDIF2_DriverIRQHandler
                0x00000518                PCIE_CTRL1_0_DriverIRQHandler
                0x00000518                CCM_IRQ2_DriverIRQHandler
                0x00000518                I2C3_DriverIRQHandler
                0x00000518                CAN_FD2_DriverIRQHandler
                0x00000518                HS_CP0_DriverIRQHandler
                0x00000518                GPT3_DriverIRQHandler
                0x00000518                GPMI_DriverIRQHandler
                0x00000518                GPIO2_Combined_0_15_DriverIRQHandler
                0x00000518                GPC_DriverIRQHandler
                0x00000518                ENET1_MAC0_Rx_Tx_Done1_DriverIRQHandler
                0x00000518                APBHDMA_DriverIRQHandler
                0x00000518                PCIE_CTRL1_1_DriverIRQHandler
                0x00000518                MECC_S_DriverIRQHandler
                0x00000518                MECC_DriverIRQHandler
                0x00000518                GPIO1_INT3_DriverIRQHandler
                0x00000518                ISP2_DriverIRQHandler
                0x00000518                MU3_AUDIO_DriverIRQHandler
                0x00000518                ISI_DriverIRQHandler
                0x00000518                I2C2_DriverIRQHandler
                0x00000518                ENET1_DriverIRQHandler
                0x00000518                I2C6_DriverIRQHandler
                0x00000518                ENET_QOS_DriverIRQHandler
                0x00000518                ENET_QOS_PMT_DriverIRQHandler
                0x00000518                Reserved16_DriverIRQHandler
                0x00000518                MIPI_CSI2_DriverIRQHandler
                0x00000518                GPIO2_Combined_16_31_DriverIRQHandler
                0x00000518                PERFMON1_DriverIRQHandler
                0x00000518                UsageFault_Handler
                0x00000518                DAP_DriverIRQHandler
                0x00000518                SCTR_IRQ0_DriverIRQHandler
                0x00000518                ECSPI1_DriverIRQHandler
                0x00000518                CAAM_IRQ0_DriverIRQHandler
                0x00000518                DDR_PerformanceMonitor_DriverIRQHandler
                0x00000518                DefaultISR
                0x00000518                CPU_PerformanceUnit_DriverIRQHandler
                0x00000518                CM7_CTI_DriverIRQHandler
                0x00000518                CAN_FD1_DriverIRQHandler
                0x00000518                CPU_Error_L2RAM_DriverIRQHandler
                0x00000518                I2S3_DriverIRQHandler
                0x00000518                SDMA2_DriverIRQHandler
                0x00000518                SRC_DriverIRQHandler
                0x00000518                SDMA3_DriverIRQHandler
                0x00000518                GPIO1_INT4_DriverIRQHandler
                0x00000518                AUDIO_XCVR_DriverIRQHandler
                0x00000518                I2C1_DriverIRQHandler
                0x00000518                HS_CP1_DriverIRQHandler
                0x00000518                MU2_A53_DriverIRQHandler
                0x00000518                GPT4_DriverIRQHandler
                0x00000518                USDHC1_DriverIRQHandler
                0x00000518                PCIE_CTRL1_3_DriverIRQHandler
                0x00000518                MU3_M7_DriverIRQHandler
                0x00000518                PWM1_DriverIRQHandler
                0x00000518                AUDIO_XCVR1_DriverIRQHandler
                0x00000518                GPIO3_Combined_16_31_DriverIRQHandler
                0x00000518                USB1_DriverIRQHandler
                0x00000518                I2C4_DriverIRQHandler
                0x00000518                PDM_EVENT_DriverIRQHandler
                0x00000518                USB1_WAKEUP_DriverIRQHandler
                0x00000518                ECSPI3_DriverIRQHandler
                0x00000518                MemManage_Handler
                0x00000518                WDOG3_DriverIRQHandler
                0x00000518                WDOG1_DriverIRQHandler
                0x00000518                SDMA1_DriverIRQHandler
                0x00000518                USDHC2_DriverIRQHandler
                0x00000518                GPIO1_Combined_0_15_DriverIRQHandler
                0x00000518                DEWARP_DriverIRQHandler
                0x00000518                ECSPI2_DriverIRQHandler
                0x00000518                FlexSPI_DriverIRQHandler
                0x00000518                HDMI_TX_DriverIRQHandler
                0x00000518                QOS_DriverIRQHandler
                0x00000518                GPIO1_INT5_DriverIRQHandler
                0x00000518                VPU_G2_DriverIRQHandler
                0x00000518                GPIO1_Combined_16_31_DriverIRQHandler
                0x00000518                GPIO1_INT7_DriverIRQHandler
                0x00000518                USDHC3_DriverIRQHandler
                0x00000518                CSU_DriverIRQHandler
                0x00000518                MIPI_DSI_DriverIRQHandler
                0x00000518                TZASC_DriverIRQHandler
                0x00000518                SNVS_DriverIRQHandler
                0x00000518                CAAM_IRQ2_DriverIRQHandler
                0x00000518                GPT1_DriverIRQHandler
                0x00000518                GPIO5_Combined_0_15_DriverIRQHandler
                0x00000518                GPIO1_INT0_DriverIRQHandler
                0x00000518                GPIO1_INT2_DriverIRQHandler
                0x00000518                GPU2D_DriverIRQHandler
                0x00000518                DDR_DriverIRQHandler
                0x00000518                RTIC_DriverIRQHandler
                0x00000518                GPT5_DriverIRQHandler
                0x00000518                CAN_FD1_ERROR_DriverIRQHandler
                0x00000518                EDMA1_16_31_DriverIRQHandler
                0x00000518                GPT6_DriverIRQHandler
                0x00000518                EDMA1_ERR_DriverIRQHandler
                0x00000518                PERFMON2_DriverIRQHandler
                0x00000518                GPT2_DriverIRQHandler
                0x00000518                SCTR_IRQ1_DriverIRQHandler
                0x00000518                VPU_DriverIRQHandler
                0x00000518                PCIE_CTRL1_2_DriverIRQHandler
                0x00000518                CAAM_IRQ1_DriverIRQHandler
                0x00000518                SJC_DriverIRQHandler
                0x00000518                ML_DriverIRQHandler
                0x00000518                I2S1_DriverIRQHandler
                0x00000518                SNVS_Security_DriverIRQHandler
                0x00000518                I2S7_DriverIRQHandler
                0x00000518                AUD2HTX_DriverIRQHandler
                0x00000518                I2S56_DriverIRQHandler
                0x00000518                PDM_ERROR_DriverIRQHandler
                0x00000518                PCIE_EDMA_DriverIRQHandler
                0x00000518                MU1_A53_DriverIRQHandler
                0x0000051c                NMI_Handler
                0x00000520                HardFault_Handler
                0x00000524                SVC_Handler
                0x00000528                PendSV_Handler
                0x0000052c                SysTick_Handler
                0x00000530                Reserved16_IRQHandler
                0x00000534                DAP_IRQHandler
                0x00000538                SDMA1_IRQHandler
                0x0000053c                GPU3D_IRQHandler
                0x00000540                SNVS_IRQHandler
                0x00000544                LCDIF1_IRQHandler
                0x00000548                LCDIF2_IRQHandler
                0x0000054c                VPU_G1_IRQHandler
                0x00000550                VPU_G2_IRQHandler
                0x00000554                QOS_IRQHandler
                0x00000558                WDOG3_IRQHandler
                0x0000055c                HS_CP1_IRQHandler
                0x00000560                APBHDMA_IRQHandler
                0x00000564                ML_IRQHandler
                0x00000568                BCH_IRQHandler
                0x0000056c                GPMI_IRQHandler
                0x00000570                ISI_IRQHandler
                0x00000574                MIPI_CSI1_IRQHandler
                0x00000578                MIPI_DSI_IRQHandler
                0x0000057c                SNVS_Consolidated_IRQHandler
                0x00000580                SNVS_Security_IRQHandler
                0x00000584                CSU_IRQHandler
                0x00000588                USDHC1_IRQHandler
                0x0000058c                USDHC2_IRQHandler
                0x00000590                USDHC3_IRQHandler
                0x00000594                GPU2D_IRQHandler
                0x00000598                UART1_IRQHandler
                0x0000059c                UART2_IRQHandler
                0x000005a0                UART3_IRQHandler
                0x000005a4                UART4_IRQHandler
                0x000005a8                VPU_IRQHandler
                0x000005ac                ECSPI1_IRQHandler
                0x000005b0                ECSPI2_IRQHandler
                0x000005b4                ECSPI3_IRQHandler
                0x000005b8                SDMA3_IRQHandler
                0x000005bc                I2C1_IRQHandler
                0x000005c0                I2C2_IRQHandler
                0x000005c4                I2C3_IRQHandler
                0x000005c8                I2C4_IRQHandler
                0x000005cc                RDC_IRQHandler
                0x000005d0                USB1_IRQHandler
                0x000005d4                USB2_IRQHandler
                0x000005d8                ISI_CH1_IRQHandler
                0x000005dc                HDMI_TX_IRQHandler
                0x000005e0                PDM_HWVAD_EVENT_IRQHandler
                0x000005e4                PDM_HWVAD_ERROR_IRQHandler
                0x000005e8                GPT6_IRQHandler
                0x000005ec                SCTR_IRQ0_IRQHandler
                0x000005f0                SCTR_IRQ1_IRQHandler
                0x000005f4                ANAMIX_IRQHandler
                0x000005f8                I2S3_IRQHandler
                0x000005fc                GPT5_IRQHandler
                0x00000600                GPT4_IRQHandler
                0x00000604                GPT3_IRQHandler
                0x00000608                GPT2_IRQHandler
                0x00000610                GPIO1_INT7_IRQHandler
                0x00000614                GPIO1_INT6_IRQHandler
                0x00000618                GPIO1_INT5_IRQHandler
                0x0000061c                GPIO1_INT4_IRQHandler
                0x00000620                GPIO1_INT3_IRQHandler
                0x00000624                GPIO1_INT2_IRQHandler
                0x00000628                GPIO1_INT1_IRQHandler
                0x0000062c                GPIO1_INT0_IRQHandler
                0x00000630                GPIO1_Combined_0_15_IRQHandler
                0x00000634                GPIO1_Combined_16_31_IRQHandler
                0x00000638                GPIO2_Combined_0_15_IRQHandler
                0x0000063c                GPIO2_Combined_16_31_IRQHandler
                0x00000640                GPIO3_Combined_0_15_IRQHandler
                0x00000644                GPIO3_Combined_16_31_IRQHandler
                0x00000648                GPIO4_Combined_0_15_IRQHandler
                0x0000064c                GPIO4_Combined_16_31_IRQHandler
                0x00000650                GPIO5_Combined_0_15_IRQHandler
                0x00000654                GPIO5_Combined_16_31_IRQHandler
                0x00000658                ISP1_IRQHandler
                0x0000065c                ISP2_IRQHandler
                0x00000660                I2C5_IRQHandler
                0x00000664                I2C6_IRQHandler
                0x00000668                WDOG1_IRQHandler
                0x0000066c                WDOG2_IRQHandler
                0x00000670                MIPI_CSI2_IRQHandler
                0x00000674                PWM1_IRQHandler
                0x00000678                PWM2_IRQHandler
                0x0000067c                PWM3_IRQHandler
                0x00000680                PWM4_IRQHandler
                0x00000684                CCM_IRQ1_IRQHandler
                0x00000688                CCM_IRQ2_IRQHandler
                0x0000068c                GPC_IRQHandler
                0x00000690                MU1_A53_IRQHandler
                0x00000694                SRC_IRQHandler
                0x00000698                I2S56_IRQHandler
                0x0000069c                RTIC_IRQHandler
                0x000006a0                CPU_PerformanceUnit_IRQHandler
                0x000006a4                CPU_CTI_Trigger_IRQHandler
                0x000006a8                SRC_Combined_IRQHandler
                0x000006ac                I2S1_IRQHandler
                0x000006b0                I2S2_IRQHandler
                0x000006b4                MU1_M7_IRQHandler
                0x000006b8                DDR_PerformanceMonitor_IRQHandler
                0x000006bc                DDR_IRQHandler
                0x000006c0                DEWARP_IRQHandler
                0x000006c4                CPU_Error_AXI_IRQHandler
                0x000006c8                CPU_Error_L2RAM_IRQHandler
                0x000006cc                SDMA2_IRQHandler
                0x000006d0                SJC_IRQHandler
                0x000006d4                CAAM_IRQ0_IRQHandler
                0x000006d8                CAAM_IRQ1_IRQHandler
                0x000006dc                FlexSPI_IRQHandler
                0x000006e0                TZASC_IRQHandler
                0x000006e4                PDM_EVENT_IRQHandler
                0x000006e8                PDM_ERROR_IRQHandler
                0x000006ec                I2S7_IRQHandler
                0x000006f0                PERFMON1_IRQHandler
                0x000006f4                PERFMON2_IRQHandler
                0x000006f8                CAAM_IRQ2_IRQHandler
                0x000006fc                CAAM_ERROR_IRQHandler
                0x00000700                HS_CP0_IRQHandler
                0x00000704                CM7_CTI_IRQHandler
                0x00000708                ENET1_MAC0_Rx_Tx_Done1_IRQHandler
                0x0000070c                ENET1_MAC0_Rx_Tx_Done2_IRQHandler
                0x00000710                ENET1_IRQHandler
                0x00000714                ENET1_1588_Timer_IRQHandler
                0x00000718                ASRC_IRQHandler
                0x0000071c                PCIE_CTRL1_0_IRQHandler
                0x00000720                PCIE_CTRL1_1_IRQHandler
                0x00000724                PCIE_CTRL1_2_IRQHandler
                0x00000728                PCIE_CTRL1_3_IRQHandler
                0x0000072c                PCIE_EDMA_IRQHandler
                0x00000730                AUDIO_XCVR0_IRQHandler
                0x00000734                AUDIO_XCVR1_IRQHandler
                0x00000738                AUD2HTX_IRQHandler
                0x0000073c                EDMA1_ERR_IRQHandler
                0x00000740                EDMA1_0_15_IRQHandler
                0x00000744                EDMA1_16_31_IRQHandler
                0x00000748                ENET_QOS_PMT_IRQHandler
                0x0000074c                ENET_QOS_IRQHandler
                0x00000750                MU2_A53_IRQHandler
                0x00000754                MU2_AUDIO_IRQHandler
                0x00000758                MU3_M7_IRQHandler
                0x0000075c                MU3_AUDIO_IRQHandler
                0x00000760                PCIE_CTRL1_IRQHandler
                0x00000764                PCIE_CTRL1_ERR_IRQHandler
                0x00000768                CAN_FD1_IRQHandler
                0x0000076c                CAN_FD1_ERROR_IRQHandler
                0x00000770                CAN_FD2_IRQHandler
                0x00000774                CAN_FD2_ERROR_IRQHandler
                0x00000778                AUDIO_XCVR_IRQHandler
                0x0000077c                DDR_ERR_IRQHandler
                0x00000780                USB1_WAKEUP_IRQHandler
                0x00000784                USB2_WAKEUP_IRQHandler
                0x00000788                MECC_IRQHandler
                0x0000078c                MECC_ERR_IRQHandler
                0x00000790                MECC_S_IRQHandler
                0x00000794                MECC_S_ERR_IRQHandler
 .text          0x00000a14       0xa0 CMakeFiles/gpt_capture_cm7.elf.dir/c_/Users/TChyn/Downloads/SDK_25_06_00_EVK-MIMX8MP/devices/MIMX8ML8/utilities/fsl_memcpy.S.obj
                0x00000a14                memcpy
 .text          0x00000ab4       0x30 C:/NXP/MCUXpressoIDE_24.12.148/ide/tools/bin/../lib/gcc/arm-none-eabi/13.2.1/thumb/v7e-m+dp/hard\libgcc.a(_aeabi_uldivmod.o)
                0x00000ab4                __aeabi_uldivmod
 .text          0x00000ae4        0x4 C:/NXP/MCUXpressoIDE_24.12.148/ide/tools/bin/../lib/gcc/arm-none-eabi/13.2.1/thumb/v7e-m+dp/hard\libgcc.a(_dvmd_tls.o)
                0x00000ae4                __aeabi_idiv0
                0x00000ae4                __aeabi_ldiv0
 .text          0x00000ae8       0x10 C:/NXP/MCUXpressoIDE_24.12.148/ide/tools/bin/../lib/gcc/arm-none-eabi/13.2.1/thumb/v7e-m+dp/hard\libc_nano.a(libc_a-strlen.o)
                0x00000ae8                strlen
 *(.text*)
 .text.deregister_tm_clones
                0x00000af8       0x1c C:/NXP/MCUXpressoIDE_24.12.148/ide/tools/bin/../lib/gcc/arm-none-eabi/13.2.1/thumb/v7e-m+dp/hard/crtbegin.o
 .text.register_tm_clones
                0x00000b14       0x24 C:/NXP/MCUXpressoIDE_24.12.148/ide/tools/bin/../lib/gcc/arm-none-eabi/13.2.1/thumb/v7e-m+dp/hard/crtbegin.o
 .text.__do_global_dtors_aux
                0x00000b38       0x28 C:/NXP/MCUXpressoIDE_24.12.148/ide/tools/bin/../lib/gcc/arm-none-eabi/13.2.1/thumb/v7e-m+dp/hard/crtbegin.o
 .text.frame_dummy
                0x00000b60       0x24 C:/NXP/MCUXpressoIDE_24.12.148/ide/tools/bin/../lib/gcc/arm-none-eabi/13.2.1/thumb/v7e-m+dp/hard/crtbegin.o
 .text.__NVIC_EnableIRQ
                0x00000b84       0x3c CMakeFiles/gpt_capture_cm7.elf.dir/C_/Users/TChyn/Desktop/Chyn/firmware-and-dts/M7/gpt_capture2/gpt_capture.c.obj
 .text.EnableIRQ
                0x00000bc0       0x32 CMakeFiles/gpt_capture_cm7.elf.dir/C_/Users/TChyn/Desktop/Chyn/firmware-and-dts/M7/gpt_capture2/gpt_capture.c.obj
 .text.GPT_StartTimer
                0x00000bf2       0x20 CMakeFiles/gpt_capture_cm7.elf.dir/C_/Users/TChyn/Desktop/Chyn/firmware-and-dts/M7/gpt_capture2/gpt_capture.c.obj
 *fill*         0x00000c12        0x2 
 .text.GPT_SetInputOperationMode
                0x00000c14       0x64 CMakeFiles/gpt_capture_cm7.elf.dir/C_/Users/TChyn/Desktop/Chyn/firmware-and-dts/M7/gpt_capture2/gpt_capture.c.obj
 .text.GPT_GetInputCaptureValue
                0x00000c78       0x40 CMakeFiles/gpt_capture_cm7.elf.dir/C_/Users/TChyn/Desktop/Chyn/firmware-and-dts/M7/gpt_capture2/gpt_capture.c.obj
 .text.GPT_EnableInterrupts
                0x00000cb8       0x22 CMakeFiles/gpt_capture_cm7.elf.dir/C_/Users/TChyn/Desktop/Chyn/firmware-and-dts/M7/gpt_capture2/gpt_capture.c.obj
 .text.GPT_ClearStatusFlags
                0x00000cda       0x1e CMakeFiles/gpt_capture_cm7.elf.dir/C_/Users/TChyn/Desktop/Chyn/firmware-and-dts/M7/gpt_capture2/gpt_capture.c.obj
 .text.GPT1_IRQHandler
                0x00000cf8       0x24 CMakeFiles/gpt_capture_cm7.elf.dir/C_/Users/TChyn/Desktop/Chyn/firmware-and-dts/M7/gpt_capture2/gpt_capture.c.obj
                0x00000cf8                GPT1_IRQHandler
 .text.main     0x00000d1c       0x88 CMakeFiles/gpt_capture_cm7.elf.dir/C_/Users/TChyn/Desktop/Chyn/firmware-and-dts/M7/gpt_capture2/gpt_capture.c.obj
                0x00000d1c                main
 .text.ARM_MPU_Enable
                0x00000da4       0x44 CMakeFiles/gpt_capture_cm7.elf.dir/C_/Users/TChyn/Desktop/Chyn/firmware-and-dts/M7/gpt_capture2/board.c.obj
 .text.ARM_MPU_Disable
                0x00000de8       0x40 CMakeFiles/gpt_capture_cm7.elf.dir/C_/Users/TChyn/Desktop/Chyn/firmware-and-dts/M7/gpt_capture2/board.c.obj
 .text.CLOCK_GetRootPreDivider
                0x00000e28       0x20 CMakeFiles/gpt_capture_cm7.elf.dir/C_/Users/TChyn/Desktop/Chyn/firmware-and-dts/M7/gpt_capture2/board.c.obj
 .text.CLOCK_GetRootPostDivider
                0x00000e48       0x1e CMakeFiles/gpt_capture_cm7.elf.dir/C_/Users/TChyn/Desktop/Chyn/firmware-and-dts/M7/gpt_capture2/board.c.obj
 .text.CLOCK_ControlGate
                0x00000e66       0x1e CMakeFiles/gpt_capture_cm7.elf.dir/C_/Users/TChyn/Desktop/Chyn/firmware-and-dts/M7/gpt_capture2/board.c.obj
 .text.RDC_GetPeriphAccessPolicy
                0x00000e84       0x54 CMakeFiles/gpt_capture_cm7.elf.dir/C_/Users/TChyn/Desktop/Chyn/firmware-and-dts/M7/gpt_capture2/board.c.obj
 .text.RDC_GetCurrentMasterDomainId
                0x00000ed8       0x20 CMakeFiles/gpt_capture_cm7.elf.dir/C_/Users/TChyn/Desktop/Chyn/firmware-and-dts/M7/gpt_capture2/board.c.obj
 .text.BOARD_InitDebugConsole
                0x00000ef8       0x54 CMakeFiles/gpt_capture_cm7.elf.dir/C_/Users/TChyn/Desktop/Chyn/firmware-and-dts/M7/gpt_capture2/board.c.obj
                0x00000ef8                BOARD_InitDebugConsole
 .text.BOARD_InitMemory
                0x00000f4c      0x2f8 CMakeFiles/gpt_capture_cm7.elf.dir/C_/Users/TChyn/Desktop/Chyn/firmware-and-dts/M7/gpt_capture2/board.c.obj
                0x00000f4c                BOARD_InitMemory
 .text.BOARD_RdcInit
                0x00001244       0xec CMakeFiles/gpt_capture_cm7.elf.dir/C_/Users/TChyn/Desktop/Chyn/firmware-and-dts/M7/gpt_capture2/board.c.obj
                0x00001244                BOARD_RdcInit
 .text.CLOCK_SetRootMux
                0x00001330       0x2c CMakeFiles/gpt_capture_cm7.elf.dir/C_/Users/TChyn/Desktop/Chyn/firmware-and-dts/M7/gpt_capture2/clock_config.c.obj
 .text.BOARD_BootClockRUN
                0x0000135c      0x158 CMakeFiles/gpt_capture_cm7.elf.dir/C_/Users/TChyn/Desktop/Chyn/firmware-and-dts/M7/gpt_capture2/clock_config.c.obj
                0x0000135c                BOARD_BootClockRUN
 .text.IOMUXC_SetPinMux
                0x000014b4       0x3e CMakeFiles/gpt_capture_cm7.elf.dir/C_/Users/TChyn/Desktop/Chyn/firmware-and-dts/M7/gpt_capture2/pin_mux.c.obj
 .text.IOMUXC_SetPinConfig
                0x000014f2       0x26 CMakeFiles/gpt_capture_cm7.elf.dir/C_/Users/TChyn/Desktop/Chyn/firmware-and-dts/M7/gpt_capture2/pin_mux.c.obj
 .text.BOARD_InitBootPins
                0x00001518        0xc CMakeFiles/gpt_capture_cm7.elf.dir/C_/Users/TChyn/Desktop/Chyn/firmware-and-dts/M7/gpt_capture2/pin_mux.c.obj
                0x00001518                BOARD_InitBootPins
 .text.BOARD_InitPins
                0x00001524       0xac CMakeFiles/gpt_capture_cm7.elf.dir/C_/Users/TChyn/Desktop/Chyn/firmware-and-dts/M7/gpt_capture2/pin_mux.c.obj
                0x00001524                BOARD_InitPins
 .text.BOARD_InitHardware
                0x000015d0       0x1c CMakeFiles/gpt_capture_cm7.elf.dir/C_/Users/TChyn/Desktop/Chyn/firmware-and-dts/M7/gpt_capture2/hardware_init.c.obj
                0x000015d0                BOARD_InitHardware
 .text.HAL_UartGetStatus
                0x000015ec       0x22 CMakeFiles/gpt_capture_cm7.elf.dir/c_/Users/TChyn/Downloads/SDK_25_06_00_EVK-MIMX8MP/components/uart/fsl_adapter_iuart.c.obj
 *fill*         0x0000160e        0x2 
 .text.HAL_UartInit
                0x00001610      0x120 CMakeFiles/gpt_capture_cm7.elf.dir/c_/Users/TChyn/Downloads/SDK_25_06_00_EVK-MIMX8MP/components/uart/fsl_adapter_iuart.c.obj
                0x00001610                HAL_UartInit
 .text.HAL_UartReceiveBlocking
                0x00001730       0x8c CMakeFiles/gpt_capture_cm7.elf.dir/c_/Users/TChyn/Downloads/SDK_25_06_00_EVK-MIMX8MP/components/uart/fsl_adapter_iuart.c.obj
                0x00001730                HAL_UartReceiveBlocking
 .text.HAL_UartSendBlocking
                0x000017bc       0x84 CMakeFiles/gpt_capture_cm7.elf.dir/c_/Users/TChyn/Downloads/SDK_25_06_00_EVK-MIMX8MP/components/uart/fsl_adapter_iuart.c.obj
                0x000017bc                HAL_UartSendBlocking
 .text.GetFracPllFreq
                0x00001840      0x148 CMakeFiles/gpt_capture_cm7.elf.dir/c_/Users/TChyn/Downloads/SDK_25_06_00_EVK-MIMX8MP/devices/MIMX8ML8/system_MIMX8ML8_cm7.c.obj
                0x00001840                GetFracPllFreq
 .text.GetIntegerPllFreq
                0x00001988       0xfc CMakeFiles/gpt_capture_cm7.elf.dir/c_/Users/TChyn/Downloads/SDK_25_06_00_EVK-MIMX8MP/devices/MIMX8ML8/system_MIMX8ML8_cm7.c.obj
                0x00001988                GetIntegerPllFreq
 .text.SystemInit
                0x00001a84       0x20 CMakeFiles/gpt_capture_cm7.elf.dir/c_/Users/TChyn/Downloads/SDK_25_06_00_EVK-MIMX8MP/devices/MIMX8ML8/system_MIMX8ML8_cm7.c.obj
                0x00001a84                SystemInit
 .text.SystemCoreClockUpdate
                0x00001aa4      0x108 CMakeFiles/gpt_capture_cm7.elf.dir/c_/Users/TChyn/Downloads/SDK_25_06_00_EVK-MIMX8MP/devices/MIMX8ML8/system_MIMX8ML8_cm7.c.obj
                0x00001aa4                SystemCoreClockUpdate
 .text.SystemInitHook
                0x00001bac        0xe CMakeFiles/gpt_capture_cm7.elf.dir/c_/Users/TChyn/Downloads/SDK_25_06_00_EVK-MIMX8MP/devices/MIMX8ML8/system_MIMX8ML8_cm7.c.obj
                0x00001bac                SystemInitHook
 *fill*         0x00001bba        0x2 
 .text.AUDIOMIX_InitAudioPll
                0x00001bbc       0xbc CMakeFiles/gpt_capture_cm7.elf.dir/c_/Users/TChyn/Downloads/SDK_25_06_00_EVK-MIMX8MP/devices/MIMX8ML8/drivers/fsl_audiomix.c.obj
                0x00001bbc                AUDIOMIX_InitAudioPll
 .text.CLOCK_SetPllBypass
                0x00001c78       0x68 CMakeFiles/gpt_capture_cm7.elf.dir/c_/Users/TChyn/Downloads/SDK_25_06_00_EVK-MIMX8MP/devices/MIMX8ML8/drivers/fsl_clock.c.obj
 .text.CLOCK_IsPllBypassed
                0x00001ce0       0x38 CMakeFiles/gpt_capture_cm7.elf.dir/c_/Users/TChyn/Downloads/SDK_25_06_00_EVK-MIMX8MP/devices/MIMX8ML8/drivers/fsl_clock.c.obj
 .text.CLOCK_IsPllLocked
                0x00001d18       0x24 CMakeFiles/gpt_capture_cm7.elf.dir/c_/Users/TChyn/Downloads/SDK_25_06_00_EVK-MIMX8MP/devices/MIMX8ML8/drivers/fsl_clock.c.obj
 .text.CLOCK_EnableAnalogClock
                0x00001d3c       0x38 CMakeFiles/gpt_capture_cm7.elf.dir/c_/Users/TChyn/Downloads/SDK_25_06_00_EVK-MIMX8MP/devices/MIMX8ML8/drivers/fsl_clock.c.obj
 .text.CLOCK_GetPllRefClkFreq
                0x00001d74       0x78 CMakeFiles/gpt_capture_cm7.elf.dir/c_/Users/TChyn/Downloads/SDK_25_06_00_EVK-MIMX8MP/devices/MIMX8ML8/drivers/fsl_clock.c.obj
                0x00001d74                CLOCK_GetPllRefClkFreq
 .text.CLOCK_GetPllFreq
                0x00001dec      0x18c CMakeFiles/gpt_capture_cm7.elf.dir/c_/Users/TChyn/Downloads/SDK_25_06_00_EVK-MIMX8MP/devices/MIMX8ML8/drivers/fsl_clock.c.obj
                0x00001dec                CLOCK_GetPllFreq
 .text.CLOCK_InitAudioPll1
                0x00001f78       0x68 CMakeFiles/gpt_capture_cm7.elf.dir/c_/Users/TChyn/Downloads/SDK_25_06_00_EVK-MIMX8MP/devices/MIMX8ML8/drivers/fsl_clock.c.obj
                0x00001f78                CLOCK_InitAudioPll1
 .text.CLOCK_InitAudioPll2
                0x00001fe0       0x74 CMakeFiles/gpt_capture_cm7.elf.dir/c_/Users/TChyn/Downloads/SDK_25_06_00_EVK-MIMX8MP/devices/MIMX8ML8/drivers/fsl_clock.c.obj
                0x00001fe0                CLOCK_InitAudioPll2
 .text.CLOCK_InitFracPll
                0x00002054      0x160 CMakeFiles/gpt_capture_cm7.elf.dir/c_/Users/TChyn/Downloads/SDK_25_06_00_EVK-MIMX8MP/devices/MIMX8ML8/drivers/fsl_clock.c.obj
                0x00002054                CLOCK_InitFracPll
 .text.CLOCK_GetFracPllFreq
                0x000021b4      0x144 CMakeFiles/gpt_capture_cm7.elf.dir/c_/Users/TChyn/Downloads/SDK_25_06_00_EVK-MIMX8MP/devices/MIMX8ML8/drivers/fsl_clock.c.obj
                0x000021b4                CLOCK_GetFracPllFreq
 .text.CLOCK_GetIntegerPllFreq
                0x000022f8      0x10c CMakeFiles/gpt_capture_cm7.elf.dir/c_/Users/TChyn/Downloads/SDK_25_06_00_EVK-MIMX8MP/devices/MIMX8ML8/drivers/fsl_clock.c.obj
                0x000022f8                CLOCK_GetIntegerPllFreq
 .text.CLOCK_SetRootDivider
                0x00002404       0x80 CMakeFiles/gpt_capture_cm7.elf.dir/c_/Users/TChyn/Downloads/SDK_25_06_00_EVK-MIMX8MP/devices/MIMX8ML8/drivers/fsl_clock.c.obj
                0x00002404                CLOCK_SetRootDivider
 .text.CLOCK_EnableClock
                0x00002484       0xa0 CMakeFiles/gpt_capture_cm7.elf.dir/c_/Users/TChyn/Downloads/SDK_25_06_00_EVK-MIMX8MP/devices/MIMX8ML8/drivers/fsl_clock.c.obj
                0x00002484                CLOCK_EnableClock
 .text.GPT_SoftwareReset
                0x00002524       0x32 CMakeFiles/gpt_capture_cm7.elf.dir/c_/Users/TChyn/Downloads/SDK_25_06_00_EVK-MIMX8MP/devices/MIMX8ML8/drivers/fsl_gpt.c.obj
 *fill*         0x00002556        0x2 
 .text.GPT_SetClockDivider
                0x00002558       0x50 CMakeFiles/gpt_capture_cm7.elf.dir/c_/Users/TChyn/Downloads/SDK_25_06_00_EVK-MIMX8MP/devices/MIMX8ML8/drivers/fsl_gpt.c.obj
 .text.GPT_GetInstance
                0x000025a8       0x58 CMakeFiles/gpt_capture_cm7.elf.dir/c_/Users/TChyn/Downloads/SDK_25_06_00_EVK-MIMX8MP/devices/MIMX8ML8/drivers/fsl_gpt.c.obj
 .text.GPT_Init
                0x00002600      0x104 CMakeFiles/gpt_capture_cm7.elf.dir/c_/Users/TChyn/Downloads/SDK_25_06_00_EVK-MIMX8MP/devices/MIMX8ML8/drivers/fsl_gpt.c.obj
                0x00002600                GPT_Init
 .text.GPT_GetDefaultConfig
                0x00002704       0x68 CMakeFiles/gpt_capture_cm7.elf.dir/c_/Users/TChyn/Downloads/SDK_25_06_00_EVK-MIMX8MP/devices/MIMX8ML8/drivers/fsl_gpt.c.obj
                0x00002704                GPT_GetDefaultConfig
 .text.UART_SoftwareReset
                0x0000276c       0x36 CMakeFiles/gpt_capture_cm7.elf.dir/c_/Users/TChyn/Downloads/SDK_25_06_00_EVK-MIMX8MP/devices/MIMX8ML8/drivers/fsl_uart.c.obj
 .text.UART_Enable
                0x000027a2       0x24 CMakeFiles/gpt_capture_cm7.elf.dir/c_/Users/TChyn/Downloads/SDK_25_06_00_EVK-MIMX8MP/devices/MIMX8ML8/drivers/fsl_uart.c.obj
 .text.UART_Disable
                0x000027c6       0x24 CMakeFiles/gpt_capture_cm7.elf.dir/c_/Users/TChyn/Downloads/SDK_25_06_00_EVK-MIMX8MP/devices/MIMX8ML8/drivers/fsl_uart.c.obj
 .text.UART_WriteByte
                0x000027ea       0x1e CMakeFiles/gpt_capture_cm7.elf.dir/c_/Users/TChyn/Downloads/SDK_25_06_00_EVK-MIMX8MP/devices/MIMX8ML8/drivers/fsl_uart.c.obj
 .text.UART_ReadByte
                0x00002808       0x1a CMakeFiles/gpt_capture_cm7.elf.dir/c_/Users/TChyn/Downloads/SDK_25_06_00_EVK-MIMX8MP/devices/MIMX8ML8/drivers/fsl_uart.c.obj
 *fill*         0x00002822        0x2 
 .text.UART_SetTxFifoWatermark
                0x00002824       0x54 CMakeFiles/gpt_capture_cm7.elf.dir/c_/Users/TChyn/Downloads/SDK_25_06_00_EVK-MIMX8MP/devices/MIMX8ML8/drivers/fsl_uart.c.obj
 .text.UART_SetRxRTSWatermark
                0x00002878       0x4c CMakeFiles/gpt_capture_cm7.elf.dir/c_/Users/TChyn/Downloads/SDK_25_06_00_EVK-MIMX8MP/devices/MIMX8ML8/drivers/fsl_uart.c.obj
 .text.UART_SetRxFifoWatermark
                0x000028c4       0x4c CMakeFiles/gpt_capture_cm7.elf.dir/c_/Users/TChyn/Downloads/SDK_25_06_00_EVK-MIMX8MP/devices/MIMX8ML8/drivers/fsl_uart.c.obj
 .text.UART_EnableAutoBaudRate
                0x00002910       0x50 CMakeFiles/gpt_capture_cm7.elf.dir/c_/Users/TChyn/Downloads/SDK_25_06_00_EVK-MIMX8MP/devices/MIMX8ML8/drivers/fsl_uart.c.obj
 .text.UART_GetInstance
                0x00002960       0x60 CMakeFiles/gpt_capture_cm7.elf.dir/c_/Users/TChyn/Downloads/SDK_25_06_00_EVK-MIMX8MP/devices/MIMX8ML8/drivers/fsl_uart.c.obj
                0x00002960                UART_GetInstance
 .text.UART_Init
                0x000029c0      0x1a0 CMakeFiles/gpt_capture_cm7.elf.dir/c_/Users/TChyn/Downloads/SDK_25_06_00_EVK-MIMX8MP/devices/MIMX8ML8/drivers/fsl_uart.c.obj
                0x000029c0                UART_Init
 .text.UART_GetDefaultConfig
                0x00002b60       0x84 CMakeFiles/gpt_capture_cm7.elf.dir/c_/Users/TChyn/Downloads/SDK_25_06_00_EVK-MIMX8MP/devices/MIMX8ML8/drivers/fsl_uart.c.obj
                0x00002b60                UART_GetDefaultConfig
 .text.UART_SetBaudRate
                0x00002be4      0x3b0 CMakeFiles/gpt_capture_cm7.elf.dir/c_/Users/TChyn/Downloads/SDK_25_06_00_EVK-MIMX8MP/devices/MIMX8ML8/drivers/fsl_uart.c.obj
                0x00002be4                UART_SetBaudRate
 .text.UART_ClearStatusFlag
                0x00002f94       0x3c CMakeFiles/gpt_capture_cm7.elf.dir/c_/Users/TChyn/Downloads/SDK_25_06_00_EVK-MIMX8MP/devices/MIMX8ML8/drivers/fsl_uart.c.obj
                0x00002f94                UART_ClearStatusFlag
 .text.UART_WriteBlocking
                0x00002fd0       0x70 CMakeFiles/gpt_capture_cm7.elf.dir/c_/Users/TChyn/Downloads/SDK_25_06_00_EVK-MIMX8MP/devices/MIMX8ML8/drivers/fsl_uart.c.obj
                0x00002fd0                UART_WriteBlocking
 .text.UART_ReadBlocking
                0x00003040       0xdc CMakeFiles/gpt_capture_cm7.elf.dir/c_/Users/TChyn/Downloads/SDK_25_06_00_EVK-MIMX8MP/devices/MIMX8ML8/drivers/fsl_uart.c.obj
                0x00003040                UART_ReadBlocking
 .text.UART1_DriverIRQHandler
                0x0000311c       0x28 CMakeFiles/gpt_capture_cm7.elf.dir/c_/Users/TChyn/Downloads/SDK_25_06_00_EVK-MIMX8MP/devices/MIMX8ML8/drivers/fsl_uart.c.obj
                0x0000311c                UART1_DriverIRQHandler
 .text.UART2_DriverIRQHandler
                0x00003144       0x28 CMakeFiles/gpt_capture_cm7.elf.dir/c_/Users/TChyn/Downloads/SDK_25_06_00_EVK-MIMX8MP/devices/MIMX8ML8/drivers/fsl_uart.c.obj
                0x00003144                UART2_DriverIRQHandler
 .text.UART3_DriverIRQHandler
                0x0000316c       0x28 CMakeFiles/gpt_capture_cm7.elf.dir/c_/Users/TChyn/Downloads/SDK_25_06_00_EVK-MIMX8MP/devices/MIMX8ML8/drivers/fsl_uart.c.obj
                0x0000316c                UART3_DriverIRQHandler
 .text.UART4_DriverIRQHandler
                0x00003194       0x28 CMakeFiles/gpt_capture_cm7.elf.dir/c_/Users/TChyn/Downloads/SDK_25_06_00_EVK-MIMX8MP/devices/MIMX8ML8/drivers/fsl_uart.c.obj
                0x00003194                UART4_DriverIRQHandler
 .text.RDC_SetMasterDomainAssignment
                0x000031bc       0x48 CMakeFiles/gpt_capture_cm7.elf.dir/c_/Users/TChyn/Downloads/SDK_25_06_00_EVK-MIMX8MP/devices/MIMX8ML8/drivers/fsl_rdc.c.obj
                0x000031bc                RDC_SetMasterDomainAssignment
 .text.fsl_assert_hook
                0x00003204       0x1a CMakeFiles/gpt_capture_cm7.elf.dir/c_/Users/TChyn/Downloads/SDK_25_06_00_EVK-MIMX8MP/devices/MIMX8ML8/utilities/debug_console_lite/fsl_assert.c.obj
                0x00003204                fsl_assert_hook
 *fill*         0x0000321e        0x2 
 .text.__assert_func
                0x00003220       0x30 CMakeFiles/gpt_capture_cm7.elf.dir/c_/Users/TChyn/Downloads/SDK_25_06_00_EVK-MIMX8MP/devices/MIMX8ML8/utilities/debug_console_lite/fsl_assert.c.obj
                0x00003220                __assert_func
 .text.DbgConsole_Init
                0x00003250       0x88 CMakeFiles/gpt_capture_cm7.elf.dir/c_/Users/TChyn/Downloads/SDK_25_06_00_EVK-MIMX8MP/devices/MIMX8ML8/utilities/debug_console_lite/fsl_debug_console.c.obj
                0x00003250                DbgConsole_Init
 .text.DbgConsole_Printf
                0x000032d8       0x2c CMakeFiles/gpt_capture_cm7.elf.dir/c_/Users/TChyn/Downloads/SDK_25_06_00_EVK-MIMX8MP/devices/MIMX8ML8/utilities/debug_console_lite/fsl_debug_console.c.obj
                0x000032d8                DbgConsole_Printf
 .text.DbgConsole_Vprintf
                0x00003304       0x3c CMakeFiles/gpt_capture_cm7.elf.dir/c_/Users/TChyn/Downloads/SDK_25_06_00_EVK-MIMX8MP/devices/MIMX8ML8/utilities/debug_console_lite/fsl_debug_console.c.obj
                0x00003304                DbgConsole_Vprintf
 .text.DbgConsole_Putchar
                0x00003340       0x30 CMakeFiles/gpt_capture_cm7.elf.dir/c_/Users/TChyn/Downloads/SDK_25_06_00_EVK-MIMX8MP/devices/MIMX8ML8/utilities/debug_console_lite/fsl_debug_console.c.obj
                0x00003340                DbgConsole_Putchar
 .text.DbgConsole_PrintfPaddingCharacter
                0x00003370       0x40 CMakeFiles/gpt_capture_cm7.elf.dir/c_/Users/TChyn/Downloads/SDK_25_06_00_EVK-MIMX8MP/devices/MIMX8ML8/utilities/debug_console_lite/fsl_debug_console.c.obj
 .text.DbgConsole_ConvertRadixNumToString
                0x000033b0       0xc2 CMakeFiles/gpt_capture_cm7.elf.dir/c_/Users/TChyn/Downloads/SDK_25_06_00_EVK-MIMX8MP/devices/MIMX8ML8/utilities/debug_console_lite/fsl_debug_console.c.obj
 *fill*         0x00003472        0x2 
 .text.DbgConsole_PrintfFormattedData
                0x00003474      0x3e0 CMakeFiles/gpt_capture_cm7.elf.dir/c_/Users/TChyn/Downloads/SDK_25_06_00_EVK-MIMX8MP/devices/MIMX8ML8/utilities/debug_console_lite/fsl_debug_console.c.obj
 .text.__udivmoddi4
                0x00003854      0x2bc C:/NXP/MCUXpressoIDE_24.12.148/ide/tools/bin/../lib/gcc/arm-none-eabi/13.2.1/thumb/v7e-m+dp/hard\libgcc.a(_udivmoddi4.o)
                0x00003854                __udivmoddi4
 .text.exit     0x00003b10       0x24 C:/NXP/MCUXpressoIDE_24.12.148/ide/tools/bin/../lib/gcc/arm-none-eabi/13.2.1/thumb/v7e-m+dp/hard\libc_nano.a(libc_a-exit.o)
                0x00003b10                exit
 .text.memset   0x00003b34       0x10 C:/NXP/MCUXpressoIDE_24.12.148/ide/tools/bin/../lib/gcc/arm-none-eabi/13.2.1/thumb/v7e-m+dp/hard\libc_nano.a(libc_a-memset.o)
                0x00003b34                memset
 .text.__libc_init_array
                0x00003b44       0x48 C:/NXP/MCUXpressoIDE_24.12.148/ide/tools/bin/../lib/gcc/arm-none-eabi/13.2.1/thumb/v7e-m+dp/hard\libc_nano.a(libc_a-init.o)
                0x00003b44                __libc_init_array
 .text._exit    0x00003b8c        0x2 C:/NXP/MCUXpressoIDE_24.12.148/ide/tools/bin/../lib/gcc/arm-none-eabi/13.2.1/../../../../arm-none-eabi/lib/thumb/v7e-m+dp/hard\libcr_newlib_nohost.a(_exit.o)
                0x00003b8c                _exit
 *(.rodata)
 *fill*         0x00003b8e        0x2 
 .rodata        0x00003b90      0x103 CMakeFiles/gpt_capture_cm7.elf.dir/C_/Users/TChyn/Desktop/Chyn/firmware-and-dts/M7/gpt_capture2/gpt_capture.c.obj
 *fill*         0x00003c93        0x1 
 .rodata        0x00003c94      0x11b CMakeFiles/gpt_capture_cm7.elf.dir/C_/Users/TChyn/Desktop/Chyn/firmware-and-dts/M7/gpt_capture2/board.c.obj
 *fill*         0x00003daf        0x1 
 .rodata        0x00003db0       0xf3 CMakeFiles/gpt_capture_cm7.elf.dir/c_/Users/TChyn/Downloads/SDK_25_06_00_EVK-MIMX8MP/components/uart/fsl_adapter_iuart.c.obj
 *fill*         0x00003ea3        0x1 
 .rodata        0x00003ea4       0x6a CMakeFiles/gpt_capture_cm7.elf.dir/c_/Users/TChyn/Downloads/SDK_25_06_00_EVK-MIMX8MP/devices/MIMX8ML8/drivers/fsl_audiomix.c.obj
 *fill*         0x00003f0e        0x2 
 .rodata        0x00003f10      0x186 CMakeFiles/gpt_capture_cm7.elf.dir/c_/Users/TChyn/Downloads/SDK_25_06_00_EVK-MIMX8MP/devices/MIMX8ML8/drivers/fsl_clock.c.obj
 *fill*         0x00004096        0x2 
 .rodata        0x00004098      0x11f CMakeFiles/gpt_capture_cm7.elf.dir/c_/Users/TChyn/Downloads/SDK_25_06_00_EVK-MIMX8MP/devices/MIMX8ML8/drivers/fsl_gpt.c.obj
 *fill*         0x000041b7        0x1 
 .rodata        0x000041b8      0x296 CMakeFiles/gpt_capture_cm7.elf.dir/c_/Users/TChyn/Downloads/SDK_25_06_00_EVK-MIMX8MP/devices/MIMX8ML8/drivers/fsl_uart.c.obj
 *fill*         0x0000444e        0x2 
 .rodata        0x00004450      0x13e CMakeFiles/gpt_capture_cm7.elf.dir/c_/Users/TChyn/Downloads/SDK_25_06_00_EVK-MIMX8MP/devices/MIMX8ML8/drivers/fsl_rdc.c.obj
 *fill*         0x0000458e        0x2 
 .rodata        0x00004590       0x3e CMakeFiles/gpt_capture_cm7.elf.dir/c_/Users/TChyn/Downloads/SDK_25_06_00_EVK-MIMX8MP/devices/MIMX8ML8/utilities/debug_console_lite/fsl_assert.c.obj
 *(.rodata*)
 *fill*         0x000045ce        0x2 
 .rodata.__func__.1
                0x000045d0       0x1a CMakeFiles/gpt_capture_cm7.elf.dir/C_/Users/TChyn/Desktop/Chyn/firmware-and-dts/M7/gpt_capture2/gpt_capture.c.obj
 *fill*         0x000045ea        0x2 
 .rodata.__func__.0
                0x000045ec       0x19 CMakeFiles/gpt_capture_cm7.elf.dir/C_/Users/TChyn/Desktop/Chyn/firmware-and-dts/M7/gpt_capture2/gpt_capture.c.obj
 *fill*         0x00004605        0x3 
 .rodata.__func__.1
                0x00004608       0x11 CMakeFiles/gpt_capture_cm7.elf.dir/C_/Users/TChyn/Desktop/Chyn/firmware-and-dts/M7/gpt_capture2/board.c.obj
 *fill*         0x00004619        0x3 
 .rodata.__func__.0
                0x0000461c       0x1a CMakeFiles/gpt_capture_cm7.elf.dir/C_/Users/TChyn/Desktop/Chyn/firmware-and-dts/M7/gpt_capture2/board.c.obj
 *fill*         0x00004636        0x2 
 .rodata.g_audioPll1Config
                0x00004638       0x10 CMakeFiles/gpt_capture_cm7.elf.dir/C_/Users/TChyn/Desktop/Chyn/firmware-and-dts/M7/gpt_capture2/clock_config.c.obj
                0x00004638                g_audioPll1Config
 .rodata.g_audioPll2Config
                0x00004648       0x10 CMakeFiles/gpt_capture_cm7.elf.dir/C_/Users/TChyn/Desktop/Chyn/firmware-and-dts/M7/gpt_capture2/clock_config.c.obj
                0x00004648                g_audioPll2Config
 .rodata.g_saiPLLConfig
                0x00004658       0x10 CMakeFiles/gpt_capture_cm7.elf.dir/C_/Users/TChyn/Desktop/Chyn/firmware-and-dts/M7/gpt_capture2/clock_config.c.obj
                0x00004658                g_saiPLLConfig
 .rodata.s_UartAdapterBase
                0x00004668       0x14 CMakeFiles/gpt_capture_cm7.elf.dir/c_/Users/TChyn/Downloads/SDK_25_06_00_EVK-MIMX8MP/components/uart/fsl_adapter_iuart.c.obj
 .rodata.__func__.5
                0x0000467c        0xd CMakeFiles/gpt_capture_cm7.elf.dir/c_/Users/TChyn/Downloads/SDK_25_06_00_EVK-MIMX8MP/components/uart/fsl_adapter_iuart.c.obj
 *fill*         0x00004689        0x3 
 .rodata.__func__.3
                0x0000468c       0x18 CMakeFiles/gpt_capture_cm7.elf.dir/c_/Users/TChyn/Downloads/SDK_25_06_00_EVK-MIMX8MP/components/uart/fsl_adapter_iuart.c.obj
 .rodata.__func__.2
                0x000046a4       0x15 CMakeFiles/gpt_capture_cm7.elf.dir/c_/Users/TChyn/Downloads/SDK_25_06_00_EVK-MIMX8MP/components/uart/fsl_adapter_iuart.c.obj
 *fill*         0x000046b9        0x3 
 .rodata.__func__.0
                0x000046bc       0x16 CMakeFiles/gpt_capture_cm7.elf.dir/c_/Users/TChyn/Downloads/SDK_25_06_00_EVK-MIMX8MP/devices/MIMX8ML8/drivers/fsl_audiomix.c.obj
 *fill*         0x000046d2        0x2 
 .rodata.__func__.11
                0x000046d4       0x14 CMakeFiles/gpt_capture_cm7.elf.dir/c_/Users/TChyn/Downloads/SDK_25_06_00_EVK-MIMX8MP/devices/MIMX8ML8/drivers/fsl_clock.c.obj
 .rodata.__func__.10
                0x000046e8       0x14 CMakeFiles/gpt_capture_cm7.elf.dir/c_/Users/TChyn/Downloads/SDK_25_06_00_EVK-MIMX8MP/devices/MIMX8ML8/drivers/fsl_clock.c.obj
 .rodata.__func__.5
                0x000046fc       0x12 CMakeFiles/gpt_capture_cm7.elf.dir/c_/Users/TChyn/Downloads/SDK_25_06_00_EVK-MIMX8MP/devices/MIMX8ML8/drivers/fsl_clock.c.obj
 *fill*         0x0000470e        0x2 
 .rodata.__func__.4
                0x00004710       0x15 CMakeFiles/gpt_capture_cm7.elf.dir/c_/Users/TChyn/Downloads/SDK_25_06_00_EVK-MIMX8MP/devices/MIMX8ML8/drivers/fsl_clock.c.obj
 *fill*         0x00004725        0x3 
 .rodata.__func__.2
                0x00004728       0x18 CMakeFiles/gpt_capture_cm7.elf.dir/c_/Users/TChyn/Downloads/SDK_25_06_00_EVK-MIMX8MP/devices/MIMX8ML8/drivers/fsl_clock.c.obj
 .rodata.__func__.1
                0x00004740       0x15 CMakeFiles/gpt_capture_cm7.elf.dir/c_/Users/TChyn/Downloads/SDK_25_06_00_EVK-MIMX8MP/devices/MIMX8ML8/drivers/fsl_clock.c.obj
 *fill*         0x00004755        0x3 
 .rodata.s_gptBases
                0x00004758       0x1c CMakeFiles/gpt_capture_cm7.elf.dir/c_/Users/TChyn/Downloads/SDK_25_06_00_EVK-MIMX8MP/devices/MIMX8ML8/drivers/fsl_gpt.c.obj
 .rodata.s_gptClocks
                0x00004774       0x1c CMakeFiles/gpt_capture_cm7.elf.dir/c_/Users/TChyn/Downloads/SDK_25_06_00_EVK-MIMX8MP/devices/MIMX8ML8/drivers/fsl_gpt.c.obj
 .rodata.__func__.3
                0x00004790       0x10 CMakeFiles/gpt_capture_cm7.elf.dir/c_/Users/TChyn/Downloads/SDK_25_06_00_EVK-MIMX8MP/devices/MIMX8ML8/drivers/fsl_gpt.c.obj
 .rodata.__func__.2
                0x000047a0        0x9 CMakeFiles/gpt_capture_cm7.elf.dir/c_/Users/TChyn/Downloads/SDK_25_06_00_EVK-MIMX8MP/devices/MIMX8ML8/drivers/fsl_gpt.c.obj
 *fill*         0x000047a9        0x3 
 .rodata.__func__.1
                0x000047ac       0x14 CMakeFiles/gpt_capture_cm7.elf.dir/c_/Users/TChyn/Downloads/SDK_25_06_00_EVK-MIMX8MP/devices/MIMX8ML8/drivers/fsl_gpt.c.obj
 .rodata.__func__.0
                0x000047c0       0x15 CMakeFiles/gpt_capture_cm7.elf.dir/c_/Users/TChyn/Downloads/SDK_25_06_00_EVK-MIMX8MP/devices/MIMX8ML8/drivers/fsl_gpt.c.obj
 *fill*         0x000047d5        0x3 
 .rodata.s_uartBases
                0x000047d8       0x14 CMakeFiles/gpt_capture_cm7.elf.dir/c_/Users/TChyn/Downloads/SDK_25_06_00_EVK-MIMX8MP/devices/MIMX8ML8/drivers/fsl_uart.c.obj
 .rodata.s_uartClock
                0x000047ec       0x14 CMakeFiles/gpt_capture_cm7.elf.dir/c_/Users/TChyn/Downloads/SDK_25_06_00_EVK-MIMX8MP/devices/MIMX8ML8/drivers/fsl_uart.c.obj
 .rodata.__func__.24
                0x00004800       0x11 CMakeFiles/gpt_capture_cm7.elf.dir/c_/Users/TChyn/Downloads/SDK_25_06_00_EVK-MIMX8MP/devices/MIMX8ML8/drivers/fsl_uart.c.obj
 *fill*         0x00004811        0x3 
 .rodata.__func__.21
                0x00004814        0xa CMakeFiles/gpt_capture_cm7.elf.dir/c_/Users/TChyn/Downloads/SDK_25_06_00_EVK-MIMX8MP/devices/MIMX8ML8/drivers/fsl_uart.c.obj
 *fill*         0x0000481e        0x2 
 .rodata.__func__.20
                0x00004820       0x18 CMakeFiles/gpt_capture_cm7.elf.dir/c_/Users/TChyn/Downloads/SDK_25_06_00_EVK-MIMX8MP/devices/MIMX8ML8/drivers/fsl_uart.c.obj
 .rodata.__func__.19
                0x00004838       0x18 CMakeFiles/gpt_capture_cm7.elf.dir/c_/Users/TChyn/Downloads/SDK_25_06_00_EVK-MIMX8MP/devices/MIMX8ML8/drivers/fsl_uart.c.obj
 .rodata.__func__.18
                0x00004850       0x17 CMakeFiles/gpt_capture_cm7.elf.dir/c_/Users/TChyn/Downloads/SDK_25_06_00_EVK-MIMX8MP/devices/MIMX8ML8/drivers/fsl_uart.c.obj
 *fill*         0x00004867        0x1 
 .rodata.__func__.17
                0x00004868       0x16 CMakeFiles/gpt_capture_cm7.elf.dir/c_/Users/TChyn/Downloads/SDK_25_06_00_EVK-MIMX8MP/devices/MIMX8ML8/drivers/fsl_uart.c.obj
 *fill*         0x0000487e        0x2 
 .rodata.__func__.13
                0x00004880       0x13 CMakeFiles/gpt_capture_cm7.elf.dir/c_/Users/TChyn/Downloads/SDK_25_06_00_EVK-MIMX8MP/devices/MIMX8ML8/drivers/fsl_uart.c.obj
 *fill*         0x00004893        0x1 
 .rodata.__func__.12
                0x00004894       0x12 CMakeFiles/gpt_capture_cm7.elf.dir/c_/Users/TChyn/Downloads/SDK_25_06_00_EVK-MIMX8MP/devices/MIMX8ML8/drivers/fsl_uart.c.obj
 *fill*         0x000048a6        0x2 
 .rodata.__func__.6
                0x000048a8       0x1e CMakeFiles/gpt_capture_cm7.elf.dir/c_/Users/TChyn/Downloads/SDK_25_06_00_EVK-MIMX8MP/devices/MIMX8ML8/drivers/fsl_rdc.c.obj
 *(.glue_7)
 .glue_7        0x000048c6        0x0 linker stubs
 *(.glue_7t)
 .glue_7t       0x000048c6        0x0 linker stubs
 *(.eh_frame)
 *fill*         0x000048c6        0x2 
 .eh_frame      0x000048c8        0x0 C:/NXP/MCUXpressoIDE_24.12.148/ide/tools/bin/../lib/gcc/arm-none-eabi/13.2.1/thumb/v7e-m+dp/hard/crtbegin.o
 *(.init)
 .init          0x000048c8        0x4 C:/NXP/MCUXpressoIDE_24.12.148/ide/tools/bin/../lib/gcc/arm-none-eabi/13.2.1/thumb/v7e-m+dp/hard/crti.o
                0x000048c8                _init
 .init          0x000048cc        0x8 C:/NXP/MCUXpressoIDE_24.12.148/ide/tools/bin/../lib/gcc/arm-none-eabi/13.2.1/thumb/v7e-m+dp/hard/crtn.o
 *(.fini)
 .fini          0x000048d4        0x4 C:/NXP/MCUXpressoIDE_24.12.148/ide/tools/bin/../lib/gcc/arm-none-eabi/13.2.1/thumb/v7e-m+dp/hard/crti.o
                0x000048d4                _fini
 .fini          0x000048d8        0x8 C:/NXP/MCUXpressoIDE_24.12.148/ide/tools/bin/../lib/gcc/arm-none-eabi/13.2.1/thumb/v7e-m+dp/hard/crtn.o
                0x000048e0                        . = ALIGN (0x4)

.vfp11_veneer   0x000048e0        0x0
 .vfp11_veneer  0x000048e0        0x0 linker stubs

.v4_bx          0x000048e0        0x0
 .v4_bx         0x000048e0        0x0 linker stubs

.iplt           0x000048e0        0x0
 .iplt          0x000048e0        0x0 C:/NXP/MCUXpressoIDE_24.12.148/ide/tools/bin/../lib/gcc/arm-none-eabi/13.2.1/thumb/v7e-m+dp/hard/crtbegin.o

.ARM.extab
 *(.ARM.extab* .gnu.linkonce.armextab.*)

.ARM            0x000048e0        0x8
                0x000048e0                        __exidx_start = .
 *(.ARM.exidx*)
 .ARM.exidx     0x000048e0        0x8 C:/NXP/MCUXpressoIDE_24.12.148/ide/tools/bin/../lib/gcc/arm-none-eabi/13.2.1/thumb/v7e-m+dp/hard/crt0.o
                                 0x10 (size before relaxing)
 .ARM.exidx     0x000048e8        0x0 C:/NXP/MCUXpressoIDE_24.12.148/ide/tools/bin/../lib/gcc/arm-none-eabi/13.2.1/thumb/v7e-m+dp/hard\libc_nano.a(libc_a-strlen.o)
                                  0x8 (size before relaxing)
 .ARM.exidx.text.__udivmoddi4
                0x000048e8        0x0 C:/NXP/MCUXpressoIDE_24.12.148/ide/tools/bin/../lib/gcc/arm-none-eabi/13.2.1/thumb/v7e-m+dp/hard\libgcc.a(_udivmoddi4.o)
                                  0x8 (size before relaxing)
                0x000048e8                        __exidx_end = .

.rel.dyn        0x000048e8        0x0
 .rel.iplt      0x000048e8        0x0 C:/NXP/MCUXpressoIDE_24.12.148/ide/tools/bin/../lib/gcc/arm-none-eabi/13.2.1/thumb/v7e-m+dp/hard/crtbegin.o

.ctors          0x000048e8        0x0
                0x000048e8                        __CTOR_LIST__ = .
 *crtbegin.o(.ctors)
 *crtbegin?.o(.ctors)
 *(EXCLUDE_FILE(*crtend.o *crtend?.o) .ctors)
 *(SORT_BY_NAME(.ctors.*))
 *(.ctors)
                0x000048e8                        __CTOR_END__ = .

.dtors          0x000048e8        0x0
                0x000048e8                        __DTOR_LIST__ = .
 *crtbegin.o(.dtors)
 *crtbegin?.o(.dtors)
 *(EXCLUDE_FILE(*crtend.o *crtend?.o) .dtors)
 *(SORT_BY_NAME(.dtors.*))
 *(.dtors)
                0x000048e8                        __DTOR_END__ = .

.preinit_array  0x000048e8        0x0
                0x000048e8                        PROVIDE (__preinit_array_start = .)
 *(.preinit_array*)
                0x000048e8                        PROVIDE (__preinit_array_end = .)

.init_array     0x000048e8        0x4
                0x000048e8                        PROVIDE (__init_array_start = .)
 *(SORT_BY_NAME(.init_array.*))
 *(.init_array*)
 .init_array    0x000048e8        0x4 C:/NXP/MCUXpressoIDE_24.12.148/ide/tools/bin/../lib/gcc/arm-none-eabi/13.2.1/thumb/v7e-m+dp/hard/crtbegin.o
                0x000048ec                        PROVIDE (__init_array_end = .)

.fini_array     0x000048ec        0x4
                [!provide]                        PROVIDE (__fini_array_start = .)
 *(SORT_BY_NAME(.fini_array.*))
 *(.fini_array*)
 .fini_array    0x000048ec        0x4 C:/NXP/MCUXpressoIDE_24.12.148/ide/tools/bin/../lib/gcc/arm-none-eabi/13.2.1/thumb/v7e-m+dp/hard/crtbegin.o
                [!provide]                        PROVIDE (__fini_array_end = .)
                0x000048f0                        __etext = .
                0x000048f0                        __DATA_ROM = .

.data           0x20000000        0x4 load address 0x000048f0
                0x20000000                        . = ALIGN (0x4)
                0x20000000                        __DATA_RAM = .
                0x20000000                        __data_start__ = .
 *(.data)
 *(.data*)
 .data.SystemCoreClock
                0x20000000        0x4 CMakeFiles/gpt_capture_cm7.elf.dir/c_/Users/TChyn/Downloads/SDK_25_06_00_EVK-MIMX8MP/devices/MIMX8ML8/system_MIMX8ML8_cm7.c.obj
                0x20000000                SystemCoreClock
 *(.jcr*)
                0x20000004                        . = ALIGN (0x4)
                0x20000004                        __data_end__ = .
                0x00000000                        __CACHE_REGION_START = ORIGIN (m_interrupts)
                0x00000000                        __CACHE_REGION_SIZE = 0x0
                0x000048f4                        __NDATA_ROM = (__DATA_ROM + SIZEOF (.data))

.tm_clone_table
                0x20000004        0x0 load address 0x000048f4
 .tm_clone_table
                0x20000004        0x0 C:/NXP/MCUXpressoIDE_24.12.148/ide/tools/bin/../lib/gcc/arm-none-eabi/13.2.1/thumb/v7e-m+dp/hard/crtbegin.o
 .tm_clone_table
                0x20000004        0x0 C:/NXP/MCUXpressoIDE_24.12.148/ide/tools/bin/../lib/gcc/arm-none-eabi/13.2.1/thumb/v7e-m+dp/hard/crtend.o

.igot.plt       0x20000004        0x0 load address 0x000048f4
 .igot.plt      0x20000004        0x0 C:/NXP/MCUXpressoIDE_24.12.148/ide/tools/bin/../lib/gcc/arm-none-eabi/13.2.1/thumb/v7e-m+dp/hard/crtbegin.o

.ncache.init    0x80000000        0x0 load address 0x000048f4
                0x80000000                        __noncachedata_start__ = .
 *(NonCacheable.init)
                0x80000000                        . = ALIGN (0x4)
                0x80000000                        __noncachedata_init_end__ = .
                0x80000000                        . = __noncachedata_init_end__

.ncache         0x80000000        0x0
 *(NonCacheable)
                0x80000000                        . = ALIGN (0x4)
                0x80000000                        __noncachedata_end__ = .
                0x000048f4                        __DATA_END = (__DATA_ROM + (__data_end__ - __data_start__))
                0x00020000                        text_end = (ORIGIN (m_text) + LENGTH (m_text))
                0x00000001                        ASSERT ((__DATA_END <= text_end), region m_text overflowed with text and data)

.bss            0x20000004       0x50 load address 0x000048f4
                0x20000004                        . = ALIGN (0x4)
                0x20000004                        __START_BSS = .
                0x20000004                        __bss_start__ = .
 *(.bss)
 *(.bss*)
 .bss.completed.1
                0x20000004        0x1 C:/NXP/MCUXpressoIDE_24.12.148/ide/tools/bin/../lib/gcc/arm-none-eabi/13.2.1/thumb/v7e-m+dp/hard/crtbegin.o
 *fill*         0x20000005        0x3 
 .bss.object.0  0x20000008       0x18 C:/NXP/MCUXpressoIDE_24.12.148/ide/tools/bin/../lib/gcc/arm-none-eabi/13.2.1/thumb/v7e-m+dp/hard/crtbegin.o
 .bss.gptIsrFlag
                0x20000020        0x1 CMakeFiles/gpt_capture_cm7.elf.dir/C_/Users/TChyn/Desktop/Chyn/firmware-and-dts/M7/gpt_capture2/gpt_capture.c.obj
                0x20000020                gptIsrFlag
 *fill*         0x20000021        0x3 
 .bss.s_uartIsr
                0x20000024        0x4 CMakeFiles/gpt_capture_cm7.elf.dir/c_/Users/TChyn/Downloads/SDK_25_06_00_EVK-MIMX8MP/devices/MIMX8ML8/drivers/fsl_uart.c.obj
                0x20000024                s_uartIsr
 .bss.s_uartHandle
                0x20000028       0x14 CMakeFiles/gpt_capture_cm7.elf.dir/c_/Users/TChyn/Downloads/SDK_25_06_00_EVK-MIMX8MP/devices/MIMX8ML8/drivers/fsl_uart.c.obj
                0x20000028                s_uartHandle
 .bss.s_debugConsole
                0x2000003c       0x14 CMakeFiles/gpt_capture_cm7.elf.dir/c_/Users/TChyn/Downloads/SDK_25_06_00_EVK-MIMX8MP/devices/MIMX8ML8/utilities/debug_console_lite/fsl_debug_console.c.obj
 .bss.__stdio_exit_handler
                0x20000050        0x4 C:/NXP/MCUXpressoIDE_24.12.148/ide/tools/bin/../lib/gcc/arm-none-eabi/13.2.1/thumb/v7e-m+dp/hard\libc_nano.a(libc_a-findfp.o)
                0x20000050                __stdio_exit_handler
 *(COMMON)
                0x20000054                        . = ALIGN (0x4)
                0x20000054                        __bss_end__ = .
                0x20000054                        __END_BSS = .

.heap           0x20000054      0x404 load address 0x00004944
                0x20000058                        . = ALIGN (0x8)
 *fill*         0x20000054        0x4 
                0x20000058                        __end__ = .
                0x20000058                        PROVIDE (end = .)
                0x20000058                        __HeapBase = .
                0x20000458                        . = (. + HEAP_SIZE)
 *fill*         0x20000058      0x400 
                0x20000458                        __HeapLimit = .
                0x20000458                        __heap_limit = .

.stack          0x20000458      0x400 load address 0x00004d48
                0x20000458                        . = ALIGN (0x8)
                0x20000858                        . = (. + STACK_SIZE)
 *fill*         0x20000458      0x400 
                0x20020000                        __StackTop = (ORIGIN (m_data) + LENGTH (m_data))
                0x2001fc00                        __StackLimit = (__StackTop - STACK_SIZE)
                0x20020000                        PROVIDE (__stack = __StackTop)

.ARM.attributes
                0x00000000       0x2e
 *(.ARM.attributes)
 .ARM.attributes
                0x00000000       0x20 C:/NXP/MCUXpressoIDE_24.12.148/ide/tools/bin/../lib/gcc/arm-none-eabi/13.2.1/thumb/v7e-m+dp/hard/crti.o
 .ARM.attributes
                0x00000020       0x32 C:/NXP/MCUXpressoIDE_24.12.148/ide/tools/bin/../lib/gcc/arm-none-eabi/13.2.1/thumb/v7e-m+dp/hard/crtbegin.o
 .ARM.attributes
                0x00000052       0x1e C:/NXP/MCUXpressoIDE_24.12.148/ide/tools/bin/../lib/gcc/arm-none-eabi/13.2.1/thumb/v7e-m+dp/hard/crt0.o
 .ARM.attributes
                0x00000070       0x32 CMakeFiles/gpt_capture_cm7.elf.dir/C_/Users/TChyn/Desktop/Chyn/firmware-and-dts/M7/gpt_capture2/gpt_capture.c.obj
 .ARM.attributes
                0x000000a2       0x32 CMakeFiles/gpt_capture_cm7.elf.dir/C_/Users/TChyn/Desktop/Chyn/firmware-and-dts/M7/gpt_capture2/empty_rsc_table.c.obj
 .ARM.attributes
                0x000000d4       0x32 CMakeFiles/gpt_capture_cm7.elf.dir/C_/Users/TChyn/Desktop/Chyn/firmware-and-dts/M7/gpt_capture2/board.c.obj
 .ARM.attributes
                0x00000106       0x32 CMakeFiles/gpt_capture_cm7.elf.dir/C_/Users/TChyn/Desktop/Chyn/firmware-and-dts/M7/gpt_capture2/clock_config.c.obj
 .ARM.attributes
                0x00000138       0x32 CMakeFiles/gpt_capture_cm7.elf.dir/C_/Users/TChyn/Desktop/Chyn/firmware-and-dts/M7/gpt_capture2/pin_mux.c.obj
 .ARM.attributes
                0x0000016a       0x32 CMakeFiles/gpt_capture_cm7.elf.dir/C_/Users/TChyn/Desktop/Chyn/firmware-and-dts/M7/gpt_capture2/hardware_init.c.obj
 .ARM.attributes
                0x0000019c       0x32 CMakeFiles/gpt_capture_cm7.elf.dir/c_/Users/TChyn/Downloads/SDK_25_06_00_EVK-MIMX8MP/components/uart/fsl_adapter_iuart.c.obj
 .ARM.attributes
                0x000001ce       0x1d CMakeFiles/gpt_capture_cm7.elf.dir/c_/Users/TChyn/Downloads/SDK_25_06_00_EVK-MIMX8MP/devices/MIMX8ML8/gcc/startup_MIMX8ML8_cm7.S.obj
 .ARM.attributes
                0x000001eb       0x32 CMakeFiles/gpt_capture_cm7.elf.dir/c_/Users/TChyn/Downloads/SDK_25_06_00_EVK-MIMX8MP/devices/MIMX8ML8/system_MIMX8ML8_cm7.c.obj
 .ARM.attributes
                0x0000021d       0x32 CMakeFiles/gpt_capture_cm7.elf.dir/c_/Users/TChyn/Downloads/SDK_25_06_00_EVK-MIMX8MP/devices/MIMX8ML8/drivers/fsl_audiomix.c.obj
 .ARM.attributes
                0x0000024f       0x32 CMakeFiles/gpt_capture_cm7.elf.dir/c_/Users/TChyn/Downloads/SDK_25_06_00_EVK-MIMX8MP/devices/MIMX8ML8/drivers/fsl_clock.c.obj
 .ARM.attributes
                0x00000281       0x32 CMakeFiles/gpt_capture_cm7.elf.dir/c_/Users/TChyn/Downloads/SDK_25_06_00_EVK-MIMX8MP/devices/MIMX8ML8/drivers/fsl_gpt.c.obj
 .ARM.attributes
                0x000002b3       0x32 CMakeFiles/gpt_capture_cm7.elf.dir/c_/Users/TChyn/Downloads/SDK_25_06_00_EVK-MIMX8MP/devices/MIMX8ML8/drivers/fsl_uart.c.obj
 .ARM.attributes
                0x000002e5       0x32 CMakeFiles/gpt_capture_cm7.elf.dir/c_/Users/TChyn/Downloads/SDK_25_06_00_EVK-MIMX8MP/devices/MIMX8ML8/drivers/fsl_rdc.c.obj
 .ARM.attributes
                0x00000317       0x1e CMakeFiles/gpt_capture_cm7.elf.dir/c_/Users/TChyn/Downloads/SDK_25_06_00_EVK-MIMX8MP/devices/MIMX8ML8/utilities/fsl_memcpy.S.obj
 .ARM.attributes
                0x00000335       0x32 CMakeFiles/gpt_capture_cm7.elf.dir/c_/Users/TChyn/Downloads/SDK_25_06_00_EVK-MIMX8MP/devices/MIMX8ML8/utilities/debug_console_lite/fsl_assert.c.obj
 .ARM.attributes
                0x00000367       0x32 CMakeFiles/gpt_capture_cm7.elf.dir/c_/Users/TChyn/Downloads/SDK_25_06_00_EVK-MIMX8MP/devices/MIMX8ML8/utilities/debug_console_lite/fsl_debug_console.c.obj
 .ARM.attributes
                0x00000399       0x20 C:/NXP/MCUXpressoIDE_24.12.148/ide/tools/bin/../lib/gcc/arm-none-eabi/13.2.1/thumb/v7e-m+dp/hard\libgcc.a(_aeabi_uldivmod.o)
 .ARM.attributes
                0x000003b9       0x32 C:/NXP/MCUXpressoIDE_24.12.148/ide/tools/bin/../lib/gcc/arm-none-eabi/13.2.1/thumb/v7e-m+dp/hard\libgcc.a(_udivmoddi4.o)
 .ARM.attributes
                0x000003eb       0x20 C:/NXP/MCUXpressoIDE_24.12.148/ide/tools/bin/../lib/gcc/arm-none-eabi/13.2.1/thumb/v7e-m+dp/hard\libgcc.a(_dvmd_tls.o)
 .ARM.attributes
                0x0000040b       0x32 C:/NXP/MCUXpressoIDE_24.12.148/ide/tools/bin/../lib/gcc/arm-none-eabi/13.2.1/thumb/v7e-m+dp/hard\libc_nano.a(libc_a-exit.o)
 .ARM.attributes
                0x0000043d       0x32 C:/NXP/MCUXpressoIDE_24.12.148/ide/tools/bin/../lib/gcc/arm-none-eabi/13.2.1/thumb/v7e-m+dp/hard\libc_nano.a(libc_a-findfp.o)
 .ARM.attributes
                0x0000046f       0x32 C:/NXP/MCUXpressoIDE_24.12.148/ide/tools/bin/../lib/gcc/arm-none-eabi/13.2.1/thumb/v7e-m+dp/hard\libc_nano.a(libc_a-memset.o)
 .ARM.attributes
                0x000004a1       0x32 C:/NXP/MCUXpressoIDE_24.12.148/ide/tools/bin/../lib/gcc/arm-none-eabi/13.2.1/thumb/v7e-m+dp/hard\libc_nano.a(libc_a-init.o)
 .ARM.attributes
                0x000004d3       0x17 C:/NXP/MCUXpressoIDE_24.12.148/ide/tools/bin/../lib/gcc/arm-none-eabi/13.2.1/thumb/v7e-m+dp/hard\libc_nano.a(libc_a-strlen.o)
 .ARM.attributes
                0x000004ea       0x32 C:/NXP/MCUXpressoIDE_24.12.148/ide/tools/bin/../lib/gcc/arm-none-eabi/13.2.1/../../../../arm-none-eabi/lib/thumb/v7e-m+dp/hard\libcr_newlib_nohost.a(_exit.o)
 .ARM.attributes
                0x0000051c       0x32 C:/NXP/MCUXpressoIDE_24.12.148/ide/tools/bin/../lib/gcc/arm-none-eabi/13.2.1/thumb/v7e-m+dp/hard/crtend.o
 .ARM.attributes
                0x0000054e       0x20 C:/NXP/MCUXpressoIDE_24.12.148/ide/tools/bin/../lib/gcc/arm-none-eabi/13.2.1/thumb/v7e-m+dp/hard/crtn.o
                0x00000001                        ASSERT ((__StackLimit >= __HeapLimit), region m_data overflowed with stack and heap)
OUTPUT(gpt_capture_cm7.elf elf32-littlearm)
LOAD linker stubs

.debug_line_str
                0x00000000      0x398
 .debug_line_str
                0x00000000      0x398 C:/NXP/MCUXpressoIDE_24.12.148/ide/tools/bin/../lib/gcc/arm-none-eabi/13.2.1/thumb/v7e-m+dp/hard/crt0.o
                                 0xd6 (size before relaxing)
 .debug_line_str
                0x00000398       0xa8 CMakeFiles/gpt_capture_cm7.elf.dir/c_/Users/TChyn/Downloads/SDK_25_06_00_EVK-MIMX8MP/devices/MIMX8ML8/gcc/startup_MIMX8ML8_cm7.S.obj
 .debug_line_str
                0x00000398       0xa4 CMakeFiles/gpt_capture_cm7.elf.dir/c_/Users/TChyn/Downloads/SDK_25_06_00_EVK-MIMX8MP/devices/MIMX8ML8/utilities/fsl_memcpy.S.obj
 .debug_line_str
                0x00000398       0xc9 C:/NXP/MCUXpressoIDE_24.12.148/ide/tools/bin/../lib/gcc/arm-none-eabi/13.2.1/thumb/v7e-m+dp/hard\libgcc.a(_aeabi_uldivmod.o)
 .debug_line_str
                0x00000398       0xcd C:/NXP/MCUXpressoIDE_24.12.148/ide/tools/bin/../lib/gcc/arm-none-eabi/13.2.1/thumb/v7e-m+dp/hard\libgcc.a(_dvmd_tls.o)
 .debug_line_str
                0x00000398       0xeb C:/NXP/MCUXpressoIDE_24.12.148/ide/tools/bin/../lib/gcc/arm-none-eabi/13.2.1/thumb/v7e-m+dp/hard\libc_nano.a(libc_a-strlen.o)

.debug_info     0x00000000     0xdf52
 .debug_info    0x00000000      0xe67 CMakeFiles/gpt_capture_cm7.elf.dir/C_/Users/TChyn/Desktop/Chyn/firmware-and-dts/M7/gpt_capture2/gpt_capture.c.obj
 .debug_info    0x00000e67       0xa9 CMakeFiles/gpt_capture_cm7.elf.dir/C_/Users/TChyn/Desktop/Chyn/firmware-and-dts/M7/gpt_capture2/empty_rsc_table.c.obj
 .debug_info    0x00000f10     0x1851 CMakeFiles/gpt_capture_cm7.elf.dir/C_/Users/TChyn/Desktop/Chyn/firmware-and-dts/M7/gpt_capture2/board.c.obj
 .debug_info    0x00002761     0x1329 CMakeFiles/gpt_capture_cm7.elf.dir/C_/Users/TChyn/Desktop/Chyn/firmware-and-dts/M7/gpt_capture2/clock_config.c.obj
 .debug_info    0x00003a8a      0x1a4 CMakeFiles/gpt_capture_cm7.elf.dir/C_/Users/TChyn/Desktop/Chyn/firmware-and-dts/M7/gpt_capture2/pin_mux.c.obj
 .debug_info    0x00003c2e       0xa9 CMakeFiles/gpt_capture_cm7.elf.dir/C_/Users/TChyn/Desktop/Chyn/firmware-and-dts/M7/gpt_capture2/hardware_init.c.obj
 .debug_info    0x00003cd7      0xbe8 CMakeFiles/gpt_capture_cm7.elf.dir/c_/Users/TChyn/Downloads/SDK_25_06_00_EVK-MIMX8MP/components/uart/fsl_adapter_iuart.c.obj
 .debug_info    0x000048bf      0xf1c CMakeFiles/gpt_capture_cm7.elf.dir/c_/Users/TChyn/Downloads/SDK_25_06_00_EVK-MIMX8MP/devices/MIMX8ML8/gcc/startup_MIMX8ML8_cm7.S.obj
 .debug_info    0x000057db      0xb73 CMakeFiles/gpt_capture_cm7.elf.dir/c_/Users/TChyn/Downloads/SDK_25_06_00_EVK-MIMX8MP/devices/MIMX8ML8/system_MIMX8ML8_cm7.c.obj
 .debug_info    0x0000634e      0x834 CMakeFiles/gpt_capture_cm7.elf.dir/c_/Users/TChyn/Downloads/SDK_25_06_00_EVK-MIMX8MP/devices/MIMX8ML8/drivers/fsl_audiomix.c.obj
 .debug_info    0x00006b82     0x1ff6 CMakeFiles/gpt_capture_cm7.elf.dir/c_/Users/TChyn/Downloads/SDK_25_06_00_EVK-MIMX8MP/devices/MIMX8ML8/drivers/fsl_clock.c.obj
 .debug_info    0x00008b78      0xbb1 CMakeFiles/gpt_capture_cm7.elf.dir/c_/Users/TChyn/Downloads/SDK_25_06_00_EVK-MIMX8MP/devices/MIMX8ML8/drivers/fsl_gpt.c.obj
 .debug_info    0x00009729     0x2379 CMakeFiles/gpt_capture_cm7.elf.dir/c_/Users/TChyn/Downloads/SDK_25_06_00_EVK-MIMX8MP/devices/MIMX8ML8/drivers/fsl_uart.c.obj
 .debug_info    0x0000baa2     0x15c3 CMakeFiles/gpt_capture_cm7.elf.dir/c_/Users/TChyn/Downloads/SDK_25_06_00_EVK-MIMX8MP/devices/MIMX8ML8/drivers/fsl_rdc.c.obj
 .debug_info    0x0000d065       0x25 CMakeFiles/gpt_capture_cm7.elf.dir/c_/Users/TChyn/Downloads/SDK_25_06_00_EVK-MIMX8MP/devices/MIMX8ML8/utilities/fsl_memcpy.S.obj
 .debug_info    0x0000d08a      0x126 CMakeFiles/gpt_capture_cm7.elf.dir/c_/Users/TChyn/Downloads/SDK_25_06_00_EVK-MIMX8MP/devices/MIMX8ML8/utilities/debug_console_lite/fsl_assert.c.obj
 .debug_info    0x0000d1b0      0xcff CMakeFiles/gpt_capture_cm7.elf.dir/c_/Users/TChyn/Downloads/SDK_25_06_00_EVK-MIMX8MP/devices/MIMX8ML8/utilities/debug_console_lite/fsl_debug_console.c.obj
 .debug_info    0x0000deaf       0xa3 C:/NXP/MCUXpressoIDE_24.12.148/ide/tools/bin/../lib/gcc/arm-none-eabi/13.2.1/../../../../arm-none-eabi/lib/thumb/v7e-m+dp/hard\libcr_newlib_nohost.a(_exit.o)

.debug_abbrev   0x00000000     0x1e11
 .debug_abbrev  0x00000000      0x2a1 CMakeFiles/gpt_capture_cm7.elf.dir/C_/Users/TChyn/Desktop/Chyn/firmware-and-dts/M7/gpt_capture2/gpt_capture.c.obj
 .debug_abbrev  0x000002a1       0x61 CMakeFiles/gpt_capture_cm7.elf.dir/C_/Users/TChyn/Desktop/Chyn/firmware-and-dts/M7/gpt_capture2/empty_rsc_table.c.obj
 .debug_abbrev  0x00000302      0x36f CMakeFiles/gpt_capture_cm7.elf.dir/C_/Users/TChyn/Desktop/Chyn/firmware-and-dts/M7/gpt_capture2/board.c.obj
 .debug_abbrev  0x00000671      0x1dd CMakeFiles/gpt_capture_cm7.elf.dir/C_/Users/TChyn/Desktop/Chyn/firmware-and-dts/M7/gpt_capture2/clock_config.c.obj
 .debug_abbrev  0x0000084e       0x96 CMakeFiles/gpt_capture_cm7.elf.dir/C_/Users/TChyn/Desktop/Chyn/firmware-and-dts/M7/gpt_capture2/pin_mux.c.obj
 .debug_abbrev  0x000008e4       0x57 CMakeFiles/gpt_capture_cm7.elf.dir/C_/Users/TChyn/Desktop/Chyn/firmware-and-dts/M7/gpt_capture2/hardware_init.c.obj
 .debug_abbrev  0x0000093b      0x1e1 CMakeFiles/gpt_capture_cm7.elf.dir/c_/Users/TChyn/Downloads/SDK_25_06_00_EVK-MIMX8MP/components/uart/fsl_adapter_iuart.c.obj
 .debug_abbrev  0x00000b1c       0x26 CMakeFiles/gpt_capture_cm7.elf.dir/c_/Users/TChyn/Downloads/SDK_25_06_00_EVK-MIMX8MP/devices/MIMX8ML8/gcc/startup_MIMX8ML8_cm7.S.obj
 .debug_abbrev  0x00000b42      0x1f5 CMakeFiles/gpt_capture_cm7.elf.dir/c_/Users/TChyn/Downloads/SDK_25_06_00_EVK-MIMX8MP/devices/MIMX8ML8/system_MIMX8ML8_cm7.c.obj
 .debug_abbrev  0x00000d37      0x1be CMakeFiles/gpt_capture_cm7.elf.dir/c_/Users/TChyn/Downloads/SDK_25_06_00_EVK-MIMX8MP/devices/MIMX8ML8/drivers/fsl_audiomix.c.obj
 .debug_abbrev  0x00000ef5      0x309 CMakeFiles/gpt_capture_cm7.elf.dir/c_/Users/TChyn/Downloads/SDK_25_06_00_EVK-MIMX8MP/devices/MIMX8ML8/drivers/fsl_clock.c.obj
 .debug_abbrev  0x000011fe      0x1ea CMakeFiles/gpt_capture_cm7.elf.dir/c_/Users/TChyn/Downloads/SDK_25_06_00_EVK-MIMX8MP/devices/MIMX8ML8/drivers/fsl_gpt.c.obj
 .debug_abbrev  0x000013e8      0x3cd CMakeFiles/gpt_capture_cm7.elf.dir/c_/Users/TChyn/Downloads/SDK_25_06_00_EVK-MIMX8MP/devices/MIMX8ML8/drivers/fsl_uart.c.obj
 .debug_abbrev  0x000017b5      0x2dd CMakeFiles/gpt_capture_cm7.elf.dir/c_/Users/TChyn/Downloads/SDK_25_06_00_EVK-MIMX8MP/devices/MIMX8ML8/drivers/fsl_rdc.c.obj
 .debug_abbrev  0x00001a92       0x14 CMakeFiles/gpt_capture_cm7.elf.dir/c_/Users/TChyn/Downloads/SDK_25_06_00_EVK-MIMX8MP/devices/MIMX8ML8/utilities/fsl_memcpy.S.obj
 .debug_abbrev  0x00001aa6       0xa8 CMakeFiles/gpt_capture_cm7.elf.dir/c_/Users/TChyn/Downloads/SDK_25_06_00_EVK-MIMX8MP/devices/MIMX8ML8/utilities/debug_console_lite/fsl_assert.c.obj
 .debug_abbrev  0x00001b4e      0x25c CMakeFiles/gpt_capture_cm7.elf.dir/c_/Users/TChyn/Downloads/SDK_25_06_00_EVK-MIMX8MP/devices/MIMX8ML8/utilities/debug_console_lite/fsl_debug_console.c.obj
 .debug_abbrev  0x00001daa       0x67 C:/NXP/MCUXpressoIDE_24.12.148/ide/tools/bin/../lib/gcc/arm-none-eabi/13.2.1/../../../../arm-none-eabi/lib/thumb/v7e-m+dp/hard\libcr_newlib_nohost.a(_exit.o)

.debug_aranges  0x00000000      0x690
 .debug_aranges
                0x00000000       0x60 CMakeFiles/gpt_capture_cm7.elf.dir/C_/Users/TChyn/Desktop/Chyn/firmware-and-dts/M7/gpt_capture2/gpt_capture.c.obj
 .debug_aranges
                0x00000060       0x18 CMakeFiles/gpt_capture_cm7.elf.dir/C_/Users/TChyn/Desktop/Chyn/firmware-and-dts/M7/gpt_capture2/empty_rsc_table.c.obj
 .debug_aranges
                0x00000078       0x68 CMakeFiles/gpt_capture_cm7.elf.dir/C_/Users/TChyn/Desktop/Chyn/firmware-and-dts/M7/gpt_capture2/board.c.obj
 .debug_aranges
                0x000000e0       0x30 CMakeFiles/gpt_capture_cm7.elf.dir/C_/Users/TChyn/Desktop/Chyn/firmware-and-dts/M7/gpt_capture2/clock_config.c.obj
 .debug_aranges
                0x00000110       0x38 CMakeFiles/gpt_capture_cm7.elf.dir/C_/Users/TChyn/Desktop/Chyn/firmware-and-dts/M7/gpt_capture2/pin_mux.c.obj
 .debug_aranges
                0x00000148       0x20 CMakeFiles/gpt_capture_cm7.elf.dir/C_/Users/TChyn/Desktop/Chyn/firmware-and-dts/M7/gpt_capture2/hardware_init.c.obj
 .debug_aranges
                0x00000168       0x50 CMakeFiles/gpt_capture_cm7.elf.dir/c_/Users/TChyn/Downloads/SDK_25_06_00_EVK-MIMX8MP/components/uart/fsl_adapter_iuart.c.obj
 .debug_aranges
                0x000001b8       0x20 CMakeFiles/gpt_capture_cm7.elf.dir/c_/Users/TChyn/Downloads/SDK_25_06_00_EVK-MIMX8MP/devices/MIMX8ML8/gcc/startup_MIMX8ML8_cm7.S.obj
 .debug_aranges
                0x000001d8       0x40 CMakeFiles/gpt_capture_cm7.elf.dir/c_/Users/TChyn/Downloads/SDK_25_06_00_EVK-MIMX8MP/devices/MIMX8ML8/system_MIMX8ML8_cm7.c.obj
 .debug_aranges
                0x00000218       0x38 CMakeFiles/gpt_capture_cm7.elf.dir/c_/Users/TChyn/Downloads/SDK_25_06_00_EVK-MIMX8MP/devices/MIMX8ML8/drivers/fsl_audiomix.c.obj
 .debug_aranges
                0x00000250      0x148 CMakeFiles/gpt_capture_cm7.elf.dir/c_/Users/TChyn/Downloads/SDK_25_06_00_EVK-MIMX8MP/devices/MIMX8ML8/drivers/fsl_clock.c.obj
 .debug_aranges
                0x00000398       0x48 CMakeFiles/gpt_capture_cm7.elf.dir/c_/Users/TChyn/Downloads/SDK_25_06_00_EVK-MIMX8MP/devices/MIMX8ML8/drivers/fsl_gpt.c.obj
 .debug_aranges
                0x000003e0      0x160 CMakeFiles/gpt_capture_cm7.elf.dir/c_/Users/TChyn/Downloads/SDK_25_06_00_EVK-MIMX8MP/devices/MIMX8ML8/drivers/fsl_uart.c.obj
 .debug_aranges
                0x00000540       0x70 CMakeFiles/gpt_capture_cm7.elf.dir/c_/Users/TChyn/Downloads/SDK_25_06_00_EVK-MIMX8MP/devices/MIMX8ML8/drivers/fsl_rdc.c.obj
 .debug_aranges
                0x000005b0       0x20 CMakeFiles/gpt_capture_cm7.elf.dir/c_/Users/TChyn/Downloads/SDK_25_06_00_EVK-MIMX8MP/devices/MIMX8ML8/utilities/fsl_memcpy.S.obj
 .debug_aranges
                0x000005d0       0x28 CMakeFiles/gpt_capture_cm7.elf.dir/c_/Users/TChyn/Downloads/SDK_25_06_00_EVK-MIMX8MP/devices/MIMX8ML8/utilities/debug_console_lite/fsl_assert.c.obj
 .debug_aranges
                0x000005f8       0x78 CMakeFiles/gpt_capture_cm7.elf.dir/c_/Users/TChyn/Downloads/SDK_25_06_00_EVK-MIMX8MP/devices/MIMX8ML8/utilities/debug_console_lite/fsl_debug_console.c.obj
 .debug_aranges
                0x00000670       0x20 C:/NXP/MCUXpressoIDE_24.12.148/ide/tools/bin/../lib/gcc/arm-none-eabi/13.2.1/../../../../arm-none-eabi/lib/thumb/v7e-m+dp/hard\libcr_newlib_nohost.a(_exit.o)

.debug_rnglists
                0x00000000      0x47a
 .debug_rnglists
                0x00000000       0x44 CMakeFiles/gpt_capture_cm7.elf.dir/C_/Users/TChyn/Desktop/Chyn/firmware-and-dts/M7/gpt_capture2/gpt_capture.c.obj
 .debug_rnglists
                0x00000044       0x4b CMakeFiles/gpt_capture_cm7.elf.dir/C_/Users/TChyn/Desktop/Chyn/firmware-and-dts/M7/gpt_capture2/board.c.obj
 .debug_rnglists
                0x0000008f       0x20 CMakeFiles/gpt_capture_cm7.elf.dir/C_/Users/TChyn/Desktop/Chyn/firmware-and-dts/M7/gpt_capture2/clock_config.c.obj
 .debug_rnglists
                0x000000af       0x26 CMakeFiles/gpt_capture_cm7.elf.dir/C_/Users/TChyn/Desktop/Chyn/firmware-and-dts/M7/gpt_capture2/pin_mux.c.obj
 .debug_rnglists
                0x000000d5       0x13 CMakeFiles/gpt_capture_cm7.elf.dir/C_/Users/TChyn/Desktop/Chyn/firmware-and-dts/M7/gpt_capture2/hardware_init.c.obj
 .debug_rnglists
                0x000000e8       0x3a CMakeFiles/gpt_capture_cm7.elf.dir/c_/Users/TChyn/Downloads/SDK_25_06_00_EVK-MIMX8MP/components/uart/fsl_adapter_iuart.c.obj
 .debug_rnglists
                0x00000122       0x2e CMakeFiles/gpt_capture_cm7.elf.dir/c_/Users/TChyn/Downloads/SDK_25_06_00_EVK-MIMX8MP/devices/MIMX8ML8/system_MIMX8ML8_cm7.c.obj
 .debug_rnglists
                0x00000150       0x27 CMakeFiles/gpt_capture_cm7.elf.dir/c_/Users/TChyn/Downloads/SDK_25_06_00_EVK-MIMX8MP/devices/MIMX8ML8/drivers/fsl_audiomix.c.obj
 .debug_rnglists
                0x00000177      0x100 CMakeFiles/gpt_capture_cm7.elf.dir/c_/Users/TChyn/Downloads/SDK_25_06_00_EVK-MIMX8MP/devices/MIMX8ML8/drivers/fsl_clock.c.obj
 .debug_rnglists
                0x00000277       0x32 CMakeFiles/gpt_capture_cm7.elf.dir/c_/Users/TChyn/Downloads/SDK_25_06_00_EVK-MIMX8MP/devices/MIMX8ML8/drivers/fsl_gpt.c.obj
 .debug_rnglists
                0x000002a9      0x10e CMakeFiles/gpt_capture_cm7.elf.dir/c_/Users/TChyn/Downloads/SDK_25_06_00_EVK-MIMX8MP/devices/MIMX8ML8/drivers/fsl_uart.c.obj
 .debug_rnglists
                0x000003b7       0x51 CMakeFiles/gpt_capture_cm7.elf.dir/c_/Users/TChyn/Downloads/SDK_25_06_00_EVK-MIMX8MP/devices/MIMX8ML8/drivers/fsl_rdc.c.obj
 .debug_rnglists
                0x00000408       0x19 CMakeFiles/gpt_capture_cm7.elf.dir/c_/Users/TChyn/Downloads/SDK_25_06_00_EVK-MIMX8MP/devices/MIMX8ML8/utilities/debug_console_lite/fsl_assert.c.obj
 .debug_rnglists
                0x00000421       0x59 CMakeFiles/gpt_capture_cm7.elf.dir/c_/Users/TChyn/Downloads/SDK_25_06_00_EVK-MIMX8MP/devices/MIMX8ML8/utilities/debug_console_lite/fsl_debug_console.c.obj

.debug_line     0x00000000     0x5615
 .debug_line    0x00000000      0x4ee CMakeFiles/gpt_capture_cm7.elf.dir/C_/Users/TChyn/Desktop/Chyn/firmware-and-dts/M7/gpt_capture2/gpt_capture.c.obj
 .debug_line    0x000004ee      0x11a CMakeFiles/gpt_capture_cm7.elf.dir/C_/Users/TChyn/Desktop/Chyn/firmware-and-dts/M7/gpt_capture2/empty_rsc_table.c.obj
 .debug_line    0x00000608      0x7ce CMakeFiles/gpt_capture_cm7.elf.dir/C_/Users/TChyn/Desktop/Chyn/firmware-and-dts/M7/gpt_capture2/board.c.obj
 .debug_line    0x00000dd6      0x313 CMakeFiles/gpt_capture_cm7.elf.dir/C_/Users/TChyn/Desktop/Chyn/firmware-and-dts/M7/gpt_capture2/clock_config.c.obj
 .debug_line    0x000010e9      0x1f2 CMakeFiles/gpt_capture_cm7.elf.dir/C_/Users/TChyn/Desktop/Chyn/firmware-and-dts/M7/gpt_capture2/pin_mux.c.obj
 .debug_line    0x000012db       0xb2 CMakeFiles/gpt_capture_cm7.elf.dir/C_/Users/TChyn/Desktop/Chyn/firmware-and-dts/M7/gpt_capture2/hardware_init.c.obj
 .debug_line    0x0000138d      0x43b CMakeFiles/gpt_capture_cm7.elf.dir/c_/Users/TChyn/Downloads/SDK_25_06_00_EVK-MIMX8MP/components/uart/fsl_adapter_iuart.c.obj
 .debug_line    0x000017c8      0x3b2 CMakeFiles/gpt_capture_cm7.elf.dir/c_/Users/TChyn/Downloads/SDK_25_06_00_EVK-MIMX8MP/devices/MIMX8ML8/gcc/startup_MIMX8ML8_cm7.S.obj
 .debug_line    0x00001b7a      0x389 CMakeFiles/gpt_capture_cm7.elf.dir/c_/Users/TChyn/Downloads/SDK_25_06_00_EVK-MIMX8MP/devices/MIMX8ML8/system_MIMX8ML8_cm7.c.obj
 .debug_line    0x00001f03      0x2fd CMakeFiles/gpt_capture_cm7.elf.dir/c_/Users/TChyn/Downloads/SDK_25_06_00_EVK-MIMX8MP/devices/MIMX8ML8/drivers/fsl_audiomix.c.obj
 .debug_line    0x00002200      0xc8f CMakeFiles/gpt_capture_cm7.elf.dir/c_/Users/TChyn/Downloads/SDK_25_06_00_EVK-MIMX8MP/devices/MIMX8ML8/drivers/fsl_clock.c.obj
 .debug_line    0x00002e8f      0x442 CMakeFiles/gpt_capture_cm7.elf.dir/c_/Users/TChyn/Downloads/SDK_25_06_00_EVK-MIMX8MP/devices/MIMX8ML8/drivers/fsl_gpt.c.obj
 .debug_line    0x000032d1     0x14e8 CMakeFiles/gpt_capture_cm7.elf.dir/c_/Users/TChyn/Downloads/SDK_25_06_00_EVK-MIMX8MP/devices/MIMX8ML8/drivers/fsl_uart.c.obj
 .debug_line    0x000047b9      0x4dc CMakeFiles/gpt_capture_cm7.elf.dir/c_/Users/TChyn/Downloads/SDK_25_06_00_EVK-MIMX8MP/devices/MIMX8ML8/drivers/fsl_rdc.c.obj
 .debug_line    0x00004c95       0x88 CMakeFiles/gpt_capture_cm7.elf.dir/c_/Users/TChyn/Downloads/SDK_25_06_00_EVK-MIMX8MP/devices/MIMX8ML8/utilities/fsl_memcpy.S.obj
 .debug_line    0x00004d1d      0x122 CMakeFiles/gpt_capture_cm7.elf.dir/c_/Users/TChyn/Downloads/SDK_25_06_00_EVK-MIMX8MP/devices/MIMX8ML8/utilities/debug_console_lite/fsl_assert.c.obj
 .debug_line    0x00004e3f      0x792 CMakeFiles/gpt_capture_cm7.elf.dir/c_/Users/TChyn/Downloads/SDK_25_06_00_EVK-MIMX8MP/devices/MIMX8ML8/utilities/debug_console_lite/fsl_debug_console.c.obj
 .debug_line    0x000055d1       0x44 C:/NXP/MCUXpressoIDE_24.12.148/ide/tools/bin/../lib/gcc/arm-none-eabi/13.2.1/../../../../arm-none-eabi/lib/thumb/v7e-m+dp/hard\libcr_newlib_nohost.a(_exit.o)

.debug_str      0x00000000     0xa8ff
 .debug_str     0x00000000     0xa8ff CMakeFiles/gpt_capture_cm7.elf.dir/C_/Users/TChyn/Desktop/Chyn/firmware-and-dts/M7/gpt_capture2/gpt_capture.c.obj
                               0x1c83 (size before relaxing)
 .debug_str     0x0000a8ff      0x226 CMakeFiles/gpt_capture_cm7.elf.dir/C_/Users/TChyn/Desktop/Chyn/firmware-and-dts/M7/gpt_capture2/empty_rsc_table.c.obj
 .debug_str     0x0000a8ff     0x213e CMakeFiles/gpt_capture_cm7.elf.dir/C_/Users/TChyn/Desktop/Chyn/firmware-and-dts/M7/gpt_capture2/board.c.obj
 .debug_str     0x0000a8ff     0x2185 CMakeFiles/gpt_capture_cm7.elf.dir/C_/Users/TChyn/Desktop/Chyn/firmware-and-dts/M7/gpt_capture2/clock_config.c.obj
 .debug_str     0x0000a8ff      0x2c6 CMakeFiles/gpt_capture_cm7.elf.dir/C_/Users/TChyn/Desktop/Chyn/firmware-and-dts/M7/gpt_capture2/pin_mux.c.obj
 .debug_str     0x0000a8ff      0x275 CMakeFiles/gpt_capture_cm7.elf.dir/C_/Users/TChyn/Desktop/Chyn/firmware-and-dts/M7/gpt_capture2/hardware_init.c.obj
 .debug_str     0x0000a8ff     0x133d CMakeFiles/gpt_capture_cm7.elf.dir/c_/Users/TChyn/Downloads/SDK_25_06_00_EVK-MIMX8MP/components/uart/fsl_adapter_iuart.c.obj
 .debug_str     0x0000a8ff     0x1d73 CMakeFiles/gpt_capture_cm7.elf.dir/c_/Users/TChyn/Downloads/SDK_25_06_00_EVK-MIMX8MP/devices/MIMX8ML8/gcc/startup_MIMX8ML8_cm7.S.obj
 .debug_str     0x0000a8ff      0x9cb CMakeFiles/gpt_capture_cm7.elf.dir/c_/Users/TChyn/Downloads/SDK_25_06_00_EVK-MIMX8MP/devices/MIMX8ML8/system_MIMX8ML8_cm7.c.obj
 .debug_str     0x0000a8ff     0x13d5 CMakeFiles/gpt_capture_cm7.elf.dir/c_/Users/TChyn/Downloads/SDK_25_06_00_EVK-MIMX8MP/devices/MIMX8ML8/drivers/fsl_audiomix.c.obj
 .debug_str     0x0000a8ff     0x28de CMakeFiles/gpt_capture_cm7.elf.dir/c_/Users/TChyn/Downloads/SDK_25_06_00_EVK-MIMX8MP/devices/MIMX8ML8/drivers/fsl_clock.c.obj
 .debug_str     0x0000a8ff     0x153d CMakeFiles/gpt_capture_cm7.elf.dir/c_/Users/TChyn/Downloads/SDK_25_06_00_EVK-MIMX8MP/devices/MIMX8ML8/drivers/fsl_gpt.c.obj
 .debug_str     0x0000a8ff     0x2d2d CMakeFiles/gpt_capture_cm7.elf.dir/c_/Users/TChyn/Downloads/SDK_25_06_00_EVK-MIMX8MP/devices/MIMX8ML8/drivers/fsl_uart.c.obj
 .debug_str     0x0000a8ff     0x27e5 CMakeFiles/gpt_capture_cm7.elf.dir/c_/Users/TChyn/Downloads/SDK_25_06_00_EVK-MIMX8MP/devices/MIMX8ML8/drivers/fsl_rdc.c.obj
 .debug_str     0x0000a8ff       0xb2 CMakeFiles/gpt_capture_cm7.elf.dir/c_/Users/TChyn/Downloads/SDK_25_06_00_EVK-MIMX8MP/devices/MIMX8ML8/utilities/fsl_memcpy.S.obj
 .debug_str     0x0000a8ff      0x270 CMakeFiles/gpt_capture_cm7.elf.dir/c_/Users/TChyn/Downloads/SDK_25_06_00_EVK-MIMX8MP/devices/MIMX8ML8/utilities/debug_console_lite/fsl_assert.c.obj
 .debug_str     0x0000a8ff     0x1470 CMakeFiles/gpt_capture_cm7.elf.dir/c_/Users/TChyn/Downloads/SDK_25_06_00_EVK-MIMX8MP/devices/MIMX8ML8/utilities/debug_console_lite/fsl_debug_console.c.obj
 .debug_str     0x0000a8ff      0x1f7 C:/NXP/MCUXpressoIDE_24.12.148/ide/tools/bin/../lib/gcc/arm-none-eabi/13.2.1/../../../../arm-none-eabi/lib/thumb/v7e-m+dp/hard\libcr_newlib_nohost.a(_exit.o)

.comment        0x00000000       0x44
 .comment       0x00000000       0x44 CMakeFiles/gpt_capture_cm7.elf.dir/C_/Users/TChyn/Desktop/Chyn/firmware-and-dts/M7/gpt_capture2/gpt_capture.c.obj
                                 0x45 (size before relaxing)
 .comment       0x00000044       0x45 CMakeFiles/gpt_capture_cm7.elf.dir/C_/Users/TChyn/Desktop/Chyn/firmware-and-dts/M7/gpt_capture2/empty_rsc_table.c.obj
 .comment       0x00000044       0x45 CMakeFiles/gpt_capture_cm7.elf.dir/C_/Users/TChyn/Desktop/Chyn/firmware-and-dts/M7/gpt_capture2/board.c.obj
 .comment       0x00000044       0x45 CMakeFiles/gpt_capture_cm7.elf.dir/C_/Users/TChyn/Desktop/Chyn/firmware-and-dts/M7/gpt_capture2/clock_config.c.obj
 .comment       0x00000044       0x45 CMakeFiles/gpt_capture_cm7.elf.dir/C_/Users/TChyn/Desktop/Chyn/firmware-and-dts/M7/gpt_capture2/pin_mux.c.obj
 .comment       0x00000044       0x45 CMakeFiles/gpt_capture_cm7.elf.dir/C_/Users/TChyn/Desktop/Chyn/firmware-and-dts/M7/gpt_capture2/hardware_init.c.obj
 .comment       0x00000044       0x45 CMakeFiles/gpt_capture_cm7.elf.dir/c_/Users/TChyn/Downloads/SDK_25_06_00_EVK-MIMX8MP/components/uart/fsl_adapter_iuart.c.obj
 .comment       0x00000044       0x45 CMakeFiles/gpt_capture_cm7.elf.dir/c_/Users/TChyn/Downloads/SDK_25_06_00_EVK-MIMX8MP/devices/MIMX8ML8/system_MIMX8ML8_cm7.c.obj
 .comment       0x00000044       0x45 CMakeFiles/gpt_capture_cm7.elf.dir/c_/Users/TChyn/Downloads/SDK_25_06_00_EVK-MIMX8MP/devices/MIMX8ML8/drivers/fsl_audiomix.c.obj